[Tue Mar 05 21:30:25.850210 2024] [authz_core:debug] [pid 20] mod_authz_core.c(815): [client 192.168.65.1:47058] AH01626: authorization result of Require all granted: granted, referer: https://badi.hrabcak.eu/index.php?page=login
[Tue Mar 05 21:30:25.849998 2024] [ssl:debug] [pid 17] ssl_engine_kernel.c(2395): [client 192.168.65.1:47061] AH02043: SSL virtual host for servername badi.hrabcak.eu found
[Tue Mar 05 21:30:25.850453 2024] [ssl:debug] [pid 18] ssl_engine_kernel.c(2395): [client 192.168.65.1:47060] AH02043: SSL virtual host for servername badi.hrabcak.eu found
[Tue Mar 05 21:30:25.850635 2024] [authz_core:debug] [pid 20] mod_authz_core.c(815): [client 192.168.65.1:47058] AH01626: authorization result of <RequireAny>: granted, referer: https://badi.hrabcak.eu/index.php?page=login
[Tue Mar 05 21:30:25.851579 2024] [socache_shmcb:debug] [pid 17] mod_socache_shmcb.c(545): AH00835: socache_shmcb_retrieve (0x8b -> subcache 11)
[Tue Mar 05 21:30:25.852410 2024] [socache_shmcb:debug] [pid 17] mod_socache_shmcb.c(898): AH00849: match at idx=0, data=0
[Tue Mar 05 21:30:25.852091 2024] [core:info] [pid 20] [client 192.168.65.1:47058] AH00128: File does not exist: /var/www/html/badi/assets/dist/css/dashboard.css, referer: https://badi.hrabcak.eu/index.php?page=login
[Tue Mar 05 21:30:25.852786 2024] [socache_shmcb:debug] [pid 17] mod_socache_shmcb.c(556): AH00836: leaving socache_shmcb_retrieve successfully
[Tue Mar 05 21:30:25.853607 2024] [socache_shmcb:debug] [pid 18] mod_socache_shmcb.c(545): AH00835: socache_shmcb_retrieve (0x27 -> subcache 7)
[Tue Mar 05 21:30:25.854436 2024] [socache_shmcb:debug] [pid 18] mod_socache_shmcb.c(898): AH00849: match at idx=0, data=0
[Tue Mar 05 21:30:25.853631 2024] [core:debug] [pid 17] protocol.c(2460): [client 192.168.65.1:47061] AH03155: select protocol from , choices=h2,http/1.1 for server badi.hrabcak.eu
[Tue Mar 05 21:30:25.855056 2024] [ssl:debug] [pid 20] ssl_engine_kernel.c(415): [client 192.168.65.1:47058] AH02034: Subsequent (No.3) HTTPS request received for child 3 (server badi.hrabcak.eu:443), referer: https://badi.hrabcak.eu/index.php?page=login
[Tue Mar 05 21:30:25.855097 2024] [socache_shmcb:debug] [pid 18] mod_socache_shmcb.c(556): AH00836: leaving socache_shmcb_retrieve successfully
[Tue Mar 05 21:30:25.856980 2024] [socache_shmcb:debug] [pid 17] mod_socache_shmcb.c(570): AH00837: socache_shmcb_remove (0x8b -> subcache 11)
[Tue Mar 05 21:30:25.857658 2024] [socache_shmcb:debug] [pid 17] mod_socache_shmcb.c(954): AH00852: possible match at idx=0, data=0
[Tue Mar 05 21:30:25.857051 2024] [authz_core:debug] [pid 20] mod_authz_core.c(815): [client 192.168.65.1:47058] AH01626: authorization result of Require all granted: granted, referer: https://badi.hrabcak.eu/index.php?page=login
[Tue Mar 05 21:30:25.858769 2024] [authz_core:debug] [pid 20] mod_authz_core.c(815): [client 192.168.65.1:47058] AH01626: authorization result of <RequireAny>: granted, referer: https://badi.hrabcak.eu/index.php?page=login
[Tue Mar 05 21:30:25.857262 2024] [core:debug] [pid 18] protocol.c(2460): [client 192.168.65.1:47060] AH03155: select protocol from , choices=h2,http/1.1 for server badi.hrabcak.eu
[Tue Mar 05 21:30:25.858373 2024] [socache_shmcb:debug] [pid 17] mod_socache_shmcb.c(959): AH00853: shmcb_subcache_remove removing matching entry
[Tue Mar 05 21:30:25.860268 2024] [socache_shmcb:debug] [pid 17] mod_socache_shmcb.c(585): AH00839: leaving socache_shmcb_remove successfully
[Tue Mar 05 21:30:25.858469 2024] [ssl:info] [pid 19] [client 192.168.65.1:47062] AH01964: Connection to child 2 established (server badi.hrabcak.eu:443)
[Tue Mar 05 21:30:25.861712 2024] [socache_shmcb:debug] [pid 18] mod_socache_shmcb.c(570): AH00837: socache_shmcb_remove (0x27 -> subcache 7)
[Tue Mar 05 21:30:25.858961 2024] [core:info] [pid 20] [client 192.168.65.1:47058] AH00128: File does not exist: /var/www/html/badi/assets/dist/js/bootstrap.bundle.min.js, referer: https://badi.hrabcak.eu/index.php?page=login
[Tue Mar 05 21:30:25.861010 2024] [ssl:info] [pid 17] [client 192.168.65.1:47061] AH02008: SSL library error 1 in handshake (server badi.hrabcak.eu:443)
[Tue Mar 05 21:30:25.862793 2024] [ssl:info] [pid 17] SSL Library Error: error:0A000416:SSL routines::sslv3 alert certificate unknown (SSL alert number 46)
[Tue Mar 05 21:30:25.861765 2024] [ssl:debug] [pid 19] ssl_engine_kernel.c(2395): [client 192.168.65.1:47062] AH02043: SSL virtual host for servername badi.hrabcak.eu found
[Tue Mar 05 21:30:25.861958 2024] [socache_shmcb:debug] [pid 18] mod_socache_shmcb.c(954): AH00852: possible match at idx=0, data=0
[Tue Mar 05 21:30:25.864021 2024] [socache_shmcb:debug] [pid 18] mod_socache_shmcb.c(959): AH00853: shmcb_subcache_remove removing matching entry
[Tue Mar 05 21:30:25.862365 2024] [ssl:info] [pid 21] [client 192.168.65.1:47063] AH01964: Connection to child 4 established (server badi.hrabcak.eu:443)
[Tue Mar 05 21:30:25.863288 2024] [ssl:debug] [pid 20] ssl_engine_kernel.c(415): [client 192.168.65.1:47058] AH02034: Subsequent (No.4) HTTPS request received for child 3 (server badi.hrabcak.eu:443), referer: https://badi.hrabcak.eu/index.php?page=login
[Tue Mar 05 21:30:25.864305 2024] [ssl:debug] [pid 21] ssl_engine_kernel.c(2395): [client 192.168.65.1:47063] AH02043: SSL virtual host for servername badi.hrabcak.eu found
[Tue Mar 05 21:30:25.863293 2024] [ssl:info] [pid 17] [client 192.168.65.1:47061] AH01998: Connection closed to child 0 with abortive shutdown (server badi.hrabcak.eu:443)
[Tue Mar 05 21:30:25.863890 2024] [core:debug] [pid 19] protocol.c(2460): [client 192.168.65.1:47062] AH03155: select protocol from , choices=h2,http/1.1 for server badi.hrabcak.eu
[Tue Mar 05 21:30:25.864119 2024] [socache_shmcb:debug] [pid 18] mod_socache_shmcb.c(585): AH00839: leaving socache_shmcb_remove successfully
[Tue Mar 05 21:30:25.864985 2024] [ssl:info] [pid 18] [client 192.168.65.1:47060] AH02008: SSL library error 1 in handshake (server badi.hrabcak.eu:443)
[Tue Mar 05 21:30:25.864446 2024] [core:debug] [pid 21] protocol.c(2460): [client 192.168.65.1:47063] AH03155: select protocol from , choices=h2,http/1.1 for server badi.hrabcak.eu
[Tue Mar 05 21:30:25.865318 2024] [ssl:info] [pid 18] SSL Library Error: error:0A000416:SSL routines::sslv3 alert certificate unknown (SSL alert number 46)
[Tue Mar 05 21:30:25.865495 2024] [ssl:info] [pid 18] [client 192.168.65.1:47060] AH01998: Connection closed to child 1 with abortive shutdown (server badi.hrabcak.eu:443)
[Tue Mar 05 21:30:25.865353 2024] [authz_core:debug] [pid 20] mod_authz_core.c(815): [client 192.168.65.1:47058] AH01626: authorization result of Require all granted: granted, referer: https://badi.hrabcak.eu/index.php?page=login
[Tue Mar 05 21:30:25.865830 2024] [authz_core:debug] [pid 20] mod_authz_core.c(815): [client 192.168.65.1:47058] AH01626: authorization result of <RequireAny>: granted, referer: https://badi.hrabcak.eu/index.php?page=login
[Tue Mar 05 21:30:25.866578 2024] [deflate:debug] [pid 20] mod_deflate.c(869): [client 192.168.65.1:47058] AH01384: Zlib: Compressed 978 to 461 : URL /assets/dist/js/dashboard.js, referer: https://badi.hrabcak.eu/index.php?page=login
[Tue Mar 05 21:30:25.871512 2024] [ssl:debug] [pid 19] ssl_engine_kernel.c(2254): [client 192.168.65.1:47062] AH02041: Protocol: TLSv1.3, Cipher: TLS_AES_128_GCM_SHA256 (128/128 bits)
[Tue Mar 05 21:30:25.872057 2024] [socache_shmcb:debug] [pid 19] mod_socache_shmcb.c(508): AH00831: socache_shmcb_store (0x46 -> subcache 6)
[Tue Mar 05 21:30:25.872354 2024] [ssl:debug] [pid 21] ssl_engine_kernel.c(2254): [client 192.168.65.1:47063] AH02041: Protocol: TLSv1.3, Cipher: TLS_AES_128_GCM_SHA256 (128/128 bits)
[Tue Mar 05 21:30:25.872364 2024] [socache_shmcb:debug] [pid 19] mod_socache_shmcb.c(862): AH00847: insert happened at idx=0, data=(0:32)
[Tue Mar 05 21:30:25.872559 2024] [socache_shmcb:debug] [pid 19] mod_socache_shmcb.c(865): AH00848: finished insert, subcache: idx_pos/idx_used=0/1, data_pos/data_used=0/209
[Tue Mar 05 21:30:25.872709 2024] [socache_shmcb:debug] [pid 19] mod_socache_shmcb.c(530): AH00834: leaving socache_shmcb_store successfully
[Tue Mar 05 21:30:25.872912 2024] [socache_shmcb:debug] [pid 21] mod_socache_shmcb.c(508): AH00831: socache_shmcb_store (0xb5 -> subcache 21)
[Tue Mar 05 21:30:25.873075 2024] [socache_shmcb:debug] [pid 21] mod_socache_shmcb.c(862): AH00847: insert happened at idx=0, data=(0:32)
[Tue Mar 05 21:30:25.873121 2024] [socache_shmcb:debug] [pid 21] mod_socache_shmcb.c(865): AH00848: finished insert, subcache: idx_pos/idx_used=0/1, data_pos/data_used=0/207
[Tue Mar 05 21:30:25.873164 2024] [socache_shmcb:debug] [pid 21] mod_socache_shmcb.c(530): AH00834: leaving socache_shmcb_store successfully
[Tue Mar 05 21:30:25.873248 2024] [socache_shmcb:debug] [pid 19] mod_socache_shmcb.c(508): AH00831: socache_shmcb_store (0x1d -> subcache 29)
[Tue Mar 05 21:30:25.873519 2024] [socache_shmcb:debug] [pid 19] mod_socache_shmcb.c(862): AH00847: insert happened at idx=0, data=(0:32)
[Tue Mar 05 21:30:25.873622 2024] [socache_shmcb:debug] [pid 19] mod_socache_shmcb.c(865): AH00848: finished insert, subcache: idx_pos/idx_used=0/1, data_pos/data_used=0/209
[Tue Mar 05 21:30:25.873708 2024] [socache_shmcb:debug] [pid 19] mod_socache_shmcb.c(530): AH00834: leaving socache_shmcb_store successfully
[Tue Mar 05 21:30:25.873816 2024] [socache_shmcb:debug] [pid 21] mod_socache_shmcb.c(508): AH00831: socache_shmcb_store (0xa7 -> subcache 7)
[Tue Mar 05 21:30:25.873978 2024] [socache_shmcb:debug] [pid 21] mod_socache_shmcb.c(745): AH00842: expiring 0 and reclaiming 1 removed socache entries
[Tue Mar 05 21:30:25.874038 2024] [socache_shmcb:debug] [pid 21] mod_socache_shmcb.c(765): AH00843: we now have 0 socache entries
[Tue Mar 05 21:30:25.874090 2024] [socache_shmcb:debug] [pid 21] mod_socache_shmcb.c(862): AH00847: insert happened at idx=0, data=(0:32)
[Tue Mar 05 21:30:25.874136 2024] [socache_shmcb:debug] [pid 21] mod_socache_shmcb.c(865): AH00848: finished insert, subcache: idx_pos/idx_used=0/1, data_pos/data_used=0/208
[Tue Mar 05 21:30:25.874180 2024] [socache_shmcb:debug] [pid 21] mod_socache_shmcb.c(530): AH00834: leaving socache_shmcb_store successfully
[Tue Mar 05 21:30:26.604224 2024] [ssl:debug] [pid 20] ssl_engine_kernel.c(415): [client 192.168.65.1:47058] AH02034: Subsequent (No.5) HTTPS request received for child 3 (server badi.hrabcak.eu:443), referer: https://badi.hrabcak.eu/index.php?page=login
[Tue Mar 05 21:30:26.605350 2024] [authz_core:debug] [pid 20] mod_authz_core.c(815): [client 192.168.65.1:47058] AH01626: authorization result of Require all granted: granted, referer: https://badi.hrabcak.eu/index.php?page=login
[Tue Mar 05 21:30:26.605602 2024] [authz_core:debug] [pid 20] mod_authz_core.c(815): [client 192.168.65.1:47058] AH01626: authorization result of <RequireAny>: granted, referer: https://badi.hrabcak.eu/index.php?page=login
[Tue Mar 05 21:30:26.605823 2024] [core:info] [pid 20] [client 192.168.65.1:47058] AH00128: File does not exist: /var/www/html/favicon.ico, referer: https://badi.hrabcak.eu/index.php?page=login
[Tue Mar 05 21:30:26.816352 2024] [watchdog:debug] [pid 23] mod_watchdog.c(559): AH02980: Watchdog: nothing configured?
[Tue Mar 05 21:30:26.817531 2024] [watchdog:debug] [pid 24] mod_watchdog.c(559): AH02980: Watchdog: nothing configured?
[Tue Mar 05 21:30:31.614447 2024] [ssl:debug] [pid 20] ssl_engine_io.c(1147): [client 192.168.65.1:47058] AH02001: Connection closed to child 3 with standard shutdown (server badi.hrabcak.eu:443)
[Tue Mar 05 21:30:45.876132 2024] [reqtimeout:info] [pid 21] [client 192.168.65.1:47063] AH01382: Request header read timeout
[Tue Mar 05 21:30:45.876145 2024] [reqtimeout:info] [pid 19] [client 192.168.65.1:47062] AH01382: Request header read timeout
[Tue Mar 05 21:30:45.877945 2024] [ssl:debug] [pid 21] ssl_engine_io.c(1147): [client 192.168.65.1:47063] AH02001: Connection closed to child 4 with standard shutdown (server badi.hrabcak.eu:443)
[Tue Mar 05 21:30:45.878168 2024] [ssl:debug] [pid 19] ssl_engine_io.c(1147): [client 192.168.65.1:47062] AH02001: Connection closed to child 2 with standard shutdown (server badi.hrabcak.eu:443)
[Tue Mar 05 21:31:11.941406 2024] [reqtimeout:info] [pid 22] [client 192.168.65.1:41082] AH01382: Request header read timeout
[Tue Mar 05 21:32:22.923853 2024] [ssl:info] [pid 18] [client 192.168.65.1:47076] AH01964: Connection to child 1 established (server badi.hrabcak.eu:443)
[Tue Mar 05 21:32:22.924678 2024] [ssl:debug] [pid 18] ssl_engine_kernel.c(2403): [client 192.168.65.1:47076] AH02044: No matching SSL virtual host for servername localhost found (using default/first virtual host)
[Tue Mar 05 21:32:22.925147 2024] [core:debug] [pid 18] protocol.c(2460): [client 192.168.65.1:47076] AH03155: select protocol from , choices=h2,http/1.1 for server badi.hrabcak.eu
[Tue Mar 05 21:32:22.947478 2024] [ssl:info] [pid 18] [client 192.168.65.1:47076] AH02008: SSL library error 1 in handshake (server badi.hrabcak.eu:443)
[Tue Mar 05 21:32:22.947943 2024] [ssl:info] [pid 18] SSL Library Error: error:0A000416:SSL routines::sslv3 alert certificate unknown (SSL alert number 46)
[Tue Mar 05 21:32:22.948334 2024] [ssl:info] [pid 18] [client 192.168.65.1:47076] AH01998: Connection closed to child 1 with abortive shutdown (server badi.hrabcak.eu:443)
[Tue Mar 05 21:32:28.914926 2024] [ssl:info] [pid 23] [client 192.168.65.1:47079] AH01964: Connection to child 6 established (server badi.hrabcak.eu:443)
[Tue Mar 05 21:32:28.915873 2024] [ssl:debug] [pid 23] ssl_engine_kernel.c(2403): [client 192.168.65.1:47079] AH02044: No matching SSL virtual host for servername localhost found (using default/first virtual host)
[Tue Mar 05 21:32:28.916383 2024] [core:debug] [pid 23] protocol.c(2460): [client 192.168.65.1:47079] AH03155: select protocol from , choices=h2,http/1.1 for server badi.hrabcak.eu
[Tue Mar 05 21:32:28.916831 2024] [ssl:info] [pid 24] [client 192.168.65.1:47080] AH01964: Connection to child 7 established (server badi.hrabcak.eu:443)
[Tue Mar 05 21:32:28.917507 2024] [ssl:debug] [pid 24] ssl_engine_kernel.c(2403): [client 192.168.65.1:47080] AH02044: No matching SSL virtual host for servername localhost found (using default/first virtual host)
[Tue Mar 05 21:32:28.917935 2024] [core:debug] [pid 24] protocol.c(2460): [client 192.168.65.1:47080] AH03155: select protocol from , choices=h2,http/1.1 for server badi.hrabcak.eu
[Tue Mar 05 21:32:28.933705 2024] [ssl:info] [pid 23] [client 192.168.65.1:47079] AH02008: SSL library error 1 in handshake (server badi.hrabcak.eu:443)
[Tue Mar 05 21:32:28.934229 2024] [ssl:info] [pid 23] SSL Library Error: error:0A000416:SSL routines::sslv3 alert certificate unknown (SSL alert number 46)
[Tue Mar 05 21:32:28.934795 2024] [ssl:info] [pid 23] [client 192.168.65.1:47079] AH01998: Connection closed to child 6 with abortive shutdown (server badi.hrabcak.eu:443)
[Tue Mar 05 21:32:28.934508 2024] [ssl:info] [pid 24] [client 192.168.65.1:47080] AH02008: SSL library error 1 in handshake (server badi.hrabcak.eu:443)
[Tue Mar 05 21:32:28.935768 2024] [ssl:info] [pid 20] [client 192.168.65.1:47081] AH01964: Connection to child 3 established (server badi.hrabcak.eu:443)
[Tue Mar 05 21:32:28.935928 2024] [ssl:info] [pid 24] SSL Library Error: error:0A000416:SSL routines::sslv3 alert certificate unknown (SSL alert number 46)
[Tue Mar 05 21:32:28.936417 2024] [ssl:debug] [pid 20] ssl_engine_kernel.c(2403): [client 192.168.65.1:47081] AH02044: No matching SSL virtual host for servername localhost found (using default/first virtual host)
[Tue Mar 05 21:32:28.936632 2024] [ssl:info] [pid 24] [client 192.168.65.1:47080] AH01998: Connection closed to child 7 with abortive shutdown (server badi.hrabcak.eu:443)
[Tue Mar 05 21:32:28.937413 2024] [core:debug] [pid 20] protocol.c(2460): [client 192.168.65.1:47081] AH03155: select protocol from , choices=h2,http/1.1 for server badi.hrabcak.eu
[Tue Mar 05 21:32:28.947894 2024] [ssl:debug] [pid 20] ssl_engine_kernel.c(2254): [client 192.168.65.1:47081] AH02041: Protocol: TLSv1.3, Cipher: TLS_AES_128_GCM_SHA256 (128/128 bits)
[Tue Mar 05 21:32:28.948280 2024] [socache_shmcb:debug] [pid 20] mod_socache_shmcb.c(508): AH00831: socache_shmcb_store (0x60 -> subcache 0)
[Tue Mar 05 21:32:28.948520 2024] [socache_shmcb:debug] [pid 20] mod_socache_shmcb.c(862): AH00847: insert happened at idx=0, data=(0:32)
[Tue Mar 05 21:32:28.948732 2024] [socache_shmcb:debug] [pid 20] mod_socache_shmcb.c(865): AH00848: finished insert, subcache: idx_pos/idx_used=0/1, data_pos/data_used=0/189
[Tue Mar 05 21:32:28.948939 2024] [socache_shmcb:debug] [pid 20] mod_socache_shmcb.c(530): AH00834: leaving socache_shmcb_store successfully
[Tue Mar 05 21:32:28.949209 2024] [socache_shmcb:debug] [pid 20] mod_socache_shmcb.c(508): AH00831: socache_shmcb_store (0xfa -> subcache 26)
[Tue Mar 05 21:32:28.949509 2024] [socache_shmcb:debug] [pid 20] mod_socache_shmcb.c(862): AH00847: insert happened at idx=0, data=(0:32)
[Tue Mar 05 21:32:28.949717 2024] [socache_shmcb:debug] [pid 20] mod_socache_shmcb.c(865): AH00848: finished insert, subcache: idx_pos/idx_used=0/1, data_pos/data_used=0/189
[Tue Mar 05 21:32:28.949951 2024] [socache_shmcb:debug] [pid 20] mod_socache_shmcb.c(530): AH00834: leaving socache_shmcb_store successfully
[Tue Mar 05 21:32:28.950310 2024] [ssl:debug] [pid 20] ssl_engine_kernel.c(415): [client 192.168.65.1:47081] AH02034: Initial (No.1) HTTPS request received for child 3 (server badi.hrabcak.eu:443)
[Tue Mar 05 21:32:28.950844 2024] [authz_core:debug] [pid 20] mod_authz_core.c(815): [client 192.168.65.1:47081] AH01626: authorization result of Require all granted: granted
[Tue Mar 05 21:32:28.951017 2024] [authz_core:debug] [pid 20] mod_authz_core.c(815): [client 192.168.65.1:47081] AH01626: authorization result of <RequireAny>: granted
[Tue Mar 05 21:32:28.951339 2024] [authz_core:debug] [pid 20] mod_authz_core.c(815): [client 192.168.65.1:47081] AH01626: authorization result of Require all granted: granted
[Tue Mar 05 21:32:28.951520 2024] [authz_core:debug] [pid 20] mod_authz_core.c(815): [client 192.168.65.1:47081] AH01626: authorization result of <RequireAny>: granted
[Tue Mar 05 21:32:28.964607 2024] [deflate:debug] [pid 20] mod_deflate.c(869): [client 192.168.65.1:47081] AH01384: Zlib: Compressed 4464 to 1715 : URL /index.php
[Tue Mar 05 21:32:28.976971 2024] [ssl:debug] [pid 20] ssl_engine_kernel.c(415): [client 192.168.65.1:47081] AH02034: Subsequent (No.2) HTTPS request received for child 3 (server badi.hrabcak.eu:443), referer: https://localhost/
[Tue Mar 05 21:32:28.977655 2024] [ssl:info] [pid 21] [client 192.168.65.1:47083] AH01964: Connection to child 4 established (server badi.hrabcak.eu:443)
[Tue Mar 05 21:32:28.977946 2024] [ssl:info] [pid 19] [client 192.168.65.1:47084] AH01964: Connection to child 2 established (server badi.hrabcak.eu:443)
[Tue Mar 05 21:32:28.978194 2024] [ssl:debug] [pid 21] ssl_engine_kernel.c(2403): [client 192.168.65.1:47083] AH02044: No matching SSL virtual host for servername localhost found (using default/first virtual host)
[Tue Mar 05 21:32:28.978564 2024] [socache_shmcb:debug] [pid 21] mod_socache_shmcb.c(545): AH00835: socache_shmcb_retrieve (0xfa -> subcache 26)
[Tue Mar 05 21:32:28.978300 2024] [authz_core:debug] [pid 20] mod_authz_core.c(815): [client 192.168.65.1:47081] AH01626: authorization result of Require all granted: granted, referer: https://localhost/
[Tue Mar 05 21:32:28.978930 2024] [authz_core:debug] [pid 20] mod_authz_core.c(815): [client 192.168.65.1:47081] AH01626: authorization result of <RequireAny>: granted, referer: https://localhost/
[Tue Mar 05 21:32:28.978411 2024] [ssl:debug] [pid 19] ssl_engine_kernel.c(2403): [client 192.168.65.1:47084] AH02044: No matching SSL virtual host for servername localhost found (using default/first virtual host)
[Tue Mar 05 21:32:28.978731 2024] [socache_shmcb:debug] [pid 21] mod_socache_shmcb.c(898): AH00849: match at idx=0, data=0
[Tue Mar 05 21:32:28.979174 2024] [core:info] [pid 20] [client 192.168.65.1:47081] AH00128: File does not exist: /var/www/html/badi/assets/dist/css/dashboard.css, referer: https://localhost/
[Tue Mar 05 21:32:28.979742 2024] [socache_shmcb:debug] [pid 21] mod_socache_shmcb.c(556): AH00836: leaving socache_shmcb_retrieve successfully
[Tue Mar 05 21:32:28.980676 2024] [socache_shmcb:debug] [pid 19] mod_socache_shmcb.c(545): AH00835: socache_shmcb_retrieve (0x60 -> subcache 0)
[Tue Mar 05 21:32:28.981524 2024] [socache_shmcb:debug] [pid 19] mod_socache_shmcb.c(898): AH00849: match at idx=0, data=0
[Tue Mar 05 21:32:28.980999 2024] [core:debug] [pid 21] protocol.c(2460): [client 192.168.65.1:47083] AH03155: select protocol from , choices=h2,http/1.1 for server badi.hrabcak.eu
[Tue Mar 05 21:32:28.981598 2024] [ssl:debug] [pid 20] ssl_engine_kernel.c(415): [client 192.168.65.1:47081] AH02034: Subsequent (No.3) HTTPS request received for child 3 (server badi.hrabcak.eu:443), referer: https://localhost/
[Tue Mar 05 21:32:28.981991 2024] [socache_shmcb:debug] [pid 19] mod_socache_shmcb.c(556): AH00836: leaving socache_shmcb_retrieve successfully
[Tue Mar 05 21:32:28.983223 2024] [core:debug] [pid 19] protocol.c(2460): [client 192.168.65.1:47084] AH03155: select protocol from , choices=h2,http/1.1 for server badi.hrabcak.eu
[Tue Mar 05 21:32:28.983292 2024] [socache_shmcb:debug] [pid 21] mod_socache_shmcb.c(570): AH00837: socache_shmcb_remove (0xfa -> subcache 26)
[Tue Mar 05 21:32:28.983617 2024] [socache_shmcb:debug] [pid 21] mod_socache_shmcb.c(954): AH00852: possible match at idx=0, data=0
[Tue Mar 05 21:32:28.983300 2024] [authz_core:debug] [pid 20] mod_authz_core.c(815): [client 192.168.65.1:47081] AH01626: authorization result of Require all granted: granted, referer: https://localhost/
[Tue Mar 05 21:32:28.984089 2024] [authz_core:debug] [pid 20] mod_authz_core.c(815): [client 192.168.65.1:47081] AH01626: authorization result of <RequireAny>: granted, referer: https://localhost/
[Tue Mar 05 21:32:28.983842 2024] [socache_shmcb:debug] [pid 21] mod_socache_shmcb.c(959): AH00853: shmcb_subcache_remove removing matching entry
[Tue Mar 05 21:32:28.984369 2024] [socache_shmcb:debug] [pid 21] mod_socache_shmcb.c(585): AH00839: leaving socache_shmcb_remove successfully
[Tue Mar 05 21:32:28.984248 2024] [core:info] [pid 20] [client 192.168.65.1:47081] AH00128: File does not exist: /var/www/html/badi/assets/dist/js/bootstrap.bundle.min.js, referer: https://localhost/
[Tue Mar 05 21:32:28.984522 2024] [ssl:info] [pid 21] [client 192.168.65.1:47083] AH02008: SSL library error 1 in handshake (server badi.hrabcak.eu:443)
[Tue Mar 05 21:32:28.985292 2024] [ssl:info] [pid 21] SSL Library Error: error:0A000416:SSL routines::sslv3 alert certificate unknown (SSL alert number 46)
[Tue Mar 05 21:32:28.984549 2024] [socache_shmcb:debug] [pid 19] mod_socache_shmcb.c(570): AH00837: socache_shmcb_remove (0x60 -> subcache 0)
[Tue Mar 05 21:32:28.985861 2024] [socache_shmcb:debug] [pid 19] mod_socache_shmcb.c(954): AH00852: possible match at idx=0, data=0
[Tue Mar 05 21:32:28.985617 2024] [ssl:info] [pid 21] [client 192.168.65.1:47083] AH01998: Connection closed to child 4 with abortive shutdown (server badi.hrabcak.eu:443)
[Tue Mar 05 21:32:28.985950 2024] [ssl:debug] [pid 20] ssl_engine_kernel.c(415): [client 192.168.65.1:47081] AH02034: Subsequent (No.4) HTTPS request received for child 3 (server badi.hrabcak.eu:443), referer: https://localhost/
[Tue Mar 05 21:32:28.986005 2024] [socache_shmcb:debug] [pid 19] mod_socache_shmcb.c(959): AH00853: shmcb_subcache_remove removing matching entry
[Tue Mar 05 21:32:28.986461 2024] [socache_shmcb:debug] [pid 19] mod_socache_shmcb.c(585): AH00839: leaving socache_shmcb_remove successfully
[Tue Mar 05 21:32:28.986653 2024] [ssl:info] [pid 19] [client 192.168.65.1:47084] AH02008: SSL library error 1 in handshake (server badi.hrabcak.eu:443)
[Tue Mar 05 21:32:28.986764 2024] [ssl:info] [pid 19] SSL Library Error: error:0A000416:SSL routines::sslv3 alert certificate unknown (SSL alert number 46)
[Tue Mar 05 21:32:28.986871 2024] [ssl:info] [pid 19] [client 192.168.65.1:47084] AH01998: Connection closed to child 2 with abortive shutdown (server badi.hrabcak.eu:443)
[Tue Mar 05 21:32:28.986871 2024] [authz_core:debug] [pid 20] mod_authz_core.c(815): [client 192.168.65.1:47081] AH01626: authorization result of Require all granted: granted, referer: https://localhost/
[Tue Mar 05 21:32:28.987110 2024] [authz_core:debug] [pid 20] mod_authz_core.c(815): [client 192.168.65.1:47081] AH01626: authorization result of <RequireAny>: granted, referer: https://localhost/
[Tue Mar 05 21:32:28.987451 2024] [deflate:debug] [pid 20] mod_deflate.c(869): [client 192.168.65.1:47081] AH01384: Zlib: Compressed 978 to 461 : URL /assets/dist/js/dashboard.js, referer: https://localhost/
[Tue Mar 05 21:32:29.109406 2024] [ssl:debug] [pid 20] ssl_engine_kernel.c(415): [client 192.168.65.1:47081] AH02034: Subsequent (No.5) HTTPS request received for child 3 (server badi.hrabcak.eu:443), referer: https://localhost/
[Tue Mar 05 21:32:29.110019 2024] [authz_core:debug] [pid 20] mod_authz_core.c(815): [client 192.168.65.1:47081] AH01626: authorization result of Require all granted: granted, referer: https://localhost/
[Tue Mar 05 21:32:29.110219 2024] [authz_core:debug] [pid 20] mod_authz_core.c(815): [client 192.168.65.1:47081] AH01626: authorization result of <RequireAny>: granted, referer: https://localhost/
[Tue Mar 05 21:32:29.110453 2024] [core:info] [pid 20] [client 192.168.65.1:47081] AH00128: File does not exist: /var/www/html/favicon.ico, referer: https://localhost/
[Tue Mar 05 21:32:34.117678 2024] [ssl:debug] [pid 20] ssl_engine_io.c(1147): [client 192.168.65.1:47081] AH02001: Connection closed to child 3 with standard shutdown (server badi.hrabcak.eu:443)
[Tue Mar 05 21:33:14.814825 2024] [reqtimeout:info] [pid 22] [client 192.168.65.1:41103] AH01382: Request header read timeout
[Tue Mar 05 21:41:36.787034 2024] [core:info] [pid 1] AH00096: removed PID file /var/run/apache2/apache2.pid (pid=1)
[Tue Mar 05 21:41:36.787495 2024] [mpm_prefork:notice] [pid 1] AH00170: caught SIGWINCH, shutting down gracefully
[Tue Mar 05 21:42:04.143205 2024] [ssl:info] [pid 1] AH01883: Init: Initialized OpenSSL library
[Tue Mar 05 21:42:04.145394 2024] [ssl:debug] [pid 1] ssl_engine_init.c(353): AH01886: OpenSSL has FIPS mode disabled
[Tue Mar 05 21:42:04.146138 2024] [ssl:info] [pid 1] AH01887: Init: Initializing (virtual) servers for SSL
[Tue Mar 05 21:42:04.146600 2024] [ssl:info] [pid 1] AH01914: Configuring server badi.hrabcak.eu:443 for SSL protocol
[Tue Mar 05 21:42:04.147460 2024] [ssl:debug] [pid 1] ssl_engine_init.c(526): AH01893: Configuring TLS extension handling
[Tue Mar 05 21:42:04.149813 2024] [ssl:debug] [pid 1] ssl_util_ssl.c(451): AH02412: [badi.hrabcak.eu:443] Cert does not match for name 'badi.hrabcak.eu' [subject: CN=localhost.local,O=Example-Certificates,L=YourCity,ST=YourState,C=US / issuer: CN=localhost.local,O=Example-Certificates,L=YourCity,ST=YourState,C=US / serial: 20751071FD0E321F0A1E5808758432EEAA2897AB / notbefore: Mar  5 21:40:02 2024 GMT / notafter: Mar  3 21:40:02 2034 GMT]
[Tue Mar 05 21:42:04.150039 2024] [ssl:warn] [pid 1] AH01909: badi.hrabcak.eu:443:0 server certificate does NOT include an ID which matches the server name
[Tue Mar 05 21:42:04.150247 2024] [ssl:info] [pid 1] AH02568: Certificate and private key badi.hrabcak.eu:443:0 configured from /etc/apache2/ssl/certificate.crt and /etc/apache2/ssl/private.key
[Tue Mar 05 21:42:04.152644 2024] [ssl:info] [pid 1] AH01876: mod_ssl/2.4.57 compiled against Server: Apache/2.4.57, Library: OpenSSL/3.0.8
[Tue Mar 05 21:42:04.163746 2024] [so:warn] [pid 1] AH01574: module ssl_module is already loaded, skipping
[Tue Mar 05 21:42:04.170227 2024] [ssl:info] [pid 1] AH01883: Init: Initialized OpenSSL library
[Tue Mar 05 21:42:04.170647 2024] [ssl:debug] [pid 1] ssl_engine_init.c(353): AH01886: OpenSSL has FIPS mode disabled
[Tue Mar 05 21:42:04.170866 2024] [socache_shmcb:debug] [pid 1] mod_socache_shmcb.c(414): AH00821: shmcb_init allocated 512000 bytes of shared memory
[Tue Mar 05 21:42:04.170997 2024] [socache_shmcb:debug] [pid 1] mod_socache_shmcb.c(428): AH00822: for 511912 bytes (512000 including header), recommending 32 subcaches, 88 indexes each
[Tue Mar 05 21:42:04.171310 2024] [socache_shmcb:debug] [pid 1] mod_socache_shmcb.c(465): AH00824: shmcb_init_memory choices follow
[Tue Mar 05 21:42:04.171548 2024] [socache_shmcb:debug] [pid 1] mod_socache_shmcb.c(467): AH00825: subcache_num = 32
[Tue Mar 05 21:42:04.171703 2024] [socache_shmcb:debug] [pid 1] mod_socache_shmcb.c(469): AH00826: subcache_size = 15992
[Tue Mar 05 21:42:04.171898 2024] [socache_shmcb:debug] [pid 1] mod_socache_shmcb.c(471): AH00827: subcache_data_offset = 2128
[Tue Mar 05 21:42:04.172110 2024] [socache_shmcb:debug] [pid 1] mod_socache_shmcb.c(473): AH00828: subcache_data_size = 13864
[Tue Mar 05 21:42:04.172322 2024] [socache_shmcb:debug] [pid 1] mod_socache_shmcb.c(475): AH00829: index_num = 88
[Tue Mar 05 21:42:04.172754 2024] [socache_shmcb:info] [pid 1] AH00830: Shared memory socache initialised
[Tue Mar 05 21:42:04.173446 2024] [ssl:info] [pid 1] AH01887: Init: Initializing (virtual) servers for SSL
[Tue Mar 05 21:42:04.173804 2024] [ssl:info] [pid 1] AH01914: Configuring server badi.hrabcak.eu:443 for SSL protocol
[Tue Mar 05 21:42:04.174190 2024] [ssl:debug] [pid 1] ssl_engine_init.c(526): AH01893: Configuring TLS extension handling
[Tue Mar 05 21:42:04.176161 2024] [ssl:debug] [pid 1] ssl_util_ssl.c(451): AH02412: [badi.hrabcak.eu:443] Cert does not match for name 'badi.hrabcak.eu' [subject: CN=localhost.local,O=Example-Certificates,L=YourCity,ST=YourState,C=US / issuer: CN=localhost.local,O=Example-Certificates,L=YourCity,ST=YourState,C=US / serial: 20751071FD0E321F0A1E5808758432EEAA2897AB / notbefore: Mar  5 21:40:02 2024 GMT / notafter: Mar  3 21:40:02 2034 GMT]
[Tue Mar 05 21:42:04.177254 2024] [ssl:warn] [pid 1] AH01909: badi.hrabcak.eu:443:0 server certificate does NOT include an ID which matches the server name
[Tue Mar 05 21:42:04.177562 2024] [ssl:info] [pid 1] AH02568: Certificate and private key badi.hrabcak.eu:443:0 configured from /etc/apache2/ssl/certificate.crt and /etc/apache2/ssl/private.key
[Tue Mar 05 21:42:04.181000 2024] [ssl:info] [pid 1] AH01876: mod_ssl/2.4.57 compiled against Server: Apache/2.4.57, Library: OpenSSL/3.0.8
[Tue Mar 05 21:42:04.181488 2024] [watchdog:debug] [pid 1] mod_watchdog.c(445): AH010033: Watchdog: Running with WatchdogInterval 1000ms
[Tue Mar 05 21:42:04.181836 2024] [watchdog:debug] [pid 1] mod_watchdog.c(454): AH02974: Watchdog: found parent providers.
[Tue Mar 05 21:42:04.183160 2024] [watchdog:debug] [pid 1] mod_watchdog.c(500): AH02977: Watchdog: found child providers.
[Tue Mar 05 21:42:04.183763 2024] [watchdog:debug] [pid 1] mod_watchdog.c(508): AH02978: Watchdog: Looking for child (_singleton_).
[Tue Mar 05 21:42:04.184437 2024] [watchdog:debug] [pid 1] mod_watchdog.c(508): AH02978: Watchdog: Looking for child (_default_).
[Tue Mar 05 21:42:04.186782 2024] [watchdog:debug] [pid 18] mod_watchdog.c(559): AH02980: Watchdog: nothing configured?
[Tue Mar 05 21:42:04.187600 2024] [mpm_prefork:notice] [pid 1] AH00163: Apache/2.4.57 (Debian) PHP/8.3.3 OpenSSL/3.0.11 configured -- resuming normal operations
[Tue Mar 05 21:42:04.187000 2024] [watchdog:debug] [pid 19] mod_watchdog.c(559): AH02980: Watchdog: nothing configured?
[Tue Mar 05 21:42:04.187303 2024] [watchdog:debug] [pid 20] mod_watchdog.c(559): AH02980: Watchdog: nothing configured?
[Tue Mar 05 21:42:04.187327 2024] [watchdog:debug] [pid 17] mod_watchdog.c(559): AH02980: Watchdog: nothing configured?
[Tue Mar 05 21:42:04.188086 2024] [watchdog:debug] [pid 21] mod_watchdog.c(559): AH02980: Watchdog: nothing configured?
[Tue Mar 05 21:42:04.188289 2024] [mpm_prefork:info] [pid 1] AH00164: Server built: 2023-04-13T03:26:51
[Tue Mar 05 21:42:04.193265 2024] [core:notice] [pid 1] AH00094: Command line: 'apache2 -D FOREGROUND'
[Tue Mar 05 21:42:04.195184 2024] [core:debug] [pid 1] log.c(1570): AH02639: Using SO_REUSEPORT: yes (1)
[Tue Mar 05 21:42:04.211868 2024] [mpm_prefork:debug] [pid 1] prefork.c(970): AH00165: Accept mutex: pthread (default: pthread)
[Tue Mar 05 21:42:19.916373 2024] [ssl:info] [pid 18] [client 192.168.65.1:47826] AH01964: Connection to child 1 established (server badi.hrabcak.eu:443)
[Tue Mar 05 21:42:19.918124 2024] [ssl:debug] [pid 18] ssl_engine_kernel.c(2403): [client 192.168.65.1:47826] AH02044: No matching SSL virtual host for servername localhost found (using default/first virtual host)
[Tue Mar 05 21:42:19.919127 2024] [core:debug] [pid 18] protocol.c(2460): [client 192.168.65.1:47826] AH03155: select protocol from , choices=h2,http/1.1 for server badi.hrabcak.eu
[Tue Mar 05 21:42:19.919776 2024] [ssl:info] [pid 19] [client 192.168.65.1:47827] AH01964: Connection to child 2 established (server badi.hrabcak.eu:443)
[Tue Mar 05 21:42:19.920769 2024] [ssl:debug] [pid 19] ssl_engine_kernel.c(2403): [client 192.168.65.1:47827] AH02044: No matching SSL virtual host for servername localhost found (using default/first virtual host)
[Tue Mar 05 21:42:19.921292 2024] [core:debug] [pid 19] protocol.c(2460): [client 192.168.65.1:47827] AH03155: select protocol from , choices=h2,http/1.1 for server badi.hrabcak.eu
[Tue Mar 05 21:42:19.942447 2024] [ssl:info] [pid 19] [client 192.168.65.1:47827] AH02008: SSL library error 1 in handshake (server badi.hrabcak.eu:443)
[Tue Mar 05 21:42:19.942496 2024] [ssl:info] [pid 18] [client 192.168.65.1:47826] AH02008: SSL library error 1 in handshake (server badi.hrabcak.eu:443)
[Tue Mar 05 21:42:19.942998 2024] [ssl:info] [pid 19] SSL Library Error: error:0A000416:SSL routines::sslv3 alert certificate unknown (SSL alert number 46)
[Tue Mar 05 21:42:19.943814 2024] [ssl:info] [pid 19] [client 192.168.65.1:47827] AH01998: Connection closed to child 2 with abortive shutdown (server badi.hrabcak.eu:443)
[Tue Mar 05 21:42:19.943454 2024] [ssl:info] [pid 18] SSL Library Error: error:0A000416:SSL routines::sslv3 alert certificate unknown (SSL alert number 46)
[Tue Mar 05 21:42:19.944396 2024] [ssl:info] [pid 18] [client 192.168.65.1:47826] AH01998: Connection closed to child 1 with abortive shutdown (server badi.hrabcak.eu:443)
[Tue Mar 05 21:42:24.448439 2024] [ssl:info] [pid 20] [client 192.168.65.1:47853] AH01964: Connection to child 3 established (server badi.hrabcak.eu:443)
[Tue Mar 05 21:42:24.449548 2024] [ssl:debug] [pid 20] ssl_engine_kernel.c(2403): [client 192.168.65.1:47853] AH02044: No matching SSL virtual host for servername localhost found (using default/first virtual host)
[Tue Mar 05 21:42:24.450292 2024] [core:debug] [pid 20] protocol.c(2460): [client 192.168.65.1:47853] AH03155: select protocol from , choices=h2,http/1.1 for server badi.hrabcak.eu
[Tue Mar 05 21:42:24.450365 2024] [ssl:info] [pid 17] [client 192.168.65.1:47854] AH01964: Connection to child 0 established (server badi.hrabcak.eu:443)
[Tue Mar 05 21:42:24.451388 2024] [ssl:debug] [pid 17] ssl_engine_kernel.c(2403): [client 192.168.65.1:47854] AH02044: No matching SSL virtual host for servername localhost found (using default/first virtual host)
[Tue Mar 05 21:42:24.451998 2024] [core:debug] [pid 17] protocol.c(2460): [client 192.168.65.1:47854] AH03155: select protocol from , choices=h2,http/1.1 for server badi.hrabcak.eu
[Tue Mar 05 21:42:24.468112 2024] [ssl:info] [pid 20] [client 192.168.65.1:47853] AH02008: SSL library error 1 in handshake (server badi.hrabcak.eu:443)
[Tue Mar 05 21:42:24.468607 2024] [ssl:info] [pid 20] SSL Library Error: error:0A000416:SSL routines::sslv3 alert certificate unknown (SSL alert number 46)
[Tue Mar 05 21:42:24.469148 2024] [ssl:info] [pid 20] [client 192.168.65.1:47853] AH01998: Connection closed to child 3 with abortive shutdown (server badi.hrabcak.eu:443)
[Tue Mar 05 21:42:24.469428 2024] [ssl:info] [pid 17] [client 192.168.65.1:47854] AH02008: SSL library error 1 in handshake (server badi.hrabcak.eu:443)
[Tue Mar 05 21:42:24.470509 2024] [ssl:info] [pid 17] SSL Library Error: error:0A000416:SSL routines::sslv3 alert certificate unknown (SSL alert number 46)
[Tue Mar 05 21:42:24.470773 2024] [ssl:info] [pid 17] [client 192.168.65.1:47854] AH01998: Connection closed to child 0 with abortive shutdown (server badi.hrabcak.eu:443)
[Tue Mar 05 21:42:24.470558 2024] [ssl:info] [pid 21] [client 192.168.65.1:47855] AH01964: Connection to child 4 established (server badi.hrabcak.eu:443)
[Tue Mar 05 21:42:24.472143 2024] [ssl:debug] [pid 21] ssl_engine_kernel.c(2403): [client 192.168.65.1:47855] AH02044: No matching SSL virtual host for servername localhost found (using default/first virtual host)
[Tue Mar 05 21:42:24.472946 2024] [core:debug] [pid 21] protocol.c(2460): [client 192.168.65.1:47855] AH03155: select protocol from , choices=h2,http/1.1 for server badi.hrabcak.eu
[Tue Mar 05 21:42:24.484121 2024] [ssl:debug] [pid 21] ssl_engine_kernel.c(2254): [client 192.168.65.1:47855] AH02041: Protocol: TLSv1.3, Cipher: TLS_AES_128_GCM_SHA256 (128/128 bits)
[Tue Mar 05 21:42:24.484575 2024] [socache_shmcb:debug] [pid 21] mod_socache_shmcb.c(508): AH00831: socache_shmcb_store (0xde -> subcache 30)
[Tue Mar 05 21:42:24.484815 2024] [socache_shmcb:debug] [pid 21] mod_socache_shmcb.c(862): AH00847: insert happened at idx=0, data=(0:32)
[Tue Mar 05 21:42:24.485023 2024] [socache_shmcb:debug] [pid 21] mod_socache_shmcb.c(865): AH00848: finished insert, subcache: idx_pos/idx_used=0/1, data_pos/data_used=0/189
[Tue Mar 05 21:42:24.485212 2024] [socache_shmcb:debug] [pid 21] mod_socache_shmcb.c(530): AH00834: leaving socache_shmcb_store successfully
[Tue Mar 05 21:42:24.485481 2024] [socache_shmcb:debug] [pid 21] mod_socache_shmcb.c(508): AH00831: socache_shmcb_store (0x81 -> subcache 1)
[Tue Mar 05 21:42:24.485766 2024] [socache_shmcb:debug] [pid 21] mod_socache_shmcb.c(862): AH00847: insert happened at idx=0, data=(0:32)
[Tue Mar 05 21:42:24.485944 2024] [socache_shmcb:debug] [pid 21] mod_socache_shmcb.c(865): AH00848: finished insert, subcache: idx_pos/idx_used=0/1, data_pos/data_used=0/190
[Tue Mar 05 21:42:24.486100 2024] [socache_shmcb:debug] [pid 21] mod_socache_shmcb.c(530): AH00834: leaving socache_shmcb_store successfully
[Tue Mar 05 21:42:24.486525 2024] [ssl:debug] [pid 21] ssl_engine_kernel.c(415): [client 192.168.65.1:47855] AH02034: Initial (No.1) HTTPS request received for child 4 (server badi.hrabcak.eu:443)
[Tue Mar 05 21:42:24.487216 2024] [authz_core:debug] [pid 21] mod_authz_core.c(815): [client 192.168.65.1:47855] AH01626: authorization result of Require all granted: granted
[Tue Mar 05 21:42:24.487411 2024] [authz_core:debug] [pid 21] mod_authz_core.c(815): [client 192.168.65.1:47855] AH01626: authorization result of <RequireAny>: granted
[Tue Mar 05 21:42:24.487853 2024] [authz_core:debug] [pid 21] mod_authz_core.c(815): [client 192.168.65.1:47855] AH01626: authorization result of Require all granted: granted
[Tue Mar 05 21:42:24.487989 2024] [authz_core:debug] [pid 21] mod_authz_core.c(815): [client 192.168.65.1:47855] AH01626: authorization result of <RequireAny>: granted
[Tue Mar 05 21:42:24.518058 2024] [deflate:debug] [pid 21] mod_deflate.c(869): [client 192.168.65.1:47855] AH01384: Zlib: Compressed 4464 to 1715 : URL /index.php
[Tue Mar 05 21:42:24.529391 2024] [ssl:debug] [pid 21] ssl_engine_kernel.c(415): [client 192.168.65.1:47855] AH02034: Subsequent (No.2) HTTPS request received for child 4 (server badi.hrabcak.eu:443), referer: https://localhost/
[Tue Mar 05 21:42:24.530138 2024] [ssl:info] [pid 18] [client 192.168.65.1:47858] AH01964: Connection to child 1 established (server badi.hrabcak.eu:443)
[Tue Mar 05 21:42:24.530090 2024] [ssl:info] [pid 19] [client 192.168.65.1:47857] AH01964: Connection to child 2 established (server badi.hrabcak.eu:443)
[Tue Mar 05 21:42:24.530617 2024] [authz_core:debug] [pid 21] mod_authz_core.c(815): [client 192.168.65.1:47855] AH01626: authorization result of Require all granted: granted, referer: https://localhost/
[Tue Mar 05 21:42:24.531455 2024] [authz_core:debug] [pid 21] mod_authz_core.c(815): [client 192.168.65.1:47855] AH01626: authorization result of <RequireAny>: granted, referer: https://localhost/
[Tue Mar 05 21:42:24.530693 2024] [ssl:debug] [pid 18] ssl_engine_kernel.c(2403): [client 192.168.65.1:47858] AH02044: No matching SSL virtual host for servername localhost found (using default/first virtual host)
[Tue Mar 05 21:42:24.531155 2024] [ssl:debug] [pid 19] ssl_engine_kernel.c(2403): [client 192.168.65.1:47857] AH02044: No matching SSL virtual host for servername localhost found (using default/first virtual host)
[Tue Mar 05 21:42:24.531634 2024] [core:info] [pid 21] [client 192.168.65.1:47855] AH00128: File does not exist: /var/www/html/badi/assets/dist/css/dashboard.css, referer: https://localhost/
[Tue Mar 05 21:42:24.531764 2024] [socache_shmcb:debug] [pid 18] mod_socache_shmcb.c(545): AH00835: socache_shmcb_retrieve (0xde -> subcache 30)
[Tue Mar 05 21:42:24.532351 2024] [socache_shmcb:debug] [pid 18] mod_socache_shmcb.c(898): AH00849: match at idx=0, data=0
[Tue Mar 05 21:42:24.533482 2024] [socache_shmcb:debug] [pid 18] mod_socache_shmcb.c(556): AH00836: leaving socache_shmcb_retrieve successfully
[Tue Mar 05 21:42:24.533948 2024] [core:debug] [pid 18] protocol.c(2460): [client 192.168.65.1:47858] AH03155: select protocol from , choices=h2,http/1.1 for server badi.hrabcak.eu
[Tue Mar 05 21:42:24.534400 2024] [socache_shmcb:debug] [pid 19] mod_socache_shmcb.c(545): AH00835: socache_shmcb_retrieve (0x81 -> subcache 1)
[Tue Mar 05 21:42:24.534947 2024] [socache_shmcb:debug] [pid 19] mod_socache_shmcb.c(898): AH00849: match at idx=0, data=0
[Tue Mar 05 21:42:24.534492 2024] [ssl:debug] [pid 21] ssl_engine_kernel.c(415): [client 192.168.65.1:47855] AH02034: Subsequent (No.3) HTTPS request received for child 4 (server badi.hrabcak.eu:443), referer: https://localhost/
[Tue Mar 05 21:42:24.535202 2024] [socache_shmcb:debug] [pid 19] mod_socache_shmcb.c(556): AH00836: leaving socache_shmcb_retrieve successfully
[Tue Mar 05 21:42:24.537388 2024] [core:debug] [pid 19] protocol.c(2460): [client 192.168.65.1:47857] AH03155: select protocol from , choices=h2,http/1.1 for server badi.hrabcak.eu
[Tue Mar 05 21:42:24.537393 2024] [socache_shmcb:debug] [pid 18] mod_socache_shmcb.c(570): AH00837: socache_shmcb_remove (0xde -> subcache 30)
[Tue Mar 05 21:42:24.538609 2024] [socache_shmcb:debug] [pid 18] mod_socache_shmcb.c(954): AH00852: possible match at idx=0, data=0
[Tue Mar 05 21:42:24.537899 2024] [authz_core:debug] [pid 21] mod_authz_core.c(815): [client 192.168.65.1:47855] AH01626: authorization result of Require all granted: granted, referer: https://localhost/
[Tue Mar 05 21:42:24.539329 2024] [authz_core:debug] [pid 21] mod_authz_core.c(815): [client 192.168.65.1:47855] AH01626: authorization result of <RequireAny>: granted, referer: https://localhost/
[Tue Mar 05 21:42:24.538325 2024] [ssl:info] [pid 20] [client 192.168.65.1:47859] AH01964: Connection to child 3 established (server badi.hrabcak.eu:443)
[Tue Mar 05 21:42:24.538958 2024] [socache_shmcb:debug] [pid 18] mod_socache_shmcb.c(959): AH00853: shmcb_subcache_remove removing matching entry
[Tue Mar 05 21:42:24.540136 2024] [socache_shmcb:debug] [pid 18] mod_socache_shmcb.c(585): AH00839: leaving socache_shmcb_remove successfully
[Tue Mar 05 21:42:24.539649 2024] [core:info] [pid 21] [client 192.168.65.1:47855] AH00128: File does not exist: /var/www/html/badi/assets/dist/js/bootstrap.bundle.min.js, referer: https://localhost/
[Tue Mar 05 21:42:24.540017 2024] [ssl:debug] [pid 20] ssl_engine_kernel.c(2403): [client 192.168.65.1:47859] AH02044: No matching SSL virtual host for servername localhost found (using default/first virtual host)
[Tue Mar 05 21:42:24.540087 2024] [ssl:info] [pid 17] [client 192.168.65.1:47860] AH01964: Connection to child 0 established (server badi.hrabcak.eu:443)
[Tue Mar 05 21:42:24.540241 2024] [ssl:info] [pid 18] [client 192.168.65.1:47858] AH02008: SSL library error 1 in handshake (server badi.hrabcak.eu:443)
[Tue Mar 05 21:42:24.541467 2024] [ssl:info] [pid 18] SSL Library Error: error:0A000416:SSL routines::sslv3 alert certificate unknown (SSL alert number 46)
[Tue Mar 05 21:42:24.540250 2024] [socache_shmcb:debug] [pid 19] mod_socache_shmcb.c(570): AH00837: socache_shmcb_remove (0x81 -> subcache 1)
[Tue Mar 05 21:42:24.541881 2024] [socache_shmcb:debug] [pid 19] mod_socache_shmcb.c(954): AH00852: possible match at idx=0, data=0
[Tue Mar 05 21:42:24.540458 2024] [core:debug] [pid 20] protocol.c(2460): [client 192.168.65.1:47859] AH03155: select protocol from , choices=h2,http/1.1 for server badi.hrabcak.eu
[Tue Mar 05 21:42:24.541109 2024] [ssl:debug] [pid 17] ssl_engine_kernel.c(2403): [client 192.168.65.1:47860] AH02044: No matching SSL virtual host for servername localhost found (using default/first virtual host)
[Tue Mar 05 21:42:24.541338 2024] [ssl:debug] [pid 21] ssl_engine_kernel.c(415): [client 192.168.65.1:47855] AH02034: Subsequent (No.4) HTTPS request received for child 4 (server badi.hrabcak.eu:443), referer: https://localhost/
[Tue Mar 05 21:42:24.541714 2024] [ssl:info] [pid 18] [client 192.168.65.1:47858] AH01998: Connection closed to child 1 with abortive shutdown (server badi.hrabcak.eu:443)
[Tue Mar 05 21:42:24.542129 2024] [socache_shmcb:debug] [pid 19] mod_socache_shmcb.c(959): AH00853: shmcb_subcache_remove removing matching entry
[Tue Mar 05 21:42:24.543460 2024] [socache_shmcb:debug] [pid 19] mod_socache_shmcb.c(585): AH00839: leaving socache_shmcb_remove successfully
[Tue Mar 05 21:42:24.542566 2024] [core:debug] [pid 17] protocol.c(2460): [client 192.168.65.1:47860] AH03155: select protocol from , choices=h2,http/1.1 for server badi.hrabcak.eu
[Tue Mar 05 21:42:24.543811 2024] [ssl:info] [pid 19] [client 192.168.65.1:47857] AH02008: SSL library error 1 in handshake (server badi.hrabcak.eu:443)
[Tue Mar 05 21:42:24.544363 2024] [ssl:info] [pid 19] SSL Library Error: error:0A000416:SSL routines::sslv3 alert certificate unknown (SSL alert number 46)
[Tue Mar 05 21:42:24.544201 2024] [authz_core:debug] [pid 21] mod_authz_core.c(815): [client 192.168.65.1:47855] AH01626: authorization result of Require all granted: granted, referer: https://localhost/
[Tue Mar 05 21:42:24.544677 2024] [authz_core:debug] [pid 21] mod_authz_core.c(815): [client 192.168.65.1:47855] AH01626: authorization result of <RequireAny>: granted, referer: https://localhost/
[Tue Mar 05 21:42:24.544511 2024] [ssl:info] [pid 19] [client 192.168.65.1:47857] AH01998: Connection closed to child 2 with abortive shutdown (server badi.hrabcak.eu:443)
[Tue Mar 05 21:42:24.545342 2024] [deflate:debug] [pid 21] mod_deflate.c(869): [client 192.168.65.1:47855] AH01384: Zlib: Compressed 978 to 461 : URL /assets/dist/js/dashboard.js, referer: https://localhost/
[Tue Mar 05 21:42:24.547884 2024] [ssl:debug] [pid 20] ssl_engine_kernel.c(2254): [client 192.168.65.1:47859] AH02041: Protocol: TLSv1.3, Cipher: TLS_AES_128_GCM_SHA256 (128/128 bits)
[Tue Mar 05 21:42:24.548039 2024] [socache_shmcb:debug] [pid 20] mod_socache_shmcb.c(508): AH00831: socache_shmcb_store (0x50 -> subcache 16)
[Tue Mar 05 21:42:24.548128 2024] [socache_shmcb:debug] [pid 20] mod_socache_shmcb.c(862): AH00847: insert happened at idx=0, data=(0:32)
[Tue Mar 05 21:42:24.548231 2024] [socache_shmcb:debug] [pid 20] mod_socache_shmcb.c(865): AH00848: finished insert, subcache: idx_pos/idx_used=0/1, data_pos/data_used=0/189
[Tue Mar 05 21:42:24.548313 2024] [socache_shmcb:debug] [pid 20] mod_socache_shmcb.c(530): AH00834: leaving socache_shmcb_store successfully
[Tue Mar 05 21:42:24.548432 2024] [socache_shmcb:debug] [pid 20] mod_socache_shmcb.c(508): AH00831: socache_shmcb_store (0x5d -> subcache 29)
[Tue Mar 05 21:42:24.548553 2024] [socache_shmcb:debug] [pid 20] mod_socache_shmcb.c(862): AH00847: insert happened at idx=0, data=(0:32)
[Tue Mar 05 21:42:24.548636 2024] [socache_shmcb:debug] [pid 20] mod_socache_shmcb.c(865): AH00848: finished insert, subcache: idx_pos/idx_used=0/1, data_pos/data_used=0/189
[Tue Mar 05 21:42:24.548713 2024] [socache_shmcb:debug] [pid 20] mod_socache_shmcb.c(530): AH00834: leaving socache_shmcb_store successfully
[Tue Mar 05 21:42:24.549097 2024] [ssl:debug] [pid 17] ssl_engine_kernel.c(2254): [client 192.168.65.1:47860] AH02041: Protocol: TLSv1.3, Cipher: TLS_AES_128_GCM_SHA256 (128/128 bits)
[Tue Mar 05 21:42:24.549203 2024] [socache_shmcb:debug] [pid 17] mod_socache_shmcb.c(508): AH00831: socache_shmcb_store (0x70 -> subcache 16)
[Tue Mar 05 21:42:24.549285 2024] [socache_shmcb:debug] [pid 17] mod_socache_shmcb.c(862): AH00847: insert happened at idx=1, data=(189:221)
[Tue Mar 05 21:42:24.549360 2024] [socache_shmcb:debug] [pid 17] mod_socache_shmcb.c(865): AH00848: finished insert, subcache: idx_pos/idx_used=0/2, data_pos/data_used=0/378
[Tue Mar 05 21:42:24.549436 2024] [socache_shmcb:debug] [pid 17] mod_socache_shmcb.c(530): AH00834: leaving socache_shmcb_store successfully
[Tue Mar 05 21:42:24.549550 2024] [socache_shmcb:debug] [pid 17] mod_socache_shmcb.c(508): AH00831: socache_shmcb_store (0x9b -> subcache 27)
[Tue Mar 05 21:42:24.549656 2024] [socache_shmcb:debug] [pid 17] mod_socache_shmcb.c(862): AH00847: insert happened at idx=0, data=(0:32)
[Tue Mar 05 21:42:24.549735 2024] [socache_shmcb:debug] [pid 17] mod_socache_shmcb.c(865): AH00848: finished insert, subcache: idx_pos/idx_used=0/1, data_pos/data_used=0/190
[Tue Mar 05 21:42:24.549814 2024] [socache_shmcb:debug] [pid 17] mod_socache_shmcb.c(530): AH00834: leaving socache_shmcb_store successfully
[Tue Mar 05 21:42:25.272156 2024] [watchdog:debug] [pid 22] mod_watchdog.c(559): AH02980: Watchdog: nothing configured?
