AH00558: apache2: Could not reliably determine the server's fully qualified domain name, using 192.168.32.4. Set the 'ServerName' directive globally to suppress this message
[Tue Mar 05 18:17:12.103646 2024] [mpm_prefork:notice] [pid 1] AH00163: Apache/2.4.57 (Debian) PHP/8.3.3 configured -- resuming normal operations
[Tue Mar 05 18:17:12.104004 2024] [core:notice] [pid 1] AH00094: Command line: 'apache2 -D FOREGROUND'
[Tue Mar 05 18:25:20.854608 2024] [mpm_prefork:notice] [pid 1] AH00170: caught SIGWINCH, shutting down gracefully
AH00558: apache2: Could not reliably determine the server's fully qualified domain name, using 192.168.48.4. Set the 'ServerName' directive globally to suppress this message
[Tue Mar 05 18:25:28.690947 2024] [mpm_prefork:notice] [pid 1] AH00163: Apache/2.4.57 (Debian) PHP/8.3.3 configured -- resuming normal operations
[Tue Mar 05 18:25:28.691419 2024] [core:notice] [pid 1] AH00094: Command line: 'apache2 -D FOREGROUND'
[Tue Mar 05 18:25:38.859769 2024] [mpm_prefork:notice] [pid 1] AH00170: caught SIGWINCH, shutting down gracefully
AH00558: apache2: Could not reliably determine the server's fully qualified domain name, using 192.168.48.4. Set the 'ServerName' directive globally to suppress this message
[Tue Mar 05 18:25:50.213717 2024] [mpm_prefork:notice] [pid 1] AH00163: Apache/2.4.57 (Debian) PHP/8.3.3 configured -- resuming normal operations
[Tue Mar 05 18:25:50.214018 2024] [core:notice] [pid 1] AH00094: Command line: 'apache2 -D FOREGROUND'
[Tue Mar 05 18:27:54.788837 2024] [mpm_prefork:notice] [pid 1] AH00170: caught SIGWINCH, shutting down gracefully
AH00558: apache2: Could not reliably determine the server's fully qualified domain name, using 192.168.80.4. Set the 'ServerName' directive globally to suppress this message
[Tue Mar 05 18:28:00.084959 2024] [mpm_prefork:notice] [pid 1] AH00163: Apache/2.4.57 (Debian) PHP/8.3.3 configured -- resuming normal operations
[Tue Mar 05 18:28:00.085270 2024] [core:notice] [pid 1] AH00094: Command line: 'apache2 -D FOREGROUND'
[Tue Mar 05 18:28:54.808030 2024] [mpm_prefork:notice] [pid 1] AH00170: caught SIGWINCH, shutting down gracefully
AH00558: apache2: Could not reliably determine the server's fully qualified domain name, using 192.168.112.4. Set the 'ServerName' directive globally to suppress this message
[Tue Mar 05 18:30:08.653972 2024] [mpm_prefork:notice] [pid 1] AH00163: Apache/2.4.57 (Debian) PHP/8.3.3 configured -- resuming normal operations
[Tue Mar 05 18:30:08.654250 2024] [core:notice] [pid 1] AH00094: Command line: 'apache2 -D FOREGROUND'
[Tue Mar 05 18:34:26.436565 2024] [mpm_prefork:notice] [pid 1] AH00170: caught SIGWINCH, shutting down gracefully
AH00558: apache2: Could not reliably determine the server's fully qualified domain name, using 192.168.128.4. Set the 'ServerName' directive globally to suppress this message
[Tue Mar 05 18:34:34.821657 2024] [mpm_prefork:notice] [pid 1] AH00163: Apache/2.4.57 (Debian) PHP/8.3.3 configured -- resuming normal operations
[Tue Mar 05 18:34:34.821889 2024] [core:notice] [pid 1] AH00094: Command line: 'apache2 -D FOREGROUND'
[Tue Mar 05 18:36:13.185518 2024] [mpm_prefork:notice] [pid 1] AH00170: caught SIGWINCH, shutting down gracefully
AH00558: apache2: Could not reliably determine the server's fully qualified domain name, using 192.168.144.4. Set the 'ServerName' directive globally to suppress this message
[Tue Mar 05 18:36:33.958236 2024] [mpm_prefork:notice] [pid 1] AH00163: Apache/2.4.57 (Debian) PHP/8.3.3 configured -- resuming normal operations
[Tue Mar 05 18:36:33.958664 2024] [core:notice] [pid 1] AH00094: Command line: 'apache2 -D FOREGROUND'
[Tue Mar 05 18:38:39.362720 2024] [mpm_prefork:notice] [pid 1] AH00170: caught SIGWINCH, shutting down gracefully
[Tue Mar 05 18:38:44.232164 2024] [mpm_prefork:notice] [pid 1] AH00163: Apache/2.4.57 (Debian) PHP/8.3.3 configured -- resuming normal operations
[Tue Mar 05 18:38:44.234602 2024] [core:notice] [pid 1] AH00094: Command line: 'apache2 -D FOREGROUND'
[Tue Mar 05 18:40:09.021218 2024] [mpm_prefork:notice] [pid 1] AH00170: caught SIGWINCH, shutting down gracefully
[Tue Mar 05 18:40:13.950968 2024] [mpm_prefork:notice] [pid 1] AH00163: Apache/2.4.57 (Debian) PHP/8.3.3 configured -- resuming normal operations
[Tue Mar 05 18:40:13.952123 2024] [core:notice] [pid 1] AH00094: Command line: 'apache2 -D FOREGROUND'
[Tue Mar 05 18:44:50.435086 2024] [mpm_prefork:notice] [pid 1] AH00170: caught SIGWINCH, shutting down gracefully
[Tue Mar 05 18:44:54.648420 2024] [mpm_prefork:notice] [pid 1] AH00163: Apache/2.4.57 (Debian) PHP/8.3.3 configured -- resuming normal operations
[Tue Mar 05 18:44:54.648856 2024] [core:notice] [pid 1] AH00094: Command line: 'apache2 -D FOREGROUND'
[Tue Mar 05 18:46:31.593279 2024] [mpm_prefork:notice] [pid 1] AH00170: caught SIGWINCH, shutting down gracefully
[Tue Mar 05 18:46:49.851766 2024] [mpm_prefork:notice] [pid 1] AH00163: Apache/2.4.57 (Debian) PHP/8.3.3 configured -- resuming normal operations
[Tue Mar 05 18:46:49.851989 2024] [core:notice] [pid 1] AH00094: Command line: 'apache2 -D FOREGROUND'
[Tue Mar 05 18:55:53.649174 2024] [mpm_prefork:notice] [pid 1] AH00170: caught SIGWINCH, shutting down gracefully
[Tue Mar 05 18:55:57.959580 2024] [mpm_prefork:notice] [pid 1] AH00163: Apache/2.4.57 (Debian) PHP/8.3.3 configured -- resuming normal operations
[Tue Mar 05 18:55:57.960015 2024] [core:notice] [pid 1] AH00094: Command line: 'apache2 -D FOREGROUND'
[Tue Mar 05 18:56:48.695509 2024] [mpm_prefork:notice] [pid 1] AH00170: caught SIGWINCH, shutting down gracefully
[Tue Mar 05 18:56:53.528830 2024] [mpm_prefork:notice] [pid 1] AH00163: Apache/2.4.57 (Debian) PHP/8.3.3 configured -- resuming normal operations
[Tue Mar 05 18:56:53.529898 2024] [core:notice] [pid 1] AH00094: Command line: 'apache2 -D FOREGROUND'
[Tue Mar 05 19:06:48.004686 2024] [mpm_prefork:notice] [pid 1] AH00170: caught SIGWINCH, shutting down gracefully
AH00558: apache2: Could not reliably determine the server's fully qualified domain name, using 172.25.0.4. Set the 'ServerName' directive globally to suppress this message
[Tue Mar 05 19:10:50.155643 2024] [mpm_prefork:notice] [pid 1] AH00163: Apache/2.4.57 (Debian) PHP/8.3.3 configured -- resuming normal operations
[Tue Mar 05 19:10:50.156033 2024] [core:notice] [pid 1] AH00094: Command line: 'apache2 -D FOREGROUND'
[Tue Mar 05 19:17:38.735982 2024] [mpm_prefork:notice] [pid 1] AH00170: caught SIGWINCH, shutting down gracefully
AH00558: apache2: Could not reliably determine the server's fully qualified domain name, using 172.26.0.4. Set the 'ServerName' directive globally to suppress this message
[Tue Mar 05 19:18:11.649733 2024] [mpm_prefork:notice] [pid 1] AH00163: Apache/2.4.57 (Debian) PHP/8.3.3 configured -- resuming normal operations
[Tue Mar 05 19:18:11.650028 2024] [core:notice] [pid 1] AH00094: Command line: 'apache2 -D FOREGROUND'
[Tue Mar 05 19:23:48.791822 2024] [mpm_prefork:notice] [pid 1] AH00170: caught SIGWINCH, shutting down gracefully
AH00558: apache2: Could not reliably determine the server's fully qualified domain name, using 172.27.0.4. Set the 'ServerName' directive globally to suppress this message
[Tue Mar 05 19:30:35.627432 2024] [mpm_prefork:notice] [pid 1] AH00163: Apache/2.4.57 (Debian) PHP/8.3.3 configured -- resuming normal operations
[Tue Mar 05 19:30:35.627642 2024] [core:notice] [pid 1] AH00094: Command line: 'apache2 -D FOREGROUND'
[Tue Mar 05 19:37:53.290750 2024] [mpm_prefork:notice] [pid 1] AH00170: caught SIGWINCH, shutting down gracefully
AH00558: apache2: Could not reliably determine the server's fully qualified domain name, using 172.28.0.4. Set the 'ServerName' directive globally to suppress this message
[Tue Mar 05 19:39:02.129823 2024] [mpm_prefork:notice] [pid 1] AH00163: Apache/2.4.57 (Debian) PHP/8.3.3 configured -- resuming normal operations
[Tue Mar 05 19:39:02.130338 2024] [core:notice] [pid 1] AH00094: Command line: 'apache2 -D FOREGROUND'
[Tue Mar 05 19:39:45.271080 2024] [mpm_prefork:notice] [pid 1] AH00170: caught SIGWINCH, shutting down gracefully
AH00558: apache2: Could not reliably determine the server's fully qualified domain name, using 172.25.0.4. Set the 'ServerName' directive globally to suppress this message
[Tue Mar 05 19:48:33.226813 2024] [mpm_prefork:notice] [pid 1] AH00163: Apache/2.4.57 (Debian) PHP/8.3.3 configured -- resuming normal operations
[Tue Mar 05 19:48:33.226957 2024] [core:notice] [pid 1] AH00094: Command line: 'apache2 -D FOREGROUND'
[Tue Mar 05 19:48:39.633605 2024] [mpm_prefork:notice] [pid 1] AH00170: caught SIGWINCH, shutting down gracefully
AH00558: apache2: Could not reliably determine the server's fully qualified domain name, using 172.26.0.4. Set the 'ServerName' directive globally to suppress this message
[Tue Mar 05 19:49:17.400897 2024] [mpm_prefork:notice] [pid 1] AH00163: Apache/2.4.57 (Debian) PHP/8.3.3 configured -- resuming normal operations
[Tue Mar 05 19:49:17.401238 2024] [core:notice] [pid 1] AH00094: Command line: 'apache2 -D FOREGROUND'
[Tue Mar 05 19:57:35.805637 2024] [mpm_prefork:notice] [pid 1] AH00170: caught SIGWINCH, shutting down gracefully
AH00558: apache2: Could not reliably determine the server's fully qualified domain name, using 172.27.0.4. Set the 'ServerName' directive globally to suppress this message
[Tue Mar 05 19:58:00.395631 2024] [mpm_prefork:notice] [pid 1] AH00163: Apache/2.4.57 (Debian) PHP/8.3.3 configured -- resuming normal operations
[Tue Mar 05 19:58:00.397228 2024] [core:notice] [pid 1] AH00094: Command line: 'apache2 -D FOREGROUND'
[Tue Mar 05 20:09:55.983407 2024] [mpm_prefork:notice] [pid 1] AH00170: caught SIGWINCH, shutting down gracefully
[Tue Mar 05 20:10:28.063503 2024] [mpm_prefork:notice] [pid 1] AH00163: Apache/2.4.57 (Debian) PHP/8.3.3 configured -- resuming normal operations
[Tue Mar 05 20:10:28.063844 2024] [core:notice] [pid 1] AH00094: Command line: 'apache2 -D FOREGROUND'
[Tue Mar 05 20:12:05.278431 2024] [mpm_prefork:notice] [pid 1] AH00170: caught SIGWINCH, shutting down gracefully
[Tue Mar 05 20:12:21.819210 2024] [mpm_prefork:notice] [pid 1] AH00163: Apache/2.4.57 (Debian) PHP/8.3.3 configured -- resuming normal operations
[Tue Mar 05 20:12:21.821073 2024] [core:notice] [pid 1] AH00094: Command line: 'apache2 -D FOREGROUND'
[Tue Mar 05 20:41:10.016234 2024] [mpm_prefork:notice] [pid 1] AH00170: caught SIGWINCH, shutting down gracefully
[Tue Mar 05 20:41:28.837190 2024] [watchdog:debug] [pid 1] mod_watchdog.c(445): AH010033: Watchdog: Running with WatchdogInterval 1000ms
[Tue Mar 05 20:41:28.837702 2024] [watchdog:debug] [pid 1] mod_watchdog.c(454): AH02974: Watchdog: found parent providers.
[Tue Mar 05 20:41:28.837876 2024] [watchdog:debug] [pid 1] mod_watchdog.c(500): AH02977: Watchdog: found child providers.
[Tue Mar 05 20:41:28.838044 2024] [watchdog:debug] [pid 1] mod_watchdog.c(508): AH02978: Watchdog: Looking for child (_singleton_).
[Tue Mar 05 20:41:28.838222 2024] [watchdog:debug] [pid 1] mod_watchdog.c(508): AH02978: Watchdog: Looking for child (_default_).
[Tue Mar 05 20:41:28.840335 2024] [watchdog:debug] [pid 16] mod_watchdog.c(559): AH02980: Watchdog: nothing configured?
[Tue Mar 05 20:41:28.840734 2024] [watchdog:debug] [pid 17] mod_watchdog.c(559): AH02980: Watchdog: nothing configured?
[Tue Mar 05 20:41:28.842643 2024] [watchdog:debug] [pid 19] mod_watchdog.c(559): AH02980: Watchdog: nothing configured?
[Tue Mar 05 20:41:28.841759 2024] [mpm_prefork:notice] [pid 1] AH00163: Apache/2.4.57 (Debian) PHP/8.3.3 configured -- resuming normal operations
[Tue Mar 05 20:41:28.843271 2024] [mpm_prefork:info] [pid 1] AH00164: Server built: 2023-04-13T03:26:51
[Tue Mar 05 20:41:28.841900 2024] [watchdog:debug] [pid 18] mod_watchdog.c(559): AH02980: Watchdog: nothing configured?
[Tue Mar 05 20:41:28.842157 2024] [watchdog:debug] [pid 20] mod_watchdog.c(559): AH02980: Watchdog: nothing configured?
[Tue Mar 05 20:41:28.843633 2024] [core:notice] [pid 1] AH00094: Command line: 'apache2 -D FOREGROUND'
[Tue Mar 05 20:41:28.844663 2024] [core:debug] [pid 1] log.c(1570): AH02639: Using SO_REUSEPORT: yes (1)
[Tue Mar 05 20:41:28.844885 2024] [mpm_prefork:debug] [pid 1] prefork.c(970): AH00165: Accept mutex: none (default: pthread)
[Tue Mar 05 20:42:17.978600 2024] [watchdog:debug] [pid 28] mod_watchdog.c(559): AH02980: Watchdog: nothing configured?
[Tue Mar 05 20:42:37.155906 2024] [reqtimeout:info] [pid 16] [client 192.168.65.1:37785] AH01382: Request header read timeout
[Tue Mar 05 20:42:47.059859 2024] [authz_core:debug] [pid 17] mod_authz_core.c(815): [client 192.168.65.1:37791] AH01626: authorization result of Require all granted: granted
[Tue Mar 05 20:42:47.060149 2024] [authz_core:debug] [pid 17] mod_authz_core.c(815): [client 192.168.65.1:37791] AH01626: authorization result of <RequireAny>: granted
[Tue Mar 05 20:42:47.060717 2024] [authz_core:debug] [pid 17] mod_authz_core.c(815): [client 192.168.65.1:37791] AH01626: authorization result of Require all granted: granted
[Tue Mar 05 20:42:47.060966 2024] [authz_core:debug] [pid 17] mod_authz_core.c(815): [client 192.168.65.1:37791] AH01626: authorization result of <RequireAny>: granted
[Tue Mar 05 20:42:47.106148 2024] [deflate:debug] [pid 17] mod_deflate.c(869): [client 192.168.65.1:37791] AH01384: Zlib: Compressed 4464 to 1715 : URL /index.php
[Tue Mar 05 20:42:47.111750 2024] [authz_core:debug] [pid 17] mod_authz_core.c(815): [client 192.168.65.1:37791] AH01626: authorization result of Require all granted: granted, referer: http://localhost/
[Tue Mar 05 20:42:47.111991 2024] [authz_core:debug] [pid 17] mod_authz_core.c(815): [client 192.168.65.1:37791] AH01626: authorization result of <RequireAny>: granted, referer: http://localhost/
[Tue Mar 05 20:42:47.112195 2024] [core:info] [pid 17] [client 192.168.65.1:37791] AH00128: File does not exist: /var/www/html/badi/assets/dist/css/dashboard.css, referer: http://localhost/
[Tue Mar 05 20:42:47.119526 2024] [authz_core:debug] [pid 17] mod_authz_core.c(815): [client 192.168.65.1:37791] AH01626: authorization result of Require all granted: granted, referer: http://localhost/
[Tue Mar 05 20:42:47.119739 2024] [authz_core:debug] [pid 17] mod_authz_core.c(815): [client 192.168.65.1:37791] AH01626: authorization result of <RequireAny>: granted, referer: http://localhost/
[Tue Mar 05 20:42:47.119951 2024] [core:info] [pid 17] [client 192.168.65.1:37791] AH00128: File does not exist: /var/www/html/badi/assets/dist/js/bootstrap.bundle.min.js, referer: http://localhost/
[Tue Mar 05 20:44:05.703787 2024] [core:info] [pid 1] AH00096: removed PID file /var/run/apache2/apache2.pid (pid=1)
[Tue Mar 05 20:44:05.704030 2024] [mpm_prefork:notice] [pid 1] AH00169: caught SIGTERM, shutting down
[Tue Mar 05 20:44:05.961793 2024] [watchdog:debug] [pid 1] mod_watchdog.c(445): AH010033: Watchdog: Running with WatchdogInterval 1000ms
[Tue Mar 05 20:44:05.965550 2024] [watchdog:debug] [pid 1] mod_watchdog.c(454): AH02974: Watchdog: found parent providers.
[Tue Mar 05 20:44:05.968961 2024] [watchdog:debug] [pid 1] mod_watchdog.c(500): AH02977: Watchdog: found child providers.
[Tue Mar 05 20:44:05.969228 2024] [watchdog:debug] [pid 1] mod_watchdog.c(508): AH02978: Watchdog: Looking for child (_singleton_).
[Tue Mar 05 20:44:05.969694 2024] [watchdog:debug] [pid 1] mod_watchdog.c(508): AH02978: Watchdog: Looking for child (_default_).
[Tue Mar 05 20:44:05.971216 2024] [watchdog:debug] [pid 17] mod_watchdog.c(559): AH02980: Watchdog: nothing configured?
[Tue Mar 05 20:44:05.971652 2024] [watchdog:debug] [pid 19] mod_watchdog.c(559): AH02980: Watchdog: nothing configured?
[Tue Mar 05 20:44:05.971417 2024] [watchdog:debug] [pid 18] mod_watchdog.c(559): AH02980: Watchdog: nothing configured?
[Tue Mar 05 20:44:05.972021 2024] [watchdog:debug] [pid 20] mod_watchdog.c(559): AH02980: Watchdog: nothing configured?
[Tue Mar 05 20:44:05.972125 2024] [mpm_prefork:notice] [pid 1] AH00163: Apache/2.4.57 (Debian) PHP/8.3.3 configured -- resuming normal operations
[Tue Mar 05 20:44:05.972579 2024] [watchdog:debug] [pid 21] mod_watchdog.c(559): AH02980: Watchdog: nothing configured?
[Tue Mar 05 20:44:05.973880 2024] [mpm_prefork:info] [pid 1] AH00164: Server built: 2023-04-13T03:26:51
[Tue Mar 05 20:44:05.975037 2024] [core:notice] [pid 1] AH00094: Command line: 'apache2 -D FOREGROUND'
[Tue Mar 05 20:44:05.975591 2024] [core:debug] [pid 1] log.c(1570): AH02639: Using SO_REUSEPORT: yes (1)
[Tue Mar 05 20:44:05.976135 2024] [mpm_prefork:debug] [pid 1] prefork.c(970): AH00165: Accept mutex: none (default: pthread)
[Tue Mar 05 20:52:20.624737 2024] [core:info] [pid 1] AH00096: removed PID file /var/run/apache2/apache2.pid (pid=1)
[Tue Mar 05 20:52:20.635852 2024] [mpm_prefork:notice] [pid 1] AH00170: caught SIGWINCH, shutting down gracefully
[Tue Mar 05 20:52:27.183003 2024] [watchdog:debug] [pid 1] mod_watchdog.c(445): AH010033: Watchdog: Running with WatchdogInterval 1000ms
[Tue Mar 05 20:52:27.183307 2024] [watchdog:debug] [pid 1] mod_watchdog.c(454): AH02974: Watchdog: found parent providers.
[Tue Mar 05 20:52:27.183490 2024] [watchdog:debug] [pid 1] mod_watchdog.c(500): AH02977: Watchdog: found child providers.
[Tue Mar 05 20:52:27.184611 2024] [watchdog:debug] [pid 1] mod_watchdog.c(508): AH02978: Watchdog: Looking for child (_default_).
[Tue Mar 05 20:52:27.188675 2024] [watchdog:debug] [pid 1] mod_watchdog.c(508): AH02978: Watchdog: Looking for child (_singleton_).
[Tue Mar 05 20:52:27.189655 2024] [watchdog:debug] [pid 17] mod_watchdog.c(559): AH02980: Watchdog: nothing configured?
[Tue Mar 05 20:52:27.189860 2024] [watchdog:debug] [pid 18] mod_watchdog.c(559): AH02980: Watchdog: nothing configured?
[Tue Mar 05 20:52:27.190192 2024] [watchdog:debug] [pid 19] mod_watchdog.c(559): AH02980: Watchdog: nothing configured?
[Tue Mar 05 20:52:27.190575 2024] [mpm_prefork:notice] [pid 1] AH00163: Apache/2.4.57 (Debian) PHP/8.3.3 configured -- resuming normal operations
[Tue Mar 05 20:52:27.190486 2024] [watchdog:debug] [pid 20] mod_watchdog.c(559): AH02980: Watchdog: nothing configured?
[Tue Mar 05 20:52:27.190759 2024] [watchdog:debug] [pid 21] mod_watchdog.c(559): AH02980: Watchdog: nothing configured?
[Tue Mar 05 20:52:27.190781 2024] [mpm_prefork:info] [pid 1] AH00164: Server built: 2023-04-13T03:26:51
[Tue Mar 05 20:52:27.191290 2024] [core:notice] [pid 1] AH00094: Command line: 'apache2 -D FOREGROUND'
[Tue Mar 05 20:52:27.191426 2024] [core:debug] [pid 1] log.c(1570): AH02639: Using SO_REUSEPORT: yes (1)
[Tue Mar 05 20:52:27.191587 2024] [mpm_prefork:debug] [pid 1] prefork.c(970): AH00165: Accept mutex: none (default: pthread)
[Tue Mar 05 20:52:48.738737 2024] [authz_core:debug] [pid 17] mod_authz_core.c(815): [client 192.168.65.1:38394] AH01626: authorization result of Require all granted: granted
[Tue Mar 05 20:52:48.739189 2024] [authz_core:debug] [pid 17] mod_authz_core.c(815): [client 192.168.65.1:38394] AH01626: authorization result of <RequireAny>: granted
[Tue Mar 05 20:52:48.739833 2024] [authz_core:debug] [pid 17] mod_authz_core.c(815): [client 192.168.65.1:38394] AH01626: authorization result of Require all granted: granted
[Tue Mar 05 20:52:48.740050 2024] [authz_core:debug] [pid 17] mod_authz_core.c(815): [client 192.168.65.1:38394] AH01626: authorization result of <RequireAny>: granted
[Tue Mar 05 20:52:48.791985 2024] [deflate:debug] [pid 17] mod_deflate.c(869): [client 192.168.65.1:38394] AH01384: Zlib: Compressed 4464 to 1715 : URL /index.php
[Tue Mar 05 20:52:48.805342 2024] [authz_core:debug] [pid 17] mod_authz_core.c(815): [client 192.168.65.1:38394] AH01626: authorization result of Require all granted: granted, referer: http://localhost/
[Tue Mar 05 20:52:48.805841 2024] [authz_core:debug] [pid 17] mod_authz_core.c(815): [client 192.168.65.1:38394] AH01626: authorization result of <RequireAny>: granted, referer: http://localhost/
[Tue Mar 05 20:52:48.805556 2024] [authz_core:debug] [pid 18] mod_authz_core.c(815): [client 192.168.65.1:38395] AH01626: authorization result of Require all granted: granted, referer: http://localhost/
[Tue Mar 05 20:52:48.806487 2024] [authz_core:debug] [pid 18] mod_authz_core.c(815): [client 192.168.65.1:38395] AH01626: authorization result of <RequireAny>: granted, referer: http://localhost/
[Tue Mar 05 20:52:48.806150 2024] [core:info] [pid 17] [client 192.168.65.1:38394] AH00128: File does not exist: /var/www/html/badi/assets/dist/css/dashboard.css, referer: http://localhost/
[Tue Mar 05 20:52:48.806855 2024] [core:info] [pid 18] [client 192.168.65.1:38395] AH00128: File does not exist: /var/www/html/badi/assets/dist/js/bootstrap.bundle.min.js, referer: http://localhost/
[Tue Mar 05 20:52:49.256962 2024] [watchdog:debug] [pid 22] mod_watchdog.c(559): AH02980: Watchdog: nothing configured?
[Tue Mar 05 20:52:50.261552 2024] [watchdog:debug] [pid 23] mod_watchdog.c(559): AH02980: Watchdog: nothing configured?
[Tue Mar 05 20:52:50.262603 2024] [watchdog:debug] [pid 24] mod_watchdog.c(559): AH02980: Watchdog: nothing configured?
[Tue Mar 05 20:52:50.788908 2024] [authz_core:debug] [pid 18] mod_authz_core.c(815): [client 192.168.65.1:38395] AH01626: authorization result of Require all granted: granted, referer: http://localhost/
[Tue Mar 05 20:52:50.789172 2024] [authz_core:debug] [pid 18] mod_authz_core.c(815): [client 192.168.65.1:38395] AH01626: authorization result of <RequireAny>: granted, referer: http://localhost/
[Tue Mar 05 20:52:50.809610 2024] [deflate:debug] [pid 18] mod_deflate.c(869): [client 192.168.65.1:38395] AH01384: Zlib: Compressed 6015 to 2037 : URL /index.php, referer: http://localhost/
[Tue Mar 05 20:52:50.822634 2024] [authz_core:debug] [pid 18] mod_authz_core.c(815): [client 192.168.65.1:38395] AH01626: authorization result of Require all granted: granted, referer: http://localhost/index.php?page=login
[Tue Mar 05 20:52:50.822968 2024] [authz_core:debug] [pid 18] mod_authz_core.c(815): [client 192.168.65.1:38395] AH01626: authorization result of <RequireAny>: granted, referer: http://localhost/index.php?page=login
[Tue Mar 05 20:52:50.824047 2024] [core:info] [pid 18] [client 192.168.65.1:38395] AH00128: File does not exist: /var/www/html/badi/assets/dist/css/dashboard.css, referer: http://localhost/index.php?page=login
[Tue Mar 05 20:52:50.824925 2024] [authz_core:debug] [pid 17] mod_authz_core.c(815): [client 192.168.65.1:38394] AH01626: authorization result of Require all granted: granted, referer: http://localhost/index.php?page=login
[Tue Mar 05 20:52:50.825214 2024] [authz_core:debug] [pid 17] mod_authz_core.c(815): [client 192.168.65.1:38394] AH01626: authorization result of <RequireAny>: granted, referer: http://localhost/index.php?page=login
[Tue Mar 05 20:52:50.825448 2024] [core:info] [pid 17] [client 192.168.65.1:38394] AH00128: File does not exist: /var/www/html/badi/assets/dist/js/bootstrap.bundle.min.js, referer: http://localhost/index.php?page=login
[Tue Mar 05 20:52:53.540382 2024] [authz_core:debug] [pid 17] mod_authz_core.c(815): [client 192.168.65.1:38394] AH01626: authorization result of Require all granted: granted, referer: http://localhost/index.php?page=login
[Tue Mar 05 20:52:53.540699 2024] [authz_core:debug] [pid 17] mod_authz_core.c(815): [client 192.168.65.1:38394] AH01626: authorization result of <RequireAny>: granted, referer: http://localhost/index.php?page=login
[Tue Mar 05 20:52:53.564499 2024] [authz_core:debug] [pid 17] mod_authz_core.c(815): [client 192.168.65.1:38394] AH01626: authorization result of Require all granted: granted, referer: http://localhost/index.php?page=login
[Tue Mar 05 20:52:53.564731 2024] [authz_core:debug] [pid 17] mod_authz_core.c(815): [client 192.168.65.1:38394] AH01626: authorization result of <RequireAny>: granted, referer: http://localhost/index.php?page=login
[Tue Mar 05 20:52:53.584609 2024] [deflate:debug] [pid 17] mod_deflate.c(869): [client 192.168.65.1:38394] AH01384: Zlib: Compressed 6110 to 2073 : URL /index.php, referer: http://localhost/index.php?page=login
[Tue Mar 05 20:52:53.597417 2024] [authz_core:debug] [pid 17] mod_authz_core.c(815): [client 192.168.65.1:38394] AH01626: authorization result of Require all granted: granted, referer: http://localhost/index.php?page=login
[Tue Mar 05 20:52:53.597752 2024] [authz_core:debug] [pid 17] mod_authz_core.c(815): [client 192.168.65.1:38394] AH01626: authorization result of <RequireAny>: granted, referer: http://localhost/index.php?page=login
[Tue Mar 05 20:52:53.598283 2024] [core:info] [pid 17] [client 192.168.65.1:38394] AH00128: File does not exist: /var/www/html/badi/assets/dist/css/dashboard.css, referer: http://localhost/index.php?page=login
[Tue Mar 05 20:52:53.597751 2024] [authz_core:debug] [pid 18] mod_authz_core.c(815): [client 192.168.65.1:38395] AH01626: authorization result of Require all granted: granted, referer: http://localhost/index.php?page=login
[Tue Mar 05 20:52:53.599947 2024] [authz_core:debug] [pid 18] mod_authz_core.c(815): [client 192.168.65.1:38395] AH01626: authorization result of <RequireAny>: granted, referer: http://localhost/index.php?page=login
[Tue Mar 05 20:52:53.600244 2024] [core:info] [pid 18] [client 192.168.65.1:38395] AH00128: File does not exist: /var/www/html/badi/assets/dist/js/bootstrap.bundle.min.js, referer: http://localhost/index.php?page=login
[Tue Mar 05 20:56:52.174883 2024] [reqtimeout:info] [pid 19] [client 192.168.65.1:38425] AH01382: Request header read timeout
[Tue Mar 05 20:57:06.246908 2024] [core:info] [pid 1] AH00096: removed PID file /var/run/apache2/apache2.pid (pid=1)
[Tue Mar 05 20:57:06.251661 2024] [mpm_prefork:notice] [pid 1] AH00170: caught SIGWINCH, shutting down gracefully
[Tue Mar 05 20:57:08.708486 2024] [watchdog:debug] [pid 1] mod_watchdog.c(445): AH010033: Watchdog: Running with WatchdogInterval 1000ms
[Tue Mar 05 20:57:08.708644 2024] [watchdog:debug] [pid 1] mod_watchdog.c(454): AH02974: Watchdog: found parent providers.
[Tue Mar 05 20:57:08.708745 2024] [watchdog:debug] [pid 1] mod_watchdog.c(500): AH02977: Watchdog: found child providers.
[Tue Mar 05 20:57:08.708840 2024] [watchdog:debug] [pid 1] mod_watchdog.c(508): AH02978: Watchdog: Looking for child (_singleton_).
[Tue Mar 05 20:57:08.708938 2024] [watchdog:debug] [pid 1] mod_watchdog.c(508): AH02978: Watchdog: Looking for child (_default_).
[Tue Mar 05 20:57:08.709672 2024] [watchdog:debug] [pid 17] mod_watchdog.c(559): AH02980: Watchdog: nothing configured?
[Tue Mar 05 20:57:08.709918 2024] [watchdog:debug] [pid 18] mod_watchdog.c(559): AH02980: Watchdog: nothing configured?
[Tue Mar 05 20:57:08.710192 2024] [watchdog:debug] [pid 19] mod_watchdog.c(559): AH02980: Watchdog: nothing configured?
[Tue Mar 05 20:57:08.710435 2024] [watchdog:debug] [pid 20] mod_watchdog.c(559): AH02980: Watchdog: nothing configured?
[Tue Mar 05 20:57:08.710537 2024] [mpm_prefork:notice] [pid 1] AH00163: Apache/2.4.57 (Debian) PHP/8.3.3 configured -- resuming normal operations
[Tue Mar 05 20:57:08.710700 2024] [watchdog:debug] [pid 21] mod_watchdog.c(559): AH02980: Watchdog: nothing configured?
[Tue Mar 05 20:57:08.710704 2024] [mpm_prefork:info] [pid 1] AH00164: Server built: 2023-04-13T03:26:51
[Tue Mar 05 20:57:08.710904 2024] [core:notice] [pid 1] AH00094: Command line: 'apache2 -D FOREGROUND'
[Tue Mar 05 20:57:08.710997 2024] [core:debug] [pid 1] log.c(1570): AH02639: Using SO_REUSEPORT: yes (1)
[Tue Mar 05 20:57:08.711087 2024] [mpm_prefork:debug] [pid 1] prefork.c(970): AH00165: Accept mutex: none (default: pthread)
[Tue Mar 05 20:57:52.817782 2024] [watchdog:debug] [pid 22] mod_watchdog.c(559): AH02980: Watchdog: nothing configured?
[Tue Mar 05 20:58:12.554300 2024] [reqtimeout:info] [pid 17] [client 192.168.65.1:38528] AH01382: Request header read timeout
[Tue Mar 05 21:08:39.997782 2024] [core:info] [pid 1] AH00096: removed PID file /var/run/apache2/apache2.pid (pid=1)
[Tue Mar 05 21:08:40.005786 2024] [mpm_prefork:notice] [pid 1] AH00170: caught SIGWINCH, shutting down gracefully
[Tue Mar 05 21:09:10.053859 2024] [watchdog:debug] [pid 1] mod_watchdog.c(445): AH010033: Watchdog: Running with WatchdogInterval 1000ms
[Tue Mar 05 21:09:10.054261 2024] [watchdog:debug] [pid 1] mod_watchdog.c(454): AH02974: Watchdog: found parent providers.
[Tue Mar 05 21:09:10.054460 2024] [watchdog:debug] [pid 1] mod_watchdog.c(500): AH02977: Watchdog: found child providers.
[Tue Mar 05 21:09:10.054657 2024] [watchdog:debug] [pid 1] mod_watchdog.c(508): AH02978: Watchdog: Looking for child (_singleton_).
[Tue Mar 05 21:09:10.054858 2024] [watchdog:debug] [pid 1] mod_watchdog.c(508): AH02978: Watchdog: Looking for child (_default_).
[Tue Mar 05 21:09:10.056015 2024] [watchdog:debug] [pid 17] mod_watchdog.c(559): AH02980: Watchdog: nothing configured?
[Tue Mar 05 21:09:10.056918 2024] [mpm_prefork:notice] [pid 1] AH00163: Apache/2.4.57 (Debian) PHP/8.3.3 configured -- resuming normal operations
[Tue Mar 05 21:09:10.056284 2024] [watchdog:debug] [pid 18] mod_watchdog.c(559): AH02980: Watchdog: nothing configured?
[Tue Mar 05 21:09:10.056523 2024] [watchdog:debug] [pid 19] mod_watchdog.c(559): AH02980: Watchdog: nothing configured?
[Tue Mar 05 21:09:10.056928 2024] [watchdog:debug] [pid 20] mod_watchdog.c(559): AH02980: Watchdog: nothing configured?
[Tue Mar 05 21:09:10.057114 2024] [watchdog:debug] [pid 21] mod_watchdog.c(559): AH02980: Watchdog: nothing configured?
[Tue Mar 05 21:09:10.057366 2024] [mpm_prefork:info] [pid 1] AH00164: Server built: 2023-04-13T03:26:51
[Tue Mar 05 21:09:10.059460 2024] [core:notice] [pid 1] AH00094: Command line: 'apache2 -D FOREGROUND'
[Tue Mar 05 21:09:10.059755 2024] [core:debug] [pid 1] log.c(1570): AH02639: Using SO_REUSEPORT: yes (1)
[Tue Mar 05 21:09:10.059907 2024] [mpm_prefork:debug] [pid 1] prefork.c(970): AH00165: Accept mutex: none (default: pthread)
[Tue Mar 05 21:09:22.157855 2024] [authz_core:debug] [pid 17] mod_authz_core.c(815): [client 192.168.65.1:39272] AH01626: authorization result of Require all granted: granted, referer: http://localhost/index.php?page=login
[Tue Mar 05 21:09:22.158360 2024] [authz_core:debug] [pid 17] mod_authz_core.c(815): [client 192.168.65.1:39272] AH01626: authorization result of <RequireAny>: granted, referer: http://localhost/index.php?page=login
[Tue Mar 05 21:09:22.214878 2024] [deflate:debug] [pid 17] mod_deflate.c(869): [client 192.168.65.1:39272] AH01384: Zlib: Compressed 6015 to 2037 : URL /index.php, referer: http://localhost/index.php?page=login
[Tue Mar 05 21:09:22.224984 2024] [authz_core:debug] [pid 17] mod_authz_core.c(815): [client 192.168.65.1:39272] AH01626: authorization result of Require all granted: granted, referer: http://localhost/index.php?page=login
[Tue Mar 05 21:09:22.225208 2024] [authz_core:debug] [pid 17] mod_authz_core.c(815): [client 192.168.65.1:39272] AH01626: authorization result of <RequireAny>: granted, referer: http://localhost/index.php?page=login
[Tue Mar 05 21:09:22.225210 2024] [authz_core:debug] [pid 18] mod_authz_core.c(815): [client 192.168.65.1:39273] AH01626: authorization result of Require all granted: granted, referer: http://localhost/index.php?page=login
[Tue Mar 05 21:09:22.225640 2024] [authz_core:debug] [pid 18] mod_authz_core.c(815): [client 192.168.65.1:39273] AH01626: authorization result of <RequireAny>: granted, referer: http://localhost/index.php?page=login
[Tue Mar 05 21:09:22.225438 2024] [core:info] [pid 17] [client 192.168.65.1:39272] AH00128: File does not exist: /var/www/html/badi/assets/dist/css/dashboard.css, referer: http://localhost/index.php?page=login
[Tue Mar 05 21:09:22.225857 2024] [core:info] [pid 18] [client 192.168.65.1:39273] AH00128: File does not exist: /var/www/html/badi/assets/dist/js/bootstrap.bundle.min.js, referer: http://localhost/index.php?page=login
[Tue Mar 05 21:09:23.094252 2024] [watchdog:debug] [pid 22] mod_watchdog.c(559): AH02980: Watchdog: nothing configured?
[Tue Mar 05 21:09:24.097679 2024] [watchdog:debug] [pid 23] mod_watchdog.c(559): AH02980: Watchdog: nothing configured?
[Tue Mar 05 21:09:24.098394 2024] [watchdog:debug] [pid 24] mod_watchdog.c(559): AH02980: Watchdog: nothing configured?
[Tue Mar 05 21:09:24.523930 2024] [authz_core:debug] [pid 18] mod_authz_core.c(815): [client 192.168.65.1:39273] AH01626: authorization result of Require all granted: granted, referer: http://localhost/index.php?page=login
[Tue Mar 05 21:09:24.524202 2024] [authz_core:debug] [pid 18] mod_authz_core.c(815): [client 192.168.65.1:39273] AH01626: authorization result of <RequireAny>: granted, referer: http://localhost/index.php?page=login
[Tue Mar 05 21:09:24.551701 2024] [authz_core:debug] [pid 18] mod_authz_core.c(815): [client 192.168.65.1:39273] AH01626: authorization result of Require all granted: granted, referer: http://localhost/index.php?page=login
[Tue Mar 05 21:09:24.552214 2024] [authz_core:debug] [pid 18] mod_authz_core.c(815): [client 192.168.65.1:39273] AH01626: authorization result of <RequireAny>: granted, referer: http://localhost/index.php?page=login
[Tue Mar 05 21:09:24.572865 2024] [deflate:debug] [pid 18] mod_deflate.c(869): [client 192.168.65.1:39273] AH01384: Zlib: Compressed 6110 to 2073 : URL /index.php, referer: http://localhost/index.php?page=login
[Tue Mar 05 21:09:24.594080 2024] [authz_core:debug] [pid 18] mod_authz_core.c(815): [client 192.168.65.1:39273] AH01626: authorization result of Require all granted: granted, referer: http://localhost/index.php?page=login
[Tue Mar 05 21:09:24.594540 2024] [authz_core:debug] [pid 18] mod_authz_core.c(815): [client 192.168.65.1:39273] AH01626: authorization result of <RequireAny>: granted, referer: http://localhost/index.php?page=login
[Tue Mar 05 21:09:24.594548 2024] [authz_core:debug] [pid 17] mod_authz_core.c(815): [client 192.168.65.1:39272] AH01626: authorization result of Require all granted: granted, referer: http://localhost/index.php?page=login
[Tue Mar 05 21:09:24.595005 2024] [authz_core:debug] [pid 17] mod_authz_core.c(815): [client 192.168.65.1:39272] AH01626: authorization result of <RequireAny>: granted, referer: http://localhost/index.php?page=login
[Tue Mar 05 21:09:24.594808 2024] [core:info] [pid 18] [client 192.168.65.1:39273] AH00128: File does not exist: /var/www/html/badi/assets/dist/css/dashboard.css, referer: http://localhost/index.php?page=login
[Tue Mar 05 21:09:24.595205 2024] [core:info] [pid 17] [client 192.168.65.1:39272] AH00128: File does not exist: /var/www/html/badi/assets/dist/js/bootstrap.bundle.min.js, referer: http://localhost/index.php?page=login
[Tue Mar 05 21:09:26.882897 2024] [authz_core:debug] [pid 17] mod_authz_core.c(815): [client 192.168.65.1:39272] AH01626: authorization result of Require all granted: granted, referer: http://localhost/index.php?page=login
[Tue Mar 05 21:09:26.883221 2024] [authz_core:debug] [pid 17] mod_authz_core.c(815): [client 192.168.65.1:39272] AH01626: authorization result of <RequireAny>: granted, referer: http://localhost/index.php?page=login
[Tue Mar 05 21:09:26.918375 2024] [deflate:debug] [pid 17] mod_deflate.c(869): [client 192.168.65.1:39272] AH01384: Zlib: Compressed 6015 to 2037 : URL /index.php, referer: http://localhost/index.php?page=login
[Tue Mar 05 21:09:26.928761 2024] [authz_core:debug] [pid 17] mod_authz_core.c(815): [client 192.168.65.1:39272] AH01626: authorization result of Require all granted: granted, referer: http://localhost/index.php?page=login
[Tue Mar 05 21:09:26.928952 2024] [authz_core:debug] [pid 17] mod_authz_core.c(815): [client 192.168.65.1:39272] AH01626: authorization result of <RequireAny>: granted, referer: http://localhost/index.php?page=login
[Tue Mar 05 21:09:26.928956 2024] [authz_core:debug] [pid 18] mod_authz_core.c(815): [client 192.168.65.1:39273] AH01626: authorization result of Require all granted: granted, referer: http://localhost/index.php?page=login
[Tue Mar 05 21:09:26.929283 2024] [authz_core:debug] [pid 18] mod_authz_core.c(815): [client 192.168.65.1:39273] AH01626: authorization result of <RequireAny>: granted, referer: http://localhost/index.php?page=login
[Tue Mar 05 21:09:26.929131 2024] [core:info] [pid 17] [client 192.168.65.1:39272] AH00128: File does not exist: /var/www/html/badi/assets/dist/css/dashboard.css, referer: http://localhost/index.php?page=login
[Tue Mar 05 21:09:26.929460 2024] [core:info] [pid 18] [client 192.168.65.1:39273] AH00128: File does not exist: /var/www/html/badi/assets/dist/js/bootstrap.bundle.min.js, referer: http://localhost/index.php?page=login
[Tue Mar 05 21:10:08.330917 2024] [reqtimeout:info] [pid 19] [client 192.168.65.1:39226] AH01382: Request header read timeout
[Tue Mar 05 21:14:26.953054 2024] [core:info] [pid 1] AH00096: removed PID file /var/run/apache2/apache2.pid (pid=1)
[Tue Mar 05 21:14:26.957511 2024] [mpm_prefork:notice] [pid 1] AH00170: caught SIGWINCH, shutting down gracefully
[Tue Mar 05 21:30:03.724659 2024] [ssl:info] [pid 1] AH01883: Init: Initialized OpenSSL library
[Tue Mar 05 21:30:03.726956 2024] [ssl:debug] [pid 1] ssl_engine_init.c(353): AH01886: OpenSSL has FIPS mode disabled
[Tue Mar 05 21:30:03.727295 2024] [ssl:info] [pid 1] AH01887: Init: Initializing (virtual) servers for SSL
[Tue Mar 05 21:30:03.727680 2024] [ssl:info] [pid 1] AH01914: Configuring server badi.hrabcak.eu:443 for SSL protocol
[Tue Mar 05 21:30:03.728477 2024] [ssl:debug] [pid 1] ssl_engine_init.c(526): AH01893: Configuring TLS extension handling
[Tue Mar 05 21:30:03.731348 2024] [ssl:debug] [pid 1] ssl_util_ssl.c(451): AH02412: [badi.hrabcak.eu:443] Cert matches for name 'badi.hrabcak.eu' [subject: emailAddress=marek.hrabcak@gmail.com,CN=badi.hrabcak.eu,OU=IT Department,O=BADI,L=BRATISLAVA,ST=SLOVAKIA,C=SK / issuer: emailAddress=marek.hrabcak@gmail.com,CN=badi.hrabcak.eu,OU=IT Department,O=BADI,L=BRATISLAVA,ST=SLOVAKIA,C=SK / serial: 6A415DE8A128C3922880B259ADCA79BB21EC46DC / notbefore: Mar  5 17:34:10 2024 GMT / notafter: Mar  3 17:34:10 2034 GMT]
[Tue Mar 05 21:30:03.731644 2024] [ssl:info] [pid 1] AH02568: Certificate and private key badi.hrabcak.eu:443:0 configured from /etc/apache2/ssl/certificate.crt and /etc/apache2/ssl/private.key
[Tue Mar 05 21:30:03.733171 2024] [ssl:info] [pid 1] AH01876: mod_ssl/2.4.57 compiled against Server: Apache/2.4.57, Library: OpenSSL/3.0.8
[Tue Mar 05 21:30:03.743547 2024] [so:warn] [pid 1] AH01574: module ssl_module is already loaded, skipping
[Tue Mar 05 21:30:03.750994 2024] [ssl:info] [pid 1] AH01883: Init: Initialized OpenSSL library
[Tue Mar 05 21:30:03.751563 2024] [ssl:debug] [pid 1] ssl_engine_init.c(353): AH01886: OpenSSL has FIPS mode disabled
[Tue Mar 05 21:30:03.752033 2024] [socache_shmcb:debug] [pid 1] mod_socache_shmcb.c(414): AH00821: shmcb_init allocated 512000 bytes of shared memory
[Tue Mar 05 21:30:03.752449 2024] [socache_shmcb:debug] [pid 1] mod_socache_shmcb.c(428): AH00822: for 511912 bytes (512000 including header), recommending 32 subcaches, 88 indexes each
[Tue Mar 05 21:30:03.752755 2024] [socache_shmcb:debug] [pid 1] mod_socache_shmcb.c(465): AH00824: shmcb_init_memory choices follow
[Tue Mar 05 21:30:03.752970 2024] [socache_shmcb:debug] [pid 1] mod_socache_shmcb.c(467): AH00825: subcache_num = 32
[Tue Mar 05 21:30:03.753148 2024] [socache_shmcb:debug] [pid 1] mod_socache_shmcb.c(469): AH00826: subcache_size = 15992
[Tue Mar 05 21:30:03.753326 2024] [socache_shmcb:debug] [pid 1] mod_socache_shmcb.c(471): AH00827: subcache_data_offset = 2128
[Tue Mar 05 21:30:03.753565 2024] [socache_shmcb:debug] [pid 1] mod_socache_shmcb.c(473): AH00828: subcache_data_size = 13864
[Tue Mar 05 21:30:03.753930 2024] [socache_shmcb:debug] [pid 1] mod_socache_shmcb.c(475): AH00829: index_num = 88
[Tue Mar 05 21:30:03.754214 2024] [socache_shmcb:info] [pid 1] AH00830: Shared memory socache initialised
[Tue Mar 05 21:30:03.754362 2024] [ssl:info] [pid 1] AH01887: Init: Initializing (virtual) servers for SSL
[Tue Mar 05 21:30:03.754552 2024] [ssl:info] [pid 1] AH01914: Configuring server badi.hrabcak.eu:443 for SSL protocol
[Tue Mar 05 21:30:03.755101 2024] [ssl:debug] [pid 1] ssl_engine_init.c(526): AH01893: Configuring TLS extension handling
[Tue Mar 05 21:30:03.757532 2024] [ssl:debug] [pid 1] ssl_util_ssl.c(451): AH02412: [badi.hrabcak.eu:443] Cert matches for name 'badi.hrabcak.eu' [subject: emailAddress=marek.hrabcak@gmail.com,CN=badi.hrabcak.eu,OU=IT Department,O=BADI,L=BRATISLAVA,ST=SLOVAKIA,C=SK / issuer: emailAddress=marek.hrabcak@gmail.com,CN=badi.hrabcak.eu,OU=IT Department,O=BADI,L=BRATISLAVA,ST=SLOVAKIA,C=SK / serial: 6A415DE8A128C3922880B259ADCA79BB21EC46DC / notbefore: Mar  5 17:34:10 2024 GMT / notafter: Mar  3 17:34:10 2034 GMT]
[Tue Mar 05 21:30:03.758100 2024] [ssl:info] [pid 1] AH02568: Certificate and private key badi.hrabcak.eu:443:0 configured from /etc/apache2/ssl/certificate.crt and /etc/apache2/ssl/private.key
[Tue Mar 05 21:30:03.759647 2024] [ssl:info] [pid 1] AH01876: mod_ssl/2.4.57 compiled against Server: Apache/2.4.57, Library: OpenSSL/3.0.8
[Tue Mar 05 21:30:03.759857 2024] [watchdog:debug] [pid 1] mod_watchdog.c(445): AH010033: Watchdog: Running with WatchdogInterval 1000ms
[Tue Mar 05 21:30:03.760165 2024] [watchdog:debug] [pid 1] mod_watchdog.c(454): AH02974: Watchdog: found parent providers.
[Tue Mar 05 21:30:03.760492 2024] [watchdog:debug] [pid 1] mod_watchdog.c(500): AH02977: Watchdog: found child providers.
[Tue Mar 05 21:30:03.760901 2024] [watchdog:debug] [pid 1] mod_watchdog.c(508): AH02978: Watchdog: Looking for child (_singleton_).
[Tue Mar 05 21:30:03.761321 2024] [watchdog:debug] [pid 1] mod_watchdog.c(508): AH02978: Watchdog: Looking for child (_default_).
[Tue Mar 05 21:30:03.762586 2024] [watchdog:debug] [pid 17] mod_watchdog.c(559): AH02980: Watchdog: nothing configured?
[Tue Mar 05 21:30:03.762829 2024] [watchdog:debug] [pid 18] mod_watchdog.c(559): AH02980: Watchdog: nothing configured?
[Tue Mar 05 21:30:03.763295 2024] [watchdog:debug] [pid 19] mod_watchdog.c(559): AH02980: Watchdog: nothing configured?
[Tue Mar 05 21:30:03.764017 2024] [mpm_prefork:notice] [pid 1] AH00163: Apache/2.4.57 (Debian) PHP/8.3.3 OpenSSL/3.0.11 configured -- resuming normal operations
[Tue Mar 05 21:30:03.764325 2024] [watchdog:debug] [pid 21] mod_watchdog.c(559): AH02980: Watchdog: nothing configured?
[Tue Mar 05 21:30:03.764096 2024] [watchdog:debug] [pid 20] mod_watchdog.c(559): AH02980: Watchdog: nothing configured?
[Tue Mar 05 21:30:03.764340 2024] [mpm_prefork:info] [pid 1] AH00164: Server built: 2023-04-13T03:26:51
[Tue Mar 05 21:30:03.765057 2024] [core:notice] [pid 1] AH00094: Command line: 'apache2 -D FOREGROUND'
[Tue Mar 05 21:30:03.765349 2024] [core:debug] [pid 1] log.c(1570): AH02639: Using SO_REUSEPORT: yes (1)
[Tue Mar 05 21:30:03.765613 2024] [mpm_prefork:debug] [pid 1] prefork.c(970): AH00165: Accept mutex: pthread (default: pthread)
[Tue Mar 05 21:30:20.138718 2024] [ssl:info] [pid 18] [client 192.168.65.1:47054] AH01964: Connection to child 1 established (server badi.hrabcak.eu:443)
[Tue Mar 05 21:30:20.138660 2024] [ssl:info] [pid 17] [client 192.168.65.1:47053] AH01964: Connection to child 0 established (server badi.hrabcak.eu:443)
[Tue Mar 05 21:30:20.140262 2024] [ssl:debug] [pid 18] ssl_engine_kernel.c(2395): [client 192.168.65.1:47054] AH02043: SSL virtual host for servername badi.hrabcak.eu found
[Tue Mar 05 21:30:20.140262 2024] [ssl:debug] [pid 17] ssl_engine_kernel.c(2395): [client 192.168.65.1:47053] AH02043: SSL virtual host for servername badi.hrabcak.eu found
[Tue Mar 05 21:30:20.140930 2024] [core:debug] [pid 18] protocol.c(2460): [client 192.168.65.1:47054] AH03155: select protocol from , choices=h2,http/1.1 for server badi.hrabcak.eu
[Tue Mar 05 21:30:20.140930 2024] [core:debug] [pid 17] protocol.c(2460): [client 192.168.65.1:47053] AH03155: select protocol from , choices=h2,http/1.1 for server badi.hrabcak.eu
[Tue Mar 05 21:30:20.163478 2024] [ssl:info] [pid 18] [client 192.168.65.1:47054] AH02008: SSL library error 1 in handshake (server badi.hrabcak.eu:443)
[Tue Mar 05 21:30:20.163478 2024] [ssl:info] [pid 17] [client 192.168.65.1:47053] AH02008: SSL library error 1 in handshake (server badi.hrabcak.eu:443)
[Tue Mar 05 21:30:20.164135 2024] [ssl:info] [pid 17] SSL Library Error: error:0A000416:SSL routines::sslv3 alert certificate unknown (SSL alert number 46)
[Tue Mar 05 21:30:20.163836 2024] [ssl:info] [pid 18] SSL Library Error: error:0A000416:SSL routines::sslv3 alert certificate unknown (SSL alert number 46)
[Tue Mar 05 21:30:20.164863 2024] [ssl:info] [pid 18] [client 192.168.65.1:47054] AH01998: Connection closed to child 1 with abortive shutdown (server badi.hrabcak.eu:443)
[Tue Mar 05 21:30:20.164522 2024] [ssl:info] [pid 17] [client 192.168.65.1:47053] AH01998: Connection closed to child 0 with abortive shutdown (server badi.hrabcak.eu:443)
[Tue Mar 05 21:30:25.757455 2024] [ssl:info] [pid 19] [client 192.168.65.1:47056] AH01964: Connection to child 2 established (server badi.hrabcak.eu:443)
[Tue Mar 05 21:30:25.758424 2024] [ssl:debug] [pid 19] ssl_engine_kernel.c(2395): [client 192.168.65.1:47056] AH02043: SSL virtual host for servername badi.hrabcak.eu found
[Tue Mar 05 21:30:25.759256 2024] [ssl:info] [pid 21] [client 192.168.65.1:47057] AH01964: Connection to child 4 established (server badi.hrabcak.eu:443)
[Tue Mar 05 21:30:25.759477 2024] [core:debug] [pid 19] protocol.c(2460): [client 192.168.65.1:47056] AH03155: select protocol from , choices=h2,http/1.1 for server badi.hrabcak.eu
[Tue Mar 05 21:30:25.760100 2024] [ssl:debug] [pid 21] ssl_engine_kernel.c(2395): [client 192.168.65.1:47057] AH02043: SSL virtual host for servername badi.hrabcak.eu found
[Tue Mar 05 21:30:25.771063 2024] [core:debug] [pid 21] protocol.c(2460): [client 192.168.65.1:47057] AH03155: select protocol from , choices=h2,http/1.1 for server badi.hrabcak.eu
[Tue Mar 05 21:30:25.777038 2024] [ssl:info] [pid 19] [client 192.168.65.1:47056] AH02008: SSL library error 1 in handshake (server badi.hrabcak.eu:443)
[Tue Mar 05 21:30:25.777427 2024] [ssl:info] [pid 19] SSL Library Error: error:0A000416:SSL routines::sslv3 alert certificate unknown (SSL alert number 46)
[Tue Mar 05 21:30:25.777595 2024] [ssl:info] [pid 19] [client 192.168.65.1:47056] AH01998: Connection closed to child 2 with abortive shutdown (server badi.hrabcak.eu:443)
[Tue Mar 05 21:30:25.787074 2024] [ssl:info] [pid 21] [client 192.168.65.1:47057] AH02008: SSL library error 1 in handshake (server badi.hrabcak.eu:443)
[Tue Mar 05 21:30:25.787440 2024] [ssl:info] [pid 21] SSL Library Error: error:0A000416:SSL routines::sslv3 alert certificate unknown (SSL alert number 46)
[Tue Mar 05 21:30:25.788009 2024] [ssl:info] [pid 21] [client 192.168.65.1:47057] AH01998: Connection closed to child 4 with abortive shutdown (server badi.hrabcak.eu:443)
[Tue Mar 05 21:30:25.788074 2024] [ssl:info] [pid 20] [client 192.168.65.1:47058] AH01964: Connection to child 3 established (server badi.hrabcak.eu:443)
[Tue Mar 05 21:30:25.789090 2024] [ssl:debug] [pid 20] ssl_engine_kernel.c(2395): [client 192.168.65.1:47058] AH02043: SSL virtual host for servername badi.hrabcak.eu found
[Tue Mar 05 21:30:25.789480 2024] [core:debug] [pid 20] protocol.c(2460): [client 192.168.65.1:47058] AH03155: select protocol from , choices=h2,http/1.1 for server badi.hrabcak.eu
[Tue Mar 05 21:30:25.799365 2024] [ssl:debug] [pid 20] ssl_engine_kernel.c(2254): [client 192.168.65.1:47058] AH02041: Protocol: TLSv1.3, Cipher: TLS_AES_128_GCM_SHA256 (128/128 bits)
[Tue Mar 05 21:30:25.799957 2024] [socache_shmcb:debug] [pid 20] mod_socache_shmcb.c(508): AH00831: socache_shmcb_store (0x8b -> subcache 11)
[Tue Mar 05 21:30:25.800186 2024] [socache_shmcb:debug] [pid 20] mod_socache_shmcb.c(862): AH00847: insert happened at idx=0, data=(0:32)
[Tue Mar 05 21:30:25.800342 2024] [socache_shmcb:debug] [pid 20] mod_socache_shmcb.c(865): AH00848: finished insert, subcache: idx_pos/idx_used=0/1, data_pos/data_used=0/208
[Tue Mar 05 21:30:25.800504 2024] [socache_shmcb:debug] [pid 20] mod_socache_shmcb.c(530): AH00834: leaving socache_shmcb_store successfully
[Tue Mar 05 21:30:25.800782 2024] [socache_shmcb:debug] [pid 20] mod_socache_shmcb.c(508): AH00831: socache_shmcb_store (0x27 -> subcache 7)
[Tue Mar 05 21:30:25.800990 2024] [socache_shmcb:debug] [pid 20] mod_socache_shmcb.c(862): AH00847: insert happened at idx=0, data=(0:32)
[Tue Mar 05 21:30:25.801133 2024] [socache_shmcb:debug] [pid 20] mod_socache_shmcb.c(865): AH00848: finished insert, subcache: idx_pos/idx_used=0/1, data_pos/data_used=0/208
[Tue Mar 05 21:30:25.801267 2024] [socache_shmcb:debug] [pid 20] mod_socache_shmcb.c(530): AH00834: leaving socache_shmcb_store successfully
[Tue Mar 05 21:30:25.801670 2024] [ssl:debug] [pid 20] ssl_engine_kernel.c(415): [client 192.168.65.1:47058] AH02034: Initial (No.1) HTTPS request received for child 3 (server badi.hrabcak.eu:443)
[Tue Mar 05 21:30:25.802736 2024] [authz_core:debug] [pid 20] mod_authz_core.c(815): [client 192.168.65.1:47058] AH01626: authorization result of Require all granted: granted
[Tue Mar 05 21:30:25.803095 2024] [authz_core:debug] [pid 20] mod_authz_core.c(815): [client 192.168.65.1:47058] AH01626: authorization result of <RequireAny>: granted
[Tue Mar 05 21:30:25.809848 2024] [watchdog:debug] [pid 22] mod_watchdog.c(559): AH02980: Watchdog: nothing configured?
[Tue Mar 05 21:30:25.833711 2024] [deflate:debug] [pid 20] mod_deflate.c(869): [client 192.168.65.1:47058] AH01384: Zlib: Compressed 6015 to 2037 : URL /index.php
[Tue Mar 05 21:30:25.847028 2024] [ssl:debug] [pid 20] ssl_engine_kernel.c(415): [client 192.168.65.1:47058] AH02034: Subsequent (No.2) HTTPS request received for child 3 (server badi.hrabcak.eu:443), referer: https://badi.hrabcak.eu/index.php?page=login
[Tue Mar 05 21:30:25.849069 2024] [ssl:info] [pid 17] [client 192.168.65.1:47061] AH01964: Connection to child 0 established (server badi.hrabcak.eu:443)
[Tue Mar 05 21:30:25.848917 2024] [ssl:info] [pid 18] [client 192.168.65.1:47060] AH01964: Connection to child 1 established (server badi.hrabcak.eu:443)
