[Tue Mar 05 21:54:26.719446 2024] [socache_shmcb:debug] [pid 23] mod_socache_shmcb.c(585): AH00839: leaving socache_shmcb_remove successfully
[Tue Mar 05 21:54:26.719931 2024] [ssl:info] [pid 23] [client 192.168.65.1:51066] AH02008: SSL library error 1 in handshake (server localhost:443)
[Tue Mar 05 21:54:26.720052 2024] [ssl:info] [pid 23] SSL Library Error: error:0A000416:SSL routines::sslv3 alert certificate unknown (SSL alert number 46)
[Tue Mar 05 21:54:26.720181 2024] [ssl:info] [pid 23] [client 192.168.65.1:51066] AH01998: Connection closed to child 6 with abortive shutdown (server localhost:443)
[Tue Mar 05 21:54:31.729625 2024] [ssl:debug] [pid 22] ssl_engine_io.c(1147): [client 192.168.65.1:51064] AH02001: Connection closed to child 5 with standard shutdown (server localhost:443)
[Tue Mar 05 21:55:08.982383 2024] [ssl:info] [pid 17] [client 192.168.65.1:51169] AH01964: Connection to child 0 established (server localhost:443)
[Tue Mar 05 21:55:08.982997 2024] [ssl:debug] [pid 17] ssl_engine_kernel.c(2395): [client 192.168.65.1:51169] AH02043: SSL virtual host for servername localhost found
[Tue Mar 05 21:55:08.983309 2024] [socache_shmcb:debug] [pid 17] mod_socache_shmcb.c(545): AH00835: socache_shmcb_retrieve (0x16 -> subcache 22)
[Tue Mar 05 21:55:08.984058 2024] [socache_shmcb:debug] [pid 17] mod_socache_shmcb.c(898): AH00849: match at idx=0, data=0
[Tue Mar 05 21:55:08.984498 2024] [socache_shmcb:debug] [pid 17] mod_socache_shmcb.c(556): AH00836: leaving socache_shmcb_retrieve successfully
[Tue Mar 05 21:55:08.985133 2024] [core:debug] [pid 17] protocol.c(2460): [client 192.168.65.1:51169] AH03155: select protocol from , choices=h2,http/1.1 for server localhost
[Tue Mar 05 21:55:08.986850 2024] [socache_shmcb:debug] [pid 17] mod_socache_shmcb.c(570): AH00837: socache_shmcb_remove (0x16 -> subcache 22)
[Tue Mar 05 21:55:08.987158 2024] [socache_shmcb:debug] [pid 17] mod_socache_shmcb.c(954): AH00852: possible match at idx=0, data=0
[Tue Mar 05 21:55:08.987430 2024] [socache_shmcb:debug] [pid 17] mod_socache_shmcb.c(959): AH00853: shmcb_subcache_remove removing matching entry
[Tue Mar 05 21:55:08.987646 2024] [socache_shmcb:debug] [pid 17] mod_socache_shmcb.c(585): AH00839: leaving socache_shmcb_remove successfully
[Tue Mar 05 21:55:08.987882 2024] [ssl:info] [pid 17] [client 192.168.65.1:51169] AH02008: SSL library error 1 in handshake (server localhost:443)
[Tue Mar 05 21:55:08.988118 2024] [ssl:info] [pid 17] SSL Library Error: error:0A000416:SSL routines::sslv3 alert certificate unknown (SSL alert number 46)
[Tue Mar 05 21:55:08.988349 2024] [ssl:info] [pid 17] [client 192.168.65.1:51169] AH01998: Connection closed to child 0 with abortive shutdown (server localhost:443)
[Tue Mar 05 22:03:42.279576 2024] [core:info] [pid 1] AH00096: removed PID file /var/run/apache2/apache2.pid (pid=1)
[Tue Mar 05 22:03:42.290820 2024] [mpm_prefork:notice] [pid 1] AH00170: caught SIGWINCH, shutting down gracefully
[Tue Mar 05 22:29:00.520946 2024] [ssl:info] [pid 1] AH01883: Init: Initialized OpenSSL library
[Tue Mar 05 22:29:00.522822 2024] [ssl:debug] [pid 1] ssl_engine_init.c(353): AH01886: OpenSSL has FIPS mode disabled
[Tue Mar 05 22:29:00.522978 2024] [ssl:info] [pid 1] AH01887: Init: Initializing (virtual) servers for SSL
[Tue Mar 05 22:29:00.523119 2024] [ssl:info] [pid 1] AH01914: Configuring server localhost:443 for SSL protocol
[Tue Mar 05 22:29:00.524353 2024] [ssl:debug] [pid 1] ssl_engine_init.c(526): AH01893: Configuring TLS extension handling
[Tue Mar 05 22:29:00.526489 2024] [ssl:debug] [pid 1] ssl_util_ssl.c(451): AH02412: [localhost:443] Cert matches for name 'localhost' [subject: CN=localhost,O=Example-Certificates,L=YourCity,ST=YourState,C=US / issuer: CN=localhost,O=Example-Certificates,L=YourCity,ST=YourState,C=US / serial: 3359555F69303F915EB31FFD89BEB19DAE1284D5 / notbefore: Mar  5 21:43:24 2024 GMT / notafter: Mar  3 21:43:24 2034 GMT]
[Tue Mar 05 22:29:00.526584 2024] [ssl:info] [pid 1] AH02568: Certificate and private key localhost:443:0 configured from /etc/apache2/ssl/certificate.crt and /etc/apache2/ssl/private.key
[Tue Mar 05 22:29:00.527487 2024] [ssl:info] [pid 1] AH01876: mod_ssl/2.4.57 compiled against Server: Apache/2.4.57, Library: OpenSSL/3.0.8
[Tue Mar 05 22:29:00.541098 2024] [so:warn] [pid 1] AH01574: module ssl_module is already loaded, skipping
[Tue Mar 05 22:29:00.577350 2024] [ssl:info] [pid 1] AH01883: Init: Initialized OpenSSL library
[Tue Mar 05 22:29:00.577530 2024] [ssl:debug] [pid 1] ssl_engine_init.c(353): AH01886: OpenSSL has FIPS mode disabled
[Tue Mar 05 22:29:00.577633 2024] [socache_shmcb:debug] [pid 1] mod_socache_shmcb.c(414): AH00821: shmcb_init allocated 512000 bytes of shared memory
[Tue Mar 05 22:29:00.577730 2024] [socache_shmcb:debug] [pid 1] mod_socache_shmcb.c(428): AH00822: for 511912 bytes (512000 including header), recommending 32 subcaches, 88 indexes each
[Tue Mar 05 22:29:00.577823 2024] [socache_shmcb:debug] [pid 1] mod_socache_shmcb.c(465): AH00824: shmcb_init_memory choices follow
[Tue Mar 05 22:29:00.577912 2024] [socache_shmcb:debug] [pid 1] mod_socache_shmcb.c(467): AH00825: subcache_num = 32
[Tue Mar 05 22:29:00.577998 2024] [socache_shmcb:debug] [pid 1] mod_socache_shmcb.c(469): AH00826: subcache_size = 15992
[Tue Mar 05 22:29:00.578124 2024] [socache_shmcb:debug] [pid 1] mod_socache_shmcb.c(471): AH00827: subcache_data_offset = 2128
[Tue Mar 05 22:29:00.578243 2024] [socache_shmcb:debug] [pid 1] mod_socache_shmcb.c(473): AH00828: subcache_data_size = 13864
[Tue Mar 05 22:29:00.578329 2024] [socache_shmcb:debug] [pid 1] mod_socache_shmcb.c(475): AH00829: index_num = 88
[Tue Mar 05 22:29:00.578444 2024] [socache_shmcb:info] [pid 1] AH00830: Shared memory socache initialised
[Tue Mar 05 22:29:00.578529 2024] [ssl:info] [pid 1] AH01887: Init: Initializing (virtual) servers for SSL
[Tue Mar 05 22:29:00.578623 2024] [ssl:info] [pid 1] AH01914: Configuring server localhost:443 for SSL protocol
[Tue Mar 05 22:29:00.578921 2024] [ssl:debug] [pid 1] ssl_engine_init.c(526): AH01893: Configuring TLS extension handling
[Tue Mar 05 22:29:00.579938 2024] [ssl:debug] [pid 1] ssl_util_ssl.c(451): AH02412: [localhost:443] Cert matches for name 'localhost' [subject: CN=localhost,O=Example-Certificates,L=YourCity,ST=YourState,C=US / issuer: CN=localhost,O=Example-Certificates,L=YourCity,ST=YourState,C=US / serial: 3359555F69303F915EB31FFD89BEB19DAE1284D5 / notbefore: Mar  5 21:43:24 2024 GMT / notafter: Mar  3 21:43:24 2034 GMT]
[Tue Mar 05 22:29:00.580048 2024] [ssl:info] [pid 1] AH02568: Certificate and private key localhost:443:0 configured from /etc/apache2/ssl/certificate.crt and /etc/apache2/ssl/private.key
[Tue Mar 05 22:29:00.580525 2024] [ssl:info] [pid 1] AH01876: mod_ssl/2.4.57 compiled against Server: Apache/2.4.57, Library: OpenSSL/3.0.8
[Tue Mar 05 22:29:00.580609 2024] [watchdog:debug] [pid 1] mod_watchdog.c(445): AH010033: Watchdog: Running with WatchdogInterval 1000ms
[Tue Mar 05 22:29:00.580689 2024] [watchdog:debug] [pid 1] mod_watchdog.c(454): AH02974: Watchdog: found parent providers.
[Tue Mar 05 22:29:00.580776 2024] [watchdog:debug] [pid 1] mod_watchdog.c(500): AH02977: Watchdog: found child providers.
[Tue Mar 05 22:29:00.580866 2024] [watchdog:debug] [pid 1] mod_watchdog.c(508): AH02978: Watchdog: Looking for child (_singleton_).
[Tue Mar 05 22:29:00.580944 2024] [watchdog:debug] [pid 1] mod_watchdog.c(508): AH02978: Watchdog: Looking for child (_default_).
[Tue Mar 05 22:29:00.581765 2024] [watchdog:debug] [pid 17] mod_watchdog.c(559): AH02980: Watchdog: nothing configured?
[Tue Mar 05 22:29:00.582033 2024] [watchdog:debug] [pid 18] mod_watchdog.c(559): AH02980: Watchdog: nothing configured?
[Tue Mar 05 22:29:00.582321 2024] [watchdog:debug] [pid 19] mod_watchdog.c(559): AH02980: Watchdog: nothing configured?
[Tue Mar 05 22:29:00.582617 2024] [watchdog:debug] [pid 20] mod_watchdog.c(559): AH02980: Watchdog: nothing configured?
[Tue Mar 05 22:29:00.582834 2024] [mpm_prefork:notice] [pid 1] AH00163: Apache/2.4.57 (Debian) PHP/8.3.3 OpenSSL/3.0.11 configured -- resuming normal operations
[Tue Mar 05 22:29:00.582940 2024] [mpm_prefork:info] [pid 1] AH00164: Server built: 2023-04-13T03:26:51
[Tue Mar 05 22:29:00.582984 2024] [watchdog:debug] [pid 21] mod_watchdog.c(559): AH02980: Watchdog: nothing configured?
[Tue Mar 05 22:29:00.583106 2024] [core:notice] [pid 1] AH00094: Command line: 'apache2 -D FOREGROUND'
[Tue Mar 05 22:29:00.583271 2024] [core:debug] [pid 1] log.c(1570): AH02639: Using SO_REUSEPORT: yes (1)
[Tue Mar 05 22:29:00.583377 2024] [mpm_prefork:debug] [pid 1] prefork.c(970): AH00165: Accept mutex: pthread (default: pthread)
[Tue Mar 05 22:29:17.498491 2024] [ssl:info] [pid 17] [client 192.168.65.1:56602] AH01964: Connection to child 0 established (server localhost:443)
[Tue Mar 05 22:29:17.500095 2024] [ssl:debug] [pid 17] ssl_engine_kernel.c(2395): [client 192.168.65.1:56602] AH02043: SSL virtual host for servername localhost found
[Tue Mar 05 22:29:17.500966 2024] [core:debug] [pid 17] protocol.c(2460): [client 192.168.65.1:56602] AH03155: select protocol from , choices=h2,http/1.1 for server localhost
[Tue Mar 05 22:29:17.533853 2024] [ssl:info] [pid 17] [client 192.168.65.1:56602] AH02008: SSL library error 1 in handshake (server localhost:443)
[Tue Mar 05 22:29:17.534300 2024] [ssl:info] [pid 17] SSL Library Error: error:0A000416:SSL routines::sslv3 alert certificate unknown (SSL alert number 46)
[Tue Mar 05 22:29:17.534561 2024] [ssl:info] [pid 17] [client 192.168.65.1:56602] AH01998: Connection closed to child 0 with abortive shutdown (server localhost:443)
[Tue Mar 05 22:29:17.534476 2024] [ssl:info] [pid 18] [client 192.168.65.1:56603] AH01964: Connection to child 1 established (server localhost:443)
[Tue Mar 05 22:29:17.535426 2024] [ssl:debug] [pid 18] ssl_engine_kernel.c(2395): [client 192.168.65.1:56603] AH02043: SSL virtual host for servername localhost found
[Tue Mar 05 22:29:17.535825 2024] [core:debug] [pid 18] protocol.c(2460): [client 192.168.65.1:56603] AH03155: select protocol from , choices=h2,http/1.1 for server localhost
[Tue Mar 05 22:29:17.550421 2024] [ssl:debug] [pid 18] ssl_engine_kernel.c(2254): [client 192.168.65.1:56603] AH02041: Protocol: TLSv1.3, Cipher: TLS_AES_128_GCM_SHA256 (128/128 bits)
[Tue Mar 05 22:29:17.550706 2024] [socache_shmcb:debug] [pid 18] mod_socache_shmcb.c(508): AH00831: socache_shmcb_store (0x10 -> subcache 16)
[Tue Mar 05 22:29:17.550869 2024] [socache_shmcb:debug] [pid 18] mod_socache_shmcb.c(862): AH00847: insert happened at idx=0, data=(0:32)
[Tue Mar 05 22:29:17.550980 2024] [socache_shmcb:debug] [pid 18] mod_socache_shmcb.c(865): AH00848: finished insert, subcache: idx_pos/idx_used=0/1, data_pos/data_used=0/202
[Tue Mar 05 22:29:17.551083 2024] [socache_shmcb:debug] [pid 18] mod_socache_shmcb.c(530): AH00834: leaving socache_shmcb_store successfully
[Tue Mar 05 22:29:17.551248 2024] [socache_shmcb:debug] [pid 18] mod_socache_shmcb.c(508): AH00831: socache_shmcb_store (0xfe -> subcache 30)
[Tue Mar 05 22:29:17.551405 2024] [socache_shmcb:debug] [pid 18] mod_socache_shmcb.c(862): AH00847: insert happened at idx=0, data=(0:32)
[Tue Mar 05 22:29:17.551514 2024] [socache_shmcb:debug] [pid 18] mod_socache_shmcb.c(865): AH00848: finished insert, subcache: idx_pos/idx_used=0/1, data_pos/data_used=0/202
[Tue Mar 05 22:29:17.551616 2024] [socache_shmcb:debug] [pid 18] mod_socache_shmcb.c(530): AH00834: leaving socache_shmcb_store successfully
[Tue Mar 05 22:29:17.551861 2024] [ssl:debug] [pid 18] ssl_engine_kernel.c(415): [client 192.168.65.1:56603] AH02034: Initial (No.1) HTTPS request received for child 1 (server localhost:443)
[Tue Mar 05 22:29:17.552215 2024] [authz_core:debug] [pid 18] mod_authz_core.c(815): [client 192.168.65.1:56603] AH01626: authorization result of Require all granted: granted
[Tue Mar 05 22:29:17.552318 2024] [authz_core:debug] [pid 18] mod_authz_core.c(815): [client 192.168.65.1:56603] AH01626: authorization result of <RequireAny>: granted
[Tue Mar 05 22:29:17.552604 2024] [authz_core:debug] [pid 18] mod_authz_core.c(815): [client 192.168.65.1:56603] AH01626: authorization result of Require all granted: granted
[Tue Mar 05 22:29:17.552701 2024] [authz_core:debug] [pid 18] mod_authz_core.c(815): [client 192.168.65.1:56603] AH01626: authorization result of <RequireAny>: granted
[Tue Mar 05 22:29:17.581464 2024] [deflate:debug] [pid 18] mod_deflate.c(869): [client 192.168.65.1:56603] AH01384: Zlib: Compressed 4464 to 1715 : URL /index.php
[Tue Mar 05 22:29:17.598044 2024] [ssl:debug] [pid 18] ssl_engine_kernel.c(415): [client 192.168.65.1:56603] AH02034: Subsequent (No.2) HTTPS request received for child 1 (server localhost:443), referer: https://localhost/
[Tue Mar 05 22:29:17.599222 2024] [ssl:info] [pid 19] [client 192.168.65.1:56605] AH01964: Connection to child 2 established (server localhost:443)
[Tue Mar 05 22:29:17.600070 2024] [ssl:info] [pid 20] [client 192.168.65.1:56606] AH01964: Connection to child 3 established (server localhost:443)
[Tue Mar 05 22:29:17.600395 2024] [authz_core:debug] [pid 18] mod_authz_core.c(815): [client 192.168.65.1:56603] AH01626: authorization result of Require all granted: granted, referer: https://localhost/
[Tue Mar 05 22:29:17.601042 2024] [authz_core:debug] [pid 18] mod_authz_core.c(815): [client 192.168.65.1:56603] AH01626: authorization result of <RequireAny>: granted, referer: https://localhost/
[Tue Mar 05 22:29:17.601078 2024] [ssl:debug] [pid 20] ssl_engine_kernel.c(2395): [client 192.168.65.1:56606] AH02043: SSL virtual host for servername localhost found
[Tue Mar 05 22:29:17.601254 2024] [ssl:debug] [pid 19] ssl_engine_kernel.c(2395): [client 192.168.65.1:56605] AH02043: SSL virtual host for servername localhost found
[Tue Mar 05 22:29:17.601357 2024] [core:info] [pid 18] [client 192.168.65.1:56603] AH00128: File does not exist: /var/www/html/badi/assets/dist/css/dashboard.css, referer: https://localhost/
[Tue Mar 05 22:29:17.601719 2024] [socache_shmcb:debug] [pid 20] mod_socache_shmcb.c(545): AH00835: socache_shmcb_retrieve (0x10 -> subcache 16)
[Tue Mar 05 22:29:17.604953 2024] [socache_shmcb:debug] [pid 20] mod_socache_shmcb.c(898): AH00849: match at idx=0, data=0
[Tue Mar 05 22:29:17.606093 2024] [socache_shmcb:debug] [pid 20] mod_socache_shmcb.c(556): AH00836: leaving socache_shmcb_retrieve successfully
[Tue Mar 05 22:29:17.605966 2024] [ssl:debug] [pid 18] ssl_engine_kernel.c(415): [client 192.168.65.1:56603] AH02034: Subsequent (No.3) HTTPS request received for child 1 (server localhost:443), referer: https://localhost/
[Tue Mar 05 22:29:17.606737 2024] [socache_shmcb:debug] [pid 19] mod_socache_shmcb.c(545): AH00835: socache_shmcb_retrieve (0xfe -> subcache 30)
[Tue Mar 05 22:29:17.607481 2024] [socache_shmcb:debug] [pid 19] mod_socache_shmcb.c(898): AH00849: match at idx=0, data=0
[Tue Mar 05 22:29:17.607256 2024] [core:debug] [pid 20] protocol.c(2460): [client 192.168.65.1:56606] AH03155: select protocol from , choices=h2,http/1.1 for server localhost
[Tue Mar 05 22:29:17.607691 2024] [socache_shmcb:debug] [pid 19] mod_socache_shmcb.c(556): AH00836: leaving socache_shmcb_retrieve successfully
[Tue Mar 05 22:29:17.607721 2024] [authz_core:debug] [pid 18] mod_authz_core.c(815): [client 192.168.65.1:56603] AH01626: authorization result of Require all granted: granted, referer: https://localhost/
[Tue Mar 05 22:29:17.608430 2024] [authz_core:debug] [pid 18] mod_authz_core.c(815): [client 192.168.65.1:56603] AH01626: authorization result of <RequireAny>: granted, referer: https://localhost/
[Tue Mar 05 22:29:17.608687 2024] [core:debug] [pid 19] protocol.c(2460): [client 192.168.65.1:56605] AH03155: select protocol from , choices=h2,http/1.1 for server localhost
[Tue Mar 05 22:29:17.608871 2024] [core:info] [pid 18] [client 192.168.65.1:56603] AH00128: File does not exist: /var/www/html/badi/assets/dist/js/bootstrap.bundle.min.js, referer: https://localhost/
[Tue Mar 05 22:29:17.609106 2024] [socache_shmcb:debug] [pid 20] mod_socache_shmcb.c(570): AH00837: socache_shmcb_remove (0x10 -> subcache 16)
[Tue Mar 05 22:29:17.610392 2024] [socache_shmcb:debug] [pid 20] mod_socache_shmcb.c(954): AH00852: possible match at idx=0, data=0
[Tue Mar 05 22:29:17.610219 2024] [ssl:info] [pid 21] [client 192.168.65.1:56607] AH01964: Connection to child 4 established (server localhost:443)
[Tue Mar 05 22:29:17.611197 2024] [ssl:debug] [pid 18] ssl_engine_kernel.c(415): [client 192.168.65.1:56603] AH02034: Subsequent (No.4) HTTPS request received for child 1 (server localhost:443), referer: https://localhost/
[Tue Mar 05 22:29:17.610929 2024] [socache_shmcb:debug] [pid 20] mod_socache_shmcb.c(959): AH00853: shmcb_subcache_remove removing matching entry
[Tue Mar 05 22:29:17.611673 2024] [socache_shmcb:debug] [pid 20] mod_socache_shmcb.c(585): AH00839: leaving socache_shmcb_remove successfully
[Tue Mar 05 22:29:17.611020 2024] [ssl:info] [pid 17] [client 192.168.65.1:56608] AH01964: Connection to child 0 established (server localhost:443)
[Tue Mar 05 22:29:17.611466 2024] [ssl:debug] [pid 21] ssl_engine_kernel.c(2395): [client 192.168.65.1:56607] AH02043: SSL virtual host for servername localhost found
[Tue Mar 05 22:29:17.611916 2024] [ssl:info] [pid 20] [client 192.168.65.1:56606] AH02008: SSL library error 1 in handshake (server localhost:443)
[Tue Mar 05 22:29:17.612615 2024] [ssl:info] [pid 20] SSL Library Error: error:0A000416:SSL routines::sslv3 alert certificate unknown (SSL alert number 46)
[Tue Mar 05 22:29:17.612049 2024] [socache_shmcb:debug] [pid 19] mod_socache_shmcb.c(570): AH00837: socache_shmcb_remove (0xfe -> subcache 30)
[Tue Mar 05 22:29:17.613004 2024] [socache_shmcb:debug] [pid 19] mod_socache_shmcb.c(954): AH00852: possible match at idx=0, data=0
[Tue Mar 05 22:29:17.612227 2024] [ssl:debug] [pid 17] ssl_engine_kernel.c(2395): [client 192.168.65.1:56608] AH02043: SSL virtual host for servername localhost found
[Tue Mar 05 22:29:17.612490 2024] [core:debug] [pid 21] protocol.c(2460): [client 192.168.65.1:56607] AH03155: select protocol from , choices=h2,http/1.1 for server localhost
[Tue Mar 05 22:29:17.612527 2024] [authz_core:debug] [pid 18] mod_authz_core.c(815): [client 192.168.65.1:56603] AH01626: authorization result of Require all granted: granted, referer: https://localhost/
[Tue Mar 05 22:29:17.613774 2024] [authz_core:debug] [pid 18] mod_authz_core.c(815): [client 192.168.65.1:56603] AH01626: authorization result of <RequireAny>: granted, referer: https://localhost/
[Tue Mar 05 22:29:17.612719 2024] [ssl:info] [pid 20] [client 192.168.65.1:56606] AH01998: Connection closed to child 3 with abortive shutdown (server localhost:443)
[Tue Mar 05 22:29:17.614513 2024] [deflate:debug] [pid 18] mod_deflate.c(869): [client 192.168.65.1:56603] AH01384: Zlib: Compressed 978 to 461 : URL /assets/dist/js/dashboard.js, referer: https://localhost/
[Tue Mar 05 22:29:17.613233 2024] [socache_shmcb:debug] [pid 19] mod_socache_shmcb.c(959): AH00853: shmcb_subcache_remove removing matching entry
[Tue Mar 05 22:29:17.615132 2024] [socache_shmcb:debug] [pid 19] mod_socache_shmcb.c(585): AH00839: leaving socache_shmcb_remove successfully
[Tue Mar 05 22:29:17.613410 2024] [core:debug] [pid 17] protocol.c(2460): [client 192.168.65.1:56608] AH03155: select protocol from , choices=h2,http/1.1 for server localhost
[Tue Mar 05 22:29:17.615648 2024] [ssl:info] [pid 19] [client 192.168.65.1:56605] AH02008: SSL library error 1 in handshake (server localhost:443)
[Tue Mar 05 22:29:17.616196 2024] [ssl:info] [pid 19] SSL Library Error: error:0A000416:SSL routines::sslv3 alert certificate unknown (SSL alert number 46)
[Tue Mar 05 22:29:17.616386 2024] [ssl:info] [pid 19] [client 192.168.65.1:56605] AH01998: Connection closed to child 2 with abortive shutdown (server localhost:443)
[Tue Mar 05 22:29:17.620197 2024] [ssl:debug] [pid 21] ssl_engine_kernel.c(2254): [client 192.168.65.1:56607] AH02041: Protocol: TLSv1.3, Cipher: TLS_AES_128_GCM_SHA256 (128/128 bits)
[Tue Mar 05 22:29:17.620511 2024] [socache_shmcb:debug] [pid 21] mod_socache_shmcb.c(508): AH00831: socache_shmcb_store (0x43 -> subcache 3)
[Tue Mar 05 22:29:17.620667 2024] [socache_shmcb:debug] [pid 21] mod_socache_shmcb.c(862): AH00847: insert happened at idx=0, data=(0:32)
[Tue Mar 05 22:29:17.620820 2024] [socache_shmcb:debug] [pid 21] mod_socache_shmcb.c(865): AH00848: finished insert, subcache: idx_pos/idx_used=0/1, data_pos/data_used=0/202
[Tue Mar 05 22:29:17.621051 2024] [socache_shmcb:debug] [pid 21] mod_socache_shmcb.c(530): AH00834: leaving socache_shmcb_store successfully
[Tue Mar 05 22:29:17.621466 2024] [socache_shmcb:debug] [pid 21] mod_socache_shmcb.c(508): AH00831: socache_shmcb_store (0x98 -> subcache 24)
[Tue Mar 05 22:29:17.621688 2024] [socache_shmcb:debug] [pid 21] mod_socache_shmcb.c(862): AH00847: insert happened at idx=0, data=(0:32)
[Tue Mar 05 22:29:17.622052 2024] [socache_shmcb:debug] [pid 21] mod_socache_shmcb.c(865): AH00848: finished insert, subcache: idx_pos/idx_used=0/1, data_pos/data_used=0/203
[Tue Mar 05 22:29:17.621949 2024] [ssl:debug] [pid 17] ssl_engine_kernel.c(2254): [client 192.168.65.1:56608] AH02041: Protocol: TLSv1.3, Cipher: TLS_AES_128_GCM_SHA256 (128/128 bits)
[Tue Mar 05 22:29:17.622269 2024] [socache_shmcb:debug] [pid 21] mod_socache_shmcb.c(530): AH00834: leaving socache_shmcb_store successfully
[Tue Mar 05 22:29:17.622715 2024] [socache_shmcb:debug] [pid 17] mod_socache_shmcb.c(508): AH00831: socache_shmcb_store (0x0c -> subcache 12)
[Tue Mar 05 22:29:17.623264 2024] [socache_shmcb:debug] [pid 17] mod_socache_shmcb.c(862): AH00847: insert happened at idx=0, data=(0:32)
[Tue Mar 05 22:29:17.623558 2024] [socache_shmcb:debug] [pid 17] mod_socache_shmcb.c(865): AH00848: finished insert, subcache: idx_pos/idx_used=0/1, data_pos/data_used=0/203
[Tue Mar 05 22:29:17.623740 2024] [socache_shmcb:debug] [pid 17] mod_socache_shmcb.c(530): AH00834: leaving socache_shmcb_store successfully
[Tue Mar 05 22:29:17.623969 2024] [watchdog:debug] [pid 22] mod_watchdog.c(559): AH02980: Watchdog: nothing configured?
[Tue Mar 05 22:29:17.624104 2024] [socache_shmcb:debug] [pid 17] mod_socache_shmcb.c(508): AH00831: socache_shmcb_store (0x80 -> subcache 0)
[Tue Mar 05 22:29:17.624469 2024] [socache_shmcb:debug] [pid 17] mod_socache_shmcb.c(862): AH00847: insert happened at idx=0, data=(0:32)
[Tue Mar 05 22:29:17.624677 2024] [socache_shmcb:debug] [pid 17] mod_socache_shmcb.c(865): AH00848: finished insert, subcache: idx_pos/idx_used=0/1, data_pos/data_used=0/202
[Tue Mar 05 22:29:17.624845 2024] [socache_shmcb:debug] [pid 17] mod_socache_shmcb.c(530): AH00834: leaving socache_shmcb_store successfully
[Tue Mar 05 22:29:18.632063 2024] [watchdog:debug] [pid 23] mod_watchdog.c(559): AH02980: Watchdog: nothing configured?
[Tue Mar 05 22:29:18.633118 2024] [watchdog:debug] [pid 24] mod_watchdog.c(559): AH02980: Watchdog: nothing configured?
[Tue Mar 05 22:29:22.425466 2024] [ssl:debug] [pid 18] ssl_engine_kernel.c(415): [client 192.168.65.1:56603] AH02034: Subsequent (No.5) HTTPS request received for child 1 (server localhost:443), referer: https://localhost/
[Tue Mar 05 22:29:22.425883 2024] [authz_core:debug] [pid 18] mod_authz_core.c(815): [client 192.168.65.1:56603] AH01626: authorization result of Require all granted: granted, referer: https://localhost/
[Tue Mar 05 22:29:22.425996 2024] [authz_core:debug] [pid 18] mod_authz_core.c(815): [client 192.168.65.1:56603] AH01626: authorization result of <RequireAny>: granted, referer: https://localhost/
[Tue Mar 05 22:29:22.434817 2024] [deflate:debug] [pid 18] mod_deflate.c(869): [client 192.168.65.1:56603] AH01384: Zlib: Compressed 6015 to 2037 : URL /index.php, referer: https://localhost/
[Tue Mar 05 22:29:22.441483 2024] [ssl:debug] [pid 18] ssl_engine_kernel.c(415): [client 192.168.65.1:56603] AH02034: Subsequent (No.6) HTTPS request received for child 1 (server localhost:443), referer: https://localhost/index.php?page=login
[Tue Mar 05 22:29:22.441658 2024] [ssl:debug] [pid 21] ssl_engine_kernel.c(415): [client 192.168.65.1:56607] AH02034: Initial (No.1) HTTPS request received for child 4 (server localhost:443), referer: https://localhost/index.php?page=login
[Tue Mar 05 22:29:22.442239 2024] [authz_core:debug] [pid 18] mod_authz_core.c(815): [client 192.168.65.1:56603] AH01626: authorization result of Require all granted: granted, referer: https://localhost/index.php?page=login
[Tue Mar 05 22:29:22.442342 2024] [authz_core:debug] [pid 18] mod_authz_core.c(815): [client 192.168.65.1:56603] AH01626: authorization result of <RequireAny>: granted, referer: https://localhost/index.php?page=login
[Tue Mar 05 22:29:22.442354 2024] [authz_core:debug] [pid 21] mod_authz_core.c(815): [client 192.168.65.1:56607] AH01626: authorization result of Require all granted: granted, referer: https://localhost/index.php?page=login
[Tue Mar 05 22:29:22.442574 2024] [authz_core:debug] [pid 21] mod_authz_core.c(815): [client 192.168.65.1:56607] AH01626: authorization result of <RequireAny>: granted, referer: https://localhost/index.php?page=login
[Tue Mar 05 22:29:22.442497 2024] [core:info] [pid 18] [client 192.168.65.1:56603] AH00128: File does not exist: /var/www/html/badi/assets/dist/css/dashboard.css, referer: https://localhost/index.php?page=login
[Tue Mar 05 22:29:22.442693 2024] [core:info] [pid 21] [client 192.168.65.1:56607] AH00128: File does not exist: /var/www/html/badi/assets/dist/js/bootstrap.bundle.min.js, referer: https://localhost/index.php?page=login
[Tue Mar 05 22:29:27.446446 2024] [ssl:debug] [pid 21] ssl_engine_io.c(1147): [client 192.168.65.1:56607] AH02001: Connection closed to child 4 with standard shutdown (server localhost:443)
[Tue Mar 05 22:29:27.450944 2024] [ssl:debug] [pid 18] ssl_engine_io.c(1147): [client 192.168.65.1:56603] AH02001: Connection closed to child 1 with standard shutdown (server localhost:443)
[Tue Mar 05 22:29:30.981190 2024] [ssl:debug] [pid 17] ssl_engine_kernel.c(415): [client 192.168.65.1:56608] AH02034: Initial (No.1) HTTPS request received for child 0 (server localhost:443), referer: https://localhost/index.php?page=login
[Tue Mar 05 22:29:30.981852 2024] [authz_core:debug] [pid 17] mod_authz_core.c(815): [client 192.168.65.1:56608] AH01626: authorization result of Require all granted: granted, referer: https://localhost/index.php?page=login
[Tue Mar 05 22:29:30.982189 2024] [authz_core:debug] [pid 17] mod_authz_core.c(815): [client 192.168.65.1:56608] AH01626: authorization result of <RequireAny>: granted, referer: https://localhost/index.php?page=login
[Tue Mar 05 22:29:30.982677 2024] [ssl:info] [pid 20] [client 192.168.65.1:56635] AH01964: Connection to child 3 established (server localhost:443)
[Tue Mar 05 22:29:30.983208 2024] [ssl:debug] [pid 20] ssl_engine_kernel.c(2395): [client 192.168.65.1:56635] AH02043: SSL virtual host for servername localhost found
[Tue Mar 05 22:29:30.983424 2024] [socache_shmcb:debug] [pid 20] mod_socache_shmcb.c(545): AH00835: socache_shmcb_retrieve (0x80 -> subcache 0)
[Tue Mar 05 22:29:30.983678 2024] [socache_shmcb:debug] [pid 20] mod_socache_shmcb.c(898): AH00849: match at idx=0, data=0
[Tue Mar 05 22:29:30.983941 2024] [socache_shmcb:debug] [pid 20] mod_socache_shmcb.c(556): AH00836: leaving socache_shmcb_retrieve successfully
[Tue Mar 05 22:29:30.984377 2024] [core:debug] [pid 20] protocol.c(2460): [client 192.168.65.1:56635] AH03155: select protocol from , choices=h2,http/1.1 for server localhost
[Tue Mar 05 22:29:30.985755 2024] [socache_shmcb:debug] [pid 20] mod_socache_shmcb.c(570): AH00837: socache_shmcb_remove (0x80 -> subcache 0)
[Tue Mar 05 22:29:30.985973 2024] [socache_shmcb:debug] [pid 20] mod_socache_shmcb.c(954): AH00852: possible match at idx=0, data=0
[Tue Mar 05 22:29:30.986169 2024] [socache_shmcb:debug] [pid 20] mod_socache_shmcb.c(959): AH00853: shmcb_subcache_remove removing matching entry
[Tue Mar 05 22:29:30.986343 2024] [socache_shmcb:debug] [pid 20] mod_socache_shmcb.c(585): AH00839: leaving socache_shmcb_remove successfully
[Tue Mar 05 22:29:30.986547 2024] [ssl:info] [pid 20] [client 192.168.65.1:56635] AH02008: SSL library error 1 in handshake (server localhost:443)
[Tue Mar 05 22:29:30.986779 2024] [ssl:info] [pid 20] SSL Library Error: error:0A000416:SSL routines::sslv3 alert certificate unknown (SSL alert number 46)
[Tue Mar 05 22:29:30.987016 2024] [ssl:info] [pid 20] [client 192.168.65.1:56635] AH01998: Connection closed to child 3 with abortive shutdown (server localhost:443)
[Tue Mar 05 22:29:31.098323 2024] [ssl:debug] [pid 17] ssl_engine_kernel.c(415): [client 192.168.65.1:56608] AH02034: Subsequent (No.2) HTTPS request received for child 0 (server localhost:443), referer: https://localhost/index.php?page=login
[Tue Mar 05 22:29:31.098627 2024] [authz_core:debug] [pid 17] mod_authz_core.c(815): [client 192.168.65.1:56608] AH01626: authorization result of Require all granted: granted, referer: https://localhost/index.php?page=login
[Tue Mar 05 22:29:31.098729 2024] [authz_core:debug] [pid 17] mod_authz_core.c(815): [client 192.168.65.1:56608] AH01626: authorization result of <RequireAny>: granted, referer: https://localhost/index.php?page=login
[Tue Mar 05 22:29:31.111894 2024] [deflate:debug] [pid 17] mod_deflate.c(869): [client 192.168.65.1:56608] AH01384: Zlib: Compressed 9606 to 3065 : URL /index.php, referer: https://localhost/index.php?page=login
[Tue Mar 05 22:29:31.121478 2024] [ssl:debug] [pid 17] ssl_engine_kernel.c(415): [client 192.168.65.1:56608] AH02034: Subsequent (No.3) HTTPS request received for child 0 (server localhost:443), referer: https://localhost/index.php?page=homepage
[Tue Mar 05 22:29:31.122149 2024] [ssl:info] [pid 19] [client 192.168.65.1:56638] AH01964: Connection to child 2 established (server localhost:443)
[Tue Mar 05 22:29:31.122234 2024] [authz_core:debug] [pid 17] mod_authz_core.c(815): [client 192.168.65.1:56608] AH01626: authorization result of Require all granted: granted, referer: https://localhost/index.php?page=homepage
[Tue Mar 05 22:29:31.122375 2024] [authz_core:debug] [pid 17] mod_authz_core.c(815): [client 192.168.65.1:56608] AH01626: authorization result of <RequireAny>: granted, referer: https://localhost/index.php?page=homepage
[Tue Mar 05 22:29:31.122361 2024] [ssl:debug] [pid 19] ssl_engine_kernel.c(2395): [client 192.168.65.1:56638] AH02043: SSL virtual host for servername localhost found
[Tue Mar 05 22:29:31.122477 2024] [core:info] [pid 17] [client 192.168.65.1:56608] AH00128: File does not exist: /var/www/html/badi/assets/dist/css/dashboard.css, referer: https://localhost/index.php?page=homepage
[Tue Mar 05 22:29:31.122552 2024] [socache_shmcb:debug] [pid 19] mod_socache_shmcb.c(545): AH00835: socache_shmcb_retrieve (0x0c -> subcache 12)
[Tue Mar 05 22:29:31.122779 2024] [socache_shmcb:debug] [pid 19] mod_socache_shmcb.c(898): AH00849: match at idx=0, data=0
[Tue Mar 05 22:29:31.123038 2024] [socache_shmcb:debug] [pid 19] mod_socache_shmcb.c(556): AH00836: leaving socache_shmcb_retrieve successfully
[Tue Mar 05 22:29:31.123220 2024] [ssl:debug] [pid 17] ssl_engine_kernel.c(415): [client 192.168.65.1:56608] AH02034: Subsequent (No.4) HTTPS request received for child 0 (server localhost:443), referer: https://localhost/index.php?page=homepage
[Tue Mar 05 22:29:31.123339 2024] [core:debug] [pid 19] protocol.c(2460): [client 192.168.65.1:56638] AH03155: select protocol from , choices=h2,http/1.1 for server localhost
[Tue Mar 05 22:29:31.123761 2024] [authz_core:debug] [pid 17] mod_authz_core.c(815): [client 192.168.65.1:56608] AH01626: authorization result of Require all granted: granted, referer: https://localhost/index.php?page=homepage
[Tue Mar 05 22:29:31.123943 2024] [authz_core:debug] [pid 17] mod_authz_core.c(815): [client 192.168.65.1:56608] AH01626: authorization result of <RequireAny>: granted, referer: https://localhost/index.php?page=homepage
[Tue Mar 05 22:29:31.124161 2024] [socache_shmcb:debug] [pid 19] mod_socache_shmcb.c(570): AH00837: socache_shmcb_remove (0x0c -> subcache 12)
[Tue Mar 05 22:29:31.124268 2024] [socache_shmcb:debug] [pid 19] mod_socache_shmcb.c(954): AH00852: possible match at idx=0, data=0
[Tue Mar 05 22:29:31.124168 2024] [core:info] [pid 17] [client 192.168.65.1:56608] AH00128: File does not exist: /var/www/html/badi/assets/dist/js/bootstrap.bundle.min.js, referer: https://localhost/index.php?page=homepage
[Tue Mar 05 22:29:31.124354 2024] [socache_shmcb:debug] [pid 19] mod_socache_shmcb.c(959): AH00853: shmcb_subcache_remove removing matching entry
[Tue Mar 05 22:29:31.124737 2024] [socache_shmcb:debug] [pid 19] mod_socache_shmcb.c(585): AH00839: leaving socache_shmcb_remove successfully
[Tue Mar 05 22:29:31.124914 2024] [ssl:info] [pid 19] [client 192.168.65.1:56638] AH02008: SSL library error 1 in handshake (server localhost:443)
[Tue Mar 05 22:29:31.125195 2024] [ssl:info] [pid 19] SSL Library Error: error:0A000416:SSL routines::sslv3 alert certificate unknown (SSL alert number 46)
[Tue Mar 05 22:29:31.125366 2024] [ssl:info] [pid 19] [client 192.168.65.1:56638] AH01998: Connection closed to child 2 with abortive shutdown (server localhost:443)
[Tue Mar 05 22:29:36.131157 2024] [ssl:debug] [pid 17] ssl_engine_io.c(1147): [client 192.168.65.1:56608] AH02001: Connection closed to child 0 with standard shutdown (server localhost:443)
[Tue Mar 05 22:29:37.059974 2024] [ssl:info] [pid 22] [client 192.168.65.1:56664] AH01964: Connection to child 5 established (server localhost:443)
[Tue Mar 05 22:29:37.061271 2024] [ssl:debug] [pid 22] ssl_engine_kernel.c(2395): [client 192.168.65.1:56664] AH02043: SSL virtual host for servername localhost found
[Tue Mar 05 22:29:37.061891 2024] [core:debug] [pid 22] protocol.c(2460): [client 192.168.65.1:56664] AH03155: select protocol from , choices=h2,http/1.1 for server localhost
[Tue Mar 05 22:29:37.082963 2024] [ssl:info] [pid 22] [client 192.168.65.1:56664] AH02008: SSL library error 1 in handshake (server localhost:443)
[Tue Mar 05 22:29:37.083372 2024] [ssl:info] [pid 22] SSL Library Error: error:0A000416:SSL routines::sslv3 alert certificate unknown (SSL alert number 46)
[Tue Mar 05 22:29:37.083693 2024] [ssl:info] [pid 22] [client 192.168.65.1:56664] AH01998: Connection closed to child 5 with abortive shutdown (server localhost:443)
[Tue Mar 05 22:29:37.180494 2024] [ssl:info] [pid 23] [client 192.168.65.1:56665] AH01964: Connection to child 6 established (server localhost:443)
[Tue Mar 05 22:29:37.181374 2024] [ssl:debug] [pid 23] ssl_engine_kernel.c(2395): [client 192.168.65.1:56665] AH02043: SSL virtual host for servername localhost found
[Tue Mar 05 22:29:37.181384 2024] [ssl:info] [pid 24] [client 192.168.65.1:56666] AH01964: Connection to child 7 established (server localhost:443)
[Tue Mar 05 22:29:37.181824 2024] [core:debug] [pid 23] protocol.c(2460): [client 192.168.65.1:56665] AH03155: select protocol from , choices=h2,http/1.1 for server localhost
[Tue Mar 05 22:29:37.182324 2024] [ssl:debug] [pid 24] ssl_engine_kernel.c(2395): [client 192.168.65.1:56666] AH02043: SSL virtual host for servername localhost found
[Tue Mar 05 22:29:37.182683 2024] [core:debug] [pid 24] protocol.c(2460): [client 192.168.65.1:56666] AH03155: select protocol from , choices=h2,http/1.1 for server localhost
[Tue Mar 05 22:29:37.201759 2024] [ssl:info] [pid 23] [client 192.168.65.1:56665] AH02008: SSL library error 1 in handshake (server localhost:443)
[Tue Mar 05 22:29:37.202071 2024] [ssl:info] [pid 24] [client 192.168.65.1:56666] AH02008: SSL library error 1 in handshake (server localhost:443)
[Tue Mar 05 22:29:37.202577 2024] [ssl:info] [pid 24] SSL Library Error: error:0A000416:SSL routines::sslv3 alert certificate unknown (SSL alert number 46)
[Tue Mar 05 22:29:37.202292 2024] [ssl:info] [pid 23] SSL Library Error: error:0A000416:SSL routines::sslv3 alert certificate unknown (SSL alert number 46)
[Tue Mar 05 22:29:37.203881 2024] [ssl:info] [pid 23] [client 192.168.65.1:56665] AH01998: Connection closed to child 6 with abortive shutdown (server localhost:443)
[Tue Mar 05 22:29:37.203380 2024] [ssl:info] [pid 24] [client 192.168.65.1:56666] AH01998: Connection closed to child 7 with abortive shutdown (server localhost:443)
[Tue Mar 05 22:29:37.203386 2024] [ssl:info] [pid 21] [client 192.168.65.1:56667] AH01964: Connection to child 4 established (server localhost:443)
[Tue Mar 05 22:29:37.205135 2024] [ssl:debug] [pid 21] ssl_engine_kernel.c(2395): [client 192.168.65.1:56667] AH02043: SSL virtual host for servername localhost found
[Tue Mar 05 22:29:37.205512 2024] [core:debug] [pid 21] protocol.c(2460): [client 192.168.65.1:56667] AH03155: select protocol from , choices=h2,http/1.1 for server localhost
[Tue Mar 05 22:29:37.218583 2024] [ssl:debug] [pid 21] ssl_engine_kernel.c(2254): [client 192.168.65.1:56667] AH02041: Protocol: TLSv1.3, Cipher: TLS_AES_128_GCM_SHA256 (128/128 bits)
[Tue Mar 05 22:29:37.219259 2024] [socache_shmcb:debug] [pid 21] mod_socache_shmcb.c(508): AH00831: socache_shmcb_store (0x5f -> subcache 31)
[Tue Mar 05 22:29:37.219588 2024] [socache_shmcb:debug] [pid 21] mod_socache_shmcb.c(862): AH00847: insert happened at idx=0, data=(0:32)
[Tue Mar 05 22:29:37.219881 2024] [socache_shmcb:debug] [pid 21] mod_socache_shmcb.c(865): AH00848: finished insert, subcache: idx_pos/idx_used=0/1, data_pos/data_used=0/202
[Tue Mar 05 22:29:37.220165 2024] [socache_shmcb:debug] [pid 21] mod_socache_shmcb.c(530): AH00834: leaving socache_shmcb_store successfully
[Tue Mar 05 22:29:37.220589 2024] [socache_shmcb:debug] [pid 21] mod_socache_shmcb.c(508): AH00831: socache_shmcb_store (0xa6 -> subcache 6)
[Tue Mar 05 22:29:37.220977 2024] [socache_shmcb:debug] [pid 21] mod_socache_shmcb.c(862): AH00847: insert happened at idx=0, data=(0:32)
[Tue Mar 05 22:29:37.221291 2024] [socache_shmcb:debug] [pid 21] mod_socache_shmcb.c(865): AH00848: finished insert, subcache: idx_pos/idx_used=0/1, data_pos/data_used=0/203
[Tue Mar 05 22:29:37.221581 2024] [socache_shmcb:debug] [pid 21] mod_socache_shmcb.c(530): AH00834: leaving socache_shmcb_store successfully
[Tue Mar 05 22:29:37.222058 2024] [ssl:debug] [pid 21] ssl_engine_kernel.c(415): [client 192.168.65.1:56667] AH02034: Initial (No.1) HTTPS request received for child 4 (server localhost:443), referer: https://localhost/index.php?page=homepage
[Tue Mar 05 22:29:37.222819 2024] [authz_core:debug] [pid 21] mod_authz_core.c(815): [client 192.168.65.1:56667] AH01626: authorization result of Require all granted: granted, referer: https://localhost/index.php?page=homepage
[Tue Mar 05 22:29:37.223116 2024] [authz_core:debug] [pid 21] mod_authz_core.c(815): [client 192.168.65.1:56667] AH01626: authorization result of <RequireAny>: granted, referer: https://localhost/index.php?page=homepage
[Tue Mar 05 22:29:37.250940 2024] [deflate:debug] [pid 21] mod_deflate.c(869): [client 192.168.65.1:56667] AH01384: Zlib: Compressed 113891 to 7074 : URL /index.php, referer: https://localhost/index.php?page=homepage
[Tue Mar 05 22:29:37.265903 2024] [ssl:debug] [pid 21] ssl_engine_kernel.c(415): [client 192.168.65.1:56667] AH02034: Subsequent (No.2) HTTPS request received for child 4 (server localhost:443), referer: https://localhost/index.php?page=aspects
[Tue Mar 05 22:29:37.266121 2024] [ssl:info] [pid 18] [client 192.168.65.1:56669] AH01964: Connection to child 1 established (server localhost:443)
[Tue Mar 05 22:29:37.266615 2024] [authz_core:debug] [pid 21] mod_authz_core.c(815): [client 192.168.65.1:56667] AH01626: authorization result of Require all granted: granted, referer: https://localhost/index.php?page=aspects
[Tue Mar 05 22:29:37.266811 2024] [authz_core:debug] [pid 21] mod_authz_core.c(815): [client 192.168.65.1:56667] AH01626: authorization result of <RequireAny>: granted, referer: https://localhost/index.php?page=aspects
[Tue Mar 05 22:29:37.266626 2024] [ssl:debug] [pid 18] ssl_engine_kernel.c(2395): [client 192.168.65.1:56669] AH02043: SSL virtual host for servername localhost found
[Tue Mar 05 22:29:37.267014 2024] [core:info] [pid 21] [client 192.168.65.1:56667] AH00128: File does not exist: /var/www/html/badi/assets/dist/css/dashboard.css, referer: https://localhost/index.php?page=aspects
[Tue Mar 05 22:29:37.267237 2024] [socache_shmcb:debug] [pid 18] mod_socache_shmcb.c(545): AH00835: socache_shmcb_retrieve (0xa6 -> subcache 6)
[Tue Mar 05 22:29:37.267970 2024] [socache_shmcb:debug] [pid 18] mod_socache_shmcb.c(898): AH00849: match at idx=0, data=0
[Tue Mar 05 22:29:37.268283 2024] [socache_shmcb:debug] [pid 18] mod_socache_shmcb.c(556): AH00836: leaving socache_shmcb_retrieve successfully
[Tue Mar 05 22:29:37.268317 2024] [ssl:debug] [pid 21] ssl_engine_kernel.c(415): [client 192.168.65.1:56667] AH02034: Subsequent (No.3) HTTPS request received for child 4 (server localhost:443), referer: https://localhost/index.php?page=aspects
[Tue Mar 05 22:29:37.268588 2024] [core:debug] [pid 18] protocol.c(2460): [client 192.168.65.1:56669] AH03155: select protocol from , choices=h2,http/1.1 for server localhost
[Tue Mar 05 22:29:37.268933 2024] [authz_core:debug] [pid 21] mod_authz_core.c(815): [client 192.168.65.1:56667] AH01626: authorization result of Require all granted: granted, referer: https://localhost/index.php?page=aspects
[Tue Mar 05 22:29:37.269116 2024] [authz_core:debug] [pid 21] mod_authz_core.c(815): [client 192.168.65.1:56667] AH01626: authorization result of <RequireAny>: granted, referer: https://localhost/index.php?page=aspects
[Tue Mar 05 22:29:37.269563 2024] [core:info] [pid 21] [client 192.168.65.1:56667] AH00128: File does not exist: /var/www/html/badi/assets/dist/js/bootstrap.bundle.min.js, referer: https://localhost/index.php?page=aspects
[Tue Mar 05 22:29:37.269811 2024] [socache_shmcb:debug] [pid 18] mod_socache_shmcb.c(570): AH00837: socache_shmcb_remove (0xa6 -> subcache 6)
[Tue Mar 05 22:29:37.270264 2024] [socache_shmcb:debug] [pid 18] mod_socache_shmcb.c(954): AH00852: possible match at idx=0, data=0
[Tue Mar 05 22:29:37.270588 2024] [socache_shmcb:debug] [pid 18] mod_socache_shmcb.c(959): AH00853: shmcb_subcache_remove removing matching entry
[Tue Mar 05 22:29:37.270727 2024] [socache_shmcb:debug] [pid 18] mod_socache_shmcb.c(585): AH00839: leaving socache_shmcb_remove successfully
[Tue Mar 05 22:29:37.270856 2024] [ssl:info] [pid 18] [client 192.168.65.1:56669] AH02008: SSL library error 1 in handshake (server localhost:443)
[Tue Mar 05 22:29:37.270989 2024] [ssl:info] [pid 18] SSL Library Error: error:0A000416:SSL routines::sslv3 alert certificate unknown (SSL alert number 46)
[Tue Mar 05 22:29:37.271109 2024] [ssl:info] [pid 18] [client 192.168.65.1:56669] AH01998: Connection closed to child 1 with abortive shutdown (server localhost:443)
[Tue Mar 05 22:29:38.930894 2024] [ssl:debug] [pid 21] ssl_engine_kernel.c(415): [client 192.168.65.1:56667] AH02034: Subsequent (No.4) HTTPS request received for child 4 (server localhost:443), referer: https://localhost/index.php?page=aspects
[Tue Mar 05 22:29:38.931880 2024] [authz_core:debug] [pid 21] mod_authz_core.c(815): [client 192.168.65.1:56667] AH01626: authorization result of Require all granted: granted, referer: https://localhost/index.php?page=aspects
[Tue Mar 05 22:29:38.932355 2024] [authz_core:debug] [pid 21] mod_authz_core.c(815): [client 192.168.65.1:56667] AH01626: authorization result of <RequireAny>: granted, referer: https://localhost/index.php?page=aspects
[Tue Mar 05 22:29:38.932580 2024] [ssl:info] [pid 20] [client 192.168.65.1:56670] AH01964: Connection to child 3 established (server localhost:443)
[Tue Mar 05 22:29:38.933097 2024] [ssl:debug] [pid 20] ssl_engine_kernel.c(2395): [client 192.168.65.1:56670] AH02043: SSL virtual host for servername localhost found
[Tue Mar 05 22:29:38.933365 2024] [socache_shmcb:debug] [pid 20] mod_socache_shmcb.c(545): AH00835: socache_shmcb_retrieve (0x5f -> subcache 31)
[Tue Mar 05 22:29:38.933575 2024] [socache_shmcb:debug] [pid 20] mod_socache_shmcb.c(898): AH00849: match at idx=0, data=0
[Tue Mar 05 22:29:38.933801 2024] [socache_shmcb:debug] [pid 20] mod_socache_shmcb.c(556): AH00836: leaving socache_shmcb_retrieve successfully
[Tue Mar 05 22:29:38.934229 2024] [core:debug] [pid 20] protocol.c(2460): [client 192.168.65.1:56670] AH03155: select protocol from , choices=h2,http/1.1 for server localhost
[Tue Mar 05 22:29:38.935506 2024] [socache_shmcb:debug] [pid 20] mod_socache_shmcb.c(570): AH00837: socache_shmcb_remove (0x5f -> subcache 31)
[Tue Mar 05 22:29:38.935827 2024] [socache_shmcb:debug] [pid 20] mod_socache_shmcb.c(954): AH00852: possible match at idx=0, data=0
[Tue Mar 05 22:29:38.936075 2024] [socache_shmcb:debug] [pid 20] mod_socache_shmcb.c(959): AH00853: shmcb_subcache_remove removing matching entry
[Tue Mar 05 22:29:38.936267 2024] [socache_shmcb:debug] [pid 20] mod_socache_shmcb.c(585): AH00839: leaving socache_shmcb_remove successfully
[Tue Mar 05 22:29:38.936489 2024] [ssl:info] [pid 20] [client 192.168.65.1:56670] AH02008: SSL library error 1 in handshake (server localhost:443)
[Tue Mar 05 22:29:38.936831 2024] [ssl:info] [pid 20] SSL Library Error: error:0A000416:SSL routines::sslv3 alert certificate unknown (SSL alert number 46)
[Tue Mar 05 22:29:38.937065 2024] [ssl:info] [pid 20] [client 192.168.65.1:56670] AH01998: Connection closed to child 3 with abortive shutdown (server localhost:443)
[Tue Mar 05 22:29:38.957721 2024] [deflate:debug] [pid 21] mod_deflate.c(869): [client 192.168.65.1:56667] AH01384: Zlib: Compressed 82057 to 5773 : URL /index.php, referer: https://localhost/index.php?page=aspects
[Tue Mar 05 22:29:38.971686 2024] [ssl:debug] [pid 21] ssl_engine_kernel.c(415): [client 192.168.65.1:56667] AH02034: Subsequent (No.5) HTTPS request received for child 4 (server localhost:443), referer: https://localhost/index.php?page=threats
[Tue Mar 05 22:29:38.973165 2024] [ssl:info] [pid 19] [client 192.168.65.1:56672] AH01964: Connection to child 2 established (server localhost:443)
[Tue Mar 05 22:29:38.973776 2024] [ssl:debug] [pid 19] ssl_engine_kernel.c(2395): [client 192.168.65.1:56672] AH02043: SSL virtual host for servername localhost found
[Tue Mar 05 22:29:38.973808 2024] [authz_core:debug] [pid 21] mod_authz_core.c(815): [client 192.168.65.1:56667] AH01626: authorization result of Require all granted: granted, referer: https://localhost/index.php?page=threats
[Tue Mar 05 22:29:38.974483 2024] [authz_core:debug] [pid 21] mod_authz_core.c(815): [client 192.168.65.1:56667] AH01626: authorization result of <RequireAny>: granted, referer: https://localhost/index.php?page=threats
[Tue Mar 05 22:29:38.974167 2024] [core:debug] [pid 19] protocol.c(2460): [client 192.168.65.1:56672] AH03155: select protocol from , choices=h2,http/1.1 for server localhost
[Tue Mar 05 22:29:38.974773 2024] [core:info] [pid 21] [client 192.168.65.1:56667] AH00128: File does not exist: /var/www/html/badi/assets/dist/css/dashboard.css, referer: https://localhost/index.php?page=threats
[Tue Mar 05 22:29:38.976510 2024] [ssl:debug] [pid 21] ssl_engine_kernel.c(415): [client 192.168.65.1:56667] AH02034: Subsequent (No.6) HTTPS request received for child 4 (server localhost:443), referer: https://localhost/index.php?page=threats
[Tue Mar 05 22:29:38.977609 2024] [authz_core:debug] [pid 21] mod_authz_core.c(815): [client 192.168.65.1:56667] AH01626: authorization result of Require all granted: granted, referer: https://localhost/index.php?page=threats
[Tue Mar 05 22:29:38.978053 2024] [authz_core:debug] [pid 21] mod_authz_core.c(815): [client 192.168.65.1:56667] AH01626: authorization result of <RequireAny>: granted, referer: https://localhost/index.php?page=threats
[Tue Mar 05 22:29:38.978427 2024] [core:info] [pid 21] [client 192.168.65.1:56667] AH00128: File does not exist: /var/www/html/badi/assets/dist/js/bootstrap.bundle.min.js, referer: https://localhost/index.php?page=threats
[Tue Mar 05 22:29:38.987997 2024] [ssl:info] [pid 19] [client 192.168.65.1:56672] AH02008: SSL library error 1 in handshake (server localhost:443)
[Tue Mar 05 22:29:38.988247 2024] [ssl:info] [pid 19] SSL Library Error: error:0A000416:SSL routines::sslv3 alert certificate unknown (SSL alert number 46)
[Tue Mar 05 22:29:38.988417 2024] [ssl:info] [pid 19] [client 192.168.65.1:56672] AH01998: Connection closed to child 2 with abortive shutdown (server localhost:443)
[Tue Mar 05 22:29:43.985084 2024] [ssl:debug] [pid 21] ssl_engine_io.c(1147): [client 192.168.65.1:56667] AH02001: Connection closed to child 4 with standard shutdown (server localhost:443)
[Tue Mar 05 22:29:44.078369 2024] [ssl:info] [pid 17] [client 192.168.65.1:56698] AH01964: Connection to child 0 established (server localhost:443)
[Tue Mar 05 22:29:44.078969 2024] [ssl:debug] [pid 17] ssl_engine_kernel.c(2395): [client 192.168.65.1:56698] AH02043: SSL virtual host for servername localhost found
[Tue Mar 05 22:29:44.079300 2024] [core:debug] [pid 17] protocol.c(2460): [client 192.168.65.1:56698] AH03155: select protocol from , choices=h2,http/1.1 for server localhost
[Tue Mar 05 22:29:44.095658 2024] [ssl:info] [pid 17] [client 192.168.65.1:56698] AH02008: SSL library error 1 in handshake (server localhost:443)
[Tue Mar 05 22:29:44.096191 2024] [ssl:info] [pid 17] SSL Library Error: error:0A000416:SSL routines::sslv3 alert certificate unknown (SSL alert number 46)
[Tue Mar 05 22:29:44.096448 2024] [ssl:info] [pid 17] [client 192.168.65.1:56698] AH01998: Connection closed to child 0 with abortive shutdown (server localhost:443)
[Tue Mar 05 22:29:44.215342 2024] [ssl:info] [pid 22] [client 192.168.65.1:56699] AH01964: Connection to child 5 established (server localhost:443)
[Tue Mar 05 22:29:44.216228 2024] [ssl:info] [pid 23] [client 192.168.65.1:56700] AH01964: Connection to child 6 established (server localhost:443)
