[Tue Mar 05 21:48:17.570261 2024] [authz_core:debug] [pid 24] mod_authz_core.c(815): [client 192.168.65.1:50085] AH01626: authorization result of <RequireAny>: granted, referer: https://localhost/index.php?page=threats
[Tue Mar 05 21:48:17.570881 2024] [ssl:info] [pid 19] [client 192.168.65.1:50113] AH01964: Connection to child 2 established (server localhost:443)
[Tue Mar 05 21:48:17.571392 2024] [ssl:debug] [pid 19] ssl_engine_kernel.c(2395): [client 192.168.65.1:50113] AH02043: SSL virtual host for servername localhost found
[Tue Mar 05 21:48:17.571619 2024] [socache_shmcb:debug] [pid 19] mod_socache_shmcb.c(545): AH00835: socache_shmcb_retrieve (0x14 -> subcache 20)
[Tue Mar 05 21:48:17.571829 2024] [socache_shmcb:debug] [pid 19] mod_socache_shmcb.c(898): AH00849: match at idx=0, data=0
[Tue Mar 05 21:48:17.572045 2024] [socache_shmcb:debug] [pid 19] mod_socache_shmcb.c(556): AH00836: leaving socache_shmcb_retrieve successfully
[Tue Mar 05 21:48:17.572646 2024] [core:debug] [pid 19] protocol.c(2460): [client 192.168.65.1:50113] AH03155: select protocol from , choices=h2,http/1.1 for server localhost
[Tue Mar 05 21:48:17.574193 2024] [socache_shmcb:debug] [pid 19] mod_socache_shmcb.c(570): AH00837: socache_shmcb_remove (0x14 -> subcache 20)
[Tue Mar 05 21:48:17.574447 2024] [socache_shmcb:debug] [pid 19] mod_socache_shmcb.c(954): AH00852: possible match at idx=0, data=0
[Tue Mar 05 21:48:17.574647 2024] [socache_shmcb:debug] [pid 19] mod_socache_shmcb.c(959): AH00853: shmcb_subcache_remove removing matching entry
[Tue Mar 05 21:48:17.574928 2024] [socache_shmcb:debug] [pid 19] mod_socache_shmcb.c(585): AH00839: leaving socache_shmcb_remove successfully
[Tue Mar 05 21:48:17.575156 2024] [ssl:info] [pid 19] [client 192.168.65.1:50113] AH02008: SSL library error 1 in handshake (server localhost:443)
[Tue Mar 05 21:48:17.575379 2024] [ssl:info] [pid 19] SSL Library Error: error:0A000416:SSL routines::sslv3 alert certificate unknown (SSL alert number 46)
[Tue Mar 05 21:48:17.575625 2024] [ssl:info] [pid 19] [client 192.168.65.1:50113] AH01998: Connection closed to child 2 with abortive shutdown (server localhost:443)
[Tue Mar 05 21:48:17.593602 2024] [deflate:debug] [pid 24] mod_deflate.c(869): [client 192.168.65.1:50085] AH01384: Zlib: Compressed 11528 to 2753 : URL /index.php, referer: https://localhost/index.php?page=threats
[Tue Mar 05 21:48:17.608471 2024] [ssl:debug] [pid 24] ssl_engine_kernel.c(415): [client 192.168.65.1:50085] AH02034: Subsequent (No.5) HTTPS request received for child 7 (server localhost:443), referer: https://localhost/index.php?page=models
[Tue Mar 05 21:48:17.609919 2024] [authz_core:debug] [pid 24] mod_authz_core.c(815): [client 192.168.65.1:50085] AH01626: authorization result of Require all granted: granted, referer: https://localhost/index.php?page=models
[Tue Mar 05 21:48:17.610404 2024] [authz_core:debug] [pid 24] mod_authz_core.c(815): [client 192.168.65.1:50085] AH01626: authorization result of <RequireAny>: granted, referer: https://localhost/index.php?page=models
[Tue Mar 05 21:48:17.610165 2024] [ssl:info] [pid 17] [client 192.168.65.1:50115] AH01964: Connection to child 0 established (server localhost:443)
[Tue Mar 05 21:48:17.610891 2024] [core:info] [pid 24] [client 192.168.65.1:50085] AH00128: File does not exist: /var/www/html/badi/assets/dist/css/dashboard.css, referer: https://localhost/index.php?page=models
[Tue Mar 05 21:48:17.611285 2024] [ssl:debug] [pid 17] ssl_engine_kernel.c(2395): [client 192.168.65.1:50115] AH02043: SSL virtual host for servername localhost found
[Tue Mar 05 21:48:17.611799 2024] [core:debug] [pid 17] protocol.c(2460): [client 192.168.65.1:50115] AH03155: select protocol from , choices=h2,http/1.1 for server localhost
[Tue Mar 05 21:48:17.612538 2024] [ssl:debug] [pid 24] ssl_engine_kernel.c(415): [client 192.168.65.1:50085] AH02034: Subsequent (No.6) HTTPS request received for child 7 (server localhost:443), referer: https://localhost/index.php?page=models
[Tue Mar 05 21:48:17.613289 2024] [authz_core:debug] [pid 24] mod_authz_core.c(815): [client 192.168.65.1:50085] AH01626: authorization result of Require all granted: granted, referer: https://localhost/index.php?page=models
[Tue Mar 05 21:48:17.613545 2024] [authz_core:debug] [pid 24] mod_authz_core.c(815): [client 192.168.65.1:50085] AH01626: authorization result of <RequireAny>: granted, referer: https://localhost/index.php?page=models
[Tue Mar 05 21:48:17.613773 2024] [core:info] [pid 24] [client 192.168.65.1:50085] AH00128: File does not exist: /var/www/html/badi/assets/dist/js/bootstrap.bundle.min.js, referer: https://localhost/index.php?page=models
[Tue Mar 05 21:48:17.622787 2024] [ssl:info] [pid 17] [client 192.168.65.1:50115] AH02008: SSL library error 1 in handshake (server localhost:443)
[Tue Mar 05 21:48:17.623333 2024] [ssl:info] [pid 17] SSL Library Error: error:0A000416:SSL routines::sslv3 alert certificate unknown (SSL alert number 46)
[Tue Mar 05 21:48:17.623872 2024] [ssl:info] [pid 17] [client 192.168.65.1:50115] AH01998: Connection closed to child 0 with abortive shutdown (server localhost:443)
[Tue Mar 05 21:48:20.338185 2024] [ssl:debug] [pid 24] ssl_engine_kernel.c(415): [client 192.168.65.1:50085] AH02034: Subsequent (No.7) HTTPS request received for child 7 (server localhost:443), referer: https://localhost/index.php?page=models
[Tue Mar 05 21:48:20.338883 2024] [authz_core:debug] [pid 24] mod_authz_core.c(815): [client 192.168.65.1:50085] AH01626: authorization result of Require all granted: granted, referer: https://localhost/index.php?page=models
[Tue Mar 05 21:48:20.339213 2024] [authz_core:debug] [pid 24] mod_authz_core.c(815): [client 192.168.65.1:50085] AH01626: authorization result of <RequireAny>: granted, referer: https://localhost/index.php?page=models
[Tue Mar 05 21:48:20.339849 2024] [ssl:info] [pid 20] [client 192.168.65.1:50116] AH01964: Connection to child 3 established (server localhost:443)
[Tue Mar 05 21:48:20.340340 2024] [ssl:debug] [pid 20] ssl_engine_kernel.c(2395): [client 192.168.65.1:50116] AH02043: SSL virtual host for servername localhost found
[Tue Mar 05 21:48:20.340661 2024] [core:debug] [pid 20] protocol.c(2460): [client 192.168.65.1:50116] AH03155: select protocol from , choices=h2,http/1.1 for server localhost
[Tue Mar 05 21:48:20.356518 2024] [ssl:info] [pid 20] [client 192.168.65.1:50116] AH02008: SSL library error 1 in handshake (server localhost:443)
[Tue Mar 05 21:48:20.356972 2024] [ssl:info] [pid 20] SSL Library Error: error:0A000416:SSL routines::sslv3 alert certificate unknown (SSL alert number 46)
[Tue Mar 05 21:48:20.357268 2024] [ssl:info] [pid 20] [client 192.168.65.1:50116] AH01998: Connection closed to child 3 with abortive shutdown (server localhost:443)
[Tue Mar 05 21:48:20.364863 2024] [deflate:debug] [pid 24] mod_deflate.c(869): [client 192.168.65.1:50085] AH01384: Zlib: Compressed 12983 to 2687 : URL /index.php, referer: https://localhost/index.php?page=models
[Tue Mar 05 21:48:20.378937 2024] [ssl:debug] [pid 24] ssl_engine_kernel.c(415): [client 192.168.65.1:50085] AH02034: Subsequent (No.8) HTTPS request received for child 7 (server localhost:443), referer: https://localhost/index.php?page=users
[Tue Mar 05 21:48:20.380237 2024] [ssl:info] [pid 21] [client 192.168.65.1:50118] AH01964: Connection to child 4 established (server localhost:443)
[Tue Mar 05 21:48:20.380644 2024] [authz_core:debug] [pid 24] mod_authz_core.c(815): [client 192.168.65.1:50085] AH01626: authorization result of Require all granted: granted, referer: https://localhost/index.php?page=users
[Tue Mar 05 21:48:20.380876 2024] [authz_core:debug] [pid 24] mod_authz_core.c(815): [client 192.168.65.1:50085] AH01626: authorization result of <RequireAny>: granted, referer: https://localhost/index.php?page=users
[Tue Mar 05 21:48:20.380664 2024] [ssl:debug] [pid 21] ssl_engine_kernel.c(2395): [client 192.168.65.1:50118] AH02043: SSL virtual host for servername localhost found
[Tue Mar 05 21:48:20.381099 2024] [core:info] [pid 24] [client 192.168.65.1:50085] AH00128: File does not exist: /var/www/html/badi/assets/dist/css/dashboard.css, referer: https://localhost/index.php?page=users
[Tue Mar 05 21:48:20.381336 2024] [core:debug] [pid 21] protocol.c(2460): [client 192.168.65.1:50118] AH03155: select protocol from , choices=h2,http/1.1 for server localhost
[Tue Mar 05 21:48:20.382505 2024] [ssl:debug] [pid 24] ssl_engine_kernel.c(415): [client 192.168.65.1:50085] AH02034: Subsequent (No.9) HTTPS request received for child 7 (server localhost:443), referer: https://localhost/index.php?page=users
[Tue Mar 05 21:48:20.383622 2024] [authz_core:debug] [pid 24] mod_authz_core.c(815): [client 192.168.65.1:50085] AH01626: authorization result of Require all granted: granted, referer: https://localhost/index.php?page=users
[Tue Mar 05 21:48:20.383945 2024] [authz_core:debug] [pid 24] mod_authz_core.c(815): [client 192.168.65.1:50085] AH01626: authorization result of <RequireAny>: granted, referer: https://localhost/index.php?page=users
[Tue Mar 05 21:48:20.384373 2024] [core:info] [pid 24] [client 192.168.65.1:50085] AH00128: File does not exist: /var/www/html/badi/assets/dist/js/bootstrap.bundle.min.js, referer: https://localhost/index.php?page=users
[Tue Mar 05 21:48:20.393394 2024] [ssl:info] [pid 21] [client 192.168.65.1:50118] AH02008: SSL library error 1 in handshake (server localhost:443)
[Tue Mar 05 21:48:20.393776 2024] [ssl:info] [pid 21] SSL Library Error: error:0A000416:SSL routines::sslv3 alert certificate unknown (SSL alert number 46)
[Tue Mar 05 21:48:20.394109 2024] [ssl:info] [pid 21] [client 192.168.65.1:50118] AH01998: Connection closed to child 4 with abortive shutdown (server localhost:443)
[Tue Mar 05 21:48:25.388630 2024] [ssl:debug] [pid 24] ssl_engine_io.c(1147): [client 192.168.65.1:50085] AH02001: Connection closed to child 7 with standard shutdown (server localhost:443)
[Tue Mar 05 21:48:27.948187 2024] [ssl:info] [pid 22] [client 192.168.65.1:50144] AH01964: Connection to child 5 established (server localhost:443)
[Tue Mar 05 21:48:27.949082 2024] [ssl:debug] [pid 22] ssl_engine_kernel.c(2395): [client 192.168.65.1:50144] AH02043: SSL virtual host for servername localhost found
[Tue Mar 05 21:48:27.949459 2024] [core:debug] [pid 22] protocol.c(2460): [client 192.168.65.1:50144] AH03155: select protocol from , choices=h2,http/1.1 for server localhost
[Tue Mar 05 21:48:27.967805 2024] [ssl:info] [pid 22] [client 192.168.65.1:50144] AH02008: SSL library error 1 in handshake (server localhost:443)
[Tue Mar 05 21:48:27.968206 2024] [ssl:info] [pid 22] SSL Library Error: error:0A000416:SSL routines::sslv3 alert certificate unknown (SSL alert number 46)
[Tue Mar 05 21:48:27.968463 2024] [ssl:info] [pid 22] [client 192.168.65.1:50144] AH01998: Connection closed to child 5 with abortive shutdown (server localhost:443)
[Tue Mar 05 21:48:28.052319 2024] [ssl:info] [pid 23] [client 192.168.65.1:50145] AH01964: Connection to child 6 established (server localhost:443)
[Tue Mar 05 21:48:28.052848 2024] [ssl:info] [pid 18] [client 192.168.65.1:50146] AH01964: Connection to child 1 established (server localhost:443)
[Tue Mar 05 21:48:28.053138 2024] [ssl:debug] [pid 23] ssl_engine_kernel.c(2395): [client 192.168.65.1:50145] AH02043: SSL virtual host for servername localhost found
[Tue Mar 05 21:48:28.053188 2024] [ssl:debug] [pid 18] ssl_engine_kernel.c(2395): [client 192.168.65.1:50146] AH02043: SSL virtual host for servername localhost found
[Tue Mar 05 21:48:28.053464 2024] [core:debug] [pid 23] protocol.c(2460): [client 192.168.65.1:50145] AH03155: select protocol from , choices=h2,http/1.1 for server localhost
[Tue Mar 05 21:48:28.053649 2024] [core:debug] [pid 18] protocol.c(2460): [client 192.168.65.1:50146] AH03155: select protocol from , choices=h2,http/1.1 for server localhost
[Tue Mar 05 21:48:28.071042 2024] [ssl:info] [pid 18] [client 192.168.65.1:50146] AH02008: SSL library error 1 in handshake (server localhost:443)
[Tue Mar 05 21:48:28.071535 2024] [ssl:info] [pid 23] [client 192.168.65.1:50145] AH02008: SSL library error 1 in handshake (server localhost:443)
[Tue Mar 05 21:48:28.072317 2024] [ssl:info] [pid 23] SSL Library Error: error:0A000416:SSL routines::sslv3 alert certificate unknown (SSL alert number 46)
[Tue Mar 05 21:48:28.071808 2024] [ssl:info] [pid 18] SSL Library Error: error:0A000416:SSL routines::sslv3 alert certificate unknown (SSL alert number 46)
[Tue Mar 05 21:48:28.073110 2024] [ssl:info] [pid 18] [client 192.168.65.1:50146] AH01998: Connection closed to child 1 with abortive shutdown (server localhost:443)
[Tue Mar 05 21:48:28.072674 2024] [ssl:info] [pid 19] [client 192.168.65.1:50147] AH01964: Connection to child 2 established (server localhost:443)
[Tue Mar 05 21:48:28.072810 2024] [ssl:info] [pid 23] [client 192.168.65.1:50145] AH01998: Connection closed to child 6 with abortive shutdown (server localhost:443)
[Tue Mar 05 21:48:28.074135 2024] [ssl:debug] [pid 19] ssl_engine_kernel.c(2395): [client 192.168.65.1:50147] AH02043: SSL virtual host for servername localhost found
[Tue Mar 05 21:48:28.074633 2024] [core:debug] [pid 19] protocol.c(2460): [client 192.168.65.1:50147] AH03155: select protocol from , choices=h2,http/1.1 for server localhost
[Tue Mar 05 21:48:28.088750 2024] [ssl:debug] [pid 19] ssl_engine_kernel.c(2254): [client 192.168.65.1:50147] AH02041: Protocol: TLSv1.3, Cipher: TLS_AES_128_GCM_SHA256 (128/128 bits)
[Tue Mar 05 21:48:28.089257 2024] [socache_shmcb:debug] [pid 19] mod_socache_shmcb.c(508): AH00831: socache_shmcb_store (0xb8 -> subcache 24)
[Tue Mar 05 21:48:28.089630 2024] [socache_shmcb:debug] [pid 19] mod_socache_shmcb.c(862): AH00847: insert happened at idx=0, data=(0:32)
[Tue Mar 05 21:48:28.089916 2024] [socache_shmcb:debug] [pid 19] mod_socache_shmcb.c(865): AH00848: finished insert, subcache: idx_pos/idx_used=0/1, data_pos/data_used=0/203
[Tue Mar 05 21:48:28.090200 2024] [socache_shmcb:debug] [pid 19] mod_socache_shmcb.c(530): AH00834: leaving socache_shmcb_store successfully
[Tue Mar 05 21:48:28.090589 2024] [socache_shmcb:debug] [pid 19] mod_socache_shmcb.c(508): AH00831: socache_shmcb_store (0xac -> subcache 12)
[Tue Mar 05 21:48:28.091057 2024] [socache_shmcb:debug] [pid 19] mod_socache_shmcb.c(862): AH00847: insert happened at idx=0, data=(0:32)
[Tue Mar 05 21:48:28.091322 2024] [socache_shmcb:debug] [pid 19] mod_socache_shmcb.c(865): AH00848: finished insert, subcache: idx_pos/idx_used=0/1, data_pos/data_used=0/203
[Tue Mar 05 21:48:28.091570 2024] [socache_shmcb:debug] [pid 19] mod_socache_shmcb.c(530): AH00834: leaving socache_shmcb_store successfully
[Tue Mar 05 21:48:28.091954 2024] [ssl:debug] [pid 19] ssl_engine_kernel.c(415): [client 192.168.65.1:50147] AH02034: Initial (No.1) HTTPS request received for child 2 (server localhost:443), referer: https://localhost/index.php?page=users
[Tue Mar 05 21:48:28.092575 2024] [authz_core:debug] [pid 19] mod_authz_core.c(815): [client 192.168.65.1:50147] AH01626: authorization result of Require all granted: granted, referer: https://localhost/index.php?page=users
[Tue Mar 05 21:48:28.092808 2024] [authz_core:debug] [pid 19] mod_authz_core.c(815): [client 192.168.65.1:50147] AH01626: authorization result of <RequireAny>: granted, referer: https://localhost/index.php?page=users
[Tue Mar 05 21:48:28.110189 2024] [deflate:debug] [pid 19] mod_deflate.c(869): [client 192.168.65.1:50147] AH01384: Zlib: Compressed 11528 to 2753 : URL /index.php, referer: https://localhost/index.php?page=users
[Tue Mar 05 21:48:28.122207 2024] [ssl:debug] [pid 19] ssl_engine_kernel.c(415): [client 192.168.65.1:50147] AH02034: Subsequent (No.2) HTTPS request received for child 2 (server localhost:443), referer: https://localhost/index.php?page=models
[Tue Mar 05 21:48:28.122460 2024] [ssl:info] [pid 17] [client 192.168.65.1:50149] AH01964: Connection to child 0 established (server localhost:443)
[Tue Mar 05 21:48:28.122918 2024] [ssl:debug] [pid 17] ssl_engine_kernel.c(2395): [client 192.168.65.1:50149] AH02043: SSL virtual host for servername localhost found
[Tue Mar 05 21:48:28.123148 2024] [socache_shmcb:debug] [pid 17] mod_socache_shmcb.c(545): AH00835: socache_shmcb_retrieve (0xac -> subcache 12)
[Tue Mar 05 21:48:28.123066 2024] [authz_core:debug] [pid 19] mod_authz_core.c(815): [client 192.168.65.1:50147] AH01626: authorization result of Require all granted: granted, referer: https://localhost/index.php?page=models
[Tue Mar 05 21:48:28.123515 2024] [authz_core:debug] [pid 19] mod_authz_core.c(815): [client 192.168.65.1:50147] AH01626: authorization result of <RequireAny>: granted, referer: https://localhost/index.php?page=models
[Tue Mar 05 21:48:28.123338 2024] [socache_shmcb:debug] [pid 17] mod_socache_shmcb.c(898): AH00849: match at idx=0, data=0
[Tue Mar 05 21:48:28.123888 2024] [socache_shmcb:debug] [pid 17] mod_socache_shmcb.c(556): AH00836: leaving socache_shmcb_retrieve successfully
[Tue Mar 05 21:48:28.123714 2024] [core:info] [pid 19] [client 192.168.65.1:50147] AH00128: File does not exist: /var/www/html/badi/assets/dist/css/dashboard.css, referer: https://localhost/index.php?page=models
[Tue Mar 05 21:48:28.124150 2024] [core:debug] [pid 17] protocol.c(2460): [client 192.168.65.1:50149] AH03155: select protocol from , choices=h2,http/1.1 for server localhost
[Tue Mar 05 21:48:28.125286 2024] [ssl:debug] [pid 19] ssl_engine_kernel.c(415): [client 192.168.65.1:50147] AH02034: Subsequent (No.3) HTTPS request received for child 2 (server localhost:443), referer: https://localhost/index.php?page=models
[Tue Mar 05 21:48:28.125727 2024] [socache_shmcb:debug] [pid 17] mod_socache_shmcb.c(570): AH00837: socache_shmcb_remove (0xac -> subcache 12)
[Tue Mar 05 21:48:28.125932 2024] [socache_shmcb:debug] [pid 17] mod_socache_shmcb.c(954): AH00852: possible match at idx=0, data=0
[Tue Mar 05 21:48:28.125883 2024] [authz_core:debug] [pid 19] mod_authz_core.c(815): [client 192.168.65.1:50147] AH01626: authorization result of Require all granted: granted, referer: https://localhost/index.php?page=models
[Tue Mar 05 21:48:28.126298 2024] [authz_core:debug] [pid 19] mod_authz_core.c(815): [client 192.168.65.1:50147] AH01626: authorization result of <RequireAny>: granted, referer: https://localhost/index.php?page=models
[Tue Mar 05 21:48:28.126125 2024] [socache_shmcb:debug] [pid 17] mod_socache_shmcb.c(959): AH00853: shmcb_subcache_remove removing matching entry
[Tue Mar 05 21:48:28.126652 2024] [socache_shmcb:debug] [pid 17] mod_socache_shmcb.c(585): AH00839: leaving socache_shmcb_remove successfully
[Tue Mar 05 21:48:28.126468 2024] [core:info] [pid 19] [client 192.168.65.1:50147] AH00128: File does not exist: /var/www/html/badi/assets/dist/js/bootstrap.bundle.min.js, referer: https://localhost/index.php?page=models
[Tue Mar 05 21:48:28.126800 2024] [ssl:info] [pid 17] [client 192.168.65.1:50149] AH02008: SSL library error 1 in handshake (server localhost:443)
[Tue Mar 05 21:48:28.127286 2024] [ssl:info] [pid 17] SSL Library Error: error:0A000416:SSL routines::sslv3 alert certificate unknown (SSL alert number 46)
[Tue Mar 05 21:48:28.127604 2024] [ssl:info] [pid 17] [client 192.168.65.1:50149] AH01998: Connection closed to child 0 with abortive shutdown (server localhost:443)
[Tue Mar 05 21:48:33.133514 2024] [ssl:debug] [pid 19] ssl_engine_io.c(1147): [client 192.168.65.1:50147] AH02001: Connection closed to child 2 with standard shutdown (server localhost:443)
[Tue Mar 05 21:48:47.618233 2024] [ssl:info] [pid 20] [client 192.168.65.1:50200] AH01964: Connection to child 3 established (server localhost:443)
[Tue Mar 05 21:48:47.619035 2024] [ssl:debug] [pid 20] ssl_engine_kernel.c(2395): [client 192.168.65.1:50200] AH02043: SSL virtual host for servername localhost found
[Tue Mar 05 21:48:47.619279 2024] [socache_shmcb:debug] [pid 20] mod_socache_shmcb.c(545): AH00835: socache_shmcb_retrieve (0xb8 -> subcache 24)
[Tue Mar 05 21:48:47.619533 2024] [socache_shmcb:debug] [pid 20] mod_socache_shmcb.c(898): AH00849: match at idx=0, data=0
[Tue Mar 05 21:48:47.619762 2024] [socache_shmcb:debug] [pid 20] mod_socache_shmcb.c(556): AH00836: leaving socache_shmcb_retrieve successfully
[Tue Mar 05 21:48:47.620258 2024] [core:debug] [pid 20] protocol.c(2460): [client 192.168.65.1:50200] AH03155: select protocol from , choices=h2,http/1.1 for server localhost
[Tue Mar 05 21:48:47.622049 2024] [socache_shmcb:debug] [pid 20] mod_socache_shmcb.c(570): AH00837: socache_shmcb_remove (0xb8 -> subcache 24)
[Tue Mar 05 21:48:47.622388 2024] [socache_shmcb:debug] [pid 20] mod_socache_shmcb.c(954): AH00852: possible match at idx=0, data=0
[Tue Mar 05 21:48:47.622602 2024] [socache_shmcb:debug] [pid 20] mod_socache_shmcb.c(959): AH00853: shmcb_subcache_remove removing matching entry
[Tue Mar 05 21:48:47.622805 2024] [socache_shmcb:debug] [pid 20] mod_socache_shmcb.c(585): AH00839: leaving socache_shmcb_remove successfully
[Tue Mar 05 21:48:47.623015 2024] [ssl:info] [pid 20] [client 192.168.65.1:50200] AH02008: SSL library error 1 in handshake (server localhost:443)
[Tue Mar 05 21:48:47.623221 2024] [ssl:info] [pid 20] SSL Library Error: error:0A000416:SSL routines::sslv3 alert certificate unknown (SSL alert number 46)
[Tue Mar 05 21:48:47.623418 2024] [ssl:info] [pid 20] [client 192.168.65.1:50200] AH01998: Connection closed to child 3 with abortive shutdown (server localhost:443)
[Tue Mar 05 21:48:47.803711 2024] [ssl:info] [pid 21] [client 192.168.65.1:50201] AH01964: Connection to child 4 established (server localhost:443)
[Tue Mar 05 21:48:47.804274 2024] [ssl:debug] [pid 21] ssl_engine_kernel.c(2395): [client 192.168.65.1:50201] AH02043: SSL virtual host for servername localhost found
[Tue Mar 05 21:48:47.804671 2024] [core:debug] [pid 21] protocol.c(2460): [client 192.168.65.1:50201] AH03155: select protocol from , choices=h2,http/1.1 for server localhost
[Tue Mar 05 21:48:47.805135 2024] [ssl:info] [pid 24] [client 192.168.65.1:50202] AH01964: Connection to child 7 established (server localhost:443)
[Tue Mar 05 21:48:47.805561 2024] [ssl:debug] [pid 24] ssl_engine_kernel.c(2395): [client 192.168.65.1:50202] AH02043: SSL virtual host for servername localhost found
[Tue Mar 05 21:48:47.805838 2024] [core:debug] [pid 24] protocol.c(2460): [client 192.168.65.1:50202] AH03155: select protocol from , choices=h2,http/1.1 for server localhost
[Tue Mar 05 21:48:47.821684 2024] [ssl:info] [pid 21] [client 192.168.65.1:50201] AH02008: SSL library error 1 in handshake (server localhost:443)
[Tue Mar 05 21:48:47.822097 2024] [ssl:info] [pid 21] SSL Library Error: error:0A000416:SSL routines::sslv3 alert certificate unknown (SSL alert number 46)
[Tue Mar 05 21:48:47.822610 2024] [ssl:info] [pid 21] [client 192.168.65.1:50201] AH01998: Connection closed to child 4 with abortive shutdown (server localhost:443)
[Tue Mar 05 21:48:47.822530 2024] [ssl:info] [pid 24] [client 192.168.65.1:50202] AH02008: SSL library error 1 in handshake (server localhost:443)
[Tue Mar 05 21:48:47.823668 2024] [ssl:info] [pid 24] SSL Library Error: error:0A000416:SSL routines::sslv3 alert certificate unknown (SSL alert number 46)
[Tue Mar 05 21:48:47.824111 2024] [ssl:info] [pid 24] [client 192.168.65.1:50202] AH01998: Connection closed to child 7 with abortive shutdown (server localhost:443)
[Tue Mar 05 21:48:47.823745 2024] [ssl:info] [pid 22] [client 192.168.65.1:50203] AH01964: Connection to child 5 established (server localhost:443)
[Tue Mar 05 21:48:47.825067 2024] [ssl:debug] [pid 22] ssl_engine_kernel.c(2395): [client 192.168.65.1:50203] AH02043: SSL virtual host for servername localhost found
[Tue Mar 05 21:48:47.825579 2024] [core:debug] [pid 22] protocol.c(2460): [client 192.168.65.1:50203] AH03155: select protocol from , choices=h2,http/1.1 for server localhost
[Tue Mar 05 21:48:47.839343 2024] [ssl:debug] [pid 22] ssl_engine_kernel.c(2254): [client 192.168.65.1:50203] AH02041: Protocol: TLSv1.3, Cipher: TLS_AES_128_GCM_SHA256 (128/128 bits)
[Tue Mar 05 21:48:47.839833 2024] [socache_shmcb:debug] [pid 22] mod_socache_shmcb.c(508): AH00831: socache_shmcb_store (0x27 -> subcache 7)
[Tue Mar 05 21:48:47.840184 2024] [socache_shmcb:debug] [pid 22] mod_socache_shmcb.c(862): AH00847: insert happened at idx=0, data=(0:32)
[Tue Mar 05 21:48:47.840510 2024] [socache_shmcb:debug] [pid 22] mod_socache_shmcb.c(865): AH00848: finished insert, subcache: idx_pos/idx_used=0/1, data_pos/data_used=0/202
[Tue Mar 05 21:48:47.840809 2024] [socache_shmcb:debug] [pid 22] mod_socache_shmcb.c(530): AH00834: leaving socache_shmcb_store successfully
[Tue Mar 05 21:48:47.841209 2024] [socache_shmcb:debug] [pid 22] mod_socache_shmcb.c(508): AH00831: socache_shmcb_store (0x20 -> subcache 0)
[Tue Mar 05 21:48:47.841615 2024] [socache_shmcb:debug] [pid 22] mod_socache_shmcb.c(862): AH00847: insert happened at idx=0, data=(0:32)
[Tue Mar 05 21:48:47.841920 2024] [socache_shmcb:debug] [pid 22] mod_socache_shmcb.c(865): AH00848: finished insert, subcache: idx_pos/idx_used=0/1, data_pos/data_used=0/203
[Tue Mar 05 21:48:47.842247 2024] [socache_shmcb:debug] [pid 22] mod_socache_shmcb.c(530): AH00834: leaving socache_shmcb_store successfully
[Tue Mar 05 21:48:47.842712 2024] [ssl:debug] [pid 22] ssl_engine_kernel.c(415): [client 192.168.65.1:50203] AH02034: Initial (No.1) HTTPS request received for child 5 (server localhost:443), referer: https://localhost/index.php?page=models
[Tue Mar 05 21:48:47.843631 2024] [authz_core:debug] [pid 22] mod_authz_core.c(815): [client 192.168.65.1:50203] AH01626: authorization result of Require all granted: granted, referer: https://localhost/index.php?page=models
[Tue Mar 05 21:48:47.843906 2024] [authz_core:debug] [pid 22] mod_authz_core.c(815): [client 192.168.65.1:50203] AH01626: authorization result of <RequireAny>: granted, referer: https://localhost/index.php?page=models
[Tue Mar 05 21:48:47.868484 2024] [deflate:debug] [pid 22] mod_deflate.c(869): [client 192.168.65.1:50203] AH01384: Zlib: Compressed 113891 to 7074 : URL /index.php, referer: https://localhost/index.php?page=models
[Tue Mar 05 21:48:47.878901 2024] [ssl:debug] [pid 22] ssl_engine_kernel.c(415): [client 192.168.65.1:50203] AH02034: Subsequent (No.2) HTTPS request received for child 5 (server localhost:443), referer: https://localhost/index.php?page=aspects
[Tue Mar 05 21:48:47.879729 2024] [ssl:info] [pid 18] [client 192.168.65.1:50205] AH01964: Connection to child 1 established (server localhost:443)
[Tue Mar 05 21:48:47.880133 2024] [ssl:debug] [pid 18] ssl_engine_kernel.c(2395): [client 192.168.65.1:50205] AH02043: SSL virtual host for servername localhost found
[Tue Mar 05 21:48:47.880369 2024] [socache_shmcb:debug] [pid 18] mod_socache_shmcb.c(545): AH00835: socache_shmcb_retrieve (0x20 -> subcache 0)
[Tue Mar 05 21:48:47.880132 2024] [authz_core:debug] [pid 22] mod_authz_core.c(815): [client 192.168.65.1:50203] AH01626: authorization result of Require all granted: granted, referer: https://localhost/index.php?page=aspects
[Tue Mar 05 21:48:47.880862 2024] [authz_core:debug] [pid 22] mod_authz_core.c(815): [client 192.168.65.1:50203] AH01626: authorization result of <RequireAny>: granted, referer: https://localhost/index.php?page=aspects
[Tue Mar 05 21:48:47.880588 2024] [socache_shmcb:debug] [pid 18] mod_socache_shmcb.c(898): AH00849: match at idx=0, data=0
[Tue Mar 05 21:48:47.881222 2024] [socache_shmcb:debug] [pid 18] mod_socache_shmcb.c(556): AH00836: leaving socache_shmcb_retrieve successfully
[Tue Mar 05 21:48:47.881055 2024] [core:info] [pid 22] [client 192.168.65.1:50203] AH00128: File does not exist: /var/www/html/badi/assets/dist/css/dashboard.css, referer: https://localhost/index.php?page=aspects
[Tue Mar 05 21:48:47.881509 2024] [core:debug] [pid 18] protocol.c(2460): [client 192.168.65.1:50205] AH03155: select protocol from , choices=h2,http/1.1 for server localhost
[Tue Mar 05 21:48:47.882727 2024] [ssl:debug] [pid 22] ssl_engine_kernel.c(415): [client 192.168.65.1:50203] AH02034: Subsequent (No.3) HTTPS request received for child 5 (server localhost:443), referer: https://localhost/index.php?page=aspects
[Tue Mar 05 21:48:47.883023 2024] [socache_shmcb:debug] [pid 18] mod_socache_shmcb.c(570): AH00837: socache_shmcb_remove (0x20 -> subcache 0)
[Tue Mar 05 21:48:47.883510 2024] [socache_shmcb:debug] [pid 18] mod_socache_shmcb.c(954): AH00852: possible match at idx=0, data=0
[Tue Mar 05 21:48:47.883789 2024] [socache_shmcb:debug] [pid 18] mod_socache_shmcb.c(959): AH00853: shmcb_subcache_remove removing matching entry
[Tue Mar 05 21:48:47.883966 2024] [socache_shmcb:debug] [pid 18] mod_socache_shmcb.c(585): AH00839: leaving socache_shmcb_remove successfully
[Tue Mar 05 21:48:47.883793 2024] [authz_core:debug] [pid 22] mod_authz_core.c(815): [client 192.168.65.1:50203] AH01626: authorization result of Require all granted: granted, referer: https://localhost/index.php?page=aspects
[Tue Mar 05 21:48:47.884282 2024] [authz_core:debug] [pid 22] mod_authz_core.c(815): [client 192.168.65.1:50203] AH01626: authorization result of <RequireAny>: granted, referer: https://localhost/index.php?page=aspects
[Tue Mar 05 21:48:47.884125 2024] [ssl:info] [pid 18] [client 192.168.65.1:50205] AH02008: SSL library error 1 in handshake (server localhost:443)
[Tue Mar 05 21:48:47.884495 2024] [core:info] [pid 22] [client 192.168.65.1:50203] AH00128: File does not exist: /var/www/html/badi/assets/dist/js/bootstrap.bundle.min.js, referer: https://localhost/index.php?page=aspects
[Tue Mar 05 21:48:47.884640 2024] [ssl:info] [pid 18] SSL Library Error: error:0A000416:SSL routines::sslv3 alert certificate unknown (SSL alert number 46)
[Tue Mar 05 21:48:47.885279 2024] [ssl:info] [pid 18] [client 192.168.65.1:50205] AH01998: Connection closed to child 1 with abortive shutdown (server localhost:443)
[Tue Mar 05 21:48:52.887059 2024] [ssl:debug] [pid 22] ssl_engine_io.c(1147): [client 192.168.65.1:50203] AH02001: Connection closed to child 5 with standard shutdown (server localhost:443)
[Tue Mar 05 21:49:46.835067 2024] [ssl:info] [pid 23] [client 192.168.65.1:50356] AH01964: Connection to child 6 established (server localhost:443)
[Tue Mar 05 21:49:46.835684 2024] [ssl:debug] [pid 23] ssl_engine_kernel.c(2395): [client 192.168.65.1:50356] AH02043: SSL virtual host for servername localhost found
[Tue Mar 05 21:49:46.835914 2024] [socache_shmcb:debug] [pid 23] mod_socache_shmcb.c(545): AH00835: socache_shmcb_retrieve (0x27 -> subcache 7)
[Tue Mar 05 21:49:46.836129 2024] [socache_shmcb:debug] [pid 23] mod_socache_shmcb.c(898): AH00849: match at idx=0, data=0
[Tue Mar 05 21:49:46.836402 2024] [socache_shmcb:debug] [pid 23] mod_socache_shmcb.c(556): AH00836: leaving socache_shmcb_retrieve successfully
[Tue Mar 05 21:49:46.836802 2024] [core:debug] [pid 23] protocol.c(2460): [client 192.168.65.1:50356] AH03155: select protocol from , choices=h2,http/1.1 for server localhost
[Tue Mar 05 21:49:46.838185 2024] [socache_shmcb:debug] [pid 23] mod_socache_shmcb.c(570): AH00837: socache_shmcb_remove (0x27 -> subcache 7)
[Tue Mar 05 21:49:46.838467 2024] [socache_shmcb:debug] [pid 23] mod_socache_shmcb.c(954): AH00852: possible match at idx=0, data=0
[Tue Mar 05 21:49:46.838658 2024] [socache_shmcb:debug] [pid 23] mod_socache_shmcb.c(959): AH00853: shmcb_subcache_remove removing matching entry
[Tue Mar 05 21:49:46.838864 2024] [socache_shmcb:debug] [pid 23] mod_socache_shmcb.c(585): AH00839: leaving socache_shmcb_remove successfully
[Tue Mar 05 21:49:46.839075 2024] [ssl:info] [pid 23] [client 192.168.65.1:50356] AH02008: SSL library error 1 in handshake (server localhost:443)
[Tue Mar 05 21:49:46.839309 2024] [ssl:info] [pid 23] SSL Library Error: error:0A000416:SSL routines::sslv3 alert certificate unknown (SSL alert number 46)
[Tue Mar 05 21:49:46.839527 2024] [ssl:info] [pid 23] [client 192.168.65.1:50356] AH01998: Connection closed to child 6 with abortive shutdown (server localhost:443)
[Tue Mar 05 21:49:46.975169 2024] [ssl:info] [pid 17] [client 192.168.65.1:50357] AH01964: Connection to child 0 established (server localhost:443)
[Tue Mar 05 21:49:46.975907 2024] [ssl:debug] [pid 17] ssl_engine_kernel.c(2395): [client 192.168.65.1:50357] AH02043: SSL virtual host for servername localhost found
[Tue Mar 05 21:49:46.976002 2024] [ssl:info] [pid 19] [client 192.168.65.1:50358] AH01964: Connection to child 2 established (server localhost:443)
[Tue Mar 05 21:49:46.976286 2024] [core:debug] [pid 17] protocol.c(2460): [client 192.168.65.1:50357] AH03155: select protocol from , choices=h2,http/1.1 for server localhost
[Tue Mar 05 21:49:46.976599 2024] [ssl:debug] [pid 19] ssl_engine_kernel.c(2395): [client 192.168.65.1:50358] AH02043: SSL virtual host for servername localhost found
[Tue Mar 05 21:49:46.977016 2024] [core:debug] [pid 19] protocol.c(2460): [client 192.168.65.1:50358] AH03155: select protocol from , choices=h2,http/1.1 for server localhost
[Tue Mar 05 21:49:46.995333 2024] [ssl:info] [pid 17] [client 192.168.65.1:50357] AH02008: SSL library error 1 in handshake (server localhost:443)
[Tue Mar 05 21:49:46.996144 2024] [ssl:info] [pid 19] [client 192.168.65.1:50358] AH02008: SSL library error 1 in handshake (server localhost:443)
[Tue Mar 05 21:49:46.997252 2024] [ssl:info] [pid 19] SSL Library Error: error:0A000416:SSL routines::sslv3 alert certificate unknown (SSL alert number 46)
[Tue Mar 05 21:49:46.996567 2024] [ssl:info] [pid 17] SSL Library Error: error:0A000416:SSL routines::sslv3 alert certificate unknown (SSL alert number 46)
[Tue Mar 05 21:49:46.997902 2024] [ssl:info] [pid 17] [client 192.168.65.1:50357] AH01998: Connection closed to child 0 with abortive shutdown (server localhost:443)
[Tue Mar 05 21:49:46.997467 2024] [ssl:info] [pid 20] [client 192.168.65.1:50359] AH01964: Connection to child 3 established (server localhost:443)
[Tue Mar 05 21:49:46.997626 2024] [ssl:info] [pid 19] [client 192.168.65.1:50358] AH01998: Connection closed to child 2 with abortive shutdown (server localhost:443)
[Tue Mar 05 21:49:46.998893 2024] [ssl:debug] [pid 20] ssl_engine_kernel.c(2395): [client 192.168.65.1:50359] AH02043: SSL virtual host for servername localhost found
[Tue Mar 05 21:49:46.999415 2024] [core:debug] [pid 20] protocol.c(2460): [client 192.168.65.1:50359] AH03155: select protocol from , choices=h2,http/1.1 for server localhost
[Tue Mar 05 21:49:47.012589 2024] [ssl:debug] [pid 20] ssl_engine_kernel.c(2254): [client 192.168.65.1:50359] AH02041: Protocol: TLSv1.3, Cipher: TLS_AES_128_GCM_SHA256 (128/128 bits)
[Tue Mar 05 21:49:47.013088 2024] [socache_shmcb:debug] [pid 20] mod_socache_shmcb.c(508): AH00831: socache_shmcb_store (0xb2 -> subcache 18)
[Tue Mar 05 21:49:47.013427 2024] [socache_shmcb:debug] [pid 20] mod_socache_shmcb.c(745): AH00842: expiring 0 and reclaiming 1 removed socache entries
[Tue Mar 05 21:49:47.013750 2024] [socache_shmcb:debug] [pid 20] mod_socache_shmcb.c(765): AH00843: we now have 0 socache entries
[Tue Mar 05 21:49:47.014044 2024] [socache_shmcb:debug] [pid 20] mod_socache_shmcb.c(862): AH00847: insert happened at idx=0, data=(0:32)
[Tue Mar 05 21:49:47.014392 2024] [socache_shmcb:debug] [pid 20] mod_socache_shmcb.c(865): AH00848: finished insert, subcache: idx_pos/idx_used=0/1, data_pos/data_used=0/203
[Tue Mar 05 21:49:47.014721 2024] [socache_shmcb:debug] [pid 20] mod_socache_shmcb.c(530): AH00834: leaving socache_shmcb_store successfully
[Tue Mar 05 21:49:47.015144 2024] [socache_shmcb:debug] [pid 20] mod_socache_shmcb.c(508): AH00831: socache_shmcb_store (0xf2 -> subcache 18)
[Tue Mar 05 21:49:47.015516 2024] [socache_shmcb:debug] [pid 20] mod_socache_shmcb.c(862): AH00847: insert happened at idx=1, data=(203:235)
[Tue Mar 05 21:49:47.015824 2024] [socache_shmcb:debug] [pid 20] mod_socache_shmcb.c(865): AH00848: finished insert, subcache: idx_pos/idx_used=0/2, data_pos/data_used=0/406
[Tue Mar 05 21:49:47.016154 2024] [socache_shmcb:debug] [pid 20] mod_socache_shmcb.c(530): AH00834: leaving socache_shmcb_store successfully
[Tue Mar 05 21:49:47.016630 2024] [ssl:debug] [pid 20] ssl_engine_kernel.c(415): [client 192.168.65.1:50359] AH02034: Initial (No.1) HTTPS request received for child 3 (server localhost:443), referer: https://localhost/index.php?page=aspects
[Tue Mar 05 21:49:47.017436 2024] [authz_core:debug] [pid 20] mod_authz_core.c(815): [client 192.168.65.1:50359] AH01626: authorization result of Require all granted: granted, referer: https://localhost/index.php?page=aspects
[Tue Mar 05 21:49:47.017729 2024] [authz_core:debug] [pid 20] mod_authz_core.c(815): [client 192.168.65.1:50359] AH01626: authorization result of <RequireAny>: granted, referer: https://localhost/index.php?page=aspects
[Tue Mar 05 21:49:47.039514 2024] [deflate:debug] [pid 20] mod_deflate.c(869): [client 192.168.65.1:50359] AH01384: Zlib: Compressed 9524 to 3041 : URL /index.php, referer: https://localhost/index.php?page=aspects
[Tue Mar 05 21:49:47.049734 2024] [ssl:debug] [pid 20] ssl_engine_kernel.c(415): [client 192.168.65.1:50359] AH02034: Subsequent (No.2) HTTPS request received for child 3 (server localhost:443), referer: https://localhost/index.php?page=homepage
[Tue Mar 05 21:49:47.050421 2024] [authz_core:debug] [pid 20] mod_authz_core.c(815): [client 192.168.65.1:50359] AH01626: authorization result of Require all granted: granted, referer: https://localhost/index.php?page=homepage
[Tue Mar 05 21:49:47.050816 2024] [authz_core:debug] [pid 20] mod_authz_core.c(815): [client 192.168.65.1:50359] AH01626: authorization result of <RequireAny>: granted, referer: https://localhost/index.php?page=homepage
[Tue Mar 05 21:49:47.051045 2024] [core:info] [pid 20] [client 192.168.65.1:50359] AH00128: File does not exist: /var/www/html/badi/assets/dist/css/dashboard.css, referer: https://localhost/index.php?page=homepage
[Tue Mar 05 21:49:47.053702 2024] [ssl:debug] [pid 20] ssl_engine_kernel.c(415): [client 192.168.65.1:50359] AH02034: Subsequent (No.3) HTTPS request received for child 3 (server localhost:443), referer: https://localhost/index.php?page=homepage
[Tue Mar 05 21:49:47.054505 2024] [authz_core:debug] [pid 20] mod_authz_core.c(815): [client 192.168.65.1:50359] AH01626: authorization result of Require all granted: granted, referer: https://localhost/index.php?page=homepage
[Tue Mar 05 21:49:47.054797 2024] [authz_core:debug] [pid 20] mod_authz_core.c(815): [client 192.168.65.1:50359] AH01626: authorization result of <RequireAny>: granted, referer: https://localhost/index.php?page=homepage
[Tue Mar 05 21:49:47.055164 2024] [core:info] [pid 20] [client 192.168.65.1:50359] AH00128: File does not exist: /var/www/html/badi/assets/dist/js/bootstrap.bundle.min.js, referer: https://localhost/index.php?page=homepage
[Tue Mar 05 21:49:52.062635 2024] [ssl:debug] [pid 20] ssl_engine_io.c(1147): [client 192.168.65.1:50359] AH02001: Connection closed to child 3 with standard shutdown (server localhost:443)
[Tue Mar 05 21:54:26.500870 2024] [ssl:info] [pid 21] [client 192.168.65.1:51061] AH01964: Connection to child 4 established (server localhost:443)
[Tue Mar 05 21:54:26.501456 2024] [ssl:debug] [pid 21] ssl_engine_kernel.c(2395): [client 192.168.65.1:51061] AH02043: SSL virtual host for servername localhost found
[Tue Mar 05 21:54:26.501680 2024] [socache_shmcb:debug] [pid 21] mod_socache_shmcb.c(545): AH00835: socache_shmcb_retrieve (0xf2 -> subcache 18)
[Tue Mar 05 21:54:26.501893 2024] [socache_shmcb:debug] [pid 21] mod_socache_shmcb.c(898): AH00849: match at idx=1, data=203
[Tue Mar 05 21:54:26.502088 2024] [socache_shmcb:debug] [pid 21] mod_socache_shmcb.c(556): AH00836: leaving socache_shmcb_retrieve successfully
[Tue Mar 05 21:54:26.502495 2024] [core:debug] [pid 21] protocol.c(2460): [client 192.168.65.1:51061] AH03155: select protocol from , choices=h2,http/1.1 for server localhost
[Tue Mar 05 21:54:26.503978 2024] [socache_shmcb:debug] [pid 21] mod_socache_shmcb.c(570): AH00837: socache_shmcb_remove (0xf2 -> subcache 18)
[Tue Mar 05 21:54:26.504253 2024] [socache_shmcb:debug] [pid 21] mod_socache_shmcb.c(954): AH00852: possible match at idx=1, data=203
[Tue Mar 05 21:54:26.504467 2024] [socache_shmcb:debug] [pid 21] mod_socache_shmcb.c(959): AH00853: shmcb_subcache_remove removing matching entry
[Tue Mar 05 21:54:26.504679 2024] [socache_shmcb:debug] [pid 21] mod_socache_shmcb.c(585): AH00839: leaving socache_shmcb_remove successfully
[Tue Mar 05 21:54:26.504904 2024] [ssl:info] [pid 21] [client 192.168.65.1:51061] AH02008: SSL library error 1 in handshake (server localhost:443)
[Tue Mar 05 21:54:26.505155 2024] [ssl:info] [pid 21] SSL Library Error: error:0A000416:SSL routines::sslv3 alert certificate unknown (SSL alert number 46)
[Tue Mar 05 21:54:26.505387 2024] [ssl:info] [pid 21] [client 192.168.65.1:51061] AH01998: Connection closed to child 4 with abortive shutdown (server localhost:443)
[Tue Mar 05 21:54:26.641273 2024] [ssl:info] [pid 24] [client 192.168.65.1:51062] AH01964: Connection to child 7 established (server localhost:443)
[Tue Mar 05 21:54:26.642090 2024] [ssl:info] [pid 18] [client 192.168.65.1:51063] AH01964: Connection to child 1 established (server localhost:443)
[Tue Mar 05 21:54:26.642371 2024] [ssl:debug] [pid 24] ssl_engine_kernel.c(2395): [client 192.168.65.1:51062] AH02043: SSL virtual host for servername localhost found
[Tue Mar 05 21:54:26.642857 2024] [socache_shmcb:debug] [pid 24] mod_socache_shmcb.c(545): AH00835: socache_shmcb_retrieve (0xb2 -> subcache 18)
[Tue Mar 05 21:54:26.642691 2024] [ssl:debug] [pid 18] ssl_engine_kernel.c(2395): [client 192.168.65.1:51063] AH02043: SSL virtual host for servername localhost found
[Tue Mar 05 21:54:26.643072 2024] [socache_shmcb:debug] [pid 24] mod_socache_shmcb.c(898): AH00849: match at idx=0, data=0
[Tue Mar 05 21:54:26.643539 2024] [socache_shmcb:debug] [pid 24] mod_socache_shmcb.c(556): AH00836: leaving socache_shmcb_retrieve successfully
[Tue Mar 05 21:54:26.643409 2024] [core:debug] [pid 18] protocol.c(2460): [client 192.168.65.1:51063] AH03155: select protocol from , choices=h2,http/1.1 for server localhost
[Tue Mar 05 21:54:26.644018 2024] [core:debug] [pid 24] protocol.c(2460): [client 192.168.65.1:51062] AH03155: select protocol from , choices=h2,http/1.1 for server localhost
[Tue Mar 05 21:54:26.645641 2024] [socache_shmcb:debug] [pid 24] mod_socache_shmcb.c(570): AH00837: socache_shmcb_remove (0xb2 -> subcache 18)
[Tue Mar 05 21:54:26.646029 2024] [socache_shmcb:debug] [pid 24] mod_socache_shmcb.c(954): AH00852: possible match at idx=0, data=0
[Tue Mar 05 21:54:26.646235 2024] [socache_shmcb:debug] [pid 24] mod_socache_shmcb.c(959): AH00853: shmcb_subcache_remove removing matching entry
[Tue Mar 05 21:54:26.646458 2024] [socache_shmcb:debug] [pid 24] mod_socache_shmcb.c(585): AH00839: leaving socache_shmcb_remove successfully
[Tue Mar 05 21:54:26.646675 2024] [ssl:info] [pid 24] [client 192.168.65.1:51062] AH02008: SSL library error 1 in handshake (server localhost:443)
[Tue Mar 05 21:54:26.646877 2024] [ssl:info] [pid 24] SSL Library Error: error:0A000416:SSL routines::sslv3 alert certificate unknown (SSL alert number 46)
[Tue Mar 05 21:54:26.647089 2024] [ssl:info] [pid 24] [client 192.168.65.1:51062] AH01998: Connection closed to child 7 with abortive shutdown (server localhost:443)
[Tue Mar 05 21:54:26.659467 2024] [ssl:info] [pid 18] [client 192.168.65.1:51063] AH02008: SSL library error 1 in handshake (server localhost:443)
[Tue Mar 05 21:54:26.660569 2024] [ssl:info] [pid 18] SSL Library Error: error:0A000416:SSL routines::sslv3 alert certificate unknown (SSL alert number 46)
[Tue Mar 05 21:54:26.661509 2024] [ssl:info] [pid 18] [client 192.168.65.1:51063] AH01998: Connection closed to child 1 with abortive shutdown (server localhost:443)
[Tue Mar 05 21:54:26.661412 2024] [ssl:info] [pid 22] [client 192.168.65.1:51064] AH01964: Connection to child 5 established (server localhost:443)
[Tue Mar 05 21:54:26.663321 2024] [ssl:debug] [pid 22] ssl_engine_kernel.c(2395): [client 192.168.65.1:51064] AH02043: SSL virtual host for servername localhost found
[Tue Mar 05 21:54:26.663732 2024] [core:debug] [pid 22] protocol.c(2460): [client 192.168.65.1:51064] AH03155: select protocol from , choices=h2,http/1.1 for server localhost
[Tue Mar 05 21:54:26.676630 2024] [ssl:debug] [pid 22] ssl_engine_kernel.c(2254): [client 192.168.65.1:51064] AH02041: Protocol: TLSv1.3, Cipher: TLS_AES_128_GCM_SHA256 (128/128 bits)
[Tue Mar 05 21:54:26.677107 2024] [socache_shmcb:debug] [pid 22] mod_socache_shmcb.c(508): AH00831: socache_shmcb_store (0x16 -> subcache 22)
[Tue Mar 05 21:54:26.677489 2024] [socache_shmcb:debug] [pid 22] mod_socache_shmcb.c(862): AH00847: insert happened at idx=0, data=(0:32)
[Tue Mar 05 21:54:26.677811 2024] [socache_shmcb:debug] [pid 22] mod_socache_shmcb.c(865): AH00848: finished insert, subcache: idx_pos/idx_used=0/1, data_pos/data_used=0/203
[Tue Mar 05 21:54:26.678100 2024] [socache_shmcb:debug] [pid 22] mod_socache_shmcb.c(530): AH00834: leaving socache_shmcb_store successfully
[Tue Mar 05 21:54:26.678448 2024] [socache_shmcb:debug] [pid 22] mod_socache_shmcb.c(508): AH00831: socache_shmcb_store (0xba -> subcache 26)
[Tue Mar 05 21:54:26.678695 2024] [socache_shmcb:debug] [pid 22] mod_socache_shmcb.c(745): AH00842: expiring 0 and reclaiming 1 removed socache entries
[Tue Mar 05 21:54:26.678942 2024] [socache_shmcb:debug] [pid 22] mod_socache_shmcb.c(765): AH00843: we now have 0 socache entries
[Tue Mar 05 21:54:26.679165 2024] [socache_shmcb:debug] [pid 22] mod_socache_shmcb.c(862): AH00847: insert happened at idx=0, data=(0:32)
[Tue Mar 05 21:54:26.679405 2024] [socache_shmcb:debug] [pid 22] mod_socache_shmcb.c(865): AH00848: finished insert, subcache: idx_pos/idx_used=0/1, data_pos/data_used=0/203
[Tue Mar 05 21:54:26.679627 2024] [socache_shmcb:debug] [pid 22] mod_socache_shmcb.c(530): AH00834: leaving socache_shmcb_store successfully
[Tue Mar 05 21:54:26.680108 2024] [ssl:debug] [pid 22] ssl_engine_kernel.c(415): [client 192.168.65.1:51064] AH02034: Initial (No.1) HTTPS request received for child 5 (server localhost:443), referer: https://localhost/index.php?page=homepage
[Tue Mar 05 21:54:26.680860 2024] [authz_core:debug] [pid 22] mod_authz_core.c(815): [client 192.168.65.1:51064] AH01626: authorization result of Require all granted: granted, referer: https://localhost/index.php?page=homepage
[Tue Mar 05 21:54:26.681090 2024] [authz_core:debug] [pid 22] mod_authz_core.c(815): [client 192.168.65.1:51064] AH01626: authorization result of <RequireAny>: granted, referer: https://localhost/index.php?page=homepage
[Tue Mar 05 21:54:26.704456 2024] [deflate:debug] [pid 22] mod_deflate.c(869): [client 192.168.65.1:51064] AH01384: Zlib: Compressed 113891 to 7074 : URL /index.php, referer: https://localhost/index.php?page=homepage
[Tue Mar 05 21:54:26.714103 2024] [ssl:debug] [pid 22] ssl_engine_kernel.c(415): [client 192.168.65.1:51064] AH02034: Subsequent (No.2) HTTPS request received for child 5 (server localhost:443), referer: https://localhost/index.php?page=aspects
[Tue Mar 05 21:54:26.714861 2024] [ssl:info] [pid 23] [client 192.168.65.1:51066] AH01964: Connection to child 6 established (server localhost:443)
[Tue Mar 05 21:54:26.715169 2024] [authz_core:debug] [pid 22] mod_authz_core.c(815): [client 192.168.65.1:51064] AH01626: authorization result of Require all granted: granted, referer: https://localhost/index.php?page=aspects
[Tue Mar 05 21:54:26.715391 2024] [authz_core:debug] [pid 22] mod_authz_core.c(815): [client 192.168.65.1:51064] AH01626: authorization result of <RequireAny>: granted, referer: https://localhost/index.php?page=aspects
[Tue Mar 05 21:54:26.715363 2024] [ssl:debug] [pid 23] ssl_engine_kernel.c(2395): [client 192.168.65.1:51066] AH02043: SSL virtual host for servername localhost found
[Tue Mar 05 21:54:26.715571 2024] [core:info] [pid 22] [client 192.168.65.1:51064] AH00128: File does not exist: /var/www/html/badi/assets/dist/css/dashboard.css, referer: https://localhost/index.php?page=aspects
[Tue Mar 05 21:54:26.715699 2024] [socache_shmcb:debug] [pid 23] mod_socache_shmcb.c(545): AH00835: socache_shmcb_retrieve (0xba -> subcache 26)
[Tue Mar 05 21:54:26.716083 2024] [socache_shmcb:debug] [pid 23] mod_socache_shmcb.c(898): AH00849: match at idx=0, data=0
[Tue Mar 05 21:54:26.716740 2024] [socache_shmcb:debug] [pid 23] mod_socache_shmcb.c(556): AH00836: leaving socache_shmcb_retrieve successfully
[Tue Mar 05 21:54:26.716797 2024] [ssl:debug] [pid 22] ssl_engine_kernel.c(415): [client 192.168.65.1:51064] AH02034: Subsequent (No.3) HTTPS request received for child 5 (server localhost:443), referer: https://localhost/index.php?page=aspects
[Tue Mar 05 21:54:26.717004 2024] [core:debug] [pid 23] protocol.c(2460): [client 192.168.65.1:51066] AH03155: select protocol from , choices=h2,http/1.1 for server localhost
[Tue Mar 05 21:54:26.717524 2024] [authz_core:debug] [pid 22] mod_authz_core.c(815): [client 192.168.65.1:51064] AH01626: authorization result of Require all granted: granted, referer: https://localhost/index.php?page=aspects
[Tue Mar 05 21:54:26.717689 2024] [authz_core:debug] [pid 22] mod_authz_core.c(815): [client 192.168.65.1:51064] AH01626: authorization result of <RequireAny>: granted, referer: https://localhost/index.php?page=aspects
[Tue Mar 05 21:54:26.718024 2024] [core:info] [pid 22] [client 192.168.65.1:51064] AH00128: File does not exist: /var/www/html/badi/assets/dist/js/bootstrap.bundle.min.js, referer: https://localhost/index.php?page=aspects
[Tue Mar 05 21:54:26.718366 2024] [socache_shmcb:debug] [pid 23] mod_socache_shmcb.c(570): AH00837: socache_shmcb_remove (0xba -> subcache 26)
[Tue Mar 05 21:54:26.718578 2024] [socache_shmcb:debug] [pid 23] mod_socache_shmcb.c(954): AH00852: possible match at idx=0, data=0
[Tue Mar 05 21:54:26.719295 2024] [socache_shmcb:debug] [pid 23] mod_socache_shmcb.c(959): AH00853: shmcb_subcache_remove removing matching entry
