[Tue Mar 05 22:29:44.216268 2024] [ssl:debug] [pid 22] ssl_engine_kernel.c(2395): [client 192.168.65.1:56699] AH02043: SSL virtual host for servername localhost found
[Tue Mar 05 22:29:44.216582 2024] [ssl:debug] [pid 23] ssl_engine_kernel.c(2395): [client 192.168.65.1:56700] AH02043: SSL virtual host for servername localhost found
[Tue Mar 05 22:29:44.216762 2024] [core:debug] [pid 22] protocol.c(2460): [client 192.168.65.1:56699] AH03155: select protocol from , choices=h2,http/1.1 for server localhost
[Tue Mar 05 22:29:44.216893 2024] [core:debug] [pid 23] protocol.c(2460): [client 192.168.65.1:56700] AH03155: select protocol from , choices=h2,http/1.1 for server localhost
[Tue Mar 05 22:29:44.232289 2024] [ssl:info] [pid 22] [client 192.168.65.1:56699] AH02008: SSL library error 1 in handshake (server localhost:443)
[Tue Mar 05 22:29:44.232699 2024] [ssl:info] [pid 23] [client 192.168.65.1:56700] AH02008: SSL library error 1 in handshake (server localhost:443)
[Tue Mar 05 22:29:44.233344 2024] [ssl:info] [pid 23] SSL Library Error: error:0A000416:SSL routines::sslv3 alert certificate unknown (SSL alert number 46)
[Tue Mar 05 22:29:44.232910 2024] [ssl:info] [pid 22] SSL Library Error: error:0A000416:SSL routines::sslv3 alert certificate unknown (SSL alert number 46)
[Tue Mar 05 22:29:44.233711 2024] [ssl:info] [pid 24] [client 192.168.65.1:56701] AH01964: Connection to child 7 established (server localhost:443)
[Tue Mar 05 22:29:44.233738 2024] [ssl:info] [pid 23] [client 192.168.65.1:56700] AH01998: Connection closed to child 6 with abortive shutdown (server localhost:443)
[Tue Mar 05 22:29:44.234563 2024] [ssl:debug] [pid 24] ssl_engine_kernel.c(2395): [client 192.168.65.1:56701] AH02043: SSL virtual host for servername localhost found
[Tue Mar 05 22:29:44.234015 2024] [ssl:info] [pid 22] [client 192.168.65.1:56699] AH01998: Connection closed to child 5 with abortive shutdown (server localhost:443)
[Tue Mar 05 22:29:44.235004 2024] [core:debug] [pid 24] protocol.c(2460): [client 192.168.65.1:56701] AH03155: select protocol from , choices=h2,http/1.1 for server localhost
[Tue Mar 05 22:29:44.250114 2024] [ssl:debug] [pid 24] ssl_engine_kernel.c(2254): [client 192.168.65.1:56701] AH02041: Protocol: TLSv1.3, Cipher: TLS_AES_128_GCM_SHA256 (128/128 bits)
[Tue Mar 05 22:29:44.250646 2024] [socache_shmcb:debug] [pid 24] mod_socache_shmcb.c(508): AH00831: socache_shmcb_store (0x7b -> subcache 27)
[Tue Mar 05 22:29:44.250908 2024] [socache_shmcb:debug] [pid 24] mod_socache_shmcb.c(862): AH00847: insert happened at idx=0, data=(0:32)
[Tue Mar 05 22:29:44.251146 2024] [socache_shmcb:debug] [pid 24] mod_socache_shmcb.c(865): AH00848: finished insert, subcache: idx_pos/idx_used=0/1, data_pos/data_used=0/202
[Tue Mar 05 22:29:44.251408 2024] [socache_shmcb:debug] [pid 24] mod_socache_shmcb.c(530): AH00834: leaving socache_shmcb_store successfully
[Tue Mar 05 22:29:44.251794 2024] [socache_shmcb:debug] [pid 24] mod_socache_shmcb.c(508): AH00831: socache_shmcb_store (0xa1 -> subcache 1)
[Tue Mar 05 22:29:44.252062 2024] [socache_shmcb:debug] [pid 24] mod_socache_shmcb.c(862): AH00847: insert happened at idx=0, data=(0:32)
[Tue Mar 05 22:29:44.252300 2024] [socache_shmcb:debug] [pid 24] mod_socache_shmcb.c(865): AH00848: finished insert, subcache: idx_pos/idx_used=0/1, data_pos/data_used=0/202
[Tue Mar 05 22:29:44.252534 2024] [socache_shmcb:debug] [pid 24] mod_socache_shmcb.c(530): AH00834: leaving socache_shmcb_store successfully
[Tue Mar 05 22:29:44.253287 2024] [ssl:debug] [pid 24] ssl_engine_kernel.c(415): [client 192.168.65.1:56701] AH02034: Initial (No.1) HTTPS request received for child 7 (server localhost:443), referer: https://localhost/index.php?page=threats
[Tue Mar 05 22:29:44.254010 2024] [authz_core:debug] [pid 24] mod_authz_core.c(815): [client 192.168.65.1:56701] AH01626: authorization result of Require all granted: granted, referer: https://localhost/index.php?page=threats
[Tue Mar 05 22:29:44.254323 2024] [authz_core:debug] [pid 24] mod_authz_core.c(815): [client 192.168.65.1:56701] AH01626: authorization result of <RequireAny>: granted, referer: https://localhost/index.php?page=threats
[Tue Mar 05 22:29:44.277397 2024] [deflate:debug] [pid 24] mod_deflate.c(869): [client 192.168.65.1:56701] AH01384: Zlib: Compressed 11528 to 2753 : URL /index.php, referer: https://localhost/index.php?page=threats
[Tue Mar 05 22:29:44.288349 2024] [ssl:debug] [pid 24] ssl_engine_kernel.c(415): [client 192.168.65.1:56701] AH02034: Subsequent (No.2) HTTPS request received for child 7 (server localhost:443), referer: https://localhost/index.php?page=models
[Tue Mar 05 22:29:44.289128 2024] [ssl:info] [pid 18] [client 192.168.65.1:56703] AH01964: Connection to child 1 established (server localhost:443)
[Tue Mar 05 22:29:44.289263 2024] [authz_core:debug] [pid 24] mod_authz_core.c(815): [client 192.168.65.1:56701] AH01626: authorization result of Require all granted: granted, referer: https://localhost/index.php?page=models
[Tue Mar 05 22:29:44.289669 2024] [authz_core:debug] [pid 24] mod_authz_core.c(815): [client 192.168.65.1:56701] AH01626: authorization result of <RequireAny>: granted, referer: https://localhost/index.php?page=models
[Tue Mar 05 22:29:44.289467 2024] [ssl:debug] [pid 18] ssl_engine_kernel.c(2395): [client 192.168.65.1:56703] AH02043: SSL virtual host for servername localhost found
[Tue Mar 05 22:29:44.290134 2024] [socache_shmcb:debug] [pid 18] mod_socache_shmcb.c(545): AH00835: socache_shmcb_retrieve (0xa1 -> subcache 1)
[Tue Mar 05 22:29:44.289910 2024] [core:info] [pid 24] [client 192.168.65.1:56701] AH00128: File does not exist: /var/www/html/badi/assets/dist/css/dashboard.css, referer: https://localhost/index.php?page=models
[Tue Mar 05 22:29:44.290358 2024] [socache_shmcb:debug] [pid 18] mod_socache_shmcb.c(898): AH00849: match at idx=0, data=0
[Tue Mar 05 22:29:44.290915 2024] [socache_shmcb:debug] [pid 18] mod_socache_shmcb.c(556): AH00836: leaving socache_shmcb_retrieve successfully
[Tue Mar 05 22:29:44.291463 2024] [core:debug] [pid 18] protocol.c(2460): [client 192.168.65.1:56703] AH03155: select protocol from , choices=h2,http/1.1 for server localhost
[Tue Mar 05 22:29:44.291580 2024] [ssl:debug] [pid 24] ssl_engine_kernel.c(415): [client 192.168.65.1:56701] AH02034: Subsequent (No.3) HTTPS request received for child 7 (server localhost:443), referer: https://localhost/index.php?page=models
[Tue Mar 05 22:29:44.292725 2024] [socache_shmcb:debug] [pid 18] mod_socache_shmcb.c(570): AH00837: socache_shmcb_remove (0xa1 -> subcache 1)
[Tue Mar 05 22:29:44.292739 2024] [authz_core:debug] [pid 24] mod_authz_core.c(815): [client 192.168.65.1:56701] AH01626: authorization result of Require all granted: granted, referer: https://localhost/index.php?page=models
[Tue Mar 05 22:29:44.293356 2024] [authz_core:debug] [pid 24] mod_authz_core.c(815): [client 192.168.65.1:56701] AH01626: authorization result of <RequireAny>: granted, referer: https://localhost/index.php?page=models
[Tue Mar 05 22:29:44.293085 2024] [socache_shmcb:debug] [pid 18] mod_socache_shmcb.c(954): AH00852: possible match at idx=0, data=0
[Tue Mar 05 22:29:44.293847 2024] [socache_shmcb:debug] [pid 18] mod_socache_shmcb.c(959): AH00853: shmcb_subcache_remove removing matching entry
[Tue Mar 05 22:29:44.293606 2024] [core:info] [pid 24] [client 192.168.65.1:56701] AH00128: File does not exist: /var/www/html/badi/assets/dist/js/bootstrap.bundle.min.js, referer: https://localhost/index.php?page=models
[Tue Mar 05 22:29:44.294129 2024] [socache_shmcb:debug] [pid 18] mod_socache_shmcb.c(585): AH00839: leaving socache_shmcb_remove successfully
[Tue Mar 05 22:29:44.294639 2024] [ssl:info] [pid 18] [client 192.168.65.1:56703] AH02008: SSL library error 1 in handshake (server localhost:443)
[Tue Mar 05 22:29:44.295089 2024] [ssl:info] [pid 18] SSL Library Error: error:0A000416:SSL routines::sslv3 alert certificate unknown (SSL alert number 46)
[Tue Mar 05 22:29:44.295477 2024] [ssl:info] [pid 18] [client 192.168.65.1:56703] AH01998: Connection closed to child 1 with abortive shutdown (server localhost:443)
[Tue Mar 05 22:29:45.697944 2024] [ssl:debug] [pid 24] ssl_engine_kernel.c(415): [client 192.168.65.1:56701] AH02034: Subsequent (No.4) HTTPS request received for child 7 (server localhost:443), referer: https://localhost/index.php?page=models
[Tue Mar 05 22:29:45.698672 2024] [authz_core:debug] [pid 24] mod_authz_core.c(815): [client 192.168.65.1:56701] AH01626: authorization result of Require all granted: granted, referer: https://localhost/index.php?page=models
[Tue Mar 05 22:29:45.698929 2024] [authz_core:debug] [pid 24] mod_authz_core.c(815): [client 192.168.65.1:56701] AH01626: authorization result of <RequireAny>: granted, referer: https://localhost/index.php?page=models
[Tue Mar 05 22:29:45.699604 2024] [ssl:info] [pid 20] [client 192.168.65.1:56704] AH01964: Connection to child 3 established (server localhost:443)
[Tue Mar 05 22:29:45.700169 2024] [ssl:debug] [pid 20] ssl_engine_kernel.c(2395): [client 192.168.65.1:56704] AH02043: SSL virtual host for servername localhost found
[Tue Mar 05 22:29:45.700404 2024] [socache_shmcb:debug] [pid 20] mod_socache_shmcb.c(545): AH00835: socache_shmcb_retrieve (0x7b -> subcache 27)
[Tue Mar 05 22:29:45.700662 2024] [socache_shmcb:debug] [pid 20] mod_socache_shmcb.c(898): AH00849: match at idx=0, data=0
[Tue Mar 05 22:29:45.700943 2024] [socache_shmcb:debug] [pid 20] mod_socache_shmcb.c(556): AH00836: leaving socache_shmcb_retrieve successfully
[Tue Mar 05 22:29:45.701340 2024] [core:debug] [pid 20] protocol.c(2460): [client 192.168.65.1:56704] AH03155: select protocol from , choices=h2,http/1.1 for server localhost
[Tue Mar 05 22:29:45.702790 2024] [socache_shmcb:debug] [pid 20] mod_socache_shmcb.c(570): AH00837: socache_shmcb_remove (0x7b -> subcache 27)
[Tue Mar 05 22:29:45.703074 2024] [socache_shmcb:debug] [pid 20] mod_socache_shmcb.c(954): AH00852: possible match at idx=0, data=0
[Tue Mar 05 22:29:45.703281 2024] [socache_shmcb:debug] [pid 20] mod_socache_shmcb.c(959): AH00853: shmcb_subcache_remove removing matching entry
[Tue Mar 05 22:29:45.703489 2024] [socache_shmcb:debug] [pid 20] mod_socache_shmcb.c(585): AH00839: leaving socache_shmcb_remove successfully
[Tue Mar 05 22:29:45.703764 2024] [ssl:info] [pid 20] [client 192.168.65.1:56704] AH02008: SSL library error 1 in handshake (server localhost:443)
[Tue Mar 05 22:29:45.703999 2024] [ssl:info] [pid 20] SSL Library Error: error:0A000416:SSL routines::sslv3 alert certificate unknown (SSL alert number 46)
[Tue Mar 05 22:29:45.704438 2024] [ssl:info] [pid 20] [client 192.168.65.1:56704] AH01998: Connection closed to child 3 with abortive shutdown (server localhost:443)
[Tue Mar 05 22:29:45.725327 2024] [deflate:debug] [pid 24] mod_deflate.c(869): [client 192.168.65.1:56701] AH01384: Zlib: Compressed 12983 to 2687 : URL /index.php, referer: https://localhost/index.php?page=models
[Tue Mar 05 22:29:45.738627 2024] [ssl:debug] [pid 24] ssl_engine_kernel.c(415): [client 192.168.65.1:56701] AH02034: Subsequent (No.5) HTTPS request received for child 7 (server localhost:443), referer: https://localhost/index.php?page=users
[Tue Mar 05 22:29:45.739844 2024] [authz_core:debug] [pid 24] mod_authz_core.c(815): [client 192.168.65.1:56701] AH01626: authorization result of Require all granted: granted, referer: https://localhost/index.php?page=users
[Tue Mar 05 22:29:45.740113 2024] [authz_core:debug] [pid 24] mod_authz_core.c(815): [client 192.168.65.1:56701] AH01626: authorization result of <RequireAny>: granted, referer: https://localhost/index.php?page=users
[Tue Mar 05 22:29:45.740007 2024] [ssl:info] [pid 19] [client 192.168.65.1:56706] AH01964: Connection to child 2 established (server localhost:443)
[Tue Mar 05 22:29:45.740444 2024] [core:info] [pid 24] [client 192.168.65.1:56701] AH00128: File does not exist: /var/www/html/badi/assets/dist/css/dashboard.css, referer: https://localhost/index.php?page=users
[Tue Mar 05 22:29:45.740834 2024] [ssl:debug] [pid 19] ssl_engine_kernel.c(2395): [client 192.168.65.1:56706] AH02043: SSL virtual host for servername localhost found
[Tue Mar 05 22:29:45.741224 2024] [core:debug] [pid 19] protocol.c(2460): [client 192.168.65.1:56706] AH03155: select protocol from , choices=h2,http/1.1 for server localhost
[Tue Mar 05 22:29:45.741810 2024] [ssl:debug] [pid 24] ssl_engine_kernel.c(415): [client 192.168.65.1:56701] AH02034: Subsequent (No.6) HTTPS request received for child 7 (server localhost:443), referer: https://localhost/index.php?page=users
[Tue Mar 05 22:29:45.742396 2024] [authz_core:debug] [pid 24] mod_authz_core.c(815): [client 192.168.65.1:56701] AH01626: authorization result of Require all granted: granted, referer: https://localhost/index.php?page=users
[Tue Mar 05 22:29:45.742594 2024] [authz_core:debug] [pid 24] mod_authz_core.c(815): [client 192.168.65.1:56701] AH01626: authorization result of <RequireAny>: granted, referer: https://localhost/index.php?page=users
[Tue Mar 05 22:29:45.742805 2024] [core:info] [pid 24] [client 192.168.65.1:56701] AH00128: File does not exist: /var/www/html/badi/assets/dist/js/bootstrap.bundle.min.js, referer: https://localhost/index.php?page=users
[Tue Mar 05 22:29:45.753004 2024] [ssl:info] [pid 19] [client 192.168.65.1:56706] AH02008: SSL library error 1 in handshake (server localhost:443)
[Tue Mar 05 22:29:45.753346 2024] [ssl:info] [pid 19] SSL Library Error: error:0A000416:SSL routines::sslv3 alert certificate unknown (SSL alert number 46)
[Tue Mar 05 22:29:45.753604 2024] [ssl:info] [pid 19] [client 192.168.65.1:56706] AH01998: Connection closed to child 2 with abortive shutdown (server localhost:443)
[Tue Mar 05 22:29:50.749056 2024] [ssl:debug] [pid 24] ssl_engine_io.c(1147): [client 192.168.65.1:56701] AH02001: Connection closed to child 7 with standard shutdown (server localhost:443)
[Tue Mar 05 22:29:56.011602 2024] [ssl:info] [pid 23] [client 192.168.65.1:56732] AH01964: Connection to child 6 established (server localhost:443)
[Tue Mar 05 22:29:56.012217 2024] [ssl:debug] [pid 23] ssl_engine_kernel.c(2395): [client 192.168.65.1:56732] AH02043: SSL virtual host for servername localhost found
[Tue Mar 05 22:29:56.012542 2024] [core:debug] [pid 23] protocol.c(2460): [client 192.168.65.1:56732] AH03155: select protocol from , choices=h2,http/1.1 for server localhost
[Tue Mar 05 22:29:56.029594 2024] [ssl:info] [pid 23] [client 192.168.65.1:56732] AH02008: SSL library error 1 in handshake (server localhost:443)
[Tue Mar 05 22:29:56.030055 2024] [ssl:info] [pid 23] SSL Library Error: error:0A000416:SSL routines::sslv3 alert certificate unknown (SSL alert number 46)
[Tue Mar 05 22:29:56.030308 2024] [ssl:info] [pid 23] [client 192.168.65.1:56732] AH01998: Connection closed to child 6 with abortive shutdown (server localhost:443)
[Tue Mar 05 22:29:56.099079 2024] [ssl:info] [pid 22] [client 192.168.65.1:56733] AH01964: Connection to child 5 established (server localhost:443)
[Tue Mar 05 22:29:56.099741 2024] [ssl:debug] [pid 22] ssl_engine_kernel.c(2395): [client 192.168.65.1:56733] AH02043: SSL virtual host for servername localhost found
[Tue Mar 05 22:29:56.099873 2024] [ssl:info] [pid 18] [client 192.168.65.1:56734] AH01964: Connection to child 1 established (server localhost:443)
[Tue Mar 05 22:29:56.100169 2024] [core:debug] [pid 22] protocol.c(2460): [client 192.168.65.1:56733] AH03155: select protocol from , choices=h2,http/1.1 for server localhost
[Tue Mar 05 22:29:56.100436 2024] [ssl:debug] [pid 18] ssl_engine_kernel.c(2395): [client 192.168.65.1:56734] AH02043: SSL virtual host for servername localhost found
[Tue Mar 05 22:29:56.100831 2024] [core:debug] [pid 18] protocol.c(2460): [client 192.168.65.1:56734] AH03155: select protocol from , choices=h2,http/1.1 for server localhost
[Tue Mar 05 22:29:56.118209 2024] [ssl:info] [pid 22] [client 192.168.65.1:56733] AH02008: SSL library error 1 in handshake (server localhost:443)
[Tue Mar 05 22:29:56.118734 2024] [ssl:info] [pid 22] SSL Library Error: error:0A000416:SSL routines::sslv3 alert certificate unknown (SSL alert number 46)
[Tue Mar 05 22:29:56.118450 2024] [ssl:info] [pid 18] [client 192.168.65.1:56734] AH02008: SSL library error 1 in handshake (server localhost:443)
[Tue Mar 05 22:29:56.119044 2024] [ssl:info] [pid 22] [client 192.168.65.1:56733] AH01998: Connection closed to child 5 with abortive shutdown (server localhost:443)
[Tue Mar 05 22:29:56.119639 2024] [ssl:info] [pid 18] SSL Library Error: error:0A000416:SSL routines::sslv3 alert certificate unknown (SSL alert number 46)
[Tue Mar 05 22:29:56.120334 2024] [ssl:info] [pid 18] [client 192.168.65.1:56734] AH01998: Connection closed to child 1 with abortive shutdown (server localhost:443)
[Tue Mar 05 22:29:56.119887 2024] [ssl:info] [pid 20] [client 192.168.65.1:56735] AH01964: Connection to child 3 established (server localhost:443)
[Tue Mar 05 22:29:56.121408 2024] [ssl:debug] [pid 20] ssl_engine_kernel.c(2395): [client 192.168.65.1:56735] AH02043: SSL virtual host for servername localhost found
[Tue Mar 05 22:29:56.121878 2024] [core:debug] [pid 20] protocol.c(2460): [client 192.168.65.1:56735] AH03155: select protocol from , choices=h2,http/1.1 for server localhost
[Tue Mar 05 22:29:56.137788 2024] [ssl:debug] [pid 20] ssl_engine_kernel.c(2254): [client 192.168.65.1:56735] AH02041: Protocol: TLSv1.3, Cipher: TLS_AES_128_GCM_SHA256 (128/128 bits)
[Tue Mar 05 22:29:56.138206 2024] [socache_shmcb:debug] [pid 20] mod_socache_shmcb.c(508): AH00831: socache_shmcb_store (0xbc -> subcache 28)
[Tue Mar 05 22:29:56.138467 2024] [socache_shmcb:debug] [pid 20] mod_socache_shmcb.c(862): AH00847: insert happened at idx=0, data=(0:32)
[Tue Mar 05 22:29:56.138712 2024] [socache_shmcb:debug] [pid 20] mod_socache_shmcb.c(865): AH00848: finished insert, subcache: idx_pos/idx_used=0/1, data_pos/data_used=0/202
[Tue Mar 05 22:29:56.138950 2024] [socache_shmcb:debug] [pid 20] mod_socache_shmcb.c(530): AH00834: leaving socache_shmcb_store successfully
[Tue Mar 05 22:29:56.139309 2024] [socache_shmcb:debug] [pid 20] mod_socache_shmcb.c(508): AH00831: socache_shmcb_store (0x25 -> subcache 5)
[Tue Mar 05 22:29:56.139662 2024] [socache_shmcb:debug] [pid 20] mod_socache_shmcb.c(862): AH00847: insert happened at idx=0, data=(0:32)
[Tue Mar 05 22:29:56.139885 2024] [socache_shmcb:debug] [pid 20] mod_socache_shmcb.c(865): AH00848: finished insert, subcache: idx_pos/idx_used=0/1, data_pos/data_used=0/202
[Tue Mar 05 22:29:56.140145 2024] [socache_shmcb:debug] [pid 20] mod_socache_shmcb.c(530): AH00834: leaving socache_shmcb_store successfully
[Tue Mar 05 22:29:56.140657 2024] [ssl:debug] [pid 20] ssl_engine_kernel.c(415): [client 192.168.65.1:56735] AH02034: Initial (No.1) HTTPS request received for child 3 (server localhost:443), referer: https://localhost/index.php?page=users
[Tue Mar 05 22:29:56.141310 2024] [authz_core:debug] [pid 20] mod_authz_core.c(815): [client 192.168.65.1:56735] AH01626: authorization result of Require all granted: granted, referer: https://localhost/index.php?page=users
[Tue Mar 05 22:29:56.141549 2024] [authz_core:debug] [pid 20] mod_authz_core.c(815): [client 192.168.65.1:56735] AH01626: authorization result of <RequireAny>: granted, referer: https://localhost/index.php?page=users
[Tue Mar 05 22:29:56.166191 2024] [deflate:debug] [pid 20] mod_deflate.c(869): [client 192.168.65.1:56735] AH01384: Zlib: Compressed 113891 to 7074 : URL /index.php, referer: https://localhost/index.php?page=users
[Tue Mar 05 22:29:56.179819 2024] [ssl:debug] [pid 20] ssl_engine_kernel.c(415): [client 192.168.65.1:56735] AH02034: Subsequent (No.2) HTTPS request received for child 3 (server localhost:443), referer: https://localhost/index.php?page=aspects
[Tue Mar 05 22:29:56.180982 2024] [ssl:info] [pid 19] [client 192.168.65.1:56737] AH01964: Connection to child 2 established (server localhost:443)
[Tue Mar 05 22:29:56.181596 2024] [authz_core:debug] [pid 20] mod_authz_core.c(815): [client 192.168.65.1:56735] AH01626: authorization result of Require all granted: granted, referer: https://localhost/index.php?page=aspects
[Tue Mar 05 22:29:56.181994 2024] [authz_core:debug] [pid 20] mod_authz_core.c(815): [client 192.168.65.1:56735] AH01626: authorization result of <RequireAny>: granted, referer: https://localhost/index.php?page=aspects
[Tue Mar 05 22:29:56.181900 2024] [ssl:debug] [pid 19] ssl_engine_kernel.c(2395): [client 192.168.65.1:56737] AH02043: SSL virtual host for servername localhost found
[Tue Mar 05 22:29:56.182465 2024] [socache_shmcb:debug] [pid 19] mod_socache_shmcb.c(545): AH00835: socache_shmcb_retrieve (0x25 -> subcache 5)
[Tue Mar 05 22:29:56.182275 2024] [core:info] [pid 20] [client 192.168.65.1:56735] AH00128: File does not exist: /var/www/html/badi/assets/dist/css/dashboard.css, referer: https://localhost/index.php?page=aspects
[Tue Mar 05 22:29:56.182658 2024] [socache_shmcb:debug] [pid 19] mod_socache_shmcb.c(898): AH00849: match at idx=0, data=0
[Tue Mar 05 22:29:56.183054 2024] [socache_shmcb:debug] [pid 19] mod_socache_shmcb.c(556): AH00836: leaving socache_shmcb_retrieve successfully
[Tue Mar 05 22:29:56.184243 2024] [core:debug] [pid 19] protocol.c(2460): [client 192.168.65.1:56737] AH03155: select protocol from , choices=h2,http/1.1 for server localhost
[Tue Mar 05 22:29:56.184641 2024] [ssl:debug] [pid 20] ssl_engine_kernel.c(415): [client 192.168.65.1:56735] AH02034: Subsequent (No.3) HTTPS request received for child 3 (server localhost:443), referer: https://localhost/index.php?page=aspects
[Tue Mar 05 22:29:56.185497 2024] [authz_core:debug] [pid 20] mod_authz_core.c(815): [client 192.168.65.1:56735] AH01626: authorization result of Require all granted: granted, referer: https://localhost/index.php?page=aspects
[Tue Mar 05 22:29:56.185931 2024] [authz_core:debug] [pid 20] mod_authz_core.c(815): [client 192.168.65.1:56735] AH01626: authorization result of <RequireAny>: granted, referer: https://localhost/index.php?page=aspects
[Tue Mar 05 22:29:56.185760 2024] [socache_shmcb:debug] [pid 19] mod_socache_shmcb.c(570): AH00837: socache_shmcb_remove (0x25 -> subcache 5)
[Tue Mar 05 22:29:56.186304 2024] [socache_shmcb:debug] [pid 19] mod_socache_shmcb.c(954): AH00852: possible match at idx=0, data=0
[Tue Mar 05 22:29:56.186118 2024] [core:info] [pid 20] [client 192.168.65.1:56735] AH00128: File does not exist: /var/www/html/badi/assets/dist/js/bootstrap.bundle.min.js, referer: https://localhost/index.php?page=aspects
[Tue Mar 05 22:29:56.186457 2024] [socache_shmcb:debug] [pid 19] mod_socache_shmcb.c(959): AH00853: shmcb_subcache_remove removing matching entry
[Tue Mar 05 22:29:56.186831 2024] [socache_shmcb:debug] [pid 19] mod_socache_shmcb.c(585): AH00839: leaving socache_shmcb_remove successfully
[Tue Mar 05 22:29:56.187365 2024] [ssl:info] [pid 19] [client 192.168.65.1:56737] AH02008: SSL library error 1 in handshake (server localhost:443)
[Tue Mar 05 22:29:56.187523 2024] [ssl:info] [pid 19] SSL Library Error: error:0A000416:SSL routines::sslv3 alert certificate unknown (SSL alert number 46)
[Tue Mar 05 22:29:56.187675 2024] [ssl:info] [pid 19] [client 192.168.65.1:56737] AH01998: Connection closed to child 2 with abortive shutdown (server localhost:443)
[Tue Mar 05 22:30:01.187500 2024] [ssl:debug] [pid 20] ssl_engine_io.c(1147): [client 192.168.65.1:56735] AH02001: Connection closed to child 3 with standard shutdown (server localhost:443)
[Tue Mar 05 22:30:09.405440 2024] [reqtimeout:info] [pid 21] [client 192.168.65.1:64905] AH01382: Request header read timeout
[Tue Mar 05 22:30:09.407229 2024] [reqtimeout:info] [pid 17] [client 192.168.65.1:64906] AH01382: Request header read timeout
[Tue Mar 05 22:30:12.737034 2024] [ssl:info] [pid 24] [client 192.168.65.1:56791] AH01964: Connection to child 7 established (server localhost:443)
[Tue Mar 05 22:30:12.737739 2024] [ssl:debug] [pid 24] ssl_engine_kernel.c(2395): [client 192.168.65.1:56791] AH02043: SSL virtual host for servername localhost found
[Tue Mar 05 22:30:12.737990 2024] [socache_shmcb:debug] [pid 24] mod_socache_shmcb.c(545): AH00835: socache_shmcb_retrieve (0xbc -> subcache 28)
[Tue Mar 05 22:30:12.738164 2024] [socache_shmcb:debug] [pid 24] mod_socache_shmcb.c(898): AH00849: match at idx=0, data=0
[Tue Mar 05 22:30:12.738373 2024] [socache_shmcb:debug] [pid 24] mod_socache_shmcb.c(556): AH00836: leaving socache_shmcb_retrieve successfully
[Tue Mar 05 22:30:12.738818 2024] [core:debug] [pid 24] protocol.c(2460): [client 192.168.65.1:56791] AH03155: select protocol from , choices=h2,http/1.1 for server localhost
[Tue Mar 05 22:30:12.740212 2024] [socache_shmcb:debug] [pid 24] mod_socache_shmcb.c(570): AH00837: socache_shmcb_remove (0xbc -> subcache 28)
[Tue Mar 05 22:30:12.740534 2024] [socache_shmcb:debug] [pid 24] mod_socache_shmcb.c(954): AH00852: possible match at idx=0, data=0
[Tue Mar 05 22:30:12.740687 2024] [socache_shmcb:debug] [pid 24] mod_socache_shmcb.c(959): AH00853: shmcb_subcache_remove removing matching entry
[Tue Mar 05 22:30:12.740830 2024] [socache_shmcb:debug] [pid 24] mod_socache_shmcb.c(585): AH00839: leaving socache_shmcb_remove successfully
[Tue Mar 05 22:30:12.740999 2024] [ssl:info] [pid 24] [client 192.168.65.1:56791] AH02008: SSL library error 1 in handshake (server localhost:443)
[Tue Mar 05 22:30:12.741152 2024] [ssl:info] [pid 24] SSL Library Error: error:0A000416:SSL routines::sslv3 alert certificate unknown (SSL alert number 46)
[Tue Mar 05 22:30:12.741309 2024] [ssl:info] [pid 24] [client 192.168.65.1:56791] AH01998: Connection closed to child 7 with abortive shutdown (server localhost:443)
[Tue Mar 05 22:34:15.553214 2024] [core:info] [pid 1] AH00096: removed PID file /var/run/apache2/apache2.pid (pid=1)
[Tue Mar 05 22:34:15.553776 2024] [mpm_prefork:notice] [pid 1] AH00170: caught SIGWINCH, shutting down gracefully
[Wed Mar 06 08:39:39.346494 2024] [ssl:info] [pid 1] AH01883: Init: Initialized OpenSSL library
[Wed Mar 06 08:39:39.347995 2024] [ssl:debug] [pid 1] ssl_engine_init.c(353): AH01886: OpenSSL has FIPS mode disabled
[Wed Mar 06 08:39:39.348122 2024] [ssl:info] [pid 1] AH01887: Init: Initializing (virtual) servers for SSL
[Wed Mar 06 08:39:39.348232 2024] [ssl:info] [pid 1] AH01914: Configuring server localhost:443 for SSL protocol
[Wed Mar 06 08:39:39.349232 2024] [ssl:debug] [pid 1] ssl_engine_init.c(526): AH01893: Configuring TLS extension handling
[Wed Mar 06 08:39:39.350919 2024] [ssl:debug] [pid 1] ssl_util_ssl.c(451): AH02412: [localhost:443] Cert matches for name 'localhost' [subject: CN=localhost,O=Example-Certificates,L=YourCity,ST=YourState,C=US / issuer: CN=localhost,O=Example-Certificates,L=YourCity,ST=YourState,C=US / serial: 3359555F69303F915EB31FFD89BEB19DAE1284D5 / notbefore: Mar  5 21:43:24 2024 GMT / notafter: Mar  3 21:43:24 2034 GMT]
[Wed Mar 06 08:39:39.351005 2024] [ssl:info] [pid 1] AH02568: Certificate and private key localhost:443:0 configured from /etc/apache2/ssl/certificate.crt and /etc/apache2/ssl/private.key
[Wed Mar 06 08:39:39.351492 2024] [ssl:info] [pid 1] AH01876: mod_ssl/2.4.57 compiled against Server: Apache/2.4.57, Library: OpenSSL/3.0.8
[Wed Mar 06 08:39:39.365330 2024] [so:warn] [pid 1] AH01574: module ssl_module is already loaded, skipping
[Wed Mar 06 08:39:39.404525 2024] [ssl:info] [pid 1] AH01883: Init: Initialized OpenSSL library
[Wed Mar 06 08:39:39.405083 2024] [ssl:debug] [pid 1] ssl_engine_init.c(353): AH01886: OpenSSL has FIPS mode disabled
[Wed Mar 06 08:39:39.405473 2024] [socache_shmcb:debug] [pid 1] mod_socache_shmcb.c(414): AH00821: shmcb_init allocated 512000 bytes of shared memory
[Wed Mar 06 08:39:39.405770 2024] [socache_shmcb:debug] [pid 1] mod_socache_shmcb.c(428): AH00822: for 511912 bytes (512000 including header), recommending 32 subcaches, 88 indexes each
[Wed Mar 06 08:39:39.405938 2024] [socache_shmcb:debug] [pid 1] mod_socache_shmcb.c(465): AH00824: shmcb_init_memory choices follow
[Wed Mar 06 08:39:39.406141 2024] [socache_shmcb:debug] [pid 1] mod_socache_shmcb.c(467): AH00825: subcache_num = 32
[Wed Mar 06 08:39:39.406234 2024] [socache_shmcb:debug] [pid 1] mod_socache_shmcb.c(469): AH00826: subcache_size = 15992
[Wed Mar 06 08:39:39.406310 2024] [socache_shmcb:debug] [pid 1] mod_socache_shmcb.c(471): AH00827: subcache_data_offset = 2128
[Wed Mar 06 08:39:39.406462 2024] [socache_shmcb:debug] [pid 1] mod_socache_shmcb.c(473): AH00828: subcache_data_size = 13864
[Wed Mar 06 08:39:39.406547 2024] [socache_shmcb:debug] [pid 1] mod_socache_shmcb.c(475): AH00829: index_num = 88
[Wed Mar 06 08:39:39.406700 2024] [socache_shmcb:info] [pid 1] AH00830: Shared memory socache initialised
[Wed Mar 06 08:39:39.406802 2024] [ssl:info] [pid 1] AH01887: Init: Initializing (virtual) servers for SSL
[Wed Mar 06 08:39:39.406884 2024] [ssl:info] [pid 1] AH01914: Configuring server localhost:443 for SSL protocol
[Wed Mar 06 08:39:39.407246 2024] [ssl:debug] [pid 1] ssl_engine_init.c(526): AH01893: Configuring TLS extension handling
[Wed Mar 06 08:39:39.408307 2024] [ssl:debug] [pid 1] ssl_util_ssl.c(451): AH02412: [localhost:443] Cert matches for name 'localhost' [subject: CN=localhost,O=Example-Certificates,L=YourCity,ST=YourState,C=US / issuer: CN=localhost,O=Example-Certificates,L=YourCity,ST=YourState,C=US / serial: 3359555F69303F915EB31FFD89BEB19DAE1284D5 / notbefore: Mar  5 21:43:24 2024 GMT / notafter: Mar  3 21:43:24 2034 GMT]
[Wed Mar 06 08:39:39.408433 2024] [ssl:info] [pid 1] AH02568: Certificate and private key localhost:443:0 configured from /etc/apache2/ssl/certificate.crt and /etc/apache2/ssl/private.key
[Wed Mar 06 08:39:39.408950 2024] [ssl:info] [pid 1] AH01876: mod_ssl/2.4.57 compiled against Server: Apache/2.4.57, Library: OpenSSL/3.0.8
[Wed Mar 06 08:39:39.409040 2024] [watchdog:debug] [pid 1] mod_watchdog.c(445): AH010033: Watchdog: Running with WatchdogInterval 1000ms
[Wed Mar 06 08:39:39.409141 2024] [watchdog:debug] [pid 1] mod_watchdog.c(454): AH02974: Watchdog: found parent providers.
[Wed Mar 06 08:39:39.409229 2024] [watchdog:debug] [pid 1] mod_watchdog.c(500): AH02977: Watchdog: found child providers.
[Wed Mar 06 08:39:39.409339 2024] [watchdog:debug] [pid 1] mod_watchdog.c(508): AH02978: Watchdog: Looking for child (_singleton_).
[Wed Mar 06 08:39:39.409458 2024] [watchdog:debug] [pid 1] mod_watchdog.c(508): AH02978: Watchdog: Looking for child (_default_).
[Wed Mar 06 08:39:39.410424 2024] [watchdog:debug] [pid 17] mod_watchdog.c(559): AH02980: Watchdog: nothing configured?
[Wed Mar 06 08:39:39.411501 2024] [watchdog:debug] [pid 20] mod_watchdog.c(559): AH02980: Watchdog: nothing configured?
[Wed Mar 06 08:39:39.411175 2024] [watchdog:debug] [pid 18] mod_watchdog.c(559): AH02980: Watchdog: nothing configured?
[Wed Mar 06 08:39:39.411220 2024] [watchdog:debug] [pid 19] mod_watchdog.c(559): AH02980: Watchdog: nothing configured?
[Wed Mar 06 08:39:39.411392 2024] [mpm_prefork:notice] [pid 1] AH00163: Apache/2.4.57 (Debian) PHP/8.3.3 OpenSSL/3.0.11 configured -- resuming normal operations
[Wed Mar 06 08:39:39.412077 2024] [mpm_prefork:info] [pid 1] AH00164: Server built: 2023-04-13T03:26:51
[Wed Mar 06 08:39:39.411711 2024] [watchdog:debug] [pid 21] mod_watchdog.c(559): AH02980: Watchdog: nothing configured?
[Wed Mar 06 08:39:39.412195 2024] [core:notice] [pid 1] AH00094: Command line: 'apache2 -D FOREGROUND'
[Wed Mar 06 08:39:39.412443 2024] [core:debug] [pid 1] log.c(1570): AH02639: Using SO_REUSEPORT: yes (1)
[Wed Mar 06 08:39:39.412525 2024] [mpm_prefork:debug] [pid 1] prefork.c(970): AH00165: Accept mutex: pthread (default: pthread)
[Wed Mar 06 08:40:37.750782 2024] [ssl:info] [pid 17] [client 192.168.65.1:58991] AH01964: Connection to child 0 established (server localhost:443)
[Wed Mar 06 08:40:37.752103 2024] [ssl:debug] [pid 17] ssl_engine_kernel.c(2395): [client 192.168.65.1:58991] AH02043: SSL virtual host for servername localhost found
[Wed Mar 06 08:40:37.753032 2024] [ssl:info] [pid 20] [client 192.168.65.1:58992] AH01964: Connection to child 3 established (server localhost:443)
[Wed Mar 06 08:40:37.753140 2024] [core:debug] [pid 17] protocol.c(2460): [client 192.168.65.1:58991] AH03155: select protocol from , choices=h2,http/1.1 for server localhost
[Wed Mar 06 08:40:37.753785 2024] [ssl:debug] [pid 20] ssl_engine_kernel.c(2395): [client 192.168.65.1:58992] AH02043: SSL virtual host for servername localhost found
[Wed Mar 06 08:40:37.754098 2024] [core:debug] [pid 20] protocol.c(2460): [client 192.168.65.1:58992] AH03155: select protocol from , choices=h2,http/1.1 for server localhost
[Wed Mar 06 08:40:37.772217 2024] [ssl:info] [pid 20] [client 192.168.65.1:58992] AH02008: SSL library error 1 in handshake (server localhost:443)
[Wed Mar 06 08:40:37.772627 2024] [ssl:info] [pid 17] [client 192.168.65.1:58991] AH02008: SSL library error 1 in handshake (server localhost:443)
[Wed Mar 06 08:40:37.772716 2024] [ssl:info] [pid 20] SSL Library Error: error:0A000416:SSL routines::sslv3 alert certificate unknown (SSL alert number 46)
[Wed Mar 06 08:40:37.773328 2024] [ssl:info] [pid 20] [client 192.168.65.1:58992] AH01998: Connection closed to child 3 with abortive shutdown (server localhost:443)
[Wed Mar 06 08:40:37.772980 2024] [ssl:info] [pid 17] SSL Library Error: error:0A000416:SSL routines::sslv3 alert certificate unknown (SSL alert number 46)
[Wed Mar 06 08:40:37.774099 2024] [ssl:info] [pid 17] [client 192.168.65.1:58991] AH01998: Connection closed to child 0 with abortive shutdown (server localhost:443)
[Wed Mar 06 08:40:37.773682 2024] [ssl:info] [pid 18] [client 192.168.65.1:58993] AH01964: Connection to child 1 established (server localhost:443)
[Wed Mar 06 08:40:37.775215 2024] [ssl:debug] [pid 18] ssl_engine_kernel.c(2395): [client 192.168.65.1:58993] AH02043: SSL virtual host for servername localhost found
[Wed Mar 06 08:40:37.775846 2024] [core:debug] [pid 18] protocol.c(2460): [client 192.168.65.1:58993] AH03155: select protocol from , choices=h2,http/1.1 for server localhost
[Wed Mar 06 08:40:37.786510 2024] [ssl:debug] [pid 18] ssl_engine_kernel.c(2254): [client 192.168.65.1:58993] AH02041: Protocol: TLSv1.3, Cipher: TLS_AES_128_GCM_SHA256 (128/128 bits)
[Wed Mar 06 08:40:37.787158 2024] [socache_shmcb:debug] [pid 18] mod_socache_shmcb.c(508): AH00831: socache_shmcb_store (0x8f -> subcache 15)
[Wed Mar 06 08:40:37.787590 2024] [socache_shmcb:debug] [pid 18] mod_socache_shmcb.c(862): AH00847: insert happened at idx=0, data=(0:32)
[Wed Mar 06 08:40:37.787778 2024] [socache_shmcb:debug] [pid 18] mod_socache_shmcb.c(865): AH00848: finished insert, subcache: idx_pos/idx_used=0/1, data_pos/data_used=0/203
[Wed Mar 06 08:40:37.787958 2024] [socache_shmcb:debug] [pid 18] mod_socache_shmcb.c(530): AH00834: leaving socache_shmcb_store successfully
[Wed Mar 06 08:40:37.788243 2024] [socache_shmcb:debug] [pid 18] mod_socache_shmcb.c(508): AH00831: socache_shmcb_store (0x55 -> subcache 21)
[Wed Mar 06 08:40:37.788482 2024] [socache_shmcb:debug] [pid 18] mod_socache_shmcb.c(862): AH00847: insert happened at idx=0, data=(0:32)
[Wed Mar 06 08:40:37.788635 2024] [socache_shmcb:debug] [pid 18] mod_socache_shmcb.c(865): AH00848: finished insert, subcache: idx_pos/idx_used=0/1, data_pos/data_used=0/203
[Wed Mar 06 08:40:37.788760 2024] [socache_shmcb:debug] [pid 18] mod_socache_shmcb.c(530): AH00834: leaving socache_shmcb_store successfully
[Wed Mar 06 08:40:37.789039 2024] [ssl:debug] [pid 18] ssl_engine_kernel.c(415): [client 192.168.65.1:58993] AH02034: Initial (No.1) HTTPS request received for child 1 (server localhost:443)
[Wed Mar 06 08:40:37.789569 2024] [authz_core:debug] [pid 18] mod_authz_core.c(815): [client 192.168.65.1:58993] AH01626: authorization result of Require all granted: granted
[Wed Mar 06 08:40:37.789702 2024] [authz_core:debug] [pid 18] mod_authz_core.c(815): [client 192.168.65.1:58993] AH01626: authorization result of <RequireAny>: granted
[Wed Mar 06 08:40:37.790093 2024] [authz_core:debug] [pid 18] mod_authz_core.c(815): [client 192.168.65.1:58993] AH01626: authorization result of Require all granted: granted
[Wed Mar 06 08:40:37.790214 2024] [authz_core:debug] [pid 18] mod_authz_core.c(815): [client 192.168.65.1:58993] AH01626: authorization result of <RequireAny>: granted
[Wed Mar 06 08:40:37.830167 2024] [deflate:debug] [pid 18] mod_deflate.c(869): [client 192.168.65.1:58993] AH01384: Zlib: Compressed 4464 to 1715 : URL /index.php
[Wed Mar 06 08:40:37.850675 2024] [ssl:debug] [pid 18] ssl_engine_kernel.c(415): [client 192.168.65.1:58993] AH02034: Subsequent (No.2) HTTPS request received for child 1 (server localhost:443), referer: https://localhost/
[Wed Mar 06 08:40:37.851849 2024] [ssl:info] [pid 19] [client 192.168.65.1:59000] AH01964: Connection to child 2 established (server localhost:443)
[Wed Mar 06 08:40:37.853097 2024] [ssl:debug] [pid 19] ssl_engine_kernel.c(2395): [client 192.168.65.1:59000] AH02043: SSL virtual host for servername localhost found
[Wed Mar 06 08:40:37.852044 2024] [ssl:info] [pid 21] [client 192.168.65.1:58999] AH01964: Connection to child 4 established (server localhost:443)
[Wed Mar 06 08:40:37.856098 2024] [socache_shmcb:debug] [pid 19] mod_socache_shmcb.c(545): AH00835: socache_shmcb_retrieve (0x8f -> subcache 15)
[Wed Mar 06 08:40:37.856555 2024] [socache_shmcb:debug] [pid 19] mod_socache_shmcb.c(898): AH00849: match at idx=0, data=0
[Wed Mar 06 08:40:37.856145 2024] [authz_core:debug] [pid 18] mod_authz_core.c(815): [client 192.168.65.1:58993] AH01626: authorization result of Require all granted: granted, referer: https://localhost/
[Wed Mar 06 08:40:37.856975 2024] [authz_core:debug] [pid 18] mod_authz_core.c(815): [client 192.168.65.1:58993] AH01626: authorization result of <RequireAny>: granted, referer: https://localhost/
[Wed Mar 06 08:40:37.856663 2024] [ssl:debug] [pid 21] ssl_engine_kernel.c(2395): [client 192.168.65.1:58999] AH02043: SSL virtual host for servername localhost found
[Wed Mar 06 08:40:37.856721 2024] [socache_shmcb:debug] [pid 19] mod_socache_shmcb.c(556): AH00836: leaving socache_shmcb_retrieve successfully
[Wed Mar 06 08:40:37.857173 2024] [core:info] [pid 18] [client 192.168.65.1:58993] AH00128: File does not exist: /var/www/html/badi/assets/dist/css/dashboard.css, referer: https://localhost/
[Wed Mar 06 08:40:37.857661 2024] [socache_shmcb:debug] [pid 21] mod_socache_shmcb.c(545): AH00835: socache_shmcb_retrieve (0x55 -> subcache 21)
[Wed Mar 06 08:40:37.860556 2024] [socache_shmcb:debug] [pid 21] mod_socache_shmcb.c(898): AH00849: match at idx=0, data=0
[Wed Mar 06 08:40:37.857939 2024] [core:debug] [pid 19] protocol.c(2460): [client 192.168.65.1:59000] AH03155: select protocol from , choices=h2,http/1.1 for server localhost
[Wed Mar 06 08:40:37.861180 2024] [ssl:debug] [pid 18] ssl_engine_kernel.c(415): [client 192.168.65.1:58993] AH02034: Subsequent (No.3) HTTPS request received for child 1 (server localhost:443), referer: https://localhost/
[Wed Mar 06 08:40:37.864624 2024] [socache_shmcb:debug] [pid 21] mod_socache_shmcb.c(556): AH00836: leaving socache_shmcb_retrieve successfully
[Wed Mar 06 08:40:37.866284 2024] [authz_core:debug] [pid 18] mod_authz_core.c(815): [client 192.168.65.1:58993] AH01626: authorization result of Require all granted: granted, referer: https://localhost/
[Wed Mar 06 08:40:37.866367 2024] [authz_core:debug] [pid 18] mod_authz_core.c(815): [client 192.168.65.1:58993] AH01626: authorization result of <RequireAny>: granted, referer: https://localhost/
[Wed Mar 06 08:40:37.866494 2024] [core:debug] [pid 21] protocol.c(2460): [client 192.168.65.1:58999] AH03155: select protocol from , choices=h2,http/1.1 for server localhost
[Wed Mar 06 08:40:37.866579 2024] [core:info] [pid 18] [client 192.168.65.1:58993] AH00128: File does not exist: /var/www/html/badi/assets/dist/js/bootstrap.bundle.min.js, referer: https://localhost/
[Wed Mar 06 08:40:37.866600 2024] [socache_shmcb:debug] [pid 19] mod_socache_shmcb.c(570): AH00837: socache_shmcb_remove (0x8f -> subcache 15)
[Wed Mar 06 08:40:37.866912 2024] [socache_shmcb:debug] [pid 19] mod_socache_shmcb.c(954): AH00852: possible match at idx=0, data=0
[Wed Mar 06 08:40:37.867364 2024] [ssl:info] [pid 20] [client 192.168.65.1:59025] AH01964: Connection to child 3 established (server localhost:443)
[Wed Mar 06 08:40:37.867372 2024] [socache_shmcb:debug] [pid 19] mod_socache_shmcb.c(959): AH00853: shmcb_subcache_remove removing matching entry
[Wed Mar 06 08:40:37.867749 2024] [socache_shmcb:debug] [pid 19] mod_socache_shmcb.c(585): AH00839: leaving socache_shmcb_remove successfully
[Wed Mar 06 08:40:37.867610 2024] [ssl:debug] [pid 18] ssl_engine_kernel.c(415): [client 192.168.65.1:58993] AH02034: Subsequent (No.4) HTTPS request received for child 1 (server localhost:443), referer: https://localhost/
[Wed Mar 06 08:40:37.867729 2024] [ssl:debug] [pid 20] ssl_engine_kernel.c(2395): [client 192.168.65.1:59025] AH02043: SSL virtual host for servername localhost found
[Wed Mar 06 08:40:37.867846 2024] [ssl:info] [pid 19] [client 192.168.65.1:59000] AH02008: SSL library error 1 in handshake (server localhost:443)
[Wed Mar 06 08:40:37.867849 2024] [socache_shmcb:debug] [pid 21] mod_socache_shmcb.c(570): AH00837: socache_shmcb_remove (0x55 -> subcache 21)
[Wed Mar 06 08:40:37.868544 2024] [socache_shmcb:debug] [pid 21] mod_socache_shmcb.c(954): AH00852: possible match at idx=0, data=0
[Wed Mar 06 08:40:37.868110 2024] [core:debug] [pid 20] protocol.c(2460): [client 192.168.65.1:59025] AH03155: select protocol from , choices=h2,http/1.1 for server localhost
[Wed Mar 06 08:40:37.868442 2024] [ssl:info] [pid 19] SSL Library Error: error:0A000416:SSL routines::sslv3 alert certificate unknown (SSL alert number 46)
[Wed Mar 06 08:40:37.868841 2024] [ssl:info] [pid 19] [client 192.168.65.1:59000] AH01998: Connection closed to child 2 with abortive shutdown (server localhost:443)
[Wed Mar 06 08:40:37.868643 2024] [socache_shmcb:debug] [pid 21] mod_socache_shmcb.c(959): AH00853: shmcb_subcache_remove removing matching entry
[Wed Mar 06 08:40:37.869101 2024] [socache_shmcb:debug] [pid 21] mod_socache_shmcb.c(585): AH00839: leaving socache_shmcb_remove successfully
[Wed Mar 06 08:40:37.868717 2024] [authz_core:debug] [pid 18] mod_authz_core.c(815): [client 192.168.65.1:58993] AH01626: authorization result of Require all granted: granted, referer: https://localhost/
[Wed Mar 06 08:40:37.869324 2024] [authz_core:debug] [pid 18] mod_authz_core.c(815): [client 192.168.65.1:58993] AH01626: authorization result of <RequireAny>: granted, referer: https://localhost/
[Wed Mar 06 08:40:37.869213 2024] [ssl:info] [pid 21] [client 192.168.65.1:58999] AH02008: SSL library error 1 in handshake (server localhost:443)
[Wed Mar 06 08:40:37.869653 2024] [ssl:info] [pid 21] SSL Library Error: error:0A000416:SSL routines::sslv3 alert certificate unknown (SSL alert number 46)
[Wed Mar 06 08:40:37.869801 2024] [ssl:info] [pid 21] [client 192.168.65.1:58999] AH01998: Connection closed to child 4 with abortive shutdown (server localhost:443)
[Wed Mar 06 08:40:37.870117 2024] [deflate:debug] [pid 18] mod_deflate.c(869): [client 192.168.65.1:58993] AH01384: Zlib: Compressed 978 to 461 : URL /assets/dist/js/dashboard.js, referer: https://localhost/
[Wed Mar 06 08:40:37.873406 2024] [ssl:debug] [pid 20] ssl_engine_kernel.c(2254): [client 192.168.65.1:59025] AH02041: Protocol: TLSv1.3, Cipher: TLS_AES_128_GCM_SHA256 (128/128 bits)
[Wed Mar 06 08:40:37.873585 2024] [socache_shmcb:debug] [pid 20] mod_socache_shmcb.c(508): AH00831: socache_shmcb_store (0xbb -> subcache 27)
[Wed Mar 06 08:40:37.873697 2024] [socache_shmcb:debug] [pid 20] mod_socache_shmcb.c(862): AH00847: insert happened at idx=0, data=(0:32)
[Wed Mar 06 08:40:37.873782 2024] [socache_shmcb:debug] [pid 20] mod_socache_shmcb.c(865): AH00848: finished insert, subcache: idx_pos/idx_used=0/1, data_pos/data_used=0/202
[Wed Mar 06 08:40:37.873867 2024] [socache_shmcb:debug] [pid 20] mod_socache_shmcb.c(530): AH00834: leaving socache_shmcb_store successfully
[Wed Mar 06 08:40:37.873997 2024] [socache_shmcb:debug] [pid 20] mod_socache_shmcb.c(508): AH00831: socache_shmcb_store (0x90 -> subcache 16)
[Wed Mar 06 08:40:37.874154 2024] [socache_shmcb:debug] [pid 20] mod_socache_shmcb.c(862): AH00847: insert happened at idx=0, data=(0:32)
[Wed Mar 06 08:40:37.874235 2024] [socache_shmcb:debug] [pid 20] mod_socache_shmcb.c(865): AH00848: finished insert, subcache: idx_pos/idx_used=0/1, data_pos/data_used=0/202
[Wed Mar 06 08:40:37.874358 2024] [socache_shmcb:debug] [pid 20] mod_socache_shmcb.c(530): AH00834: leaving socache_shmcb_store successfully
[Wed Mar 06 08:40:38.078965 2024] [ssl:debug] [pid 18] ssl_engine_kernel.c(415): [client 192.168.65.1:58993] AH02034: Subsequent (No.5) HTTPS request received for child 1 (server localhost:443), referer: https://localhost/
[Wed Mar 06 08:40:38.079734 2024] [authz_core:debug] [pid 18] mod_authz_core.c(815): [client 192.168.65.1:58993] AH01626: authorization result of Require all granted: granted, referer: https://localhost/
[Wed Mar 06 08:40:38.079876 2024] [authz_core:debug] [pid 18] mod_authz_core.c(815): [client 192.168.65.1:58993] AH01626: authorization result of <RequireAny>: granted, referer: https://localhost/
[Wed Mar 06 08:40:38.080050 2024] [core:info] [pid 18] [client 192.168.65.1:58993] AH00128: File does not exist: /var/www/html/favicon.ico, referer: https://localhost/
[Wed Mar 06 08:40:38.592564 2024] [watchdog:debug] [pid 22] mod_watchdog.c(559): AH02980: Watchdog: nothing configured?
[Wed Mar 06 08:40:39.598501 2024] [watchdog:debug] [pid 23] mod_watchdog.c(559): AH02980: Watchdog: nothing configured?
[Wed Mar 06 08:40:39.600236 2024] [watchdog:debug] [pid 24] mod_watchdog.c(559): AH02980: Watchdog: nothing configured?
[Wed Mar 06 08:40:43.089981 2024] [ssl:debug] [pid 18] ssl_engine_io.c(1147): [client 192.168.65.1:58993] AH02001: Connection closed to child 1 with standard shutdown (server localhost:443)
[Wed Mar 06 08:40:57.894456 2024] [reqtimeout:info] [pid 20] [client 192.168.65.1:59025] AH01382: Request header read timeout
[Wed Mar 06 08:40:57.894793 2024] [ssl:debug] [pid 20] ssl_engine_io.c(1147): [client 192.168.65.1:59025] AH02001: Connection closed to child 3 with standard shutdown (server localhost:443)
[Wed Mar 06 08:41:05.854516 2024] [ssl:info] [pid 17] [client 192.168.65.1:59082] AH01964: Connection to child 0 established (server localhost:443)
[Wed Mar 06 08:41:05.855146 2024] [ssl:debug] [pid 17] ssl_engine_kernel.c(2395): [client 192.168.65.1:59082] AH02043: SSL virtual host for servername localhost found
[Wed Mar 06 08:41:05.855396 2024] [socache_shmcb:debug] [pid 17] mod_socache_shmcb.c(545): AH00835: socache_shmcb_retrieve (0x90 -> subcache 16)
[Wed Mar 06 08:41:05.855613 2024] [socache_shmcb:debug] [pid 17] mod_socache_shmcb.c(898): AH00849: match at idx=0, data=0
[Wed Mar 06 08:41:05.855818 2024] [socache_shmcb:debug] [pid 17] mod_socache_shmcb.c(556): AH00836: leaving socache_shmcb_retrieve successfully
[Wed Mar 06 08:41:05.856252 2024] [core:debug] [pid 17] protocol.c(2460): [client 192.168.65.1:59082] AH03155: select protocol from , choices=h2,http/1.1 for server localhost
[Wed Mar 06 08:41:05.857624 2024] [socache_shmcb:debug] [pid 17] mod_socache_shmcb.c(570): AH00837: socache_shmcb_remove (0x90 -> subcache 16)
[Wed Mar 06 08:41:05.857925 2024] [socache_shmcb:debug] [pid 17] mod_socache_shmcb.c(954): AH00852: possible match at idx=0, data=0
[Wed Mar 06 08:41:05.858140 2024] [socache_shmcb:debug] [pid 17] mod_socache_shmcb.c(959): AH00853: shmcb_subcache_remove removing matching entry
[Wed Mar 06 08:41:05.858342 2024] [socache_shmcb:debug] [pid 17] mod_socache_shmcb.c(585): AH00839: leaving socache_shmcb_remove successfully
[Wed Mar 06 08:41:05.858546 2024] [ssl:info] [pid 17] [client 192.168.65.1:59082] AH02008: SSL library error 1 in handshake (server localhost:443)
[Wed Mar 06 08:41:05.858790 2024] [ssl:info] [pid 17] SSL Library Error: error:0A000416:SSL routines::sslv3 alert certificate unknown (SSL alert number 46)
[Wed Mar 06 08:41:05.858995 2024] [ssl:info] [pid 17] [client 192.168.65.1:59082] AH01998: Connection closed to child 0 with abortive shutdown (server localhost:443)
[Wed Mar 06 08:41:05.991974 2024] [ssl:info] [pid 19] [client 192.168.65.1:59083] AH01964: Connection to child 2 established (server localhost:443)
[Wed Mar 06 08:41:05.992413 2024] [ssl:info] [pid 21] [client 192.168.65.1:59084] AH01964: Connection to child 4 established (server localhost:443)
[Wed Mar 06 08:41:05.992892 2024] [ssl:debug] [pid 19] ssl_engine_kernel.c(2395): [client 192.168.65.1:59083] AH02043: SSL virtual host for servername localhost found
[Wed Mar 06 08:41:05.993125 2024] [ssl:debug] [pid 21] ssl_engine_kernel.c(2395): [client 192.168.65.1:59084] AH02043: SSL virtual host for servername localhost found
[Wed Mar 06 08:41:05.993310 2024] [socache_shmcb:debug] [pid 19] mod_socache_shmcb.c(545): AH00835: socache_shmcb_retrieve (0xbb -> subcache 27)
[Wed Mar 06 08:41:05.993749 2024] [socache_shmcb:debug] [pid 19] mod_socache_shmcb.c(898): AH00849: match at idx=0, data=0
[Wed Mar 06 08:41:05.993629 2024] [core:debug] [pid 21] protocol.c(2460): [client 192.168.65.1:59084] AH03155: select protocol from , choices=h2,http/1.1 for server localhost
[Wed Mar 06 08:41:05.993980 2024] [socache_shmcb:debug] [pid 19] mod_socache_shmcb.c(556): AH00836: leaving socache_shmcb_retrieve successfully
[Wed Mar 06 08:41:05.994618 2024] [core:debug] [pid 19] protocol.c(2460): [client 192.168.65.1:59083] AH03155: select protocol from , choices=h2,http/1.1 for server localhost
[Wed Mar 06 08:41:05.995986 2024] [socache_shmcb:debug] [pid 19] mod_socache_shmcb.c(570): AH00837: socache_shmcb_remove (0xbb -> subcache 27)
[Wed Mar 06 08:41:05.996342 2024] [socache_shmcb:debug] [pid 19] mod_socache_shmcb.c(954): AH00852: possible match at idx=0, data=0
