[Wed Mar 06 09:10:03.187485 2024] [socache_shmcb:debug] [pid 19] mod_socache_shmcb.c(545): AH00835: socache_shmcb_retrieve (0x3f -> subcache 31)
[Wed Mar 06 09:10:03.187315 2024] [authz_core:debug] [pid 17] mod_authz_core.c(815): [client 192.168.65.1:64015] AH01626: authorization result of Require all granted: granted, referer: https://localhost/index.php?page=threats
[Wed Mar 06 09:10:03.187937 2024] [authz_core:debug] [pid 17] mod_authz_core.c(815): [client 192.168.65.1:64015] AH01626: authorization result of <RequireAny>: granted, referer: https://localhost/index.php?page=threats
[Wed Mar 06 09:10:03.187722 2024] [socache_shmcb:debug] [pid 19] mod_socache_shmcb.c(898): AH00849: match at idx=0, data=0
[Wed Mar 06 09:10:03.188354 2024] [socache_shmcb:debug] [pid 19] mod_socache_shmcb.c(556): AH00836: leaving socache_shmcb_retrieve successfully
[Wed Mar 06 09:10:03.188200 2024] [core:info] [pid 17] [client 192.168.65.1:64015] AH00128: File does not exist: /var/www/html/badi/assets/dist/css/dashboard.css, referer: https://localhost/index.php?page=threats
[Wed Mar 06 09:10:03.188774 2024] [core:debug] [pid 19] protocol.c(2460): [client 192.168.65.1:64017] AH03155: select protocol from , choices=h2,http/1.1 for server localhost
[Wed Mar 06 09:10:03.190572 2024] [ssl:debug] [pid 17] ssl_engine_kernel.c(415): [client 192.168.65.1:64015] AH02034: Subsequent (No.3) HTTPS request received for child 0 (server localhost:443), referer: https://localhost/index.php?page=threats
[Wed Mar 06 09:10:03.190989 2024] [socache_shmcb:debug] [pid 19] mod_socache_shmcb.c(570): AH00837: socache_shmcb_remove (0x3f -> subcache 31)
[Wed Mar 06 09:10:03.191835 2024] [socache_shmcb:debug] [pid 19] mod_socache_shmcb.c(954): AH00852: possible match at idx=0, data=0
[Wed Mar 06 09:10:03.192145 2024] [socache_shmcb:debug] [pid 19] mod_socache_shmcb.c(959): AH00853: shmcb_subcache_remove removing matching entry
[Wed Mar 06 09:10:03.192029 2024] [authz_core:debug] [pid 17] mod_authz_core.c(815): [client 192.168.65.1:64015] AH01626: authorization result of Require all granted: granted, referer: https://localhost/index.php?page=threats
[Wed Mar 06 09:10:03.192752 2024] [authz_core:debug] [pid 17] mod_authz_core.c(815): [client 192.168.65.1:64015] AH01626: authorization result of <RequireAny>: granted, referer: https://localhost/index.php?page=threats
[Wed Mar 06 09:10:03.192555 2024] [socache_shmcb:debug] [pid 19] mod_socache_shmcb.c(585): AH00839: leaving socache_shmcb_remove successfully
[Wed Mar 06 09:10:03.192980 2024] [core:info] [pid 17] [client 192.168.65.1:64015] AH00128: File does not exist: /var/www/html/badi/assets/dist/js/bootstrap.bundle.min.js, referer: https://localhost/index.php?page=threats
[Wed Mar 06 09:10:03.193226 2024] [ssl:info] [pid 19] [client 192.168.65.1:64017] AH02008: SSL library error 1 in handshake (server localhost:443)
[Wed Mar 06 09:10:03.193549 2024] [ssl:info] [pid 19] SSL Library Error: error:0A000416:SSL routines::sslv3 alert certificate unknown (SSL alert number 46)
[Wed Mar 06 09:10:03.193864 2024] [ssl:info] [pid 19] [client 192.168.65.1:64017] AH01998: Connection closed to child 2 with abortive shutdown (server localhost:443)
[Wed Mar 06 09:10:08.198578 2024] [ssl:debug] [pid 17] ssl_engine_io.c(1147): [client 192.168.65.1:64015] AH02001: Connection closed to child 0 with standard shutdown (server localhost:443)
[Wed Mar 06 09:11:06.986572 2024] [ssl:info] [pid 18] [client 192.168.65.1:64186] AH01964: Connection to child 1 established (server localhost:443)
[Wed Mar 06 09:11:06.986816 2024] [ssl:info] [pid 22] [client 192.168.65.1:64187] AH01964: Connection to child 5 established (server localhost:443)
[Wed Mar 06 09:11:06.987278 2024] [ssl:debug] [pid 18] ssl_engine_kernel.c(2395): [client 192.168.65.1:64186] AH02043: SSL virtual host for servername localhost found
[Wed Mar 06 09:11:06.987412 2024] [ssl:debug] [pid 22] ssl_engine_kernel.c(2395): [client 192.168.65.1:64187] AH02043: SSL virtual host for servername localhost found
[Wed Mar 06 09:11:06.987564 2024] [socache_shmcb:debug] [pid 18] mod_socache_shmcb.c(545): AH00835: socache_shmcb_retrieve (0xca -> subcache 10)
[Wed Mar 06 09:11:06.988051 2024] [socache_shmcb:debug] [pid 18] mod_socache_shmcb.c(898): AH00849: match at idx=0, data=0
[Wed Mar 06 09:11:06.987890 2024] [core:debug] [pid 22] protocol.c(2460): [client 192.168.65.1:64187] AH03155: select protocol from , choices=h2,http/1.1 for server localhost
[Wed Mar 06 09:11:06.988263 2024] [socache_shmcb:debug] [pid 18] mod_socache_shmcb.c(556): AH00836: leaving socache_shmcb_retrieve successfully
[Wed Mar 06 09:11:06.988959 2024] [core:debug] [pid 18] protocol.c(2460): [client 192.168.65.1:64186] AH03155: select protocol from , choices=h2,http/1.1 for server localhost
[Wed Mar 06 09:11:06.991919 2024] [socache_shmcb:debug] [pid 18] mod_socache_shmcb.c(570): AH00837: socache_shmcb_remove (0xca -> subcache 10)
[Wed Mar 06 09:11:06.992271 2024] [socache_shmcb:debug] [pid 18] mod_socache_shmcb.c(954): AH00852: possible match at idx=0, data=0
[Wed Mar 06 09:11:06.992501 2024] [socache_shmcb:debug] [pid 18] mod_socache_shmcb.c(959): AH00853: shmcb_subcache_remove removing matching entry
[Wed Mar 06 09:11:06.992709 2024] [socache_shmcb:debug] [pid 18] mod_socache_shmcb.c(585): AH00839: leaving socache_shmcb_remove successfully
[Wed Mar 06 09:11:06.992944 2024] [ssl:info] [pid 18] [client 192.168.65.1:64186] AH02008: SSL library error 1 in handshake (server localhost:443)
[Wed Mar 06 09:11:06.993151 2024] [ssl:info] [pid 18] SSL Library Error: error:0A000416:SSL routines::sslv3 alert certificate unknown (SSL alert number 46)
[Wed Mar 06 09:11:06.993353 2024] [ssl:info] [pid 18] [client 192.168.65.1:64186] AH01998: Connection closed to child 1 with abortive shutdown (server localhost:443)
[Wed Mar 06 09:11:07.004058 2024] [ssl:info] [pid 22] [client 192.168.65.1:64187] AH02008: SSL library error 1 in handshake (server localhost:443)
[Wed Mar 06 09:11:07.004410 2024] [ssl:info] [pid 22] SSL Library Error: error:0A000416:SSL routines::sslv3 alert certificate unknown (SSL alert number 46)
[Wed Mar 06 09:11:07.005117 2024] [ssl:info] [pid 22] [client 192.168.65.1:64187] AH01998: Connection closed to child 5 with abortive shutdown (server localhost:443)
[Wed Mar 06 09:11:07.005149 2024] [ssl:info] [pid 21] [client 192.168.65.1:64188] AH01964: Connection to child 4 established (server localhost:443)
[Wed Mar 06 09:11:07.006161 2024] [ssl:debug] [pid 21] ssl_engine_kernel.c(2395): [client 192.168.65.1:64188] AH02043: SSL virtual host for servername localhost found
[Wed Mar 06 09:11:07.006618 2024] [core:debug] [pid 21] protocol.c(2460): [client 192.168.65.1:64188] AH03155: select protocol from , choices=h2,http/1.1 for server localhost
[Wed Mar 06 09:11:07.020153 2024] [ssl:debug] [pid 21] ssl_engine_kernel.c(2254): [client 192.168.65.1:64188] AH02041: Protocol: TLSv1.3, Cipher: TLS_AES_128_GCM_SHA256 (128/128 bits)
[Wed Mar 06 09:11:07.020669 2024] [socache_shmcb:debug] [pid 21] mod_socache_shmcb.c(508): AH00831: socache_shmcb_store (0xa8 -> subcache 8)
[Wed Mar 06 09:11:07.021008 2024] [socache_shmcb:debug] [pid 21] mod_socache_shmcb.c(862): AH00847: insert happened at idx=0, data=(0:32)
[Wed Mar 06 09:11:07.021349 2024] [socache_shmcb:debug] [pid 21] mod_socache_shmcb.c(865): AH00848: finished insert, subcache: idx_pos/idx_used=0/1, data_pos/data_used=0/203
[Wed Mar 06 09:11:07.021662 2024] [socache_shmcb:debug] [pid 21] mod_socache_shmcb.c(530): AH00834: leaving socache_shmcb_store successfully
[Wed Mar 06 09:11:07.022064 2024] [socache_shmcb:debug] [pid 21] mod_socache_shmcb.c(508): AH00831: socache_shmcb_store (0x8a -> subcache 10)
[Wed Mar 06 09:11:07.022675 2024] [socache_shmcb:debug] [pid 21] mod_socache_shmcb.c(745): AH00842: expiring 0 and reclaiming 1 removed socache entries
[Wed Mar 06 09:11:07.022988 2024] [socache_shmcb:debug] [pid 21] mod_socache_shmcb.c(765): AH00843: we now have 0 socache entries
[Wed Mar 06 09:11:07.023386 2024] [socache_shmcb:debug] [pid 21] mod_socache_shmcb.c(862): AH00847: insert happened at idx=0, data=(0:32)
[Wed Mar 06 09:11:07.023680 2024] [socache_shmcb:debug] [pid 21] mod_socache_shmcb.c(865): AH00848: finished insert, subcache: idx_pos/idx_used=0/1, data_pos/data_used=0/202
[Wed Mar 06 09:11:07.023981 2024] [socache_shmcb:debug] [pid 21] mod_socache_shmcb.c(530): AH00834: leaving socache_shmcb_store successfully
[Wed Mar 06 09:11:07.024516 2024] [ssl:debug] [pid 21] ssl_engine_kernel.c(415): [client 192.168.65.1:64188] AH02034: Initial (No.1) HTTPS request received for child 4 (server localhost:443), referer: https://localhost/index.php?page=aspects
[Wed Mar 06 09:11:07.025166 2024] [authz_core:debug] [pid 21] mod_authz_core.c(815): [client 192.168.65.1:64188] AH01626: authorization result of Require all granted: granted, referer: https://localhost/index.php?page=aspects
[Wed Mar 06 09:11:07.025407 2024] [authz_core:debug] [pid 21] mod_authz_core.c(815): [client 192.168.65.1:64188] AH01626: authorization result of <RequireAny>: granted, referer: https://localhost/index.php?page=aspects
[Wed Mar 06 09:11:07.046140 2024] [deflate:debug] [pid 21] mod_deflate.c(869): [client 192.168.65.1:64188] AH01384: Zlib: Compressed 11528 to 2753 : URL /index.php, referer: https://localhost/index.php?page=aspects
[Wed Mar 06 09:11:07.059751 2024] [ssl:debug] [pid 21] ssl_engine_kernel.c(415): [client 192.168.65.1:64188] AH02034: Subsequent (No.2) HTTPS request received for child 4 (server localhost:443), referer: https://localhost/index.php?page=models
[Wed Mar 06 09:11:07.060086 2024] [ssl:info] [pid 23] [client 192.168.65.1:64190] AH01964: Connection to child 6 established (server localhost:443)
[Wed Mar 06 09:11:07.060877 2024] [authz_core:debug] [pid 21] mod_authz_core.c(815): [client 192.168.65.1:64188] AH01626: authorization result of Require all granted: granted, referer: https://localhost/index.php?page=models
[Wed Mar 06 09:11:07.061206 2024] [authz_core:debug] [pid 21] mod_authz_core.c(815): [client 192.168.65.1:64188] AH01626: authorization result of <RequireAny>: granted, referer: https://localhost/index.php?page=models
[Wed Mar 06 09:11:07.060903 2024] [ssl:debug] [pid 23] ssl_engine_kernel.c(2395): [client 192.168.65.1:64190] AH02043: SSL virtual host for servername localhost found
[Wed Mar 06 09:11:07.061935 2024] [socache_shmcb:debug] [pid 23] mod_socache_shmcb.c(545): AH00835: socache_shmcb_retrieve (0x8a -> subcache 10)
[Wed Mar 06 09:11:07.061633 2024] [core:info] [pid 21] [client 192.168.65.1:64188] AH00128: File does not exist: /var/www/html/badi/assets/dist/css/dashboard.css, referer: https://localhost/index.php?page=models
[Wed Mar 06 09:11:07.062176 2024] [socache_shmcb:debug] [pid 23] mod_socache_shmcb.c(898): AH00849: match at idx=0, data=0
[Wed Mar 06 09:11:07.062890 2024] [socache_shmcb:debug] [pid 23] mod_socache_shmcb.c(556): AH00836: leaving socache_shmcb_retrieve successfully
[Wed Mar 06 09:11:07.063568 2024] [core:debug] [pid 23] protocol.c(2460): [client 192.168.65.1:64190] AH03155: select protocol from , choices=h2,http/1.1 for server localhost
[Wed Mar 06 09:11:07.063669 2024] [ssl:debug] [pid 21] ssl_engine_kernel.c(415): [client 192.168.65.1:64188] AH02034: Subsequent (No.3) HTTPS request received for child 4 (server localhost:443), referer: https://localhost/index.php?page=models
[Wed Mar 06 09:11:07.064856 2024] [socache_shmcb:debug] [pid 23] mod_socache_shmcb.c(570): AH00837: socache_shmcb_remove (0x8a -> subcache 10)
[Wed Mar 06 09:11:07.065274 2024] [socache_shmcb:debug] [pid 23] mod_socache_shmcb.c(954): AH00852: possible match at idx=0, data=0
[Wed Mar 06 09:11:07.065035 2024] [authz_core:debug] [pid 21] mod_authz_core.c(815): [client 192.168.65.1:64188] AH01626: authorization result of Require all granted: granted, referer: https://localhost/index.php?page=models
[Wed Mar 06 09:11:07.065952 2024] [authz_core:debug] [pid 21] mod_authz_core.c(815): [client 192.168.65.1:64188] AH01626: authorization result of <RequireAny>: granted, referer: https://localhost/index.php?page=models
[Wed Mar 06 09:11:07.065568 2024] [socache_shmcb:debug] [pid 23] mod_socache_shmcb.c(959): AH00853: shmcb_subcache_remove removing matching entry
[Wed Mar 06 09:11:07.066642 2024] [socache_shmcb:debug] [pid 23] mod_socache_shmcb.c(585): AH00839: leaving socache_shmcb_remove successfully
[Wed Mar 06 09:11:07.066298 2024] [core:info] [pid 21] [client 192.168.65.1:64188] AH00128: File does not exist: /var/www/html/badi/assets/dist/js/bootstrap.bundle.min.js, referer: https://localhost/index.php?page=models
[Wed Mar 06 09:11:07.066928 2024] [ssl:info] [pid 23] [client 192.168.65.1:64190] AH02008: SSL library error 1 in handshake (server localhost:443)
[Wed Mar 06 09:11:07.067544 2024] [ssl:info] [pid 23] SSL Library Error: error:0A000416:SSL routines::sslv3 alert certificate unknown (SSL alert number 46)
[Wed Mar 06 09:11:07.067820 2024] [ssl:info] [pid 23] [client 192.168.65.1:64190] AH01998: Connection closed to child 6 with abortive shutdown (server localhost:443)
[Wed Mar 06 09:11:09.168937 2024] [ssl:debug] [pid 21] ssl_engine_kernel.c(415): [client 192.168.65.1:64188] AH02034: Subsequent (No.4) HTTPS request received for child 4 (server localhost:443), referer: https://localhost/index.php?page=models
[Wed Mar 06 09:11:09.169644 2024] [authz_core:debug] [pid 21] mod_authz_core.c(815): [client 192.168.65.1:64188] AH01626: authorization result of Require all granted: granted, referer: https://localhost/index.php?page=models
[Wed Mar 06 09:11:09.170042 2024] [authz_core:debug] [pid 21] mod_authz_core.c(815): [client 192.168.65.1:64188] AH01626: authorization result of <RequireAny>: granted, referer: https://localhost/index.php?page=models
[Wed Mar 06 09:11:09.170399 2024] [ssl:info] [pid 20] [client 192.168.65.1:64219] AH01964: Connection to child 3 established (server localhost:443)
[Wed Mar 06 09:11:09.170901 2024] [ssl:debug] [pid 20] ssl_engine_kernel.c(2395): [client 192.168.65.1:64219] AH02043: SSL virtual host for servername localhost found
[Wed Mar 06 09:11:09.171146 2024] [socache_shmcb:debug] [pid 20] mod_socache_shmcb.c(545): AH00835: socache_shmcb_retrieve (0xa8 -> subcache 8)
[Wed Mar 06 09:11:09.171577 2024] [socache_shmcb:debug] [pid 20] mod_socache_shmcb.c(898): AH00849: match at idx=0, data=0
[Wed Mar 06 09:11:09.171910 2024] [socache_shmcb:debug] [pid 20] mod_socache_shmcb.c(556): AH00836: leaving socache_shmcb_retrieve successfully
[Wed Mar 06 09:11:09.172397 2024] [core:debug] [pid 20] protocol.c(2460): [client 192.168.65.1:64219] AH03155: select protocol from , choices=h2,http/1.1 for server localhost
[Wed Mar 06 09:11:09.173879 2024] [socache_shmcb:debug] [pid 20] mod_socache_shmcb.c(570): AH00837: socache_shmcb_remove (0xa8 -> subcache 8)
[Wed Mar 06 09:11:09.174185 2024] [socache_shmcb:debug] [pid 20] mod_socache_shmcb.c(954): AH00852: possible match at idx=0, data=0
[Wed Mar 06 09:11:09.174403 2024] [socache_shmcb:debug] [pid 20] mod_socache_shmcb.c(959): AH00853: shmcb_subcache_remove removing matching entry
[Wed Mar 06 09:11:09.174602 2024] [socache_shmcb:debug] [pid 20] mod_socache_shmcb.c(585): AH00839: leaving socache_shmcb_remove successfully
[Wed Mar 06 09:11:09.174814 2024] [ssl:info] [pid 20] [client 192.168.65.1:64219] AH02008: SSL library error 1 in handshake (server localhost:443)
[Wed Mar 06 09:11:09.175086 2024] [ssl:info] [pid 20] SSL Library Error: error:0A000416:SSL routines::sslv3 alert certificate unknown (SSL alert number 46)
[Wed Mar 06 09:11:09.175304 2024] [ssl:info] [pid 20] [client 192.168.65.1:64219] AH01998: Connection closed to child 3 with abortive shutdown (server localhost:443)
[Wed Mar 06 09:11:09.195443 2024] [deflate:debug] [pid 21] mod_deflate.c(869): [client 192.168.65.1:64188] AH01384: Zlib: Compressed 82057 to 5773 : URL /index.php, referer: https://localhost/index.php?page=models
[Wed Mar 06 09:11:09.210648 2024] [ssl:debug] [pid 21] ssl_engine_kernel.c(415): [client 192.168.65.1:64188] AH02034: Subsequent (No.5) HTTPS request received for child 4 (server localhost:443), referer: https://localhost/index.php?page=threats
[Wed Mar 06 09:11:09.212417 2024] [authz_core:debug] [pid 21] mod_authz_core.c(815): [client 192.168.65.1:64188] AH01626: authorization result of Require all granted: granted, referer: https://localhost/index.php?page=threats
[Wed Mar 06 09:11:09.212818 2024] [authz_core:debug] [pid 21] mod_authz_core.c(815): [client 192.168.65.1:64188] AH01626: authorization result of <RequireAny>: granted, referer: https://localhost/index.php?page=threats
[Wed Mar 06 09:11:09.212557 2024] [ssl:info] [pid 24] [client 192.168.65.1:64221] AH01964: Connection to child 7 established (server localhost:443)
[Wed Mar 06 09:11:09.213126 2024] [core:info] [pid 21] [client 192.168.65.1:64188] AH00128: File does not exist: /var/www/html/badi/assets/dist/css/dashboard.css, referer: https://localhost/index.php?page=threats
[Wed Mar 06 09:11:09.213539 2024] [ssl:debug] [pid 24] ssl_engine_kernel.c(2395): [client 192.168.65.1:64221] AH02043: SSL virtual host for servername localhost found
[Wed Mar 06 09:11:09.214245 2024] [core:debug] [pid 24] protocol.c(2460): [client 192.168.65.1:64221] AH03155: select protocol from , choices=h2,http/1.1 for server localhost
[Wed Mar 06 09:11:09.215082 2024] [ssl:debug] [pid 21] ssl_engine_kernel.c(415): [client 192.168.65.1:64188] AH02034: Subsequent (No.6) HTTPS request received for child 4 (server localhost:443), referer: https://localhost/index.php?page=threats
[Wed Mar 06 09:11:09.216582 2024] [authz_core:debug] [pid 21] mod_authz_core.c(815): [client 192.168.65.1:64188] AH01626: authorization result of Require all granted: granted, referer: https://localhost/index.php?page=threats
[Wed Mar 06 09:11:09.216851 2024] [authz_core:debug] [pid 21] mod_authz_core.c(815): [client 192.168.65.1:64188] AH01626: authorization result of <RequireAny>: granted, referer: https://localhost/index.php?page=threats
[Wed Mar 06 09:11:09.217170 2024] [core:info] [pid 21] [client 192.168.65.1:64188] AH00128: File does not exist: /var/www/html/badi/assets/dist/js/bootstrap.bundle.min.js, referer: https://localhost/index.php?page=threats
[Wed Mar 06 09:11:09.225648 2024] [ssl:info] [pid 24] [client 192.168.65.1:64221] AH02008: SSL library error 1 in handshake (server localhost:443)
[Wed Mar 06 09:11:09.226014 2024] [ssl:info] [pid 24] SSL Library Error: error:0A000416:SSL routines::sslv3 alert certificate unknown (SSL alert number 46)
[Wed Mar 06 09:11:09.226205 2024] [ssl:info] [pid 24] [client 192.168.65.1:64221] AH01998: Connection closed to child 7 with abortive shutdown (server localhost:443)
[Wed Mar 06 09:11:14.224832 2024] [ssl:debug] [pid 21] ssl_engine_io.c(1147): [client 192.168.65.1:64188] AH02001: Connection closed to child 4 with standard shutdown (server localhost:443)
[Wed Mar 06 09:11:29.165851 2024] [ssl:info] [pid 19] [client 192.168.65.1:64278] AH01964: Connection to child 2 established (server localhost:443)
[Wed Mar 06 09:11:29.166369 2024] [ssl:debug] [pid 19] ssl_engine_kernel.c(2395): [client 192.168.65.1:64278] AH02043: SSL virtual host for servername localhost found
[Wed Mar 06 09:11:29.166611 2024] [core:debug] [pid 19] protocol.c(2460): [client 192.168.65.1:64278] AH03155: select protocol from , choices=h2,http/1.1 for server localhost
[Wed Mar 06 09:11:29.181413 2024] [ssl:info] [pid 19] [client 192.168.65.1:64278] AH02008: SSL library error 1 in handshake (server localhost:443)
[Wed Mar 06 09:11:29.181876 2024] [ssl:info] [pid 19] SSL Library Error: error:0A000416:SSL routines::sslv3 alert certificate unknown (SSL alert number 46)
[Wed Mar 06 09:11:29.182036 2024] [ssl:info] [pid 19] [client 192.168.65.1:64278] AH01998: Connection closed to child 2 with abortive shutdown (server localhost:443)
[Wed Mar 06 09:11:29.198195 2024] [ssl:info] [pid 17] [client 192.168.65.1:64279] AH01964: Connection to child 0 established (server localhost:443)
[Wed Mar 06 09:11:29.198656 2024] [ssl:debug] [pid 17] ssl_engine_kernel.c(2395): [client 192.168.65.1:64279] AH02043: SSL virtual host for servername localhost found
[Wed Mar 06 09:11:29.198902 2024] [core:debug] [pid 17] protocol.c(2460): [client 192.168.65.1:64279] AH03155: select protocol from , choices=h2,http/1.1 for server localhost
[Wed Mar 06 09:11:29.202533 2024] [ssl:info] [pid 18] [client 192.168.65.1:64280] AH01964: Connection to child 1 established (server localhost:443)
[Wed Mar 06 09:11:29.202982 2024] [ssl:debug] [pid 18] ssl_engine_kernel.c(2395): [client 192.168.65.1:64280] AH02043: SSL virtual host for servername localhost found
[Wed Mar 06 09:11:29.203221 2024] [core:debug] [pid 18] protocol.c(2460): [client 192.168.65.1:64280] AH03155: select protocol from , choices=h2,http/1.1 for server localhost
[Wed Mar 06 09:11:29.213074 2024] [ssl:info] [pid 17] [client 192.168.65.1:64279] AH02008: SSL library error 1 in handshake (server localhost:443)
[Wed Mar 06 09:11:29.213398 2024] [ssl:info] [pid 17] SSL Library Error: error:0A000416:SSL routines::sslv3 alert certificate unknown (SSL alert number 46)
[Wed Mar 06 09:11:29.213620 2024] [ssl:info] [pid 17] [client 192.168.65.1:64279] AH01998: Connection closed to child 0 with abortive shutdown (server localhost:443)
[Wed Mar 06 09:11:29.217035 2024] [ssl:info] [pid 18] [client 192.168.65.1:64280] AH02008: SSL library error 1 in handshake (server localhost:443)
[Wed Mar 06 09:11:29.217360 2024] [ssl:info] [pid 18] SSL Library Error: error:0A000416:SSL routines::sslv3 alert certificate unknown (SSL alert number 46)
[Wed Mar 06 09:11:29.217853 2024] [ssl:info] [pid 18] [client 192.168.65.1:64280] AH01998: Connection closed to child 1 with abortive shutdown (server localhost:443)
[Wed Mar 06 09:11:29.218012 2024] [ssl:info] [pid 22] [client 192.168.65.1:64281] AH01964: Connection to child 5 established (server localhost:443)
[Wed Mar 06 09:11:29.218630 2024] [ssl:debug] [pid 22] ssl_engine_kernel.c(2395): [client 192.168.65.1:64281] AH02043: SSL virtual host for servername localhost found
[Wed Mar 06 09:11:29.218892 2024] [core:debug] [pid 22] protocol.c(2460): [client 192.168.65.1:64281] AH03155: select protocol from , choices=h2,http/1.1 for server localhost
[Wed Mar 06 09:11:29.226769 2024] [ssl:debug] [pid 22] ssl_engine_kernel.c(2254): [client 192.168.65.1:64281] AH02041: Protocol: TLSv1.3, Cipher: TLS_AES_128_GCM_SHA256 (128/128 bits)
[Wed Mar 06 09:11:29.227256 2024] [socache_shmcb:debug] [pid 22] mod_socache_shmcb.c(508): AH00831: socache_shmcb_store (0x03 -> subcache 3)
[Wed Mar 06 09:11:29.227633 2024] [socache_shmcb:debug] [pid 22] mod_socache_shmcb.c(862): AH00847: insert happened at idx=0, data=(0:32)
[Wed Mar 06 09:11:29.227866 2024] [socache_shmcb:debug] [pid 22] mod_socache_shmcb.c(865): AH00848: finished insert, subcache: idx_pos/idx_used=0/1, data_pos/data_used=0/202
[Wed Mar 06 09:11:29.228180 2024] [socache_shmcb:debug] [pid 22] mod_socache_shmcb.c(530): AH00834: leaving socache_shmcb_store successfully
[Wed Mar 06 09:11:29.229055 2024] [socache_shmcb:debug] [pid 22] mod_socache_shmcb.c(508): AH00831: socache_shmcb_store (0x51 -> subcache 17)
[Wed Mar 06 09:11:29.229461 2024] [socache_shmcb:debug] [pid 22] mod_socache_shmcb.c(862): AH00847: insert happened at idx=0, data=(0:32)
[Wed Mar 06 09:11:29.229653 2024] [socache_shmcb:debug] [pid 22] mod_socache_shmcb.c(865): AH00848: finished insert, subcache: idx_pos/idx_used=0/1, data_pos/data_used=0/202
[Wed Mar 06 09:11:29.229802 2024] [socache_shmcb:debug] [pid 22] mod_socache_shmcb.c(530): AH00834: leaving socache_shmcb_store successfully
[Wed Mar 06 09:11:29.230053 2024] [ssl:debug] [pid 22] ssl_engine_kernel.c(415): [client 192.168.65.1:64281] AH02034: Initial (No.1) HTTPS request received for child 5 (server localhost:443), referer: https://localhost/index.php?page=threats
[Wed Mar 06 09:11:29.230435 2024] [authz_core:debug] [pid 22] mod_authz_core.c(815): [client 192.168.65.1:64281] AH01626: authorization result of Require all granted: granted, referer: https://localhost/index.php?page=threats
[Wed Mar 06 09:11:29.230584 2024] [authz_core:debug] [pid 22] mod_authz_core.c(815): [client 192.168.65.1:64281] AH01626: authorization result of <RequireAny>: granted, referer: https://localhost/index.php?page=threats
[Wed Mar 06 09:11:29.261843 2024] [deflate:debug] [pid 22] mod_deflate.c(869): [client 192.168.65.1:64281] AH01384: Zlib: Compressed 32497 to 4526 : URL /index.php, referer: https://localhost/index.php?page=threats
[Wed Mar 06 09:11:29.270469 2024] [ssl:info] [pid 23] [client 192.168.65.1:64283] AH01964: Connection to child 6 established (server localhost:443)
[Wed Mar 06 09:11:29.270675 2024] [ssl:info] [pid 20] [client 192.168.65.1:64284] AH01964: Connection to child 3 established (server localhost:443)
[Wed Mar 06 09:11:29.271075 2024] [ssl:debug] [pid 22] ssl_engine_kernel.c(415): [client 192.168.65.1:64281] AH02034: Subsequent (No.2) HTTPS request received for child 5 (server localhost:443), referer: https://localhost/index.php?page=editThreat&editId=1
[Wed Mar 06 09:11:29.271455 2024] [ssl:info] [pid 24] [client 192.168.65.1:64285] AH01964: Connection to child 7 established (server localhost:443)
[Wed Mar 06 09:11:29.271534 2024] [ssl:info] [pid 21] [client 192.168.65.1:64287] AH01964: Connection to child 4 established (server localhost:443)
[Wed Mar 06 09:11:29.271640 2024] [ssl:info] [pid 19] [client 192.168.65.1:64286] AH01964: Connection to child 2 established (server localhost:443)
[Wed Mar 06 09:11:29.271856 2024] [ssl:debug] [pid 23] ssl_engine_kernel.c(2395): [client 192.168.65.1:64283] AH02043: SSL virtual host for servername localhost found
[Wed Mar 06 09:11:29.272092 2024] [ssl:debug] [pid 20] ssl_engine_kernel.c(2395): [client 192.168.65.1:64284] AH02043: SSL virtual host for servername localhost found
[Wed Mar 06 09:11:29.272503 2024] [ssl:debug] [pid 24] ssl_engine_kernel.c(2395): [client 192.168.65.1:64285] AH02043: SSL virtual host for servername localhost found
[Wed Mar 06 09:11:29.272627 2024] [authz_core:debug] [pid 22] mod_authz_core.c(815): [client 192.168.65.1:64281] AH01626: authorization result of Require all granted: granted, referer: https://localhost/index.php?page=editThreat&editId=1
[Wed Mar 06 09:11:29.273286 2024] [authz_core:debug] [pid 22] mod_authz_core.c(815): [client 192.168.65.1:64281] AH01626: authorization result of <RequireAny>: granted, referer: https://localhost/index.php?page=editThreat&editId=1
[Wed Mar 06 09:11:29.272709 2024] [ssl:debug] [pid 21] ssl_engine_kernel.c(2395): [client 192.168.65.1:64287] AH02043: SSL virtual host for servername localhost found
[Wed Mar 06 09:11:29.272803 2024] [ssl:debug] [pid 19] ssl_engine_kernel.c(2395): [client 192.168.65.1:64286] AH02043: SSL virtual host for servername localhost found
[Wed Mar 06 09:11:29.272896 2024] [socache_shmcb:debug] [pid 23] mod_socache_shmcb.c(545): AH00835: socache_shmcb_retrieve (0x51 -> subcache 17)
[Wed Mar 06 09:11:29.273182 2024] [core:debug] [pid 24] protocol.c(2460): [client 192.168.65.1:64285] AH03155: select protocol from , choices=h2,http/1.1 for server localhost
[Wed Mar 06 09:11:29.273549 2024] [core:info] [pid 22] [client 192.168.65.1:64281] AH00128: File does not exist: /var/www/html/badi/assets/dist/css/dashboard.css, referer: https://localhost/index.php?page=editThreat&editId=1
[Wed Mar 06 09:11:29.273762 2024] [core:debug] [pid 21] protocol.c(2460): [client 192.168.65.1:64287] AH03155: select protocol from , choices=h2,http/1.1 for server localhost
[Wed Mar 06 09:11:29.273893 2024] [core:debug] [pid 19] protocol.c(2460): [client 192.168.65.1:64286] AH03155: select protocol from , choices=h2,http/1.1 for server localhost
[Wed Mar 06 09:11:29.274015 2024] [socache_shmcb:debug] [pid 23] mod_socache_shmcb.c(898): AH00849: match at idx=0, data=0
[Wed Mar 06 09:11:29.276460 2024] [socache_shmcb:debug] [pid 23] mod_socache_shmcb.c(556): AH00836: leaving socache_shmcb_retrieve successfully
[Wed Mar 06 09:11:29.276143 2024] [ssl:debug] [pid 22] ssl_engine_kernel.c(415): [client 192.168.65.1:64281] AH02034: Subsequent (No.3) HTTPS request received for child 5 (server localhost:443), referer: https://localhost/index.php?page=editThreat&editId=1
[Wed Mar 06 09:11:29.276825 2024] [socache_shmcb:debug] [pid 20] mod_socache_shmcb.c(545): AH00835: socache_shmcb_retrieve (0x03 -> subcache 3)
[Wed Mar 06 09:11:29.277391 2024] [socache_shmcb:debug] [pid 20] mod_socache_shmcb.c(898): AH00849: match at idx=0, data=0
[Wed Mar 06 09:11:29.276859 2024] [core:debug] [pid 23] protocol.c(2460): [client 192.168.65.1:64283] AH03155: select protocol from , choices=h2,http/1.1 for server localhost
[Wed Mar 06 09:11:29.277634 2024] [authz_core:debug] [pid 22] mod_authz_core.c(815): [client 192.168.65.1:64281] AH01626: authorization result of Require all granted: granted, referer: https://localhost/index.php?page=editThreat&editId=1
[Wed Mar 06 09:11:29.278145 2024] [authz_core:debug] [pid 22] mod_authz_core.c(815): [client 192.168.65.1:64281] AH01626: authorization result of <RequireAny>: granted, referer: https://localhost/index.php?page=editThreat&editId=1
[Wed Mar 06 09:11:29.277691 2024] [socache_shmcb:debug] [pid 20] mod_socache_shmcb.c(556): AH00836: leaving socache_shmcb_retrieve successfully
[Wed Mar 06 09:11:29.278364 2024] [core:info] [pid 22] [client 192.168.65.1:64281] AH00128: File does not exist: /var/www/html/badi/assets/dist/js/jquery.min.js, referer: https://localhost/index.php?page=editThreat&editId=1
[Wed Mar 06 09:11:29.279666 2024] [core:debug] [pid 20] protocol.c(2460): [client 192.168.65.1:64284] AH03155: select protocol from , choices=h2,http/1.1 for server localhost
[Wed Mar 06 09:11:29.280067 2024] [socache_shmcb:debug] [pid 23] mod_socache_shmcb.c(570): AH00837: socache_shmcb_remove (0x51 -> subcache 17)
[Wed Mar 06 09:11:29.282293 2024] [socache_shmcb:debug] [pid 23] mod_socache_shmcb.c(954): AH00852: possible match at idx=0, data=0
[Wed Mar 06 09:11:29.281742 2024] [ssl:info] [pid 21] [client 192.168.65.1:64287] AH02008: SSL library error 1 in handshake (server localhost:443)
[Wed Mar 06 09:11:29.283068 2024] [ssl:info] [pid 21] SSL Library Error: error:0A000416:SSL routines::sslv3 alert certificate unknown (SSL alert number 46)
[Wed Mar 06 09:11:29.281775 2024] [ssl:info] [pid 17] [client 192.168.65.1:64288] AH01964: Connection to child 0 established (server localhost:443)
[Wed Mar 06 09:11:29.281936 2024] [ssl:info] [pid 24] [client 192.168.65.1:64285] AH02008: SSL library error 1 in handshake (server localhost:443)
[Wed Mar 06 09:11:29.282737 2024] [socache_shmcb:debug] [pid 23] mod_socache_shmcb.c(959): AH00853: shmcb_subcache_remove removing matching entry
[Wed Mar 06 09:11:29.284123 2024] [socache_shmcb:debug] [pid 23] mod_socache_shmcb.c(585): AH00839: leaving socache_shmcb_remove successfully
[Wed Mar 06 09:11:29.282965 2024] [ssl:debug] [pid 22] ssl_engine_kernel.c(415): [client 192.168.65.1:64281] AH02034: Subsequent (No.4) HTTPS request received for child 5 (server localhost:443), referer: https://localhost/index.php?page=editThreat&editId=1
[Wed Mar 06 09:11:29.283081 2024] [ssl:info] [pid 18] [client 192.168.65.1:64289] AH01964: Connection to child 1 established (server localhost:443)
[Wed Mar 06 09:11:29.283263 2024] [ssl:info] [pid 19] [client 192.168.65.1:64286] AH02008: SSL library error 1 in handshake (server localhost:443)
[Wed Mar 06 09:11:29.283607 2024] [ssl:info] [pid 21] [client 192.168.65.1:64287] AH01998: Connection closed to child 4 with abortive shutdown (server localhost:443)
[Wed Mar 06 09:11:29.283998 2024] [ssl:debug] [pid 17] ssl_engine_kernel.c(2395): [client 192.168.65.1:64288] AH02043: SSL virtual host for servername localhost found
[Wed Mar 06 09:11:29.284070 2024] [ssl:info] [pid 24] SSL Library Error: error:0A000416:SSL routines::sslv3 alert certificate unknown (SSL alert number 46)
[Wed Mar 06 09:11:29.284788 2024] [ssl:info] [pid 24] [client 192.168.65.1:64285] AH01998: Connection closed to child 7 with abortive shutdown (server localhost:443)
[Wed Mar 06 09:11:29.284184 2024] [ssl:info] [pid 23] [client 192.168.65.1:64283] AH02008: SSL library error 1 in handshake (server localhost:443)
[Wed Mar 06 09:11:29.284923 2024] [ssl:info] [pid 23] SSL Library Error: error:0A000416:SSL routines::sslv3 alert certificate unknown (SSL alert number 46)
[Wed Mar 06 09:11:29.284192 2024] [socache_shmcb:debug] [pid 20] mod_socache_shmcb.c(570): AH00837: socache_shmcb_remove (0x03 -> subcache 3)
[Wed Mar 06 09:11:29.285084 2024] [socache_shmcb:debug] [pid 20] mod_socache_shmcb.c(954): AH00852: possible match at idx=0, data=0
[Wed Mar 06 09:11:29.284404 2024] [ssl:debug] [pid 18] ssl_engine_kernel.c(2395): [client 192.168.65.1:64289] AH02043: SSL virtual host for servername localhost found
[Wed Mar 06 09:11:29.284441 2024] [authz_core:debug] [pid 22] mod_authz_core.c(815): [client 192.168.65.1:64281] AH01626: authorization result of Require all granted: granted, referer: https://localhost/index.php?page=editThreat&editId=1
[Wed Mar 06 09:11:29.285337 2024] [authz_core:debug] [pid 22] mod_authz_core.c(815): [client 192.168.65.1:64281] AH01626: authorization result of <RequireAny>: granted, referer: https://localhost/index.php?page=editThreat&editId=1
[Wed Mar 06 09:11:29.284478 2024] [ssl:info] [pid 19] SSL Library Error: error:0A000416:SSL routines::sslv3 alert certificate unknown (SSL alert number 46)
[Wed Mar 06 09:11:29.285515 2024] [ssl:info] [pid 19] [client 192.168.65.1:64286] AH01998: Connection closed to child 2 with abortive shutdown (server localhost:443)
[Wed Mar 06 09:11:29.284631 2024] [ssl:info] [pid 21] [client 192.168.65.1:64290] AH01964: Connection to child 4 established (server localhost:443)
[Wed Mar 06 09:11:29.284729 2024] [core:debug] [pid 17] protocol.c(2460): [client 192.168.65.1:64288] AH03155: select protocol from , choices=h2,http/1.1 for server localhost
[Wed Mar 06 09:11:29.284904 2024] [ssl:info] [pid 24] [client 192.168.65.1:64292] AH01964: Connection to child 7 established (server localhost:443)
[Wed Mar 06 09:11:29.285000 2024] [ssl:info] [pid 23] [client 192.168.65.1:64283] AH01998: Connection closed to child 6 with abortive shutdown (server localhost:443)
[Wed Mar 06 09:11:29.285165 2024] [socache_shmcb:debug] [pid 20] mod_socache_shmcb.c(959): AH00853: shmcb_subcache_remove removing matching entry
[Wed Mar 06 09:11:29.286082 2024] [socache_shmcb:debug] [pid 20] mod_socache_shmcb.c(585): AH00839: leaving socache_shmcb_remove successfully
[Wed Mar 06 09:11:29.285270 2024] [core:debug] [pid 18] protocol.c(2460): [client 192.168.65.1:64289] AH03155: select protocol from , choices=h2,http/1.1 for server localhost
[Wed Mar 06 09:11:29.285432 2024] [core:info] [pid 22] [client 192.168.65.1:64281] AH00128: File does not exist: /var/www/html/badi/assets/dist/js/script.js, referer: https://localhost/index.php?page=editThreat&editId=1
[Wed Mar 06 09:11:29.285635 2024] [ssl:info] [pid 19] [client 192.168.65.1:64291] AH01964: Connection to child 2 established (server localhost:443)
[Wed Mar 06 09:11:29.285727 2024] [ssl:debug] [pid 21] ssl_engine_kernel.c(2395): [client 192.168.65.1:64290] AH02043: SSL virtual host for servername localhost found
[Wed Mar 06 09:11:29.285897 2024] [ssl:debug] [pid 24] ssl_engine_kernel.c(2395): [client 192.168.65.1:64292] AH02043: SSL virtual host for servername localhost found
[Wed Mar 06 09:11:29.287280 2024] [core:debug] [pid 24] protocol.c(2460): [client 192.168.65.1:64292] AH03155: select protocol from , choices=h2,http/1.1 for server localhost
[Wed Mar 06 09:11:29.286165 2024] [ssl:info] [pid 20] [client 192.168.65.1:64284] AH02008: SSL library error 1 in handshake (server localhost:443)
[Wed Mar 06 09:11:29.287693 2024] [ssl:info] [pid 20] SSL Library Error: error:0A000416:SSL routines::sslv3 alert certificate unknown (SSL alert number 46)
[Wed Mar 06 09:11:29.286950 2024] [ssl:debug] [pid 19] ssl_engine_kernel.c(2395): [client 192.168.65.1:64291] AH02043: SSL virtual host for servername localhost found
[Wed Mar 06 09:11:29.286992 2024] [ssl:debug] [pid 22] ssl_engine_kernel.c(415): [client 192.168.65.1:64281] AH02034: Subsequent (No.5) HTTPS request received for child 5 (server localhost:443), referer: https://localhost/index.php?page=editThreat&editId=1
[Wed Mar 06 09:11:29.287137 2024] [core:debug] [pid 21] protocol.c(2460): [client 192.168.65.1:64290] AH03155: select protocol from , choices=h2,http/1.1 for server localhost
[Wed Mar 06 09:11:29.288001 2024] [ssl:info] [pid 20] [client 192.168.65.1:64284] AH01998: Connection closed to child 3 with abortive shutdown (server localhost:443)
[Wed Mar 06 09:11:29.288217 2024] [core:debug] [pid 19] protocol.c(2460): [client 192.168.65.1:64291] AH03155: select protocol from , choices=h2,http/1.1 for server localhost
[Wed Mar 06 09:11:29.289950 2024] [authz_core:debug] [pid 22] mod_authz_core.c(815): [client 192.168.65.1:64281] AH01626: authorization result of Require all granted: granted, referer: https://localhost/index.php?page=editThreat&editId=1
[Wed Mar 06 09:11:29.290105 2024] [authz_core:debug] [pid 22] mod_authz_core.c(815): [client 192.168.65.1:64281] AH01626: authorization result of <RequireAny>: granted, referer: https://localhost/index.php?page=editThreat&editId=1
[Wed Mar 06 09:11:29.291062 2024] [deflate:debug] [pid 22] mod_deflate.c(869): [client 192.168.65.1:64281] AH01384: Zlib: Compressed 978 to 461 : URL /assets/dist/js/dashboard.js, referer: https://localhost/index.php?page=editThreat&editId=1
[Wed Mar 06 09:11:29.291451 2024] [ssl:info] [pid 18] [client 192.168.65.1:64289] AH02008: SSL library error 1 in handshake (server localhost:443)
[Wed Mar 06 09:11:29.292154 2024] [ssl:info] [pid 18] SSL Library Error: error:0A000416:SSL routines::sslv3 alert certificate unknown (SSL alert number 46)
[Wed Mar 06 09:11:29.292792 2024] [ssl:debug] [pid 22] ssl_engine_kernel.c(415): [client 192.168.65.1:64281] AH02034: Subsequent (No.6) HTTPS request received for child 5 (server localhost:443), referer: https://localhost/index.php?page=editThreat&editId=1
[Wed Mar 06 09:11:29.292984 2024] [ssl:info] [pid 18] [client 192.168.65.1:64289] AH01998: Connection closed to child 1 with abortive shutdown (server localhost:443)
[Wed Mar 06 09:11:29.292992 2024] [ssl:debug] [pid 24] ssl_engine_kernel.c(2254): [client 192.168.65.1:64292] AH02041: Protocol: TLSv1.3, Cipher: TLS_AES_128_GCM_SHA256 (128/128 bits)
[Wed Mar 06 09:11:29.293665 2024] [ssl:info] [pid 23] [client 192.168.65.1:64293] AH01964: Connection to child 6 established (server localhost:443)
[Wed Mar 06 09:11:29.294522 2024] [authz_core:debug] [pid 22] mod_authz_core.c(815): [client 192.168.65.1:64281] AH01626: authorization result of Require all granted: granted, referer: https://localhost/index.php?page=editThreat&editId=1
[Wed Mar 06 09:11:29.295077 2024] [authz_core:debug] [pid 22] mod_authz_core.c(815): [client 192.168.65.1:64281] AH01626: authorization result of <RequireAny>: granted, referer: https://localhost/index.php?page=editThreat&editId=1
[Wed Mar 06 09:11:29.294700 2024] [socache_shmcb:debug] [pid 24] mod_socache_shmcb.c(508): AH00831: socache_shmcb_store (0x59 -> subcache 25)
[Wed Mar 06 09:11:29.294747 2024] [ssl:debug] [pid 21] ssl_engine_kernel.c(2254): [client 192.168.65.1:64290] AH02041: Protocol: TLSv1.3, Cipher: TLS_AES_128_GCM_SHA256 (128/128 bits)
[Wed Mar 06 09:11:29.294748 2024] [ssl:debug] [pid 17] ssl_engine_kernel.c(2254): [client 192.168.65.1:64288] AH02041: Protocol: TLSv1.3, Cipher: TLS_AES_128_GCM_SHA256 (128/128 bits)
[Wed Mar 06 09:11:29.294993 2024] [ssl:debug] [pid 23] ssl_engine_kernel.c(2395): [client 192.168.65.1:64293] AH02043: SSL virtual host for servername localhost found
[Wed Mar 06 09:11:29.295183 2024] [core:info] [pid 22] [client 192.168.65.1:64281] AH00128: File does not exist: /var/www/html/badi/assets/dist/js/sweetalert.min.js, referer: https://localhost/index.php?page=editThreat&editId=1
[Wed Mar 06 09:11:29.295280 2024] [socache_shmcb:debug] [pid 24] mod_socache_shmcb.c(745): AH00842: expiring 0 and reclaiming 1 removed socache entries
[Wed Mar 06 09:11:29.295816 2024] [socache_shmcb:debug] [pid 24] mod_socache_shmcb.c(765): AH00843: we now have 0 socache entries
[Wed Mar 06 09:11:29.295640 2024] [core:debug] [pid 23] protocol.c(2460): [client 192.168.65.1:64293] AH03155: select protocol from , choices=h2,http/1.1 for server localhost
[Wed Mar 06 09:11:29.296159 2024] [socache_shmcb:debug] [pid 24] mod_socache_shmcb.c(862): AH00847: insert happened at idx=0, data=(0:32)
[Wed Mar 06 09:11:29.296564 2024] [socache_shmcb:debug] [pid 24] mod_socache_shmcb.c(865): AH00848: finished insert, subcache: idx_pos/idx_used=0/1, data_pos/data_used=0/203
[Wed Mar 06 09:11:29.296701 2024] [socache_shmcb:debug] [pid 24] mod_socache_shmcb.c(530): AH00834: leaving socache_shmcb_store successfully
[Wed Mar 06 09:11:29.296819 2024] [socache_shmcb:debug] [pid 21] mod_socache_shmcb.c(508): AH00831: socache_shmcb_store (0xcf -> subcache 15)
[Wed Mar 06 09:11:29.297030 2024] [socache_shmcb:debug] [pid 21] mod_socache_shmcb.c(745): AH00842: expiring 0 and reclaiming 1 removed socache entries
[Wed Mar 06 09:11:29.297120 2024] [socache_shmcb:debug] [pid 21] mod_socache_shmcb.c(765): AH00843: we now have 0 socache entries
[Wed Mar 06 09:11:29.297203 2024] [socache_shmcb:debug] [pid 21] mod_socache_shmcb.c(862): AH00847: insert happened at idx=0, data=(0:32)
[Wed Mar 06 09:11:29.297288 2024] [socache_shmcb:debug] [pid 21] mod_socache_shmcb.c(865): AH00848: finished insert, subcache: idx_pos/idx_used=0/1, data_pos/data_used=0/203
[Wed Mar 06 09:11:29.297366 2024] [socache_shmcb:debug] [pid 21] mod_socache_shmcb.c(530): AH00834: leaving socache_shmcb_store successfully
[Wed Mar 06 09:11:29.297475 2024] [socache_shmcb:debug] [pid 17] mod_socache_shmcb.c(508): AH00831: socache_shmcb_store (0xa7 -> subcache 7)
[Wed Mar 06 09:11:29.297716 2024] [socache_shmcb:debug] [pid 17] mod_socache_shmcb.c(862): AH00847: insert happened at idx=0, data=(0:32)
[Wed Mar 06 09:11:29.297799 2024] [socache_shmcb:debug] [pid 17] mod_socache_shmcb.c(865): AH00848: finished insert, subcache: idx_pos/idx_used=0/1, data_pos/data_used=0/203
[Wed Mar 06 09:11:29.297879 2024] [socache_shmcb:debug] [pid 17] mod_socache_shmcb.c(530): AH00834: leaving socache_shmcb_store successfully
[Wed Mar 06 09:11:29.297988 2024] [socache_shmcb:debug] [pid 24] mod_socache_shmcb.c(508): AH00831: socache_shmcb_store (0x2e -> subcache 14)
[Wed Mar 06 09:11:29.298193 2024] [socache_shmcb:debug] [pid 24] mod_socache_shmcb.c(862): AH00847: insert happened at idx=0, data=(0:32)
[Wed Mar 06 09:11:29.298278 2024] [socache_shmcb:debug] [pid 24] mod_socache_shmcb.c(865): AH00848: finished insert, subcache: idx_pos/idx_used=0/1, data_pos/data_used=0/203
[Wed Mar 06 09:11:29.298358 2024] [socache_shmcb:debug] [pid 24] mod_socache_shmcb.c(530): AH00834: leaving socache_shmcb_store successfully
[Wed Mar 06 09:11:29.298533 2024] [socache_shmcb:debug] [pid 21] mod_socache_shmcb.c(508): AH00831: socache_shmcb_store (0x07 -> subcache 7)
[Wed Mar 06 09:11:29.298744 2024] [socache_shmcb:debug] [pid 21] mod_socache_shmcb.c(862): AH00847: insert happened at idx=1, data=(203:235)
[Wed Mar 06 09:11:29.298556 2024] [ssl:debug] [pid 24] ssl_engine_kernel.c(415): [client 192.168.65.1:64292] AH02034: Initial (No.1) HTTPS request received for child 7 (server localhost:443), referer: https://localhost/index.php?page=editThreat&editId=1
[Wed Mar 06 09:11:29.298841 2024] [socache_shmcb:debug] [pid 21] mod_socache_shmcb.c(865): AH00848: finished insert, subcache: idx_pos/idx_used=0/2, data_pos/data_used=0/406
[Wed Mar 06 09:11:29.299073 2024] [socache_shmcb:debug] [pid 21] mod_socache_shmcb.c(530): AH00834: leaving socache_shmcb_store successfully
[Wed Mar 06 09:11:29.299176 2024] [authz_core:debug] [pid 24] mod_authz_core.c(815): [client 192.168.65.1:64292] AH01626: authorization result of Require all granted: granted, referer: https://localhost/index.php?page=editThreat&editId=1
[Wed Mar 06 09:11:29.299498 2024] [authz_core:debug] [pid 24] mod_authz_core.c(815): [client 192.168.65.1:64292] AH01626: authorization result of <RequireAny>: granted, referer: https://localhost/index.php?page=editThreat&editId=1
[Wed Mar 06 09:11:29.299259 2024] [ssl:debug] [pid 21] ssl_engine_kernel.c(415): [client 192.168.65.1:64290] AH02034: Initial (No.1) HTTPS request received for child 4 (server localhost:443), referer: https://localhost/index.php?page=editThreat&editId=1
[Wed Mar 06 09:11:29.299316 2024] [socache_shmcb:debug] [pid 17] mod_socache_shmcb.c(508): AH00831: socache_shmcb_store (0xc4 -> subcache 4)
[Wed Mar 06 09:11:29.299871 2024] [socache_shmcb:debug] [pid 17] mod_socache_shmcb.c(862): AH00847: insert happened at idx=0, data=(0:32)
[Wed Mar 06 09:11:29.299629 2024] [core:info] [pid 24] [client 192.168.65.1:64292] AH00128: File does not exist: /var/www/html/badi/assets/dist/js/bootstrap.bundle.min.js, referer: https://localhost/index.php?page=editThreat&editId=1
[Wed Mar 06 09:11:29.299731 2024] [ssl:debug] [pid 19] ssl_engine_kernel.c(2254): [client 192.168.65.1:64291] AH02041: Protocol: TLSv1.3, Cipher: TLS_AES_128_GCM_SHA256 (128/128 bits)
[Wed Mar 06 09:11:29.299923 2024] [authz_core:debug] [pid 21] mod_authz_core.c(815): [client 192.168.65.1:64290] AH01626: authorization result of Require all granted: granted, referer: https://localhost/index.php?page=editThreat&editId=1
[Wed Mar 06 09:11:29.300442 2024] [authz_core:debug] [pid 21] mod_authz_core.c(815): [client 192.168.65.1:64290] AH01626: authorization result of <RequireAny>: granted, referer: https://localhost/index.php?page=editThreat&editId=1
[Wed Mar 06 09:11:29.299967 2024] [socache_shmcb:debug] [pid 17] mod_socache_shmcb.c(865): AH00848: finished insert, subcache: idx_pos/idx_used=0/1, data_pos/data_used=0/203
[Wed Mar 06 09:11:29.300657 2024] [socache_shmcb:debug] [pid 17] mod_socache_shmcb.c(530): AH00834: leaving socache_shmcb_store successfully
[Wed Mar 06 09:11:29.300564 2024] [core:info] [pid 21] [client 192.168.65.1:64290] AH00128: File does not exist: /var/www/html/badi/assets/dist/js/bootstrap.min.js, referer: https://localhost/index.php?page=editThreat&editId=1
[Wed Mar 06 09:11:29.300806 2024] [ssl:debug] [pid 17] ssl_engine_kernel.c(415): [client 192.168.65.1:64288] AH02034: Initial (No.1) HTTPS request received for child 0 (server localhost:443), referer: https://localhost/index.php?page=editThreat&editId=1
[Wed Mar 06 09:11:29.300819 2024] [socache_shmcb:debug] [pid 19] mod_socache_shmcb.c(508): AH00831: socache_shmcb_store (0xcc -> subcache 12)
[Wed Mar 06 09:11:29.301323 2024] [socache_shmcb:debug] [pid 19] mod_socache_shmcb.c(862): AH00847: insert happened at idx=0, data=(0:32)
[Wed Mar 06 09:11:29.300929 2024] [ssl:debug] [pid 23] ssl_engine_kernel.c(2254): [client 192.168.65.1:64293] AH02041: Protocol: TLSv1.3, Cipher: TLS_AES_128_GCM_SHA256 (128/128 bits)
[Wed Mar 06 09:11:29.301442 2024] [authz_core:debug] [pid 17] mod_authz_core.c(815): [client 192.168.65.1:64288] AH01626: authorization result of Require all granted: granted, referer: https://localhost/index.php?page=editThreat&editId=1
[Wed Mar 06 09:11:29.301664 2024] [authz_core:debug] [pid 17] mod_authz_core.c(815): [client 192.168.65.1:64288] AH01626: authorization result of <RequireAny>: granted, referer: https://localhost/index.php?page=editThreat&editId=1
[Wed Mar 06 09:11:29.301455 2024] [socache_shmcb:debug] [pid 19] mod_socache_shmcb.c(865): AH00848: finished insert, subcache: idx_pos/idx_used=0/1, data_pos/data_used=0/203
[Wed Mar 06 09:11:29.301815 2024] [socache_shmcb:debug] [pid 19] mod_socache_shmcb.c(530): AH00834: leaving socache_shmcb_store successfully
[Wed Mar 06 09:11:29.301745 2024] [core:info] [pid 17] [client 192.168.65.1:64288] AH00128: File does not exist: /var/www/html/badi/assets/dist/js/Chart.min.js, referer: https://localhost/index.php?page=editThreat&editId=1
[Wed Mar 06 09:11:29.301913 2024] [socache_shmcb:debug] [pid 23] mod_socache_shmcb.c(508): AH00831: socache_shmcb_store (0xb8 -> subcache 24)
[Wed Mar 06 09:11:29.302115 2024] [socache_shmcb:debug] [pid 23] mod_socache_shmcb.c(745): AH00842: expiring 1 and reclaiming 0 removed socache entries
[Wed Mar 06 09:11:29.302326 2024] [socache_shmcb:debug] [pid 23] mod_socache_shmcb.c(765): AH00843: we now have 0 socache entries
[Wed Mar 06 09:11:29.302406 2024] [socache_shmcb:debug] [pid 23] mod_socache_shmcb.c(862): AH00847: insert happened at idx=0, data=(0:32)
[Wed Mar 06 09:11:29.302493 2024] [socache_shmcb:debug] [pid 23] mod_socache_shmcb.c(865): AH00848: finished insert, subcache: idx_pos/idx_used=0/1, data_pos/data_used=0/202
[Wed Mar 06 09:11:29.302578 2024] [socache_shmcb:debug] [pid 23] mod_socache_shmcb.c(530): AH00834: leaving socache_shmcb_store successfully
[Wed Mar 06 09:11:29.302668 2024] [socache_shmcb:debug] [pid 19] mod_socache_shmcb.c(508): AH00831: socache_shmcb_store (0x41 -> subcache 1)
[Wed Mar 06 09:11:29.302770 2024] [socache_shmcb:debug] [pid 19] mod_socache_shmcb.c(862): AH00847: insert happened at idx=0, data=(0:32)
[Wed Mar 06 09:11:29.302841 2024] [socache_shmcb:debug] [pid 19] mod_socache_shmcb.c(865): AH00848: finished insert, subcache: idx_pos/idx_used=0/1, data_pos/data_used=0/202
[Wed Mar 06 09:11:29.302918 2024] [socache_shmcb:debug] [pid 19] mod_socache_shmcb.c(530): AH00834: leaving socache_shmcb_store successfully
[Wed Mar 06 09:11:29.303005 2024] [socache_shmcb:debug] [pid 23] mod_socache_shmcb.c(508): AH00831: socache_shmcb_store (0x55 -> subcache 21)
[Wed Mar 06 09:11:29.303093 2024] [socache_shmcb:debug] [pid 23] mod_socache_shmcb.c(745): AH00842: expiring 0 and reclaiming 1 removed socache entries
[Wed Mar 06 09:11:29.303190 2024] [socache_shmcb:debug] [pid 23] mod_socache_shmcb.c(765): AH00843: we now have 0 socache entries
[Wed Mar 06 09:11:29.303264 2024] [socache_shmcb:debug] [pid 23] mod_socache_shmcb.c(862): AH00847: insert happened at idx=0, data=(0:32)
