[Wed Mar 06 08:41:05.996552 2024] [socache_shmcb:debug] [pid 19] mod_socache_shmcb.c(959): AH00853: shmcb_subcache_remove removing matching entry
[Wed Mar 06 08:41:05.996748 2024] [socache_shmcb:debug] [pid 19] mod_socache_shmcb.c(585): AH00839: leaving socache_shmcb_remove successfully
[Wed Mar 06 08:41:05.996948 2024] [ssl:info] [pid 19] [client 192.168.65.1:59083] AH02008: SSL library error 1 in handshake (server localhost:443)
[Wed Mar 06 08:41:05.997179 2024] [ssl:info] [pid 19] SSL Library Error: error:0A000416:SSL routines::sslv3 alert certificate unknown (SSL alert number 46)
[Wed Mar 06 08:41:05.997411 2024] [ssl:info] [pid 19] [client 192.168.65.1:59083] AH01998: Connection closed to child 2 with abortive shutdown (server localhost:443)
[Wed Mar 06 08:41:06.012900 2024] [ssl:info] [pid 21] [client 192.168.65.1:59084] AH02008: SSL library error 1 in handshake (server localhost:443)
[Wed Mar 06 08:41:06.013343 2024] [ssl:info] [pid 21] SSL Library Error: error:0A000416:SSL routines::sslv3 alert certificate unknown (SSL alert number 46)
[Wed Mar 06 08:41:06.013761 2024] [ssl:info] [pid 21] [client 192.168.65.1:59084] AH01998: Connection closed to child 4 with abortive shutdown (server localhost:443)
[Wed Mar 06 08:41:06.014448 2024] [ssl:info] [pid 22] [client 192.168.65.1:59085] AH01964: Connection to child 5 established (server localhost:443)
[Wed Mar 06 08:41:06.015457 2024] [ssl:debug] [pid 22] ssl_engine_kernel.c(2395): [client 192.168.65.1:59085] AH02043: SSL virtual host for servername localhost found
[Wed Mar 06 08:41:06.016016 2024] [core:debug] [pid 22] protocol.c(2460): [client 192.168.65.1:59085] AH03155: select protocol from , choices=h2,http/1.1 for server localhost
[Wed Mar 06 08:41:06.031039 2024] [ssl:debug] [pid 22] ssl_engine_kernel.c(2254): [client 192.168.65.1:59085] AH02041: Protocol: TLSv1.3, Cipher: TLS_AES_128_GCM_SHA256 (128/128 bits)
[Wed Mar 06 08:41:06.031469 2024] [socache_shmcb:debug] [pid 22] mod_socache_shmcb.c(508): AH00831: socache_shmcb_store (0xd0 -> subcache 16)
[Wed Mar 06 08:41:06.031722 2024] [socache_shmcb:debug] [pid 22] mod_socache_shmcb.c(745): AH00842: expiring 0 and reclaiming 1 removed socache entries
[Wed Mar 06 08:41:06.032005 2024] [socache_shmcb:debug] [pid 22] mod_socache_shmcb.c(765): AH00843: we now have 0 socache entries
[Wed Mar 06 08:41:06.032269 2024] [socache_shmcb:debug] [pid 22] mod_socache_shmcb.c(862): AH00847: insert happened at idx=0, data=(0:32)
[Wed Mar 06 08:41:06.032524 2024] [socache_shmcb:debug] [pid 22] mod_socache_shmcb.c(865): AH00848: finished insert, subcache: idx_pos/idx_used=0/1, data_pos/data_used=0/203
[Wed Mar 06 08:41:06.032765 2024] [socache_shmcb:debug] [pid 22] mod_socache_shmcb.c(530): AH00834: leaving socache_shmcb_store successfully
[Wed Mar 06 08:41:06.033237 2024] [socache_shmcb:debug] [pid 22] mod_socache_shmcb.c(508): AH00831: socache_shmcb_store (0xb6 -> subcache 22)
[Wed Mar 06 08:41:06.033609 2024] [socache_shmcb:debug] [pid 22] mod_socache_shmcb.c(862): AH00847: insert happened at idx=0, data=(0:32)
[Wed Mar 06 08:41:06.033873 2024] [socache_shmcb:debug] [pid 22] mod_socache_shmcb.c(865): AH00848: finished insert, subcache: idx_pos/idx_used=0/1, data_pos/data_used=0/203
[Wed Mar 06 08:41:06.034151 2024] [socache_shmcb:debug] [pid 22] mod_socache_shmcb.c(530): AH00834: leaving socache_shmcb_store successfully
[Wed Mar 06 08:41:06.034579 2024] [ssl:debug] [pid 22] ssl_engine_kernel.c(415): [client 192.168.65.1:59085] AH02034: Initial (No.1) HTTPS request received for child 5 (server localhost:443), referer: https://localhost/
[Wed Mar 06 08:41:06.035211 2024] [authz_core:debug] [pid 22] mod_authz_core.c(815): [client 192.168.65.1:59085] AH01626: authorization result of Require all granted: granted, referer: https://localhost/
[Wed Mar 06 08:41:06.035468 2024] [authz_core:debug] [pid 22] mod_authz_core.c(815): [client 192.168.65.1:59085] AH01626: authorization result of <RequireAny>: granted, referer: https://localhost/
[Wed Mar 06 08:41:06.054589 2024] [deflate:debug] [pid 22] mod_deflate.c(869): [client 192.168.65.1:59085] AH01384: Zlib: Compressed 6015 to 2037 : URL /index.php, referer: https://localhost/
[Wed Mar 06 08:41:06.065084 2024] [ssl:debug] [pid 22] ssl_engine_kernel.c(415): [client 192.168.65.1:59085] AH02034: Subsequent (No.2) HTTPS request received for child 5 (server localhost:443), referer: https://localhost/index.php?page=login
[Wed Mar 06 08:41:06.065890 2024] [authz_core:debug] [pid 22] mod_authz_core.c(815): [client 192.168.65.1:59085] AH01626: authorization result of Require all granted: granted, referer: https://localhost/index.php?page=login
[Wed Mar 06 08:41:06.066396 2024] [authz_core:debug] [pid 22] mod_authz_core.c(815): [client 192.168.65.1:59085] AH01626: authorization result of <RequireAny>: granted, referer: https://localhost/index.php?page=login
[Wed Mar 06 08:41:06.066659 2024] [core:info] [pid 22] [client 192.168.65.1:59085] AH00128: File does not exist: /var/www/html/badi/assets/dist/css/dashboard.css, referer: https://localhost/index.php?page=login
[Wed Mar 06 08:41:06.068538 2024] [ssl:debug] [pid 22] ssl_engine_kernel.c(415): [client 192.168.65.1:59085] AH02034: Subsequent (No.3) HTTPS request received for child 5 (server localhost:443), referer: https://localhost/index.php?page=login
[Wed Mar 06 08:41:06.069393 2024] [authz_core:debug] [pid 22] mod_authz_core.c(815): [client 192.168.65.1:59085] AH01626: authorization result of Require all granted: granted, referer: https://localhost/index.php?page=login
[Wed Mar 06 08:41:06.069582 2024] [authz_core:debug] [pid 22] mod_authz_core.c(815): [client 192.168.65.1:59085] AH01626: authorization result of <RequireAny>: granted, referer: https://localhost/index.php?page=login
[Wed Mar 06 08:41:06.069775 2024] [core:info] [pid 22] [client 192.168.65.1:59085] AH00128: File does not exist: /var/www/html/badi/assets/dist/js/bootstrap.bundle.min.js, referer: https://localhost/index.php?page=login
[Wed Mar 06 08:41:11.077702 2024] [ssl:debug] [pid 22] ssl_engine_io.c(1147): [client 192.168.65.1:59085] AH02001: Connection closed to child 5 with standard shutdown (server localhost:443)
[Wed Mar 06 08:41:11.905966 2024] [ssl:info] [pid 23] [client 192.168.65.1:59115] AH01964: Connection to child 6 established (server localhost:443)
[Wed Mar 06 08:41:11.907092 2024] [ssl:debug] [pid 23] ssl_engine_kernel.c(2395): [client 192.168.65.1:59115] AH02043: SSL virtual host for servername localhost found
[Wed Mar 06 08:41:11.907497 2024] [socache_shmcb:debug] [pid 23] mod_socache_shmcb.c(545): AH00835: socache_shmcb_retrieve (0xb6 -> subcache 22)
[Wed Mar 06 08:41:11.907611 2024] [ssl:info] [pid 24] [client 192.168.65.1:59116] AH01964: Connection to child 7 established (server localhost:443)
[Wed Mar 06 08:41:11.907729 2024] [socache_shmcb:debug] [pid 23] mod_socache_shmcb.c(898): AH00849: match at idx=0, data=0
[Wed Mar 06 08:41:11.908183 2024] [socache_shmcb:debug] [pid 23] mod_socache_shmcb.c(556): AH00836: leaving socache_shmcb_retrieve successfully
[Wed Mar 06 08:41:11.908412 2024] [ssl:debug] [pid 24] ssl_engine_kernel.c(2395): [client 192.168.65.1:59116] AH02043: SSL virtual host for servername localhost found
[Wed Mar 06 08:41:11.908637 2024] [socache_shmcb:debug] [pid 24] mod_socache_shmcb.c(545): AH00835: socache_shmcb_retrieve (0xd0 -> subcache 16)
[Wed Mar 06 08:41:11.908830 2024] [socache_shmcb:debug] [pid 24] mod_socache_shmcb.c(898): AH00849: match at idx=0, data=0
[Wed Mar 06 08:41:11.908912 2024] [core:debug] [pid 23] protocol.c(2460): [client 192.168.65.1:59115] AH03155: select protocol from , choices=h2,http/1.1 for server localhost
[Wed Mar 06 08:41:11.909030 2024] [socache_shmcb:debug] [pid 24] mod_socache_shmcb.c(556): AH00836: leaving socache_shmcb_retrieve successfully
[Wed Mar 06 08:41:11.909778 2024] [core:debug] [pid 24] protocol.c(2460): [client 192.168.65.1:59116] AH03155: select protocol from , choices=h2,http/1.1 for server localhost
[Wed Mar 06 08:41:11.910490 2024] [socache_shmcb:debug] [pid 23] mod_socache_shmcb.c(570): AH00837: socache_shmcb_remove (0xb6 -> subcache 22)
[Wed Mar 06 08:41:11.910744 2024] [socache_shmcb:debug] [pid 23] mod_socache_shmcb.c(954): AH00852: possible match at idx=0, data=0
[Wed Mar 06 08:41:11.910985 2024] [socache_shmcb:debug] [pid 23] mod_socache_shmcb.c(959): AH00853: shmcb_subcache_remove removing matching entry
[Wed Mar 06 08:41:11.911230 2024] [socache_shmcb:debug] [pid 23] mod_socache_shmcb.c(585): AH00839: leaving socache_shmcb_remove successfully
[Wed Mar 06 08:41:11.911410 2024] [ssl:info] [pid 23] [client 192.168.65.1:59115] AH02008: SSL library error 1 in handshake (server localhost:443)
[Wed Mar 06 08:41:11.911415 2024] [socache_shmcb:debug] [pid 24] mod_socache_shmcb.c(570): AH00837: socache_shmcb_remove (0xd0 -> subcache 16)
[Wed Mar 06 08:41:11.911756 2024] [socache_shmcb:debug] [pid 24] mod_socache_shmcb.c(954): AH00852: possible match at idx=0, data=0
[Wed Mar 06 08:41:11.911596 2024] [ssl:info] [pid 23] SSL Library Error: error:0A000416:SSL routines::sslv3 alert certificate unknown (SSL alert number 46)
[Wed Mar 06 08:41:11.912337 2024] [ssl:info] [pid 18] [client 192.168.65.1:59117] AH01964: Connection to child 1 established (server localhost:443)
[Wed Mar 06 08:41:11.912106 2024] [socache_shmcb:debug] [pid 24] mod_socache_shmcb.c(959): AH00853: shmcb_subcache_remove removing matching entry
[Wed Mar 06 08:41:11.912673 2024] [socache_shmcb:debug] [pid 24] mod_socache_shmcb.c(585): AH00839: leaving socache_shmcb_remove successfully
[Wed Mar 06 08:41:11.912361 2024] [ssl:info] [pid 23] [client 192.168.65.1:59115] AH01998: Connection closed to child 6 with abortive shutdown (server localhost:443)
[Wed Mar 06 08:41:11.912821 2024] [ssl:debug] [pid 18] ssl_engine_kernel.c(2395): [client 192.168.65.1:59117] AH02043: SSL virtual host for servername localhost found
[Wed Mar 06 08:41:11.912838 2024] [ssl:info] [pid 24] [client 192.168.65.1:59116] AH02008: SSL library error 1 in handshake (server localhost:443)
[Wed Mar 06 08:41:11.913313 2024] [ssl:info] [pid 24] SSL Library Error: error:0A000416:SSL routines::sslv3 alert certificate unknown (SSL alert number 46)
[Wed Mar 06 08:41:11.913318 2024] [core:debug] [pid 18] protocol.c(2460): [client 192.168.65.1:59117] AH03155: select protocol from , choices=h2,http/1.1 for server localhost
[Wed Mar 06 08:41:11.913467 2024] [ssl:info] [pid 24] [client 192.168.65.1:59116] AH01998: Connection closed to child 7 with abortive shutdown (server localhost:443)
[Wed Mar 06 08:41:11.929769 2024] [ssl:debug] [pid 18] ssl_engine_kernel.c(2254): [client 192.168.65.1:59117] AH02041: Protocol: TLSv1.3, Cipher: TLS_AES_128_GCM_SHA256 (128/128 bits)
[Wed Mar 06 08:41:11.930190 2024] [socache_shmcb:debug] [pid 18] mod_socache_shmcb.c(508): AH00831: socache_shmcb_store (0x5d -> subcache 29)
[Wed Mar 06 08:41:11.930530 2024] [socache_shmcb:debug] [pid 18] mod_socache_shmcb.c(862): AH00847: insert happened at idx=0, data=(0:32)
[Wed Mar 06 08:41:11.930730 2024] [socache_shmcb:debug] [pid 18] mod_socache_shmcb.c(865): AH00848: finished insert, subcache: idx_pos/idx_used=0/1, data_pos/data_used=0/202
[Wed Mar 06 08:41:11.930904 2024] [socache_shmcb:debug] [pid 18] mod_socache_shmcb.c(530): AH00834: leaving socache_shmcb_store successfully
[Wed Mar 06 08:41:11.931321 2024] [socache_shmcb:debug] [pid 18] mod_socache_shmcb.c(508): AH00831: socache_shmcb_store (0xb9 -> subcache 25)
[Wed Mar 06 08:41:11.931791 2024] [socache_shmcb:debug] [pid 18] mod_socache_shmcb.c(862): AH00847: insert happened at idx=0, data=(0:32)
[Wed Mar 06 08:41:11.932015 2024] [socache_shmcb:debug] [pid 18] mod_socache_shmcb.c(865): AH00848: finished insert, subcache: idx_pos/idx_used=0/1, data_pos/data_used=0/203
[Wed Mar 06 08:41:11.932199 2024] [socache_shmcb:debug] [pid 18] mod_socache_shmcb.c(530): AH00834: leaving socache_shmcb_store successfully
[Wed Mar 06 08:41:11.932704 2024] [ssl:debug] [pid 18] ssl_engine_kernel.c(415): [client 192.168.65.1:59117] AH02034: Initial (No.1) HTTPS request received for child 1 (server localhost:443), referer: https://localhost/index.php?page=login
[Wed Mar 06 08:41:11.933250 2024] [authz_core:debug] [pid 18] mod_authz_core.c(815): [client 192.168.65.1:59117] AH01626: authorization result of Require all granted: granted, referer: https://localhost/index.php?page=login
[Wed Mar 06 08:41:11.933495 2024] [authz_core:debug] [pid 18] mod_authz_core.c(815): [client 192.168.65.1:59117] AH01626: authorization result of <RequireAny>: granted, referer: https://localhost/index.php?page=login
[Wed Mar 06 08:41:12.031282 2024] [ssl:debug] [pid 18] ssl_engine_kernel.c(415): [client 192.168.65.1:59117] AH02034: Subsequent (No.2) HTTPS request received for child 1 (server localhost:443), referer: https://localhost/index.php?page=login
[Wed Mar 06 08:41:12.031558 2024] [authz_core:debug] [pid 18] mod_authz_core.c(815): [client 192.168.65.1:59117] AH01626: authorization result of Require all granted: granted, referer: https://localhost/index.php?page=login
[Wed Mar 06 08:41:12.031662 2024] [authz_core:debug] [pid 18] mod_authz_core.c(815): [client 192.168.65.1:59117] AH01626: authorization result of <RequireAny>: granted, referer: https://localhost/index.php?page=login
[Wed Mar 06 08:41:12.046455 2024] [deflate:debug] [pid 18] mod_deflate.c(869): [client 192.168.65.1:59117] AH01384: Zlib: Compressed 9606 to 3065 : URL /index.php, referer: https://localhost/index.php?page=login
[Wed Mar 06 08:41:12.055984 2024] [ssl:debug] [pid 18] ssl_engine_kernel.c(415): [client 192.168.65.1:59117] AH02034: Subsequent (No.3) HTTPS request received for child 1 (server localhost:443), referer: https://localhost/index.php?page=homepage
[Wed Mar 06 08:41:12.056517 2024] [authz_core:debug] [pid 18] mod_authz_core.c(815): [client 192.168.65.1:59117] AH01626: authorization result of Require all granted: granted, referer: https://localhost/index.php?page=homepage
[Wed Mar 06 08:41:12.056625 2024] [authz_core:debug] [pid 18] mod_authz_core.c(815): [client 192.168.65.1:59117] AH01626: authorization result of <RequireAny>: granted, referer: https://localhost/index.php?page=homepage
[Wed Mar 06 08:41:12.056527 2024] [ssl:info] [pid 20] [client 192.168.65.1:59120] AH01964: Connection to child 3 established (server localhost:443)
[Wed Mar 06 08:41:12.056732 2024] [core:info] [pid 18] [client 192.168.65.1:59117] AH00128: File does not exist: /var/www/html/badi/assets/dist/css/dashboard.css, referer: https://localhost/index.php?page=homepage
[Wed Mar 06 08:41:12.056878 2024] [ssl:debug] [pid 20] ssl_engine_kernel.c(2395): [client 192.168.65.1:59120] AH02043: SSL virtual host for servername localhost found
[Wed Mar 06 08:41:12.057040 2024] [socache_shmcb:debug] [pid 20] mod_socache_shmcb.c(545): AH00835: socache_shmcb_retrieve (0xb9 -> subcache 25)
[Wed Mar 06 08:41:12.057393 2024] [socache_shmcb:debug] [pid 20] mod_socache_shmcb.c(898): AH00849: match at idx=0, data=0
[Wed Mar 06 08:41:12.057560 2024] [socache_shmcb:debug] [pid 20] mod_socache_shmcb.c(556): AH00836: leaving socache_shmcb_retrieve successfully
[Wed Mar 06 08:41:12.057440 2024] [ssl:debug] [pid 18] ssl_engine_kernel.c(415): [client 192.168.65.1:59117] AH02034: Subsequent (No.4) HTTPS request received for child 1 (server localhost:443), referer: https://localhost/index.php?page=homepage
[Wed Mar 06 08:41:12.057737 2024] [core:debug] [pid 20] protocol.c(2460): [client 192.168.65.1:59120] AH03155: select protocol from , choices=h2,http/1.1 for server localhost
[Wed Mar 06 08:41:12.058002 2024] [authz_core:debug] [pid 18] mod_authz_core.c(815): [client 192.168.65.1:59117] AH01626: authorization result of Require all granted: granted, referer: https://localhost/index.php?page=homepage
[Wed Mar 06 08:41:12.058140 2024] [authz_core:debug] [pid 18] mod_authz_core.c(815): [client 192.168.65.1:59117] AH01626: authorization result of <RequireAny>: granted, referer: https://localhost/index.php?page=homepage
[Wed Mar 06 08:41:12.058581 2024] [socache_shmcb:debug] [pid 20] mod_socache_shmcb.c(570): AH00837: socache_shmcb_remove (0xb9 -> subcache 25)
[Wed Mar 06 08:41:12.058732 2024] [socache_shmcb:debug] [pid 20] mod_socache_shmcb.c(954): AH00852: possible match at idx=0, data=0
[Wed Mar 06 08:41:12.058626 2024] [core:info] [pid 18] [client 192.168.65.1:59117] AH00128: File does not exist: /var/www/html/badi/assets/dist/js/bootstrap.bundle.min.js, referer: https://localhost/index.php?page=homepage
[Wed Mar 06 08:41:12.058836 2024] [socache_shmcb:debug] [pid 20] mod_socache_shmcb.c(959): AH00853: shmcb_subcache_remove removing matching entry
[Wed Mar 06 08:41:12.059341 2024] [socache_shmcb:debug] [pid 20] mod_socache_shmcb.c(585): AH00839: leaving socache_shmcb_remove successfully
[Wed Mar 06 08:41:12.059571 2024] [ssl:info] [pid 20] [client 192.168.65.1:59120] AH02008: SSL library error 1 in handshake (server localhost:443)
[Wed Mar 06 08:41:12.059714 2024] [ssl:info] [pid 20] SSL Library Error: error:0A000416:SSL routines::sslv3 alert certificate unknown (SSL alert number 46)
[Wed Mar 06 08:41:12.059808 2024] [ssl:info] [pid 20] [client 192.168.65.1:59120] AH01998: Connection closed to child 3 with abortive shutdown (server localhost:443)
[Wed Mar 06 08:41:15.191320 2024] [ssl:debug] [pid 18] ssl_engine_kernel.c(415): [client 192.168.65.1:59117] AH02034: Subsequent (No.5) HTTPS request received for child 1 (server localhost:443), referer: https://localhost/index.php?page=homepage
[Wed Mar 06 08:41:15.192036 2024] [authz_core:debug] [pid 18] mod_authz_core.c(815): [client 192.168.65.1:59117] AH01626: authorization result of Require all granted: granted, referer: https://localhost/index.php?page=homepage
[Wed Mar 06 08:41:15.192513 2024] [authz_core:debug] [pid 18] mod_authz_core.c(815): [client 192.168.65.1:59117] AH01626: authorization result of <RequireAny>: granted, referer: https://localhost/index.php?page=homepage
[Wed Mar 06 08:41:15.193031 2024] [ssl:info] [pid 17] [client 192.168.65.1:59121] AH01964: Connection to child 0 established (server localhost:443)
[Wed Mar 06 08:41:15.193623 2024] [ssl:debug] [pid 17] ssl_engine_kernel.c(2395): [client 192.168.65.1:59121] AH02043: SSL virtual host for servername localhost found
[Wed Mar 06 08:41:15.193860 2024] [socache_shmcb:debug] [pid 17] mod_socache_shmcb.c(545): AH00835: socache_shmcb_retrieve (0x5d -> subcache 29)
[Wed Mar 06 08:41:15.194118 2024] [socache_shmcb:debug] [pid 17] mod_socache_shmcb.c(898): AH00849: match at idx=0, data=0
[Wed Mar 06 08:41:15.194336 2024] [socache_shmcb:debug] [pid 17] mod_socache_shmcb.c(556): AH00836: leaving socache_shmcb_retrieve successfully
[Wed Mar 06 08:41:15.194739 2024] [core:debug] [pid 17] protocol.c(2460): [client 192.168.65.1:59121] AH03155: select protocol from , choices=h2,http/1.1 for server localhost
[Wed Mar 06 08:41:15.196208 2024] [socache_shmcb:debug] [pid 17] mod_socache_shmcb.c(570): AH00837: socache_shmcb_remove (0x5d -> subcache 29)
[Wed Mar 06 08:41:15.196569 2024] [socache_shmcb:debug] [pid 17] mod_socache_shmcb.c(954): AH00852: possible match at idx=0, data=0
[Wed Mar 06 08:41:15.196941 2024] [socache_shmcb:debug] [pid 17] mod_socache_shmcb.c(959): AH00853: shmcb_subcache_remove removing matching entry
[Wed Mar 06 08:41:15.197244 2024] [socache_shmcb:debug] [pid 17] mod_socache_shmcb.c(585): AH00839: leaving socache_shmcb_remove successfully
[Wed Mar 06 08:41:15.197479 2024] [ssl:info] [pid 17] [client 192.168.65.1:59121] AH02008: SSL library error 1 in handshake (server localhost:443)
[Wed Mar 06 08:41:15.197694 2024] [ssl:info] [pid 17] SSL Library Error: error:0A000416:SSL routines::sslv3 alert certificate unknown (SSL alert number 46)
[Wed Mar 06 08:41:15.197929 2024] [ssl:info] [pid 17] [client 192.168.65.1:59121] AH01998: Connection closed to child 0 with abortive shutdown (server localhost:443)
[Wed Mar 06 08:41:15.219436 2024] [deflate:debug] [pid 18] mod_deflate.c(869): [client 192.168.65.1:59117] AH01384: Zlib: Compressed 82057 to 5773 : URL /index.php, referer: https://localhost/index.php?page=homepage
[Wed Mar 06 08:41:15.233724 2024] [ssl:debug] [pid 18] ssl_engine_kernel.c(415): [client 192.168.65.1:59117] AH02034: Subsequent (No.6) HTTPS request received for child 1 (server localhost:443), referer: https://localhost/index.php?page=threats
[Wed Mar 06 08:41:15.235191 2024] [authz_core:debug] [pid 18] mod_authz_core.c(815): [client 192.168.65.1:59117] AH01626: authorization result of Require all granted: granted, referer: https://localhost/index.php?page=threats
[Wed Mar 06 08:41:15.235604 2024] [authz_core:debug] [pid 18] mod_authz_core.c(815): [client 192.168.65.1:59117] AH01626: authorization result of <RequireAny>: granted, referer: https://localhost/index.php?page=threats
[Wed Mar 06 08:41:15.236332 2024] [core:info] [pid 18] [client 192.168.65.1:59117] AH00128: File does not exist: /var/www/html/badi/assets/dist/css/dashboard.css, referer: https://localhost/index.php?page=threats
[Wed Mar 06 08:41:15.236647 2024] [ssl:info] [pid 19] [client 192.168.65.1:59123] AH01964: Connection to child 2 established (server localhost:443)
[Wed Mar 06 08:41:15.237698 2024] [ssl:debug] [pid 19] ssl_engine_kernel.c(2395): [client 192.168.65.1:59123] AH02043: SSL virtual host for servername localhost found
[Wed Mar 06 08:41:15.238014 2024] [ssl:debug] [pid 18] ssl_engine_kernel.c(415): [client 192.168.65.1:59117] AH02034: Subsequent (No.7) HTTPS request received for child 1 (server localhost:443), referer: https://localhost/index.php?page=threats
[Wed Mar 06 08:41:15.238205 2024] [core:debug] [pid 19] protocol.c(2460): [client 192.168.65.1:59123] AH03155: select protocol from , choices=h2,http/1.1 for server localhost
[Wed Mar 06 08:41:15.239089 2024] [authz_core:debug] [pid 18] mod_authz_core.c(815): [client 192.168.65.1:59117] AH01626: authorization result of Require all granted: granted, referer: https://localhost/index.php?page=threats
[Wed Mar 06 08:41:15.239466 2024] [authz_core:debug] [pid 18] mod_authz_core.c(815): [client 192.168.65.1:59117] AH01626: authorization result of <RequireAny>: granted, referer: https://localhost/index.php?page=threats
[Wed Mar 06 08:41:15.239738 2024] [core:info] [pid 18] [client 192.168.65.1:59117] AH00128: File does not exist: /var/www/html/badi/assets/dist/js/bootstrap.bundle.min.js, referer: https://localhost/index.php?page=threats
[Wed Mar 06 08:41:15.251862 2024] [ssl:info] [pid 19] [client 192.168.65.1:59123] AH02008: SSL library error 1 in handshake (server localhost:443)
[Wed Mar 06 08:41:15.252191 2024] [ssl:info] [pid 19] SSL Library Error: error:0A000416:SSL routines::sslv3 alert certificate unknown (SSL alert number 46)
[Wed Mar 06 08:41:15.252407 2024] [ssl:info] [pid 19] [client 192.168.65.1:59123] AH01998: Connection closed to child 2 with abortive shutdown (server localhost:443)
[Wed Mar 06 08:41:20.249048 2024] [ssl:debug] [pid 18] ssl_engine_io.c(1147): [client 192.168.65.1:59117] AH02001: Connection closed to child 1 with standard shutdown (server localhost:443)
[Wed Mar 06 08:46:17.964559 2024] [ssl:info] [pid 21] [client 192.168.65.1:60011] AH01964: Connection to child 4 established (server localhost:443)
[Wed Mar 06 08:46:17.965086 2024] [ssl:debug] [pid 21] ssl_engine_kernel.c(2395): [client 192.168.65.1:60011] AH02043: SSL virtual host for servername localhost found
[Wed Mar 06 08:46:17.965218 2024] [core:debug] [pid 21] protocol.c(2460): [client 192.168.65.1:60011] AH03155: select protocol from , choices=h2,http/1.1 for server localhost
[Wed Mar 06 08:46:17.969773 2024] [ssl:info] [pid 21] [client 192.168.65.1:60011] AH02008: SSL library error 1 in handshake (server localhost:443)
[Wed Mar 06 08:46:17.969887 2024] [ssl:info] [pid 21] SSL Library Error: error:0A000416:SSL routines::sslv3 alert certificate unknown (SSL alert number 46)
[Wed Mar 06 08:46:17.969971 2024] [ssl:info] [pid 21] [client 192.168.65.1:60011] AH01998: Connection closed to child 4 with abortive shutdown (server localhost:443)
[Wed Mar 06 08:46:18.087419 2024] [ssl:info] [pid 22] [client 192.168.65.1:60012] AH01964: Connection to child 5 established (server localhost:443)
[Wed Mar 06 08:46:18.088180 2024] [ssl:info] [pid 23] [client 192.168.65.1:60013] AH01964: Connection to child 6 established (server localhost:443)
[Wed Mar 06 08:46:18.088268 2024] [ssl:debug] [pid 22] ssl_engine_kernel.c(2395): [client 192.168.65.1:60012] AH02043: SSL virtual host for servername localhost found
[Wed Mar 06 08:46:18.088734 2024] [ssl:debug] [pid 23] ssl_engine_kernel.c(2395): [client 192.168.65.1:60013] AH02043: SSL virtual host for servername localhost found
[Wed Mar 06 08:46:18.089014 2024] [core:debug] [pid 22] protocol.c(2460): [client 192.168.65.1:60012] AH03155: select protocol from , choices=h2,http/1.1 for server localhost
[Wed Mar 06 08:46:18.089226 2024] [core:debug] [pid 23] protocol.c(2460): [client 192.168.65.1:60013] AH03155: select protocol from , choices=h2,http/1.1 for server localhost
[Wed Mar 06 08:46:18.098513 2024] [ssl:info] [pid 22] [client 192.168.65.1:60012] AH02008: SSL library error 1 in handshake (server localhost:443)
[Wed Mar 06 08:46:18.098754 2024] [ssl:info] [pid 22] SSL Library Error: error:0A000416:SSL routines::sslv3 alert certificate unknown (SSL alert number 46)
[Wed Mar 06 08:46:18.098944 2024] [ssl:info] [pid 22] [client 192.168.65.1:60012] AH01998: Connection closed to child 5 with abortive shutdown (server localhost:443)
[Wed Mar 06 08:46:18.100115 2024] [ssl:info] [pid 23] [client 192.168.65.1:60013] AH02008: SSL library error 1 in handshake (server localhost:443)
[Wed Mar 06 08:46:18.100289 2024] [ssl:info] [pid 23] SSL Library Error: error:0A000416:SSL routines::sslv3 alert certificate unknown (SSL alert number 46)
[Wed Mar 06 08:46:18.100477 2024] [ssl:info] [pid 23] [client 192.168.65.1:60013] AH01998: Connection closed to child 6 with abortive shutdown (server localhost:443)
[Wed Mar 06 08:46:18.100743 2024] [ssl:info] [pid 24] [client 192.168.65.1:60014] AH01964: Connection to child 7 established (server localhost:443)
[Wed Mar 06 08:46:18.101043 2024] [ssl:debug] [pid 24] ssl_engine_kernel.c(2395): [client 192.168.65.1:60014] AH02043: SSL virtual host for servername localhost found
[Wed Mar 06 08:46:18.101214 2024] [core:debug] [pid 24] protocol.c(2460): [client 192.168.65.1:60014] AH03155: select protocol from , choices=h2,http/1.1 for server localhost
[Wed Mar 06 08:46:18.109717 2024] [ssl:debug] [pid 24] ssl_engine_kernel.c(2254): [client 192.168.65.1:60014] AH02041: Protocol: TLSv1.3, Cipher: TLS_AES_128_GCM_SHA256 (128/128 bits)
[Wed Mar 06 08:46:18.109937 2024] [socache_shmcb:debug] [pid 24] mod_socache_shmcb.c(508): AH00831: socache_shmcb_store (0x75 -> subcache 21)
[Wed Mar 06 08:46:18.110084 2024] [socache_shmcb:debug] [pid 24] mod_socache_shmcb.c(745): AH00842: expiring 0 and reclaiming 1 removed socache entries
[Wed Mar 06 08:46:18.110215 2024] [socache_shmcb:debug] [pid 24] mod_socache_shmcb.c(765): AH00843: we now have 0 socache entries
[Wed Mar 06 08:46:18.110343 2024] [socache_shmcb:debug] [pid 24] mod_socache_shmcb.c(862): AH00847: insert happened at idx=0, data=(0:32)
[Wed Mar 06 08:46:18.110470 2024] [socache_shmcb:debug] [pid 24] mod_socache_shmcb.c(865): AH00848: finished insert, subcache: idx_pos/idx_used=0/1, data_pos/data_used=0/203
[Wed Mar 06 08:46:18.110669 2024] [socache_shmcb:debug] [pid 24] mod_socache_shmcb.c(530): AH00834: leaving socache_shmcb_store successfully
[Wed Mar 06 08:46:18.110877 2024] [socache_shmcb:debug] [pid 24] mod_socache_shmcb.c(508): AH00831: socache_shmcb_store (0x54 -> subcache 20)
[Wed Mar 06 08:46:18.111071 2024] [socache_shmcb:debug] [pid 24] mod_socache_shmcb.c(862): AH00847: insert happened at idx=0, data=(0:32)
[Wed Mar 06 08:46:18.111229 2024] [socache_shmcb:debug] [pid 24] mod_socache_shmcb.c(865): AH00848: finished insert, subcache: idx_pos/idx_used=0/1, data_pos/data_used=0/203
[Wed Mar 06 08:46:18.111361 2024] [socache_shmcb:debug] [pid 24] mod_socache_shmcb.c(530): AH00834: leaving socache_shmcb_store successfully
[Wed Mar 06 08:46:18.111640 2024] [ssl:debug] [pid 24] ssl_engine_kernel.c(415): [client 192.168.65.1:60014] AH02034: Initial (No.1) HTTPS request received for child 7 (server localhost:443), referer: https://localhost/index.php?page=threats
[Wed Mar 06 08:46:18.112118 2024] [authz_core:debug] [pid 24] mod_authz_core.c(815): [client 192.168.65.1:60014] AH01626: authorization result of Require all granted: granted, referer: https://localhost/index.php?page=threats
[Wed Mar 06 08:46:18.112286 2024] [authz_core:debug] [pid 24] mod_authz_core.c(815): [client 192.168.65.1:60014] AH01626: authorization result of <RequireAny>: granted, referer: https://localhost/index.php?page=threats
[Wed Mar 06 08:46:18.128488 2024] [deflate:debug] [pid 24] mod_deflate.c(869): [client 192.168.65.1:60014] AH01384: Zlib: Compressed 113891 to 7074 : URL /index.php, referer: https://localhost/index.php?page=threats
[Wed Mar 06 08:46:18.135150 2024] [ssl:debug] [pid 24] ssl_engine_kernel.c(415): [client 192.168.65.1:60014] AH02034: Subsequent (No.2) HTTPS request received for child 7 (server localhost:443), referer: https://localhost/index.php?page=aspects
[Wed Mar 06 08:46:18.135897 2024] [authz_core:debug] [pid 24] mod_authz_core.c(815): [client 192.168.65.1:60014] AH01626: authorization result of Require all granted: granted, referer: https://localhost/index.php?page=aspects
[Wed Mar 06 08:46:18.136152 2024] [authz_core:debug] [pid 24] mod_authz_core.c(815): [client 192.168.65.1:60014] AH01626: authorization result of <RequireAny>: granted, referer: https://localhost/index.php?page=aspects
[Wed Mar 06 08:46:18.136294 2024] [core:info] [pid 24] [client 192.168.65.1:60014] AH00128: File does not exist: /var/www/html/badi/assets/dist/css/dashboard.css, referer: https://localhost/index.php?page=aspects
[Wed Mar 06 08:46:18.138580 2024] [ssl:info] [pid 20] [client 192.168.65.1:60016] AH01964: Connection to child 3 established (server localhost:443)
[Wed Mar 06 08:46:18.138737 2024] [ssl:debug] [pid 24] ssl_engine_kernel.c(415): [client 192.168.65.1:60014] AH02034: Subsequent (No.3) HTTPS request received for child 7 (server localhost:443), referer: https://localhost/index.php?page=aspects
[Wed Mar 06 08:46:18.139171 2024] [ssl:debug] [pid 20] ssl_engine_kernel.c(2395): [client 192.168.65.1:60016] AH02043: SSL virtual host for servername localhost found
[Wed Mar 06 08:46:18.139757 2024] [socache_shmcb:debug] [pid 20] mod_socache_shmcb.c(545): AH00835: socache_shmcb_retrieve (0x54 -> subcache 20)
[Wed Mar 06 08:46:18.139794 2024] [authz_core:debug] [pid 24] mod_authz_core.c(815): [client 192.168.65.1:60014] AH01626: authorization result of Require all granted: granted, referer: https://localhost/index.php?page=aspects
[Wed Mar 06 08:46:18.140131 2024] [authz_core:debug] [pid 24] mod_authz_core.c(815): [client 192.168.65.1:60014] AH01626: authorization result of <RequireAny>: granted, referer: https://localhost/index.php?page=aspects
[Wed Mar 06 08:46:18.139983 2024] [socache_shmcb:debug] [pid 20] mod_socache_shmcb.c(898): AH00849: match at idx=0, data=0
[Wed Mar 06 08:46:18.140392 2024] [socache_shmcb:debug] [pid 20] mod_socache_shmcb.c(556): AH00836: leaving socache_shmcb_retrieve successfully
[Wed Mar 06 08:46:18.140258 2024] [core:info] [pid 24] [client 192.168.65.1:60014] AH00128: File does not exist: /var/www/html/badi/assets/dist/js/bootstrap.bundle.min.js, referer: https://localhost/index.php?page=aspects
[Wed Mar 06 08:46:18.140744 2024] [core:debug] [pid 20] protocol.c(2460): [client 192.168.65.1:60016] AH03155: select protocol from , choices=h2,http/1.1 for server localhost
[Wed Mar 06 08:46:18.142413 2024] [socache_shmcb:debug] [pid 20] mod_socache_shmcb.c(570): AH00837: socache_shmcb_remove (0x54 -> subcache 20)
[Wed Mar 06 08:46:18.142605 2024] [socache_shmcb:debug] [pid 20] mod_socache_shmcb.c(954): AH00852: possible match at idx=0, data=0
[Wed Mar 06 08:46:18.142759 2024] [socache_shmcb:debug] [pid 20] mod_socache_shmcb.c(959): AH00853: shmcb_subcache_remove removing matching entry
[Wed Mar 06 08:46:18.142860 2024] [socache_shmcb:debug] [pid 20] mod_socache_shmcb.c(585): AH00839: leaving socache_shmcb_remove successfully
[Wed Mar 06 08:46:18.142953 2024] [ssl:info] [pid 20] [client 192.168.65.1:60016] AH02008: SSL library error 1 in handshake (server localhost:443)
[Wed Mar 06 08:46:18.143050 2024] [ssl:info] [pid 20] SSL Library Error: error:0A000416:SSL routines::sslv3 alert certificate unknown (SSL alert number 46)
[Wed Mar 06 08:46:18.143148 2024] [ssl:info] [pid 20] [client 192.168.65.1:60016] AH01998: Connection closed to child 3 with abortive shutdown (server localhost:443)
[Wed Mar 06 08:46:23.149990 2024] [ssl:debug] [pid 24] ssl_engine_io.c(1147): [client 192.168.65.1:60014] AH02001: Connection closed to child 7 with standard shutdown (server localhost:443)
[Wed Mar 06 08:46:56.648942 2024] [ssl:info] [pid 17] [client 192.168.65.1:60101] AH01964: Connection to child 0 established (server localhost:443)
[Wed Mar 06 08:46:56.649855 2024] [ssl:debug] [pid 17] ssl_engine_kernel.c(2395): [client 192.168.65.1:60101] AH02043: SSL virtual host for servername localhost found
[Wed Mar 06 08:46:56.650116 2024] [socache_shmcb:debug] [pid 17] mod_socache_shmcb.c(545): AH00835: socache_shmcb_retrieve (0x75 -> subcache 21)
[Wed Mar 06 08:46:56.650351 2024] [socache_shmcb:debug] [pid 17] mod_socache_shmcb.c(898): AH00849: match at idx=0, data=0
[Wed Mar 06 08:46:56.650561 2024] [socache_shmcb:debug] [pid 17] mod_socache_shmcb.c(556): AH00836: leaving socache_shmcb_retrieve successfully
[Wed Mar 06 08:46:56.650959 2024] [core:debug] [pid 17] protocol.c(2460): [client 192.168.65.1:60101] AH03155: select protocol from , choices=h2,http/1.1 for server localhost
[Wed Mar 06 08:46:56.652367 2024] [socache_shmcb:debug] [pid 17] mod_socache_shmcb.c(570): AH00837: socache_shmcb_remove (0x75 -> subcache 21)
[Wed Mar 06 08:46:56.652623 2024] [socache_shmcb:debug] [pid 17] mod_socache_shmcb.c(954): AH00852: possible match at idx=0, data=0
[Wed Mar 06 08:46:56.652801 2024] [socache_shmcb:debug] [pid 17] mod_socache_shmcb.c(959): AH00853: shmcb_subcache_remove removing matching entry
[Wed Mar 06 08:46:56.652978 2024] [socache_shmcb:debug] [pid 17] mod_socache_shmcb.c(585): AH00839: leaving socache_shmcb_remove successfully
[Wed Mar 06 08:46:56.653168 2024] [ssl:info] [pid 17] [client 192.168.65.1:60101] AH02008: SSL library error 1 in handshake (server localhost:443)
[Wed Mar 06 08:46:56.653377 2024] [ssl:info] [pid 17] SSL Library Error: error:0A000416:SSL routines::sslv3 alert certificate unknown (SSL alert number 46)
[Wed Mar 06 08:46:56.653536 2024] [ssl:info] [pid 17] [client 192.168.65.1:60101] AH01998: Connection closed to child 0 with abortive shutdown (server localhost:443)
[Wed Mar 06 08:46:56.669540 2024] [ssl:info] [pid 19] [client 192.168.65.1:60102] AH01964: Connection to child 2 established (server localhost:443)
[Wed Mar 06 08:46:56.669942 2024] [ssl:info] [pid 18] [client 192.168.65.1:60103] AH01964: Connection to child 1 established (server localhost:443)
[Wed Mar 06 08:46:56.670417 2024] [ssl:debug] [pid 19] ssl_engine_kernel.c(2395): [client 192.168.65.1:60102] AH02043: SSL virtual host for servername localhost found
[Wed Mar 06 08:46:56.670698 2024] [ssl:debug] [pid 18] ssl_engine_kernel.c(2395): [client 192.168.65.1:60103] AH02043: SSL virtual host for servername localhost found
[Wed Mar 06 08:46:56.671032 2024] [core:debug] [pid 19] protocol.c(2460): [client 192.168.65.1:60102] AH03155: select protocol from , choices=h2,http/1.1 for server localhost
[Wed Mar 06 08:46:56.671769 2024] [core:debug] [pid 18] protocol.c(2460): [client 192.168.65.1:60103] AH03155: select protocol from , choices=h2,http/1.1 for server localhost
[Wed Mar 06 08:46:56.690201 2024] [ssl:info] [pid 18] [client 192.168.65.1:60103] AH02008: SSL library error 1 in handshake (server localhost:443)
[Wed Mar 06 08:46:56.690417 2024] [ssl:info] [pid 19] [client 192.168.65.1:60102] AH02008: SSL library error 1 in handshake (server localhost:443)
[Wed Mar 06 08:46:56.690910 2024] [ssl:info] [pid 18] SSL Library Error: error:0A000416:SSL routines::sslv3 alert certificate unknown (SSL alert number 46)
[Wed Mar 06 08:46:56.691914 2024] [ssl:info] [pid 21] [client 192.168.65.1:60104] AH01964: Connection to child 4 established (server localhost:443)
[Wed Mar 06 08:46:56.691396 2024] [ssl:info] [pid 19] SSL Library Error: error:0A000416:SSL routines::sslv3 alert certificate unknown (SSL alert number 46)
[Wed Mar 06 08:46:56.692548 2024] [ssl:info] [pid 19] [client 192.168.65.1:60102] AH01998: Connection closed to child 2 with abortive shutdown (server localhost:443)
[Wed Mar 06 08:46:56.691924 2024] [ssl:info] [pid 18] [client 192.168.65.1:60103] AH01998: Connection closed to child 1 with abortive shutdown (server localhost:443)
[Wed Mar 06 08:46:56.692581 2024] [ssl:debug] [pid 21] ssl_engine_kernel.c(2395): [client 192.168.65.1:60104] AH02043: SSL virtual host for servername localhost found
[Wed Mar 06 08:46:56.693902 2024] [core:debug] [pid 21] protocol.c(2460): [client 192.168.65.1:60104] AH03155: select protocol from , choices=h2,http/1.1 for server localhost
[Wed Mar 06 08:46:56.708544 2024] [ssl:debug] [pid 21] ssl_engine_kernel.c(2254): [client 192.168.65.1:60104] AH02041: Protocol: TLSv1.3, Cipher: TLS_AES_128_GCM_SHA256 (128/128 bits)
[Wed Mar 06 08:46:56.709109 2024] [socache_shmcb:debug] [pid 21] mod_socache_shmcb.c(508): AH00831: socache_shmcb_store (0xb8 -> subcache 24)
[Wed Mar 06 08:46:56.709471 2024] [socache_shmcb:debug] [pid 21] mod_socache_shmcb.c(862): AH00847: insert happened at idx=0, data=(0:32)
[Wed Mar 06 08:46:56.709802 2024] [socache_shmcb:debug] [pid 21] mod_socache_shmcb.c(865): AH00848: finished insert, subcache: idx_pos/idx_used=0/1, data_pos/data_used=0/203
[Wed Mar 06 08:46:56.710089 2024] [socache_shmcb:debug] [pid 21] mod_socache_shmcb.c(530): AH00834: leaving socache_shmcb_store successfully
[Wed Mar 06 08:46:56.710534 2024] [socache_shmcb:debug] [pid 21] mod_socache_shmcb.c(508): AH00831: socache_shmcb_store (0x7f -> subcache 31)
[Wed Mar 06 08:46:56.710944 2024] [socache_shmcb:debug] [pid 21] mod_socache_shmcb.c(862): AH00847: insert happened at idx=0, data=(0:32)
[Wed Mar 06 08:46:56.711261 2024] [socache_shmcb:debug] [pid 21] mod_socache_shmcb.c(865): AH00848: finished insert, subcache: idx_pos/idx_used=0/1, data_pos/data_used=0/202
[Wed Mar 06 08:46:56.711550 2024] [socache_shmcb:debug] [pid 21] mod_socache_shmcb.c(530): AH00834: leaving socache_shmcb_store successfully
[Wed Mar 06 08:46:56.712151 2024] [ssl:debug] [pid 21] ssl_engine_kernel.c(415): [client 192.168.65.1:60104] AH02034: Initial (No.1) HTTPS request received for child 4 (server localhost:443), referer: https://localhost/index.php?page=aspects
[Wed Mar 06 08:46:56.712991 2024] [authz_core:debug] [pid 21] mod_authz_core.c(815): [client 192.168.65.1:60104] AH01626: authorization result of Require all granted: granted, referer: https://localhost/index.php?page=aspects
[Wed Mar 06 08:46:56.713331 2024] [authz_core:debug] [pid 21] mod_authz_core.c(815): [client 192.168.65.1:60104] AH01626: authorization result of <RequireAny>: granted, referer: https://localhost/index.php?page=aspects
[Wed Mar 06 08:46:56.736361 2024] [deflate:debug] [pid 21] mod_deflate.c(869): [client 192.168.65.1:60104] AH01384: Zlib: Compressed 11528 to 2753 : URL /index.php, referer: https://localhost/index.php?page=aspects
[Wed Mar 06 08:46:56.753403 2024] [ssl:debug] [pid 21] ssl_engine_kernel.c(415): [client 192.168.65.1:60104] AH02034: Subsequent (No.2) HTTPS request received for child 4 (server localhost:443), referer: https://localhost/index.php?page=models
[Wed Mar 06 08:46:56.753492 2024] [ssl:info] [pid 22] [client 192.168.65.1:60106] AH01964: Connection to child 5 established (server localhost:443)
[Wed Mar 06 08:46:56.754195 2024] [ssl:debug] [pid 22] ssl_engine_kernel.c(2395): [client 192.168.65.1:60106] AH02043: SSL virtual host for servername localhost found
[Wed Mar 06 08:46:56.754205 2024] [authz_core:debug] [pid 21] mod_authz_core.c(815): [client 192.168.65.1:60104] AH01626: authorization result of Require all granted: granted, referer: https://localhost/index.php?page=models
[Wed Mar 06 08:46:56.754575 2024] [authz_core:debug] [pid 21] mod_authz_core.c(815): [client 192.168.65.1:60104] AH01626: authorization result of <RequireAny>: granted, referer: https://localhost/index.php?page=models
[Wed Mar 06 08:46:56.754422 2024] [socache_shmcb:debug] [pid 22] mod_socache_shmcb.c(545): AH00835: socache_shmcb_retrieve (0x7f -> subcache 31)
[Wed Mar 06 08:46:56.754944 2024] [socache_shmcb:debug] [pid 22] mod_socache_shmcb.c(898): AH00849: match at idx=0, data=0
[Wed Mar 06 08:46:56.754785 2024] [core:info] [pid 21] [client 192.168.65.1:60104] AH00128: File does not exist: /var/www/html/badi/assets/dist/css/dashboard.css, referer: https://localhost/index.php?page=models
[Wed Mar 06 08:46:56.755103 2024] [socache_shmcb:debug] [pid 22] mod_socache_shmcb.c(556): AH00836: leaving socache_shmcb_retrieve successfully
[Wed Mar 06 08:46:56.755990 2024] [core:debug] [pid 22] protocol.c(2460): [client 192.168.65.1:60106] AH03155: select protocol from , choices=h2,http/1.1 for server localhost
[Wed Mar 06 08:46:56.756430 2024] [ssl:debug] [pid 21] ssl_engine_kernel.c(415): [client 192.168.65.1:60104] AH02034: Subsequent (No.3) HTTPS request received for child 4 (server localhost:443), referer: https://localhost/index.php?page=models
[Wed Mar 06 08:46:56.757164 2024] [authz_core:debug] [pid 21] mod_authz_core.c(815): [client 192.168.65.1:60104] AH01626: authorization result of Require all granted: granted, referer: https://localhost/index.php?page=models
[Wed Mar 06 08:46:56.757466 2024] [authz_core:debug] [pid 21] mod_authz_core.c(815): [client 192.168.65.1:60104] AH01626: authorization result of <RequireAny>: granted, referer: https://localhost/index.php?page=models
[Wed Mar 06 08:46:56.757540 2024] [socache_shmcb:debug] [pid 22] mod_socache_shmcb.c(570): AH00837: socache_shmcb_remove (0x7f -> subcache 31)
[Wed Mar 06 08:46:56.757848 2024] [socache_shmcb:debug] [pid 22] mod_socache_shmcb.c(954): AH00852: possible match at idx=0, data=0
[Wed Mar 06 08:46:56.757687 2024] [core:info] [pid 21] [client 192.168.65.1:60104] AH00128: File does not exist: /var/www/html/badi/assets/dist/js/bootstrap.bundle.min.js, referer: https://localhost/index.php?page=models
[Wed Mar 06 08:46:56.758000 2024] [socache_shmcb:debug] [pid 22] mod_socache_shmcb.c(959): AH00853: shmcb_subcache_remove removing matching entry
[Wed Mar 06 08:46:56.758376 2024] [socache_shmcb:debug] [pid 22] mod_socache_shmcb.c(585): AH00839: leaving socache_shmcb_remove successfully
[Wed Mar 06 08:46:56.758658 2024] [ssl:info] [pid 22] [client 192.168.65.1:60106] AH02008: SSL library error 1 in handshake (server localhost:443)
[Wed Mar 06 08:46:56.758860 2024] [ssl:info] [pid 22] SSL Library Error: error:0A000416:SSL routines::sslv3 alert certificate unknown (SSL alert number 46)
[Wed Mar 06 08:46:56.759010 2024] [ssl:info] [pid 22] [client 192.168.65.1:60106] AH01998: Connection closed to child 5 with abortive shutdown (server localhost:443)
[Wed Mar 06 08:47:01.764341 2024] [ssl:debug] [pid 21] ssl_engine_io.c(1147): [client 192.168.65.1:60104] AH02001: Connection closed to child 4 with standard shutdown (server localhost:443)
[Wed Mar 06 09:10:02.951115 2024] [ssl:info] [pid 23] [client 192.168.65.1:64012] AH01964: Connection to child 6 established (server localhost:443)
[Wed Mar 06 09:10:02.952761 2024] [ssl:debug] [pid 23] ssl_engine_kernel.c(2395): [client 192.168.65.1:64012] AH02043: SSL virtual host for servername localhost found
[Wed Mar 06 09:10:02.953277 2024] [core:debug] [pid 23] protocol.c(2460): [client 192.168.65.1:64012] AH03155: select protocol from , choices=h2,http/1.1 for server localhost
[Wed Mar 06 09:10:02.967113 2024] [ssl:info] [pid 23] [client 192.168.65.1:64012] AH02008: SSL library error 1 in handshake (server localhost:443)
[Wed Mar 06 09:10:02.967423 2024] [ssl:info] [pid 23] SSL Library Error: error:0A000416:SSL routines::sslv3 alert certificate unknown (SSL alert number 46)
[Wed Mar 06 09:10:02.967613 2024] [ssl:info] [pid 23] [client 192.168.65.1:64012] AH01998: Connection closed to child 6 with abortive shutdown (server localhost:443)
[Wed Mar 06 09:10:03.103787 2024] [ssl:info] [pid 20] [client 192.168.65.1:64013] AH01964: Connection to child 3 established (server localhost:443)
[Wed Mar 06 09:10:03.104507 2024] [ssl:info] [pid 24] [client 192.168.65.1:64014] AH01964: Connection to child 7 established (server localhost:443)
[Wed Mar 06 09:10:03.104775 2024] [ssl:debug] [pid 20] ssl_engine_kernel.c(2395): [client 192.168.65.1:64013] AH02043: SSL virtual host for servername localhost found
[Wed Mar 06 09:10:03.104904 2024] [ssl:debug] [pid 24] ssl_engine_kernel.c(2395): [client 192.168.65.1:64014] AH02043: SSL virtual host for servername localhost found
[Wed Mar 06 09:10:03.105105 2024] [core:debug] [pid 20] protocol.c(2460): [client 192.168.65.1:64013] AH03155: select protocol from , choices=h2,http/1.1 for server localhost
[Wed Mar 06 09:10:03.105261 2024] [core:debug] [pid 24] protocol.c(2460): [client 192.168.65.1:64014] AH03155: select protocol from , choices=h2,http/1.1 for server localhost
[Wed Mar 06 09:10:03.119417 2024] [ssl:info] [pid 20] [client 192.168.65.1:64013] AH02008: SSL library error 1 in handshake (server localhost:443)
[Wed Mar 06 09:10:03.120029 2024] [ssl:info] [pid 20] SSL Library Error: error:0A000416:SSL routines::sslv3 alert certificate unknown (SSL alert number 46)
[Wed Mar 06 09:10:03.119811 2024] [ssl:info] [pid 24] [client 192.168.65.1:64014] AH02008: SSL library error 1 in handshake (server localhost:443)
[Wed Mar 06 09:10:03.120946 2024] [ssl:info] [pid 24] SSL Library Error: error:0A000416:SSL routines::sslv3 alert certificate unknown (SSL alert number 46)
[Wed Mar 06 09:10:03.120362 2024] [ssl:info] [pid 20] [client 192.168.65.1:64013] AH01998: Connection closed to child 3 with abortive shutdown (server localhost:443)
[Wed Mar 06 09:10:03.121226 2024] [ssl:info] [pid 17] [client 192.168.65.1:64015] AH01964: Connection to child 0 established (server localhost:443)
[Wed Mar 06 09:10:03.121329 2024] [ssl:info] [pid 24] [client 192.168.65.1:64014] AH01998: Connection closed to child 7 with abortive shutdown (server localhost:443)
[Wed Mar 06 09:10:03.122568 2024] [ssl:debug] [pid 17] ssl_engine_kernel.c(2395): [client 192.168.65.1:64015] AH02043: SSL virtual host for servername localhost found
[Wed Mar 06 09:10:03.123214 2024] [core:debug] [pid 17] protocol.c(2460): [client 192.168.65.1:64015] AH03155: select protocol from , choices=h2,http/1.1 for server localhost
[Wed Mar 06 09:10:03.138187 2024] [ssl:debug] [pid 17] ssl_engine_kernel.c(2254): [client 192.168.65.1:64015] AH02041: Protocol: TLSv1.3, Cipher: TLS_AES_128_GCM_SHA256 (128/128 bits)
[Wed Mar 06 09:10:03.138878 2024] [socache_shmcb:debug] [pid 17] mod_socache_shmcb.c(508): AH00831: socache_shmcb_store (0xca -> subcache 10)
[Wed Mar 06 09:10:03.139271 2024] [socache_shmcb:debug] [pid 17] mod_socache_shmcb.c(862): AH00847: insert happened at idx=0, data=(0:32)
[Wed Mar 06 09:10:03.139607 2024] [socache_shmcb:debug] [pid 17] mod_socache_shmcb.c(865): AH00848: finished insert, subcache: idx_pos/idx_used=0/1, data_pos/data_used=0/203
[Wed Mar 06 09:10:03.139931 2024] [socache_shmcb:debug] [pid 17] mod_socache_shmcb.c(530): AH00834: leaving socache_shmcb_store successfully
[Wed Mar 06 09:10:03.140374 2024] [socache_shmcb:debug] [pid 17] mod_socache_shmcb.c(508): AH00831: socache_shmcb_store (0x3f -> subcache 31)
[Wed Mar 06 09:10:03.140831 2024] [socache_shmcb:debug] [pid 17] mod_socache_shmcb.c(745): AH00842: expiring 0 and reclaiming 1 removed socache entries
[Wed Mar 06 09:10:03.141127 2024] [socache_shmcb:debug] [pid 17] mod_socache_shmcb.c(765): AH00843: we now have 0 socache entries
[Wed Mar 06 09:10:03.141423 2024] [socache_shmcb:debug] [pid 17] mod_socache_shmcb.c(862): AH00847: insert happened at idx=0, data=(0:32)
[Wed Mar 06 09:10:03.141725 2024] [socache_shmcb:debug] [pid 17] mod_socache_shmcb.c(865): AH00848: finished insert, subcache: idx_pos/idx_used=0/1, data_pos/data_used=0/202
[Wed Mar 06 09:10:03.142034 2024] [socache_shmcb:debug] [pid 17] mod_socache_shmcb.c(530): AH00834: leaving socache_shmcb_store successfully
[Wed Mar 06 09:10:03.142823 2024] [ssl:debug] [pid 17] ssl_engine_kernel.c(415): [client 192.168.65.1:64015] AH02034: Initial (No.1) HTTPS request received for child 0 (server localhost:443), referer: https://localhost/index.php?page=models
[Wed Mar 06 09:10:03.143965 2024] [authz_core:debug] [pid 17] mod_authz_core.c(815): [client 192.168.65.1:64015] AH01626: authorization result of Require all granted: granted, referer: https://localhost/index.php?page=models
[Wed Mar 06 09:10:03.144255 2024] [authz_core:debug] [pid 17] mod_authz_core.c(815): [client 192.168.65.1:64015] AH01626: authorization result of <RequireAny>: granted, referer: https://localhost/index.php?page=models
[Wed Mar 06 09:10:03.172734 2024] [deflate:debug] [pid 17] mod_deflate.c(869): [client 192.168.65.1:64015] AH01384: Zlib: Compressed 82057 to 5773 : URL /index.php, referer: https://localhost/index.php?page=models
[Wed Mar 06 09:10:03.186001 2024] [ssl:debug] [pid 17] ssl_engine_kernel.c(415): [client 192.168.65.1:64015] AH02034: Subsequent (No.2) HTTPS request received for child 0 (server localhost:443), referer: https://localhost/index.php?page=threats
[Wed Mar 06 09:10:03.186632 2024] [ssl:info] [pid 19] [client 192.168.65.1:64017] AH01964: Connection to child 2 established (server localhost:443)
[Wed Mar 06 09:10:03.187252 2024] [ssl:debug] [pid 19] ssl_engine_kernel.c(2395): [client 192.168.65.1:64017] AH02043: SSL virtual host for servername localhost found
