[Wed Mar 06 09:11:29.303336 2024] [socache_shmcb:debug] [pid 23] mod_socache_shmcb.c(865): AH00848: finished insert, subcache: idx_pos/idx_used=0/1, data_pos/data_used=0/202
[Wed Mar 06 09:11:29.303409 2024] [socache_shmcb:debug] [pid 23] mod_socache_shmcb.c(530): AH00834: leaving socache_shmcb_store successfully
[Wed Mar 06 09:11:29.837617 2024] [watchdog:debug] [pid 25] mod_watchdog.c(559): AH02980: Watchdog: nothing configured?
[Wed Mar 06 09:11:30.846961 2024] [watchdog:debug] [pid 26] mod_watchdog.c(559): AH02980: Watchdog: nothing configured?
[Wed Mar 06 09:11:30.848203 2024] [watchdog:debug] [pid 27] mod_watchdog.c(559): AH02980: Watchdog: nothing configured?
[Wed Mar 06 09:11:34.300326 2024] [ssl:debug] [pid 22] ssl_engine_io.c(1147): [client 192.168.65.1:64281] AH02001: Connection closed to child 5 with standard shutdown (server localhost:443)
[Wed Mar 06 09:11:34.302909 2024] [ssl:debug] [pid 17] ssl_engine_io.c(1147): [client 192.168.65.1:64288] AH02001: Connection closed to child 0 with standard shutdown (server localhost:443)
[Wed Mar 06 09:11:34.306148 2024] [ssl:debug] [pid 21] ssl_engine_io.c(1147): [client 192.168.65.1:64290] AH02001: Connection closed to child 4 with standard shutdown (server localhost:443)
[Wed Mar 06 09:11:34.306420 2024] [ssl:debug] [pid 24] ssl_engine_io.c(1147): [client 192.168.65.1:64292] AH02001: Connection closed to child 7 with standard shutdown (server localhost:443)
[Wed Mar 06 09:11:49.309269 2024] [reqtimeout:info] [pid 19] [client 192.168.65.1:64291] AH01382: Request header read timeout
[Wed Mar 06 09:11:49.310931 2024] [ssl:debug] [pid 19] ssl_engine_io.c(1147): [client 192.168.65.1:64291] AH02001: Connection closed to child 2 with standard shutdown (server localhost:443)
[Wed Mar 06 09:11:49.317586 2024] [reqtimeout:info] [pid 23] [client 192.168.65.1:64293] AH01382: Request header read timeout
[Wed Mar 06 09:11:49.318808 2024] [ssl:debug] [pid 23] ssl_engine_io.c(1147): [client 192.168.65.1:64293] AH02001: Connection closed to child 6 with standard shutdown (server localhost:443)
[Wed Mar 06 09:18:04.898163 2024] [ssl:info] [pid 18] [client 192.168.65.1:65387] AH01964: Connection to child 1 established (server localhost:443)
[Wed Mar 06 09:18:04.899020 2024] [ssl:debug] [pid 18] ssl_engine_kernel.c(2395): [client 192.168.65.1:65387] AH02043: SSL virtual host for servername localhost found
[Wed Mar 06 09:18:04.899364 2024] [core:debug] [pid 18] protocol.c(2460): [client 192.168.65.1:65387] AH03155: select protocol from , choices=h2,http/1.1 for server localhost
[Wed Mar 06 09:18:04.914089 2024] [ssl:info] [pid 18] [client 192.168.65.1:65387] AH02008: SSL library error 1 in handshake (server localhost:443)
[Wed Mar 06 09:18:04.914406 2024] [ssl:info] [pid 18] SSL Library Error: error:0A000416:SSL routines::sslv3 alert certificate unknown (SSL alert number 46)
[Wed Mar 06 09:18:04.914630 2024] [ssl:info] [pid 18] [client 192.168.65.1:65387] AH01998: Connection closed to child 1 with abortive shutdown (server localhost:443)
[Wed Mar 06 09:18:04.915979 2024] [ssl:info] [pid 25] [client 192.168.65.1:65388] AH01964: Connection to child 8 established (server localhost:443)
[Wed Mar 06 09:18:04.916065 2024] [ssl:info] [pid 26] [client 192.168.65.1:65389] AH01964: Connection to child 9 established (server localhost:443)
[Wed Mar 06 09:18:04.916758 2024] [ssl:debug] [pid 25] ssl_engine_kernel.c(2395): [client 192.168.65.1:65388] AH02043: SSL virtual host for servername localhost found
[Wed Mar 06 09:18:04.916810 2024] [ssl:debug] [pid 26] ssl_engine_kernel.c(2395): [client 192.168.65.1:65389] AH02043: SSL virtual host for servername localhost found
[Wed Mar 06 09:18:04.917147 2024] [core:debug] [pid 25] protocol.c(2460): [client 192.168.65.1:65388] AH03155: select protocol from , choices=h2,http/1.1 for server localhost
[Wed Mar 06 09:18:04.917232 2024] [core:debug] [pid 26] protocol.c(2460): [client 192.168.65.1:65389] AH03155: select protocol from , choices=h2,http/1.1 for server localhost
[Wed Mar 06 09:18:04.935756 2024] [ssl:info] [pid 26] [client 192.168.65.1:65389] AH02008: SSL library error 1 in handshake (server localhost:443)
[Wed Mar 06 09:18:04.936122 2024] [ssl:info] [pid 25] [client 192.168.65.1:65388] AH02008: SSL library error 1 in handshake (server localhost:443)
[Wed Mar 06 09:18:04.937313 2024] [ssl:info] [pid 25] SSL Library Error: error:0A000416:SSL routines::sslv3 alert certificate unknown (SSL alert number 46)
[Wed Mar 06 09:18:04.936360 2024] [ssl:info] [pid 26] SSL Library Error: error:0A000416:SSL routines::sslv3 alert certificate unknown (SSL alert number 46)
[Wed Mar 06 09:18:04.938339 2024] [ssl:info] [pid 26] [client 192.168.65.1:65389] AH01998: Connection closed to child 9 with abortive shutdown (server localhost:443)
[Wed Mar 06 09:18:04.937702 2024] [ssl:info] [pid 27] [client 192.168.65.1:65390] AH01964: Connection to child 10 established (server localhost:443)
[Wed Mar 06 09:18:04.937909 2024] [ssl:info] [pid 25] [client 192.168.65.1:65388] AH01998: Connection closed to child 8 with abortive shutdown (server localhost:443)
[Wed Mar 06 09:18:04.939563 2024] [ssl:debug] [pid 27] ssl_engine_kernel.c(2395): [client 192.168.65.1:65390] AH02043: SSL virtual host for servername localhost found
[Wed Mar 06 09:18:04.940290 2024] [core:debug] [pid 27] protocol.c(2460): [client 192.168.65.1:65390] AH03155: select protocol from , choices=h2,http/1.1 for server localhost
[Wed Mar 06 09:18:04.954561 2024] [ssl:debug] [pid 27] ssl_engine_kernel.c(2254): [client 192.168.65.1:65390] AH02041: Protocol: TLSv1.3, Cipher: TLS_AES_128_GCM_SHA256 (128/128 bits)
[Wed Mar 06 09:18:04.955149 2024] [socache_shmcb:debug] [pid 27] mod_socache_shmcb.c(508): AH00831: socache_shmcb_store (0x5d -> subcache 29)
[Wed Mar 06 09:18:04.955452 2024] [socache_shmcb:debug] [pid 27] mod_socache_shmcb.c(745): AH00842: expiring 0 and reclaiming 1 removed socache entries
[Wed Mar 06 09:18:04.955698 2024] [socache_shmcb:debug] [pid 27] mod_socache_shmcb.c(765): AH00843: we now have 0 socache entries
[Wed Mar 06 09:18:04.955929 2024] [socache_shmcb:debug] [pid 27] mod_socache_shmcb.c(862): AH00847: insert happened at idx=0, data=(0:32)
[Wed Mar 06 09:18:04.956185 2024] [socache_shmcb:debug] [pid 27] mod_socache_shmcb.c(865): AH00848: finished insert, subcache: idx_pos/idx_used=0/1, data_pos/data_used=0/203
[Wed Mar 06 09:18:04.956424 2024] [socache_shmcb:debug] [pid 27] mod_socache_shmcb.c(530): AH00834: leaving socache_shmcb_store successfully
[Wed Mar 06 09:18:04.956807 2024] [socache_shmcb:debug] [pid 27] mod_socache_shmcb.c(508): AH00831: socache_shmcb_store (0x2c -> subcache 12)
[Wed Mar 06 09:18:04.957112 2024] [socache_shmcb:debug] [pid 27] mod_socache_shmcb.c(745): AH00842: expiring 1 and reclaiming 0 removed socache entries
[Wed Mar 06 09:18:04.957377 2024] [socache_shmcb:debug] [pid 27] mod_socache_shmcb.c(765): AH00843: we now have 0 socache entries
[Wed Mar 06 09:18:04.957624 2024] [socache_shmcb:debug] [pid 27] mod_socache_shmcb.c(862): AH00847: insert happened at idx=0, data=(0:32)
[Wed Mar 06 09:18:04.957866 2024] [socache_shmcb:debug] [pid 27] mod_socache_shmcb.c(865): AH00848: finished insert, subcache: idx_pos/idx_used=0/1, data_pos/data_used=0/203
[Wed Mar 06 09:18:04.958097 2024] [socache_shmcb:debug] [pid 27] mod_socache_shmcb.c(530): AH00834: leaving socache_shmcb_store successfully
[Wed Mar 06 09:18:04.958529 2024] [ssl:debug] [pid 27] ssl_engine_kernel.c(415): [client 192.168.65.1:65390] AH02034: Initial (No.1) HTTPS request received for child 10 (server localhost:443), referer: https://localhost/index.php?page=editThreat&editId=1
[Wed Mar 06 09:18:04.959343 2024] [authz_core:debug] [pid 27] mod_authz_core.c(815): [client 192.168.65.1:65390] AH01626: authorization result of Require all granted: granted, referer: https://localhost/index.php?page=editThreat&editId=1
[Wed Mar 06 09:18:04.959573 2024] [authz_core:debug] [pid 27] mod_authz_core.c(815): [client 192.168.65.1:65390] AH01626: authorization result of <RequireAny>: granted, referer: https://localhost/index.php?page=editThreat&editId=1
[Wed Mar 06 09:18:04.985272 2024] [deflate:debug] [pid 27] mod_deflate.c(869): [client 192.168.65.1:65390] AH01384: Zlib: Compressed 113891 to 7074 : URL /index.php, referer: https://localhost/index.php?page=editThreat&editId=1
[Wed Mar 06 09:18:05.001138 2024] [ssl:debug] [pid 27] ssl_engine_kernel.c(415): [client 192.168.65.1:65390] AH02034: Subsequent (No.2) HTTPS request received for child 10 (server localhost:443), referer: https://localhost/index.php?page=aspects
[Wed Mar 06 09:18:05.002230 2024] [ssl:info] [pid 22] [client 192.168.65.1:65392] AH01964: Connection to child 5 established (server localhost:443)
[Wed Mar 06 09:18:05.002530 2024] [authz_core:debug] [pid 27] mod_authz_core.c(815): [client 192.168.65.1:65390] AH01626: authorization result of Require all granted: granted, referer: https://localhost/index.php?page=aspects
[Wed Mar 06 09:18:05.002747 2024] [authz_core:debug] [pid 27] mod_authz_core.c(815): [client 192.168.65.1:65390] AH01626: authorization result of <RequireAny>: granted, referer: https://localhost/index.php?page=aspects
[Wed Mar 06 09:18:05.002655 2024] [ssl:debug] [pid 22] ssl_engine_kernel.c(2395): [client 192.168.65.1:65392] AH02043: SSL virtual host for servername localhost found
[Wed Mar 06 09:18:05.003389 2024] [socache_shmcb:debug] [pid 22] mod_socache_shmcb.c(545): AH00835: socache_shmcb_retrieve (0x2c -> subcache 12)
[Wed Mar 06 09:18:05.002991 2024] [core:info] [pid 27] [client 192.168.65.1:65390] AH00128: File does not exist: /var/www/html/badi/assets/dist/css/dashboard.css, referer: https://localhost/index.php?page=aspects
[Wed Mar 06 09:18:05.003582 2024] [socache_shmcb:debug] [pid 22] mod_socache_shmcb.c(898): AH00849: match at idx=0, data=0
[Wed Mar 06 09:18:05.004123 2024] [socache_shmcb:debug] [pid 22] mod_socache_shmcb.c(556): AH00836: leaving socache_shmcb_retrieve successfully
[Wed Mar 06 09:18:05.004715 2024] [ssl:debug] [pid 27] ssl_engine_kernel.c(415): [client 192.168.65.1:65390] AH02034: Subsequent (No.3) HTTPS request received for child 10 (server localhost:443), referer: https://localhost/index.php?page=aspects
[Wed Mar 06 09:18:05.004736 2024] [core:debug] [pid 22] protocol.c(2460): [client 192.168.65.1:65392] AH03155: select protocol from , choices=h2,http/1.1 for server localhost
[Wed Mar 06 09:18:05.005200 2024] [authz_core:debug] [pid 27] mod_authz_core.c(815): [client 192.168.65.1:65390] AH01626: authorization result of Require all granted: granted, referer: https://localhost/index.php?page=aspects
[Wed Mar 06 09:18:05.005379 2024] [authz_core:debug] [pid 27] mod_authz_core.c(815): [client 192.168.65.1:65390] AH01626: authorization result of <RequireAny>: granted, referer: https://localhost/index.php?page=aspects
[Wed Mar 06 09:18:05.005505 2024] [core:info] [pid 27] [client 192.168.65.1:65390] AH00128: File does not exist: /var/www/html/badi/assets/dist/js/bootstrap.bundle.min.js, referer: https://localhost/index.php?page=aspects
[Wed Mar 06 09:18:05.005658 2024] [socache_shmcb:debug] [pid 22] mod_socache_shmcb.c(570): AH00837: socache_shmcb_remove (0x2c -> subcache 12)
[Wed Mar 06 09:18:05.005862 2024] [socache_shmcb:debug] [pid 22] mod_socache_shmcb.c(954): AH00852: possible match at idx=0, data=0
[Wed Mar 06 09:18:05.006091 2024] [socache_shmcb:debug] [pid 22] mod_socache_shmcb.c(959): AH00853: shmcb_subcache_remove removing matching entry
[Wed Mar 06 09:18:05.006203 2024] [socache_shmcb:debug] [pid 22] mod_socache_shmcb.c(585): AH00839: leaving socache_shmcb_remove successfully
[Wed Mar 06 09:18:05.006316 2024] [ssl:info] [pid 22] [client 192.168.65.1:65392] AH02008: SSL library error 1 in handshake (server localhost:443)
[Wed Mar 06 09:18:05.006430 2024] [ssl:info] [pid 22] SSL Library Error: error:0A000416:SSL routines::sslv3 alert certificate unknown (SSL alert number 46)
[Wed Mar 06 09:18:05.006550 2024] [ssl:info] [pid 22] [client 192.168.65.1:65392] AH01998: Connection closed to child 5 with abortive shutdown (server localhost:443)
[Wed Mar 06 09:18:10.008597 2024] [ssl:debug] [pid 27] ssl_engine_io.c(1147): [client 192.168.65.1:65390] AH02001: Connection closed to child 10 with standard shutdown (server localhost:443)
[Wed Mar 06 09:18:40.383072 2024] [ssl:info] [pid 17] [client 192.168.65.1:65505] AH01964: Connection to child 0 established (server localhost:443)
[Wed Mar 06 09:18:40.383645 2024] [ssl:debug] [pid 17] ssl_engine_kernel.c(2395): [client 192.168.65.1:65505] AH02043: SSL virtual host for servername localhost found
[Wed Mar 06 09:18:40.383889 2024] [socache_shmcb:debug] [pid 17] mod_socache_shmcb.c(545): AH00835: socache_shmcb_retrieve (0x5d -> subcache 29)
[Wed Mar 06 09:18:40.384099 2024] [socache_shmcb:debug] [pid 17] mod_socache_shmcb.c(898): AH00849: match at idx=0, data=0
[Wed Mar 06 09:18:40.384324 2024] [socache_shmcb:debug] [pid 17] mod_socache_shmcb.c(556): AH00836: leaving socache_shmcb_retrieve successfully
[Wed Mar 06 09:18:40.384716 2024] [core:debug] [pid 17] protocol.c(2460): [client 192.168.65.1:65505] AH03155: select protocol from , choices=h2,http/1.1 for server localhost
[Wed Mar 06 09:18:40.386291 2024] [socache_shmcb:debug] [pid 17] mod_socache_shmcb.c(570): AH00837: socache_shmcb_remove (0x5d -> subcache 29)
[Wed Mar 06 09:18:40.386777 2024] [socache_shmcb:debug] [pid 17] mod_socache_shmcb.c(954): AH00852: possible match at idx=0, data=0
[Wed Mar 06 09:18:40.387109 2024] [socache_shmcb:debug] [pid 17] mod_socache_shmcb.c(959): AH00853: shmcb_subcache_remove removing matching entry
[Wed Mar 06 09:18:40.387346 2024] [socache_shmcb:debug] [pid 17] mod_socache_shmcb.c(585): AH00839: leaving socache_shmcb_remove successfully
[Wed Mar 06 09:18:40.387535 2024] [ssl:info] [pid 17] [client 192.168.65.1:65505] AH02008: SSL library error 1 in handshake (server localhost:443)
[Wed Mar 06 09:18:40.387774 2024] [ssl:info] [pid 17] SSL Library Error: error:0A000416:SSL routines::sslv3 alert certificate unknown (SSL alert number 46)
[Wed Mar 06 09:18:40.388017 2024] [ssl:info] [pid 17] [client 192.168.65.1:65505] AH01998: Connection closed to child 0 with abortive shutdown (server localhost:443)
[Wed Mar 06 09:18:40.400917 2024] [ssl:info] [pid 21] [client 192.168.65.1:65506] AH01964: Connection to child 4 established (server localhost:443)
[Wed Mar 06 09:18:40.401574 2024] [ssl:debug] [pid 21] ssl_engine_kernel.c(2395): [client 192.168.65.1:65506] AH02043: SSL virtual host for servername localhost found
[Wed Mar 06 09:18:40.401614 2024] [ssl:info] [pid 24] [client 192.168.65.1:65507] AH01964: Connection to child 7 established (server localhost:443)
[Wed Mar 06 09:18:40.401960 2024] [core:debug] [pid 21] protocol.c(2460): [client 192.168.65.1:65506] AH03155: select protocol from , choices=h2,http/1.1 for server localhost
[Wed Mar 06 09:18:40.402282 2024] [ssl:debug] [pid 24] ssl_engine_kernel.c(2395): [client 192.168.65.1:65507] AH02043: SSL virtual host for servername localhost found
[Wed Mar 06 09:18:40.402619 2024] [core:debug] [pid 24] protocol.c(2460): [client 192.168.65.1:65507] AH03155: select protocol from , choices=h2,http/1.1 for server localhost
[Wed Mar 06 09:18:40.417022 2024] [ssl:info] [pid 24] [client 192.168.65.1:65507] AH02008: SSL library error 1 in handshake (server localhost:443)
[Wed Mar 06 09:18:40.417638 2024] [ssl:info] [pid 24] SSL Library Error: error:0A000416:SSL routines::sslv3 alert certificate unknown (SSL alert number 46)
[Wed Mar 06 09:18:40.417300 2024] [ssl:info] [pid 21] [client 192.168.65.1:65506] AH02008: SSL library error 1 in handshake (server localhost:443)
[Wed Mar 06 09:18:40.418559 2024] [ssl:info] [pid 21] SSL Library Error: error:0A000416:SSL routines::sslv3 alert certificate unknown (SSL alert number 46)
[Wed Mar 06 09:18:40.417999 2024] [ssl:info] [pid 24] [client 192.168.65.1:65507] AH01998: Connection closed to child 7 with abortive shutdown (server localhost:443)
[Wed Mar 06 09:18:40.418917 2024] [ssl:info] [pid 19] [client 192.168.65.1:65508] AH01964: Connection to child 2 established (server localhost:443)
[Wed Mar 06 09:18:40.419060 2024] [ssl:info] [pid 21] [client 192.168.65.1:65506] AH01998: Connection closed to child 4 with abortive shutdown (server localhost:443)
[Wed Mar 06 09:18:40.419993 2024] [ssl:debug] [pid 19] ssl_engine_kernel.c(2395): [client 192.168.65.1:65508] AH02043: SSL virtual host for servername localhost found
[Wed Mar 06 09:18:40.420514 2024] [core:debug] [pid 19] protocol.c(2460): [client 192.168.65.1:65508] AH03155: select protocol from , choices=h2,http/1.1 for server localhost
[Wed Mar 06 09:18:40.436349 2024] [ssl:debug] [pid 19] ssl_engine_kernel.c(2254): [client 192.168.65.1:65508] AH02041: Protocol: TLSv1.3, Cipher: TLS_AES_128_GCM_SHA256 (128/128 bits)
[Wed Mar 06 09:18:40.436835 2024] [socache_shmcb:debug] [pid 19] mod_socache_shmcb.c(508): AH00831: socache_shmcb_store (0x9d -> subcache 29)
[Wed Mar 06 09:18:40.437126 2024] [socache_shmcb:debug] [pid 19] mod_socache_shmcb.c(745): AH00842: expiring 0 and reclaiming 1 removed socache entries
[Wed Mar 06 09:18:40.437411 2024] [socache_shmcb:debug] [pid 19] mod_socache_shmcb.c(765): AH00843: we now have 0 socache entries
[Wed Mar 06 09:18:40.437685 2024] [socache_shmcb:debug] [pid 19] mod_socache_shmcb.c(862): AH00847: insert happened at idx=0, data=(0:32)
[Wed Mar 06 09:18:40.437955 2024] [socache_shmcb:debug] [pid 19] mod_socache_shmcb.c(865): AH00848: finished insert, subcache: idx_pos/idx_used=0/1, data_pos/data_used=0/203
[Wed Mar 06 09:18:40.438366 2024] [socache_shmcb:debug] [pid 19] mod_socache_shmcb.c(530): AH00834: leaving socache_shmcb_store successfully
[Wed Mar 06 09:18:40.438796 2024] [socache_shmcb:debug] [pid 19] mod_socache_shmcb.c(508): AH00831: socache_shmcb_store (0x78 -> subcache 24)
[Wed Mar 06 09:18:40.439157 2024] [socache_shmcb:debug] [pid 19] mod_socache_shmcb.c(745): AH00842: expiring 1 and reclaiming 0 removed socache entries
[Wed Mar 06 09:18:40.439438 2024] [socache_shmcb:debug] [pid 19] mod_socache_shmcb.c(765): AH00843: we now have 0 socache entries
[Wed Mar 06 09:18:40.439716 2024] [socache_shmcb:debug] [pid 19] mod_socache_shmcb.c(862): AH00847: insert happened at idx=0, data=(0:32)
[Wed Mar 06 09:18:40.439989 2024] [socache_shmcb:debug] [pid 19] mod_socache_shmcb.c(865): AH00848: finished insert, subcache: idx_pos/idx_used=0/1, data_pos/data_used=0/203
[Wed Mar 06 09:18:40.440262 2024] [socache_shmcb:debug] [pid 19] mod_socache_shmcb.c(530): AH00834: leaving socache_shmcb_store successfully
[Wed Mar 06 09:18:40.440750 2024] [ssl:debug] [pid 19] ssl_engine_kernel.c(415): [client 192.168.65.1:65508] AH02034: Initial (No.1) HTTPS request received for child 2 (server localhost:443), referer: https://localhost/index.php?page=aspects
[Wed Mar 06 09:18:40.441478 2024] [authz_core:debug] [pid 19] mod_authz_core.c(815): [client 192.168.65.1:65508] AH01626: authorization result of Require all granted: granted, referer: https://localhost/index.php?page=aspects
[Wed Mar 06 09:18:40.441756 2024] [authz_core:debug] [pid 19] mod_authz_core.c(815): [client 192.168.65.1:65508] AH01626: authorization result of <RequireAny>: granted, referer: https://localhost/index.php?page=aspects
[Wed Mar 06 09:18:40.467065 2024] [deflate:debug] [pid 19] mod_deflate.c(869): [client 192.168.65.1:65508] AH01384: Zlib: Compressed 113891 to 7074 : URL /index.php, referer: https://localhost/index.php?page=aspects
[Wed Mar 06 09:18:40.483685 2024] [ssl:debug] [pid 19] ssl_engine_kernel.c(415): [client 192.168.65.1:65508] AH02034: Subsequent (No.2) HTTPS request received for child 2 (server localhost:443), referer: https://localhost/index.php?page=aspects
[Wed Mar 06 09:18:40.484155 2024] [ssl:info] [pid 23] [client 192.168.65.1:65510] AH01964: Connection to child 6 established (server localhost:443)
[Wed Mar 06 09:18:40.484761 2024] [ssl:debug] [pid 23] ssl_engine_kernel.c(2395): [client 192.168.65.1:65510] AH02043: SSL virtual host for servername localhost found
[Wed Mar 06 09:18:40.484959 2024] [socache_shmcb:debug] [pid 23] mod_socache_shmcb.c(545): AH00835: socache_shmcb_retrieve (0x78 -> subcache 24)
[Wed Mar 06 09:18:40.484848 2024] [authz_core:debug] [pid 19] mod_authz_core.c(815): [client 192.168.65.1:65508] AH01626: authorization result of Require all granted: granted, referer: https://localhost/index.php?page=aspects
[Wed Mar 06 09:18:40.485425 2024] [authz_core:debug] [pid 19] mod_authz_core.c(815): [client 192.168.65.1:65508] AH01626: authorization result of <RequireAny>: granted, referer: https://localhost/index.php?page=aspects
[Wed Mar 06 09:18:40.485126 2024] [socache_shmcb:debug] [pid 23] mod_socache_shmcb.c(898): AH00849: match at idx=0, data=0
[Wed Mar 06 09:18:40.485912 2024] [socache_shmcb:debug] [pid 23] mod_socache_shmcb.c(556): AH00836: leaving socache_shmcb_retrieve successfully
[Wed Mar 06 09:18:40.485683 2024] [core:info] [pid 19] [client 192.168.65.1:65508] AH00128: File does not exist: /var/www/html/badi/assets/dist/css/dashboard.css, referer: https://localhost/index.php?page=aspects
[Wed Mar 06 09:18:40.486336 2024] [core:debug] [pid 23] protocol.c(2460): [client 192.168.65.1:65510] AH03155: select protocol from , choices=h2,http/1.1 for server localhost
[Wed Mar 06 09:18:40.487521 2024] [ssl:debug] [pid 19] ssl_engine_kernel.c(415): [client 192.168.65.1:65508] AH02034: Subsequent (No.3) HTTPS request received for child 2 (server localhost:443), referer: https://localhost/index.php?page=aspects
[Wed Mar 06 09:18:40.488315 2024] [socache_shmcb:debug] [pid 23] mod_socache_shmcb.c(570): AH00837: socache_shmcb_remove (0x78 -> subcache 24)
[Wed Mar 06 09:18:40.488870 2024] [socache_shmcb:debug] [pid 23] mod_socache_shmcb.c(954): AH00852: possible match at idx=0, data=0
[Wed Mar 06 09:18:40.488498 2024] [authz_core:debug] [pid 19] mod_authz_core.c(815): [client 192.168.65.1:65508] AH01626: authorization result of Require all granted: granted, referer: https://localhost/index.php?page=aspects
[Wed Mar 06 09:18:40.489288 2024] [authz_core:debug] [pid 19] mod_authz_core.c(815): [client 192.168.65.1:65508] AH01626: authorization result of <RequireAny>: granted, referer: https://localhost/index.php?page=aspects
[Wed Mar 06 09:18:40.489045 2024] [socache_shmcb:debug] [pid 23] mod_socache_shmcb.c(959): AH00853: shmcb_subcache_remove removing matching entry
[Wed Mar 06 09:18:40.489889 2024] [socache_shmcb:debug] [pid 23] mod_socache_shmcb.c(585): AH00839: leaving socache_shmcb_remove successfully
[Wed Mar 06 09:18:40.489681 2024] [core:info] [pid 19] [client 192.168.65.1:65508] AH00128: File does not exist: /var/www/html/badi/assets/dist/js/bootstrap.bundle.min.js, referer: https://localhost/index.php?page=aspects
[Wed Mar 06 09:18:40.490233 2024] [ssl:info] [pid 23] [client 192.168.65.1:65510] AH02008: SSL library error 1 in handshake (server localhost:443)
[Wed Mar 06 09:18:40.491045 2024] [ssl:info] [pid 23] SSL Library Error: error:0A000416:SSL routines::sslv3 alert certificate unknown (SSL alert number 46)
[Wed Mar 06 09:18:40.491532 2024] [ssl:info] [pid 23] [client 192.168.65.1:65510] AH01998: Connection closed to child 6 with abortive shutdown (server localhost:443)
[Wed Mar 06 09:18:45.501444 2024] [ssl:debug] [pid 19] ssl_engine_io.c(1147): [client 192.168.65.1:65508] AH02001: Connection closed to child 2 with standard shutdown (server localhost:443)
[Wed Mar 06 09:18:49.617082 2024] [ssl:info] [pid 18] [client 192.168.65.1:16003] AH01964: Connection to child 1 established (server localhost:443)
[Wed Mar 06 09:18:49.617810 2024] [ssl:debug] [pid 18] ssl_engine_kernel.c(2395): [client 192.168.65.1:16003] AH02043: SSL virtual host for servername localhost found
[Wed Mar 06 09:18:49.618427 2024] [socache_shmcb:debug] [pid 18] mod_socache_shmcb.c(545): AH00835: socache_shmcb_retrieve (0x9d -> subcache 29)
[Wed Mar 06 09:18:49.619166 2024] [socache_shmcb:debug] [pid 18] mod_socache_shmcb.c(898): AH00849: match at idx=0, data=0
[Wed Mar 06 09:18:49.619530 2024] [socache_shmcb:debug] [pid 18] mod_socache_shmcb.c(556): AH00836: leaving socache_shmcb_retrieve successfully
[Wed Mar 06 09:18:49.620202 2024] [core:debug] [pid 18] protocol.c(2460): [client 192.168.65.1:16003] AH03155: select protocol from , choices=h2,http/1.1 for server localhost
[Wed Mar 06 09:18:49.623317 2024] [socache_shmcb:debug] [pid 18] mod_socache_shmcb.c(570): AH00837: socache_shmcb_remove (0x9d -> subcache 29)
[Wed Mar 06 09:18:49.624034 2024] [socache_shmcb:debug] [pid 18] mod_socache_shmcb.c(954): AH00852: possible match at idx=0, data=0
[Wed Mar 06 09:18:49.624468 2024] [socache_shmcb:debug] [pid 18] mod_socache_shmcb.c(959): AH00853: shmcb_subcache_remove removing matching entry
[Wed Mar 06 09:18:49.624683 2024] [socache_shmcb:debug] [pid 18] mod_socache_shmcb.c(585): AH00839: leaving socache_shmcb_remove successfully
[Wed Mar 06 09:18:49.624935 2024] [ssl:info] [pid 18] [client 192.168.65.1:16003] AH02008: SSL library error 1 in handshake (server localhost:443)
[Wed Mar 06 09:18:49.625176 2024] [ssl:info] [pid 18] SSL Library Error: error:0A000416:SSL routines::sslv3 alert certificate unknown (SSL alert number 46)
[Wed Mar 06 09:18:49.625529 2024] [ssl:info] [pid 18] [client 192.168.65.1:16003] AH01998: Connection closed to child 1 with abortive shutdown (server localhost:443)
[Wed Mar 06 09:18:49.786012 2024] [ssl:info] [pid 26] [client 192.168.65.1:16004] AH01964: Connection to child 9 established (server localhost:443)
[Wed Mar 06 09:18:49.786585 2024] [ssl:debug] [pid 26] ssl_engine_kernel.c(2395): [client 192.168.65.1:16004] AH02043: SSL virtual host for servername localhost found
[Wed Mar 06 09:18:49.786686 2024] [ssl:info] [pid 25] [client 192.168.65.1:16005] AH01964: Connection to child 8 established (server localhost:443)
[Wed Mar 06 09:18:49.787018 2024] [core:debug] [pid 26] protocol.c(2460): [client 192.168.65.1:16004] AH03155: select protocol from , choices=h2,http/1.1 for server localhost
[Wed Mar 06 09:18:49.787218 2024] [ssl:debug] [pid 25] ssl_engine_kernel.c(2395): [client 192.168.65.1:16005] AH02043: SSL virtual host for servername localhost found
[Wed Mar 06 09:18:49.787535 2024] [core:debug] [pid 25] protocol.c(2460): [client 192.168.65.1:16005] AH03155: select protocol from , choices=h2,http/1.1 for server localhost
[Wed Mar 06 09:18:49.800911 2024] [ssl:info] [pid 26] [client 192.168.65.1:16004] AH02008: SSL library error 1 in handshake (server localhost:443)
[Wed Mar 06 09:18:49.801368 2024] [ssl:info] [pid 26] SSL Library Error: error:0A000416:SSL routines::sslv3 alert certificate unknown (SSL alert number 46)
[Wed Mar 06 09:18:49.801185 2024] [ssl:info] [pid 25] [client 192.168.65.1:16005] AH02008: SSL library error 1 in handshake (server localhost:443)
[Wed Mar 06 09:18:49.801950 2024] [ssl:info] [pid 25] SSL Library Error: error:0A000416:SSL routines::sslv3 alert certificate unknown (SSL alert number 46)
[Wed Mar 06 09:18:49.801613 2024] [ssl:info] [pid 26] [client 192.168.65.1:16004] AH01998: Connection closed to child 9 with abortive shutdown (server localhost:443)
[Wed Mar 06 09:18:49.802267 2024] [ssl:info] [pid 25] [client 192.168.65.1:16005] AH01998: Connection closed to child 8 with abortive shutdown (server localhost:443)
[Wed Mar 06 09:18:49.802279 2024] [ssl:info] [pid 22] [client 192.168.65.1:16006] AH01964: Connection to child 5 established (server localhost:443)
[Wed Mar 06 09:18:49.803572 2024] [ssl:debug] [pid 22] ssl_engine_kernel.c(2395): [client 192.168.65.1:16006] AH02043: SSL virtual host for servername localhost found
[Wed Mar 06 09:18:49.804055 2024] [core:debug] [pid 22] protocol.c(2460): [client 192.168.65.1:16006] AH03155: select protocol from , choices=h2,http/1.1 for server localhost
[Wed Mar 06 09:18:49.818848 2024] [ssl:debug] [pid 22] ssl_engine_kernel.c(2254): [client 192.168.65.1:16006] AH02041: Protocol: TLSv1.3, Cipher: TLS_AES_128_GCM_SHA256 (128/128 bits)
[Wed Mar 06 09:18:49.819404 2024] [socache_shmcb:debug] [pid 22] mod_socache_shmcb.c(508): AH00831: socache_shmcb_store (0xd8 -> subcache 24)
[Wed Mar 06 09:18:49.819725 2024] [socache_shmcb:debug] [pid 22] mod_socache_shmcb.c(745): AH00842: expiring 0 and reclaiming 1 removed socache entries
[Wed Mar 06 09:18:49.820042 2024] [socache_shmcb:debug] [pid 22] mod_socache_shmcb.c(765): AH00843: we now have 0 socache entries
[Wed Mar 06 09:18:49.820323 2024] [socache_shmcb:debug] [pid 22] mod_socache_shmcb.c(862): AH00847: insert happened at idx=0, data=(0:32)
[Wed Mar 06 09:18:49.820593 2024] [socache_shmcb:debug] [pid 22] mod_socache_shmcb.c(865): AH00848: finished insert, subcache: idx_pos/idx_used=0/1, data_pos/data_used=0/203
[Wed Mar 06 09:18:49.820921 2024] [socache_shmcb:debug] [pid 22] mod_socache_shmcb.c(530): AH00834: leaving socache_shmcb_store successfully
[Wed Mar 06 09:18:49.821366 2024] [socache_shmcb:debug] [pid 22] mod_socache_shmcb.c(508): AH00831: socache_shmcb_store (0x0d -> subcache 13)
[Wed Mar 06 09:18:49.821724 2024] [socache_shmcb:debug] [pid 22] mod_socache_shmcb.c(862): AH00847: insert happened at idx=0, data=(0:32)
[Wed Mar 06 09:18:49.821995 2024] [socache_shmcb:debug] [pid 22] mod_socache_shmcb.c(865): AH00848: finished insert, subcache: idx_pos/idx_used=0/1, data_pos/data_used=0/203
[Wed Mar 06 09:18:49.822371 2024] [socache_shmcb:debug] [pid 22] mod_socache_shmcb.c(530): AH00834: leaving socache_shmcb_store successfully
[Wed Mar 06 09:18:49.822840 2024] [ssl:debug] [pid 22] ssl_engine_kernel.c(415): [client 192.168.65.1:16006] AH02034: Initial (No.1) HTTPS request received for child 5 (server localhost:443), referer: https://localhost/index.php?page=aspects
[Wed Mar 06 09:18:49.823666 2024] [authz_core:debug] [pid 22] mod_authz_core.c(815): [client 192.168.65.1:16006] AH01626: authorization result of Require all granted: granted, referer: https://localhost/index.php?page=aspects
[Wed Mar 06 09:18:49.824190 2024] [authz_core:debug] [pid 22] mod_authz_core.c(815): [client 192.168.65.1:16006] AH01626: authorization result of <RequireAny>: granted, referer: https://localhost/index.php?page=aspects
[Wed Mar 06 09:18:49.843773 2024] [deflate:debug] [pid 22] mod_deflate.c(869): [client 192.168.65.1:16006] AH01384: Zlib: Compressed 7676 to 2333 : URL /index.php, referer: https://localhost/index.php?page=aspects
[Wed Mar 06 09:18:49.855282 2024] [ssl:debug] [pid 22] ssl_engine_kernel.c(415): [client 192.168.65.1:16006] AH02034: Subsequent (No.2) HTTPS request received for child 5 (server localhost:443), referer: https://localhost/index.php?page=editAspect&editId=1
[Wed Mar 06 09:18:49.856243 2024] [ssl:info] [pid 27] [client 192.168.65.1:16008] AH01964: Connection to child 10 established (server localhost:443)
[Wed Mar 06 09:18:49.857007 2024] [ssl:debug] [pid 27] ssl_engine_kernel.c(2395): [client 192.168.65.1:16008] AH02043: SSL virtual host for servername localhost found
[Wed Mar 06 09:18:49.857033 2024] [authz_core:debug] [pid 22] mod_authz_core.c(815): [client 192.168.65.1:16006] AH01626: authorization result of Require all granted: granted, referer: https://localhost/index.php?page=editAspect&editId=1
[Wed Mar 06 09:18:49.857331 2024] [socache_shmcb:debug] [pid 27] mod_socache_shmcb.c(545): AH00835: socache_shmcb_retrieve (0x0d -> subcache 13)
[Wed Mar 06 09:18:49.857591 2024] [authz_core:debug] [pid 22] mod_authz_core.c(815): [client 192.168.65.1:16006] AH01626: authorization result of <RequireAny>: granted, referer: https://localhost/index.php?page=editAspect&editId=1
[Wed Mar 06 09:18:49.857894 2024] [socache_shmcb:debug] [pid 27] mod_socache_shmcb.c(898): AH00849: match at idx=0, data=0
[Wed Mar 06 09:18:49.858228 2024] [socache_shmcb:debug] [pid 27] mod_socache_shmcb.c(556): AH00836: leaving socache_shmcb_retrieve successfully
[Wed Mar 06 09:18:49.858083 2024] [core:info] [pid 22] [client 192.168.65.1:16006] AH00128: File does not exist: /var/www/html/badi/assets/dist/css/dashboard.css, referer: https://localhost/index.php?page=editAspect&editId=1
[Wed Mar 06 09:18:49.858528 2024] [core:debug] [pid 27] protocol.c(2460): [client 192.168.65.1:16008] AH03155: select protocol from , choices=h2,http/1.1 for server localhost
[Wed Mar 06 09:18:49.859777 2024] [ssl:debug] [pid 22] ssl_engine_kernel.c(415): [client 192.168.65.1:16006] AH02034: Subsequent (No.3) HTTPS request received for child 5 (server localhost:443), referer: https://localhost/index.php?page=editAspect&editId=1
[Wed Mar 06 09:18:49.859785 2024] [socache_shmcb:debug] [pid 27] mod_socache_shmcb.c(570): AH00837: socache_shmcb_remove (0x0d -> subcache 13)
[Wed Mar 06 09:18:49.860300 2024] [socache_shmcb:debug] [pid 27] mod_socache_shmcb.c(954): AH00852: possible match at idx=0, data=0
[Wed Mar 06 09:18:49.860727 2024] [socache_shmcb:debug] [pid 27] mod_socache_shmcb.c(959): AH00853: shmcb_subcache_remove removing matching entry
[Wed Mar 06 09:18:49.860491 2024] [authz_core:debug] [pid 22] mod_authz_core.c(815): [client 192.168.65.1:16006] AH01626: authorization result of Require all granted: granted, referer: https://localhost/index.php?page=editAspect&editId=1
[Wed Mar 06 09:18:49.861026 2024] [socache_shmcb:debug] [pid 27] mod_socache_shmcb.c(585): AH00839: leaving socache_shmcb_remove successfully
[Wed Mar 06 09:18:49.861569 2024] [ssl:info] [pid 27] [client 192.168.65.1:16008] AH02008: SSL library error 1 in handshake (server localhost:443)
[Wed Mar 06 09:18:49.861302 2024] [authz_core:debug] [pid 22] mod_authz_core.c(815): [client 192.168.65.1:16006] AH01626: authorization result of <RequireAny>: granted, referer: https://localhost/index.php?page=editAspect&editId=1
[Wed Mar 06 09:18:49.861865 2024] [ssl:info] [pid 27] SSL Library Error: error:0A000416:SSL routines::sslv3 alert certificate unknown (SSL alert number 46)
[Wed Mar 06 09:18:49.862127 2024] [core:info] [pid 22] [client 192.168.65.1:16006] AH00128: File does not exist: /var/www/html/badi/assets/dist/js/bootstrap.bundle.min.js, referer: https://localhost/index.php?page=editAspect&editId=1
[Wed Mar 06 09:18:49.862298 2024] [ssl:info] [pid 27] [client 192.168.65.1:16008] AH01998: Connection closed to child 10 with abortive shutdown (server localhost:443)
[Wed Mar 06 09:18:54.871718 2024] [ssl:debug] [pid 22] ssl_engine_io.c(1147): [client 192.168.65.1:16006] AH02001: Connection closed to child 5 with standard shutdown (server localhost:443)
[Wed Mar 06 09:18:55.416453 2024] [ssl:info] [pid 17] [client 192.168.65.1:16009] AH01964: Connection to child 0 established (server localhost:443)
[Wed Mar 06 09:18:55.416984 2024] [ssl:debug] [pid 17] ssl_engine_kernel.c(2395): [client 192.168.65.1:16009] AH02043: SSL virtual host for servername localhost found
[Wed Mar 06 09:18:55.417192 2024] [socache_shmcb:debug] [pid 17] mod_socache_shmcb.c(545): AH00835: socache_shmcb_retrieve (0xd8 -> subcache 24)
[Wed Mar 06 09:18:55.417441 2024] [socache_shmcb:debug] [pid 17] mod_socache_shmcb.c(898): AH00849: match at idx=0, data=0
[Wed Mar 06 09:18:55.417648 2024] [socache_shmcb:debug] [pid 17] mod_socache_shmcb.c(556): AH00836: leaving socache_shmcb_retrieve successfully
[Wed Mar 06 09:18:55.418035 2024] [core:debug] [pid 17] protocol.c(2460): [client 192.168.65.1:16009] AH03155: select protocol from , choices=h2,http/1.1 for server localhost
[Wed Mar 06 09:18:55.419206 2024] [socache_shmcb:debug] [pid 17] mod_socache_shmcb.c(570): AH00837: socache_shmcb_remove (0xd8 -> subcache 24)
[Wed Mar 06 09:18:55.419427 2024] [socache_shmcb:debug] [pid 17] mod_socache_shmcb.c(954): AH00852: possible match at idx=0, data=0
[Wed Mar 06 09:18:55.419650 2024] [socache_shmcb:debug] [pid 17] mod_socache_shmcb.c(959): AH00853: shmcb_subcache_remove removing matching entry
[Wed Mar 06 09:18:55.419872 2024] [socache_shmcb:debug] [pid 17] mod_socache_shmcb.c(585): AH00839: leaving socache_shmcb_remove successfully
[Wed Mar 06 09:18:55.420087 2024] [ssl:info] [pid 17] [client 192.168.65.1:16009] AH02008: SSL library error 1 in handshake (server localhost:443)
[Wed Mar 06 09:18:55.420318 2024] [ssl:info] [pid 17] SSL Library Error: error:0A000416:SSL routines::sslv3 alert certificate unknown (SSL alert number 46)
[Wed Mar 06 09:18:55.420532 2024] [ssl:info] [pid 17] [client 192.168.65.1:16009] AH01998: Connection closed to child 0 with abortive shutdown (server localhost:443)
[Wed Mar 06 09:18:55.424413 2024] [ssl:info] [pid 24] [client 192.168.65.1:16010] AH01964: Connection to child 7 established (server localhost:443)
[Wed Mar 06 09:18:55.424948 2024] [ssl:debug] [pid 24] ssl_engine_kernel.c(2395): [client 192.168.65.1:16010] AH02043: SSL virtual host for servername localhost found
[Wed Mar 06 09:18:55.425238 2024] [ssl:info] [pid 21] [client 192.168.65.1:16011] AH01964: Connection to child 4 established (server localhost:443)
[Wed Mar 06 09:18:55.425376 2024] [core:debug] [pid 24] protocol.c(2460): [client 192.168.65.1:16010] AH03155: select protocol from , choices=h2,http/1.1 for server localhost
[Wed Mar 06 09:18:55.425590 2024] [ssl:debug] [pid 21] ssl_engine_kernel.c(2395): [client 192.168.65.1:16011] AH02043: SSL virtual host for servername localhost found
[Wed Mar 06 09:18:55.425921 2024] [core:debug] [pid 21] protocol.c(2460): [client 192.168.65.1:16011] AH03155: select protocol from , choices=h2,http/1.1 for server localhost
[Wed Mar 06 09:18:55.439981 2024] [ssl:info] [pid 24] [client 192.168.65.1:16010] AH02008: SSL library error 1 in handshake (server localhost:443)
[Wed Mar 06 09:18:55.440166 2024] [ssl:info] [pid 21] [client 192.168.65.1:16011] AH02008: SSL library error 1 in handshake (server localhost:443)
[Wed Mar 06 09:18:55.440721 2024] [ssl:info] [pid 21] SSL Library Error: error:0A000416:SSL routines::sslv3 alert certificate unknown (SSL alert number 46)
[Wed Mar 06 09:18:55.440459 2024] [ssl:info] [pid 24] SSL Library Error: error:0A000416:SSL routines::sslv3 alert certificate unknown (SSL alert number 46)
[Wed Mar 06 09:18:55.441454 2024] [ssl:info] [pid 21] [client 192.168.65.1:16011] AH01998: Connection closed to child 4 with abortive shutdown (server localhost:443)
[Wed Mar 06 09:18:55.441526 2024] [ssl:info] [pid 23] [client 192.168.65.1:16012] AH01964: Connection to child 6 established (server localhost:443)
[Wed Mar 06 09:18:55.441788 2024] [ssl:info] [pid 24] [client 192.168.65.1:16010] AH01998: Connection closed to child 7 with abortive shutdown (server localhost:443)
[Wed Mar 06 09:18:55.442781 2024] [ssl:debug] [pid 23] ssl_engine_kernel.c(2395): [client 192.168.65.1:16012] AH02043: SSL virtual host for servername localhost found
[Wed Mar 06 09:18:55.443646 2024] [core:debug] [pid 23] protocol.c(2460): [client 192.168.65.1:16012] AH03155: select protocol from , choices=h2,http/1.1 for server localhost
[Wed Mar 06 09:18:55.454753 2024] [ssl:debug] [pid 23] ssl_engine_kernel.c(2254): [client 192.168.65.1:16012] AH02041: Protocol: TLSv1.3, Cipher: TLS_AES_128_GCM_SHA256 (128/128 bits)
[Wed Mar 06 09:18:55.455123 2024] [socache_shmcb:debug] [pid 23] mod_socache_shmcb.c(508): AH00831: socache_shmcb_store (0x91 -> subcache 17)
[Wed Mar 06 09:18:55.455410 2024] [socache_shmcb:debug] [pid 23] mod_socache_shmcb.c(745): AH00842: expiring 0 and reclaiming 1 removed socache entries
[Wed Mar 06 09:18:55.455678 2024] [socache_shmcb:debug] [pid 23] mod_socache_shmcb.c(765): AH00843: we now have 0 socache entries
[Wed Mar 06 09:18:55.455949 2024] [socache_shmcb:debug] [pid 23] mod_socache_shmcb.c(862): AH00847: insert happened at idx=0, data=(0:32)
[Wed Mar 06 09:18:55.456209 2024] [socache_shmcb:debug] [pid 23] mod_socache_shmcb.c(865): AH00848: finished insert, subcache: idx_pos/idx_used=0/1, data_pos/data_used=0/202
[Wed Mar 06 09:18:55.456454 2024] [socache_shmcb:debug] [pid 23] mod_socache_shmcb.c(530): AH00834: leaving socache_shmcb_store successfully
[Wed Mar 06 09:18:55.456826 2024] [socache_shmcb:debug] [pid 23] mod_socache_shmcb.c(508): AH00831: socache_shmcb_store (0x05 -> subcache 5)
[Wed Mar 06 09:18:55.457159 2024] [socache_shmcb:debug] [pid 23] mod_socache_shmcb.c(862): AH00847: insert happened at idx=0, data=(0:32)
[Wed Mar 06 09:18:55.457406 2024] [socache_shmcb:debug] [pid 23] mod_socache_shmcb.c(865): AH00848: finished insert, subcache: idx_pos/idx_used=0/1, data_pos/data_used=0/203
[Wed Mar 06 09:18:55.457653 2024] [socache_shmcb:debug] [pid 23] mod_socache_shmcb.c(530): AH00834: leaving socache_shmcb_store successfully
[Wed Mar 06 09:18:55.458147 2024] [ssl:debug] [pid 23] ssl_engine_kernel.c(415): [client 192.168.65.1:16012] AH02034: Initial (No.1) HTTPS request received for child 6 (server localhost:443), referer: https://localhost/index.php?page=editAspect&editId=1
[Wed Mar 06 09:18:55.458912 2024] [authz_core:debug] [pid 23] mod_authz_core.c(815): [client 192.168.65.1:16012] AH01626: authorization result of Require all granted: granted, referer: https://localhost/index.php?page=editAspect&editId=1
[Wed Mar 06 09:18:55.459211 2024] [authz_core:debug] [pid 23] mod_authz_core.c(815): [client 192.168.65.1:16012] AH01626: authorization result of <RequireAny>: granted, referer: https://localhost/index.php?page=editAspect&editId=1
[Wed Mar 06 09:18:55.477607 2024] [deflate:debug] [pid 23] mod_deflate.c(869): [client 192.168.65.1:16012] AH01384: Zlib: Compressed 6342 to 1985 : URL /index.php, referer: https://localhost/index.php?page=editAspect&editId=1
[Wed Mar 06 09:18:55.487512 2024] [ssl:debug] [pid 23] ssl_engine_kernel.c(415): [client 192.168.65.1:16012] AH02034: Subsequent (No.2) HTTPS request received for child 6 (server localhost:443), referer: https://localhost/index.php?action=editAspect
[Wed Mar 06 09:18:55.488187 2024] [ssl:info] [pid 19] [client 192.168.65.1:16014] AH01964: Connection to child 2 established (server localhost:443)
[Wed Mar 06 09:18:55.488646 2024] [authz_core:debug] [pid 23] mod_authz_core.c(815): [client 192.168.65.1:16012] AH01626: authorization result of Require all granted: granted, referer: https://localhost/index.php?action=editAspect
[Wed Mar 06 09:18:55.488729 2024] [ssl:debug] [pid 19] ssl_engine_kernel.c(2395): [client 192.168.65.1:16014] AH02043: SSL virtual host for servername localhost found
[Wed Mar 06 09:18:55.488856 2024] [authz_core:debug] [pid 23] mod_authz_core.c(815): [client 192.168.65.1:16012] AH01626: authorization result of <RequireAny>: granted, referer: https://localhost/index.php?action=editAspect
[Wed Mar 06 09:18:55.489140 2024] [socache_shmcb:debug] [pid 19] mod_socache_shmcb.c(545): AH00835: socache_shmcb_retrieve (0x05 -> subcache 5)
[Wed Mar 06 09:18:55.489353 2024] [core:info] [pid 23] [client 192.168.65.1:16012] AH00128: File does not exist: /var/www/html/badi/assets/dist/css/dashboard.css, referer: https://localhost/index.php?action=editAspect
[Wed Mar 06 09:18:55.489483 2024] [socache_shmcb:debug] [pid 19] mod_socache_shmcb.c(898): AH00849: match at idx=0, data=0
[Wed Mar 06 09:18:55.489811 2024] [socache_shmcb:debug] [pid 19] mod_socache_shmcb.c(556): AH00836: leaving socache_shmcb_retrieve successfully
[Wed Mar 06 09:18:55.490735 2024] [core:debug] [pid 19] protocol.c(2460): [client 192.168.65.1:16014] AH03155: select protocol from , choices=h2,http/1.1 for server localhost
[Wed Mar 06 09:18:55.490991 2024] [ssl:debug] [pid 23] ssl_engine_kernel.c(415): [client 192.168.65.1:16012] AH02034: Subsequent (No.3) HTTPS request received for child 6 (server localhost:443), referer: https://localhost/index.php?action=editAspect
[Wed Mar 06 09:18:55.491997 2024] [socache_shmcb:debug] [pid 19] mod_socache_shmcb.c(570): AH00837: socache_shmcb_remove (0x05 -> subcache 5)
[Wed Mar 06 09:18:55.492762 2024] [socache_shmcb:debug] [pid 19] mod_socache_shmcb.c(954): AH00852: possible match at idx=0, data=0
[Wed Mar 06 09:18:55.492403 2024] [authz_core:debug] [pid 23] mod_authz_core.c(815): [client 192.168.65.1:16012] AH01626: authorization result of Require all granted: granted, referer: https://localhost/index.php?action=editAspect
[Wed Mar 06 09:18:55.493101 2024] [authz_core:debug] [pid 23] mod_authz_core.c(815): [client 192.168.65.1:16012] AH01626: authorization result of <RequireAny>: granted, referer: https://localhost/index.php?action=editAspect
[Wed Mar 06 09:18:55.492929 2024] [socache_shmcb:debug] [pid 19] mod_socache_shmcb.c(959): AH00853: shmcb_subcache_remove removing matching entry
[Wed Mar 06 09:18:55.493457 2024] [socache_shmcb:debug] [pid 19] mod_socache_shmcb.c(585): AH00839: leaving socache_shmcb_remove successfully
[Wed Mar 06 09:18:55.493300 2024] [core:info] [pid 23] [client 192.168.65.1:16012] AH00128: File does not exist: /var/www/html/badi/assets/dist/js/bootstrap.bundle.min.js, referer: https://localhost/index.php?action=editAspect
[Wed Mar 06 09:18:55.493665 2024] [ssl:info] [pid 19] [client 192.168.65.1:16014] AH02008: SSL library error 1 in handshake (server localhost:443)
[Wed Mar 06 09:18:55.494143 2024] [ssl:info] [pid 19] SSL Library Error: error:0A000416:SSL routines::sslv3 alert certificate unknown (SSL alert number 46)
[Wed Mar 06 09:18:55.494720 2024] [ssl:info] [pid 19] [client 192.168.65.1:16014] AH01998: Connection closed to child 2 with abortive shutdown (server localhost:443)
[Wed Mar 06 09:19:00.499506 2024] [ssl:debug] [pid 23] ssl_engine_io.c(1147): [client 192.168.65.1:16012] AH02001: Connection closed to child 6 with standard shutdown (server localhost:443)
[Wed Mar 06 09:19:00.586325 2024] [ssl:info] [pid 18] [client 192.168.65.1:16043] AH01964: Connection to child 1 established (server localhost:443)
[Wed Mar 06 09:19:00.586612 2024] [ssl:info] [pid 26] [client 192.168.65.1:16044] AH01964: Connection to child 9 established (server localhost:443)
[Wed Mar 06 09:19:00.587036 2024] [ssl:debug] [pid 18] ssl_engine_kernel.c(2395): [client 192.168.65.1:16043] AH02043: SSL virtual host for servername localhost found
[Wed Mar 06 09:19:00.587318 2024] [ssl:debug] [pid 26] ssl_engine_kernel.c(2395): [client 192.168.65.1:16044] AH02043: SSL virtual host for servername localhost found
[Wed Mar 06 09:19:00.587563 2024] [socache_shmcb:debug] [pid 18] mod_socache_shmcb.c(545): AH00835: socache_shmcb_retrieve (0x91 -> subcache 17)
[Wed Mar 06 09:19:00.588140 2024] [socache_shmcb:debug] [pid 18] mod_socache_shmcb.c(898): AH00849: match at idx=0, data=0
[Wed Mar 06 09:19:00.588003 2024] [core:debug] [pid 26] protocol.c(2460): [client 192.168.65.1:16044] AH03155: select protocol from , choices=h2,http/1.1 for server localhost
[Wed Mar 06 09:19:00.588480 2024] [socache_shmcb:debug] [pid 18] mod_socache_shmcb.c(556): AH00836: leaving socache_shmcb_retrieve successfully
[Wed Mar 06 09:19:00.589093 2024] [core:debug] [pid 18] protocol.c(2460): [client 192.168.65.1:16043] AH03155: select protocol from , choices=h2,http/1.1 for server localhost
[Wed Mar 06 09:19:00.590784 2024] [socache_shmcb:debug] [pid 18] mod_socache_shmcb.c(570): AH00837: socache_shmcb_remove (0x91 -> subcache 17)
[Wed Mar 06 09:19:00.591139 2024] [socache_shmcb:debug] [pid 18] mod_socache_shmcb.c(954): AH00852: possible match at idx=0, data=0
[Wed Mar 06 09:19:00.591380 2024] [socache_shmcb:debug] [pid 18] mod_socache_shmcb.c(959): AH00853: shmcb_subcache_remove removing matching entry
[Wed Mar 06 09:19:00.591585 2024] [socache_shmcb:debug] [pid 18] mod_socache_shmcb.c(585): AH00839: leaving socache_shmcb_remove successfully
[Wed Mar 06 09:19:00.591795 2024] [ssl:info] [pid 18] [client 192.168.65.1:16043] AH02008: SSL library error 1 in handshake (server localhost:443)
[Wed Mar 06 09:19:00.592040 2024] [ssl:info] [pid 18] SSL Library Error: error:0A000416:SSL routines::sslv3 alert certificate unknown (SSL alert number 46)
[Wed Mar 06 09:19:00.592271 2024] [ssl:info] [pid 18] [client 192.168.65.1:16043] AH01998: Connection closed to child 1 with abortive shutdown (server localhost:443)
[Wed Mar 06 09:19:00.604959 2024] [ssl:info] [pid 26] [client 192.168.65.1:16044] AH02008: SSL library error 1 in handshake (server localhost:443)
[Wed Mar 06 09:19:00.605371 2024] [ssl:info] [pid 26] SSL Library Error: error:0A000416:SSL routines::sslv3 alert certificate unknown (SSL alert number 46)
[Wed Mar 06 09:19:00.605781 2024] [ssl:info] [pid 26] [client 192.168.65.1:16044] AH01998: Connection closed to child 9 with abortive shutdown (server localhost:443)
[Wed Mar 06 09:19:00.606250 2024] [ssl:info] [pid 25] [client 192.168.65.1:16045] AH01964: Connection to child 8 established (server localhost:443)
[Wed Mar 06 09:19:00.606943 2024] [ssl:debug] [pid 25] ssl_engine_kernel.c(2395): [client 192.168.65.1:16045] AH02043: SSL virtual host for servername localhost found
[Wed Mar 06 09:19:00.607382 2024] [core:debug] [pid 25] protocol.c(2460): [client 192.168.65.1:16045] AH03155: select protocol from , choices=h2,http/1.1 for server localhost
[Wed Mar 06 09:19:00.620749 2024] [ssl:debug] [pid 25] ssl_engine_kernel.c(2254): [client 192.168.65.1:16045] AH02041: Protocol: TLSv1.3, Cipher: TLS_AES_128_GCM_SHA256 (128/128 bits)
[Wed Mar 06 09:19:00.621734 2024] [socache_shmcb:debug] [pid 25] mod_socache_shmcb.c(508): AH00831: socache_shmcb_store (0xff -> subcache 31)
[Wed Mar 06 09:19:00.622134 2024] [socache_shmcb:debug] [pid 25] mod_socache_shmcb.c(745): AH00842: expiring 0 and reclaiming 1 removed socache entries
[Wed Mar 06 09:19:00.622495 2024] [socache_shmcb:debug] [pid 25] mod_socache_shmcb.c(765): AH00843: we now have 0 socache entries
[Wed Mar 06 09:19:00.622806 2024] [socache_shmcb:debug] [pid 25] mod_socache_shmcb.c(862): AH00847: insert happened at idx=0, data=(0:32)
[Wed Mar 06 09:19:00.623119 2024] [socache_shmcb:debug] [pid 25] mod_socache_shmcb.c(865): AH00848: finished insert, subcache: idx_pos/idx_used=0/1, data_pos/data_used=0/202
[Wed Mar 06 09:19:00.623801 2024] [socache_shmcb:debug] [pid 25] mod_socache_shmcb.c(530): AH00834: leaving socache_shmcb_store successfully
[Wed Mar 06 09:19:00.624877 2024] [socache_shmcb:debug] [pid 25] mod_socache_shmcb.c(508): AH00831: socache_shmcb_store (0xdf -> subcache 31)
[Wed Mar 06 09:19:00.625657 2024] [socache_shmcb:debug] [pid 25] mod_socache_shmcb.c(862): AH00847: insert happened at idx=1, data=(202:234)
