[Tue Mar 05 21:42:26.278594 2024] [watchdog:debug] [pid 23] mod_watchdog.c(559): AH02980: Watchdog: nothing configured?
[Tue Mar 05 21:42:26.279787 2024] [watchdog:debug] [pid 24] mod_watchdog.c(559): AH02980: Watchdog: nothing configured?
[Tue Mar 05 21:42:29.551515 2024] [ssl:debug] [pid 21] ssl_engine_io.c(1147): [client 192.168.65.1:47855] AH02001: Connection closed to child 4 with standard shutdown (server badi.hrabcak.eu:443)
[Tue Mar 05 21:42:44.556057 2024] [reqtimeout:info] [pid 17] [client 192.168.65.1:47860] AH01382: Request header read timeout
[Tue Mar 05 21:42:44.557777 2024] [ssl:debug] [pid 17] ssl_engine_io.c(1147): [client 192.168.65.1:47860] AH02001: Connection closed to child 0 with standard shutdown (server badi.hrabcak.eu:443)
[Tue Mar 05 21:42:44.568958 2024] [reqtimeout:info] [pid 20] [client 192.168.65.1:47859] AH01382: Request header read timeout
[Tue Mar 05 21:42:44.570185 2024] [ssl:debug] [pid 20] ssl_engine_io.c(1147): [client 192.168.65.1:47859] AH02001: Connection closed to child 3 with standard shutdown (server badi.hrabcak.eu:443)
[Tue Mar 05 21:43:54.067042 2024] [core:info] [pid 1] AH00096: removed PID file /var/run/apache2/apache2.pid (pid=1)
[Tue Mar 05 21:43:54.072071 2024] [mpm_prefork:notice] [pid 1] AH00170: caught SIGWINCH, shutting down gracefully
[Tue Mar 05 21:44:16.664549 2024] [ssl:info] [pid 1] AH01883: Init: Initialized OpenSSL library
[Tue Mar 05 21:44:16.665742 2024] [ssl:debug] [pid 1] ssl_engine_init.c(353): AH01886: OpenSSL has FIPS mode disabled
[Tue Mar 05 21:44:16.666002 2024] [ssl:info] [pid 1] AH01887: Init: Initializing (virtual) servers for SSL
[Tue Mar 05 21:44:16.666215 2024] [ssl:info] [pid 1] AH01914: Configuring server badi.hrabcak.eu:443 for SSL protocol
[Tue Mar 05 21:44:16.666765 2024] [ssl:debug] [pid 1] ssl_engine_init.c(526): AH01893: Configuring TLS extension handling
[Tue Mar 05 21:44:16.668773 2024] [ssl:debug] [pid 1] ssl_util_ssl.c(451): AH02412: [badi.hrabcak.eu:443] Cert does not match for name 'badi.hrabcak.eu' [subject: CN=localhost,O=Example-Certificates,L=YourCity,ST=YourState,C=US / issuer: CN=localhost,O=Example-Certificates,L=YourCity,ST=YourState,C=US / serial: 3359555F69303F915EB31FFD89BEB19DAE1284D5 / notbefore: Mar  5 21:43:24 2024 GMT / notafter: Mar  3 21:43:24 2034 GMT]
[Tue Mar 05 21:44:16.668991 2024] [ssl:warn] [pid 1] AH01909: badi.hrabcak.eu:443:0 server certificate does NOT include an ID which matches the server name
[Tue Mar 05 21:44:16.669213 2024] [ssl:info] [pid 1] AH02568: Certificate and private key badi.hrabcak.eu:443:0 configured from /etc/apache2/ssl/certificate.crt and /etc/apache2/ssl/private.key
[Tue Mar 05 21:44:16.670669 2024] [ssl:info] [pid 1] AH01876: mod_ssl/2.4.57 compiled against Server: Apache/2.4.57, Library: OpenSSL/3.0.8
[Tue Mar 05 21:44:16.681523 2024] [so:warn] [pid 1] AH01574: module ssl_module is already loaded, skipping
[Tue Mar 05 21:44:16.688589 2024] [ssl:info] [pid 1] AH01883: Init: Initialized OpenSSL library
[Tue Mar 05 21:44:16.688863 2024] [ssl:debug] [pid 1] ssl_engine_init.c(353): AH01886: OpenSSL has FIPS mode disabled
[Tue Mar 05 21:44:16.689145 2024] [socache_shmcb:debug] [pid 1] mod_socache_shmcb.c(414): AH00821: shmcb_init allocated 512000 bytes of shared memory
[Tue Mar 05 21:44:16.689309 2024] [socache_shmcb:debug] [pid 1] mod_socache_shmcb.c(428): AH00822: for 511912 bytes (512000 including header), recommending 32 subcaches, 88 indexes each
[Tue Mar 05 21:44:16.689631 2024] [socache_shmcb:debug] [pid 1] mod_socache_shmcb.c(465): AH00824: shmcb_init_memory choices follow
[Tue Mar 05 21:44:16.689995 2024] [socache_shmcb:debug] [pid 1] mod_socache_shmcb.c(467): AH00825: subcache_num = 32
[Tue Mar 05 21:44:16.690348 2024] [socache_shmcb:debug] [pid 1] mod_socache_shmcb.c(469): AH00826: subcache_size = 15992
[Tue Mar 05 21:44:16.690562 2024] [socache_shmcb:debug] [pid 1] mod_socache_shmcb.c(471): AH00827: subcache_data_offset = 2128
[Tue Mar 05 21:44:16.690813 2024] [socache_shmcb:debug] [pid 1] mod_socache_shmcb.c(473): AH00828: subcache_data_size = 13864
[Tue Mar 05 21:44:16.691109 2024] [socache_shmcb:debug] [pid 1] mod_socache_shmcb.c(475): AH00829: index_num = 88
[Tue Mar 05 21:44:16.691652 2024] [socache_shmcb:info] [pid 1] AH00830: Shared memory socache initialised
[Tue Mar 05 21:44:16.692340 2024] [ssl:info] [pid 1] AH01887: Init: Initializing (virtual) servers for SSL
[Tue Mar 05 21:44:16.693425 2024] [ssl:info] [pid 1] AH01914: Configuring server badi.hrabcak.eu:443 for SSL protocol
[Tue Mar 05 21:44:16.694667 2024] [ssl:debug] [pid 1] ssl_engine_init.c(526): AH01893: Configuring TLS extension handling
[Tue Mar 05 21:44:16.697594 2024] [ssl:debug] [pid 1] ssl_util_ssl.c(451): AH02412: [badi.hrabcak.eu:443] Cert does not match for name 'badi.hrabcak.eu' [subject: CN=localhost,O=Example-Certificates,L=YourCity,ST=YourState,C=US / issuer: CN=localhost,O=Example-Certificates,L=YourCity,ST=YourState,C=US / serial: 3359555F69303F915EB31FFD89BEB19DAE1284D5 / notbefore: Mar  5 21:43:24 2024 GMT / notafter: Mar  3 21:43:24 2034 GMT]
[Tue Mar 05 21:44:16.697839 2024] [ssl:warn] [pid 1] AH01909: badi.hrabcak.eu:443:0 server certificate does NOT include an ID which matches the server name
[Tue Mar 05 21:44:16.698326 2024] [ssl:info] [pid 1] AH02568: Certificate and private key badi.hrabcak.eu:443:0 configured from /etc/apache2/ssl/certificate.crt and /etc/apache2/ssl/private.key
[Tue Mar 05 21:44:16.701954 2024] [ssl:info] [pid 1] AH01876: mod_ssl/2.4.57 compiled against Server: Apache/2.4.57, Library: OpenSSL/3.0.8
[Tue Mar 05 21:44:16.702326 2024] [watchdog:debug] [pid 1] mod_watchdog.c(445): AH010033: Watchdog: Running with WatchdogInterval 1000ms
[Tue Mar 05 21:44:16.702655 2024] [watchdog:debug] [pid 1] mod_watchdog.c(454): AH02974: Watchdog: found parent providers.
[Tue Mar 05 21:44:16.703101 2024] [watchdog:debug] [pid 1] mod_watchdog.c(500): AH02977: Watchdog: found child providers.
[Tue Mar 05 21:44:16.703515 2024] [watchdog:debug] [pid 1] mod_watchdog.c(508): AH02978: Watchdog: Looking for child (_singleton_).
[Tue Mar 05 21:44:16.703861 2024] [watchdog:debug] [pid 1] mod_watchdog.c(508): AH02978: Watchdog: Looking for child (_default_).
[Tue Mar 05 21:44:16.705076 2024] [watchdog:debug] [pid 17] mod_watchdog.c(559): AH02980: Watchdog: nothing configured?
[Tue Mar 05 21:44:16.705410 2024] [watchdog:debug] [pid 18] mod_watchdog.c(559): AH02980: Watchdog: nothing configured?
[Tue Mar 05 21:44:16.706038 2024] [mpm_prefork:notice] [pid 1] AH00163: Apache/2.4.57 (Debian) PHP/8.3.3 OpenSSL/3.0.11 configured -- resuming normal operations
[Tue Mar 05 21:44:16.705666 2024] [watchdog:debug] [pid 19] mod_watchdog.c(559): AH02980: Watchdog: nothing configured?
[Tue Mar 05 21:44:16.705918 2024] [watchdog:debug] [pid 20] mod_watchdog.c(559): AH02980: Watchdog: nothing configured?
[Tue Mar 05 21:44:16.706222 2024] [mpm_prefork:info] [pid 1] AH00164: Server built: 2023-04-13T03:26:51
[Tue Mar 05 21:44:16.707463 2024] [core:notice] [pid 1] AH00094: Command line: 'apache2 -D FOREGROUND'
[Tue Mar 05 21:44:16.706236 2024] [watchdog:debug] [pid 21] mod_watchdog.c(559): AH02980: Watchdog: nothing configured?
[Tue Mar 05 21:44:16.707748 2024] [core:debug] [pid 1] log.c(1570): AH02639: Using SO_REUSEPORT: yes (1)
[Tue Mar 05 21:44:16.708197 2024] [mpm_prefork:debug] [pid 1] prefork.c(970): AH00165: Accept mutex: pthread (default: pthread)
[Tue Mar 05 21:44:24.466119 2024] [ssl:info] [pid 17] [client 192.168.65.1:48797] AH01964: Connection to child 0 established (server badi.hrabcak.eu:443)
[Tue Mar 05 21:44:24.466516 2024] [ssl:info] [pid 18] [client 192.168.65.1:48796] AH01964: Connection to child 1 established (server badi.hrabcak.eu:443)
[Tue Mar 05 21:44:24.467779 2024] [ssl:debug] [pid 17] ssl_engine_kernel.c(2403): [client 192.168.65.1:48797] AH02044: No matching SSL virtual host for servername localhost found (using default/first virtual host)
[Tue Mar 05 21:44:24.468354 2024] [socache_shmcb:debug] [pid 17] mod_socache_shmcb.c(545): AH00835: socache_shmcb_retrieve (0x9b -> subcache 27)
[Tue Mar 05 21:44:24.468596 2024] [socache_shmcb:debug] [pid 17] mod_socache_shmcb.c(931): AH00851: shmcb_subcache_retrieve found no match
[Tue Mar 05 21:44:24.468513 2024] [ssl:debug] [pid 18] ssl_engine_kernel.c(2403): [client 192.168.65.1:48796] AH02044: No matching SSL virtual host for servername localhost found (using default/first virtual host)
[Tue Mar 05 21:44:24.468778 2024] [socache_shmcb:debug] [pid 17] mod_socache_shmcb.c(556): AH00836: leaving socache_shmcb_retrieve successfully
[Tue Mar 05 21:44:24.469568 2024] [core:debug] [pid 17] protocol.c(2460): [client 192.168.65.1:48797] AH03155: select protocol from , choices=h2,http/1.1 for server badi.hrabcak.eu
[Tue Mar 05 21:44:24.469675 2024] [socache_shmcb:debug] [pid 18] mod_socache_shmcb.c(545): AH00835: socache_shmcb_retrieve (0x70 -> subcache 16)
[Tue Mar 05 21:44:24.478237 2024] [socache_shmcb:debug] [pid 18] mod_socache_shmcb.c(931): AH00851: shmcb_subcache_retrieve found no match
[Tue Mar 05 21:44:24.478386 2024] [socache_shmcb:debug] [pid 18] mod_socache_shmcb.c(556): AH00836: leaving socache_shmcb_retrieve successfully
[Tue Mar 05 21:44:24.478635 2024] [core:debug] [pid 18] protocol.c(2460): [client 192.168.65.1:48796] AH03155: select protocol from , choices=h2,http/1.1 for server badi.hrabcak.eu
[Tue Mar 05 21:44:24.479877 2024] [ssl:info] [pid 17] [client 192.168.65.1:48797] AH02008: SSL library error 1 in handshake (server badi.hrabcak.eu:443)
[Tue Mar 05 21:44:24.480241 2024] [ssl:info] [pid 17] SSL Library Error: error:0A000416:SSL routines::sslv3 alert certificate unknown (SSL alert number 46)
[Tue Mar 05 21:44:24.480325 2024] [ssl:info] [pid 17] [client 192.168.65.1:48797] AH01998: Connection closed to child 0 with abortive shutdown (server badi.hrabcak.eu:443)
[Tue Mar 05 21:44:24.485974 2024] [ssl:info] [pid 18] [client 192.168.65.1:48796] AH02008: SSL library error 1 in handshake (server badi.hrabcak.eu:443)
[Tue Mar 05 21:44:24.486203 2024] [ssl:info] [pid 18] SSL Library Error: error:0A000416:SSL routines::sslv3 alert certificate unknown (SSL alert number 46)
[Tue Mar 05 21:44:24.486504 2024] [ssl:info] [pid 18] [client 192.168.65.1:48796] AH01998: Connection closed to child 1 with abortive shutdown (server badi.hrabcak.eu:443)
[Tue Mar 05 21:44:27.321628 2024] [ssl:info] [pid 19] [client 192.168.65.1:48825] AH01964: Connection to child 2 established (server badi.hrabcak.eu:443)
[Tue Mar 05 21:44:27.322667 2024] [ssl:debug] [pid 19] ssl_engine_kernel.c(2403): [client 192.168.65.1:48825] AH02044: No matching SSL virtual host for servername localhost found (using default/first virtual host)
[Tue Mar 05 21:44:27.323187 2024] [core:debug] [pid 19] protocol.c(2460): [client 192.168.65.1:48825] AH03155: select protocol from , choices=h2,http/1.1 for server badi.hrabcak.eu
[Tue Mar 05 21:44:27.323566 2024] [ssl:info] [pid 20] [client 192.168.65.1:48826] AH01964: Connection to child 3 established (server badi.hrabcak.eu:443)
[Tue Mar 05 21:44:27.324561 2024] [ssl:debug] [pid 20] ssl_engine_kernel.c(2403): [client 192.168.65.1:48826] AH02044: No matching SSL virtual host for servername localhost found (using default/first virtual host)
[Tue Mar 05 21:44:27.325007 2024] [core:debug] [pid 20] protocol.c(2460): [client 192.168.65.1:48826] AH03155: select protocol from , choices=h2,http/1.1 for server badi.hrabcak.eu
[Tue Mar 05 21:44:27.343064 2024] [ssl:info] [pid 19] [client 192.168.65.1:48825] AH02008: SSL library error 1 in handshake (server badi.hrabcak.eu:443)
[Tue Mar 05 21:44:27.343609 2024] [ssl:info] [pid 19] SSL Library Error: error:0A000416:SSL routines::sslv3 alert certificate unknown (SSL alert number 46)
[Tue Mar 05 21:44:27.344266 2024] [ssl:info] [pid 19] [client 192.168.65.1:48825] AH01998: Connection closed to child 2 with abortive shutdown (server badi.hrabcak.eu:443)
[Tue Mar 05 21:44:27.343934 2024] [ssl:info] [pid 20] [client 192.168.65.1:48826] AH02008: SSL library error 1 in handshake (server badi.hrabcak.eu:443)
[Tue Mar 05 21:44:27.345217 2024] [ssl:info] [pid 21] [client 192.168.65.1:48827] AH01964: Connection to child 4 established (server badi.hrabcak.eu:443)
[Tue Mar 05 21:44:27.345567 2024] [ssl:info] [pid 20] SSL Library Error: error:0A000416:SSL routines::sslv3 alert certificate unknown (SSL alert number 46)
[Tue Mar 05 21:44:27.346221 2024] [ssl:info] [pid 20] [client 192.168.65.1:48826] AH01998: Connection closed to child 3 with abortive shutdown (server badi.hrabcak.eu:443)
[Tue Mar 05 21:44:27.346436 2024] [ssl:debug] [pid 21] ssl_engine_kernel.c(2403): [client 192.168.65.1:48827] AH02044: No matching SSL virtual host for servername localhost found (using default/first virtual host)
[Tue Mar 05 21:44:27.346907 2024] [core:debug] [pid 21] protocol.c(2460): [client 192.168.65.1:48827] AH03155: select protocol from , choices=h2,http/1.1 for server badi.hrabcak.eu
[Tue Mar 05 21:44:27.357900 2024] [ssl:debug] [pid 21] ssl_engine_kernel.c(2254): [client 192.168.65.1:48827] AH02041: Protocol: TLSv1.3, Cipher: TLS_AES_128_GCM_SHA256 (128/128 bits)
[Tue Mar 05 21:44:27.358308 2024] [socache_shmcb:debug] [pid 21] mod_socache_shmcb.c(508): AH00831: socache_shmcb_store (0x5e -> subcache 30)
[Tue Mar 05 21:44:27.358520 2024] [socache_shmcb:debug] [pid 21] mod_socache_shmcb.c(862): AH00847: insert happened at idx=0, data=(0:32)
[Tue Mar 05 21:44:27.358728 2024] [socache_shmcb:debug] [pid 21] mod_socache_shmcb.c(865): AH00848: finished insert, subcache: idx_pos/idx_used=0/1, data_pos/data_used=0/190
[Tue Mar 05 21:44:27.358904 2024] [socache_shmcb:debug] [pid 21] mod_socache_shmcb.c(530): AH00834: leaving socache_shmcb_store successfully
[Tue Mar 05 21:44:27.359189 2024] [socache_shmcb:debug] [pid 21] mod_socache_shmcb.c(508): AH00831: socache_shmcb_store (0x32 -> subcache 18)
[Tue Mar 05 21:44:27.359477 2024] [socache_shmcb:debug] [pid 21] mod_socache_shmcb.c(862): AH00847: insert happened at idx=0, data=(0:32)
[Tue Mar 05 21:44:27.359644 2024] [socache_shmcb:debug] [pid 21] mod_socache_shmcb.c(865): AH00848: finished insert, subcache: idx_pos/idx_used=0/1, data_pos/data_used=0/190
[Tue Mar 05 21:44:27.359799 2024] [socache_shmcb:debug] [pid 21] mod_socache_shmcb.c(530): AH00834: leaving socache_shmcb_store successfully
[Tue Mar 05 21:44:27.360163 2024] [ssl:debug] [pid 21] ssl_engine_kernel.c(415): [client 192.168.65.1:48827] AH02034: Initial (No.1) HTTPS request received for child 4 (server badi.hrabcak.eu:443)
[Tue Mar 05 21:44:27.360808 2024] [authz_core:debug] [pid 21] mod_authz_core.c(815): [client 192.168.65.1:48827] AH01626: authorization result of Require all granted: granted
[Tue Mar 05 21:44:27.360985 2024] [authz_core:debug] [pid 21] mod_authz_core.c(815): [client 192.168.65.1:48827] AH01626: authorization result of <RequireAny>: granted
[Tue Mar 05 21:44:27.361422 2024] [authz_core:debug] [pid 21] mod_authz_core.c(815): [client 192.168.65.1:48827] AH01626: authorization result of Require all granted: granted
[Tue Mar 05 21:44:27.361595 2024] [authz_core:debug] [pid 21] mod_authz_core.c(815): [client 192.168.65.1:48827] AH01626: authorization result of <RequireAny>: granted
[Tue Mar 05 21:44:27.389686 2024] [deflate:debug] [pid 21] mod_deflate.c(869): [client 192.168.65.1:48827] AH01384: Zlib: Compressed 4464 to 1715 : URL /index.php
[Tue Mar 05 21:44:27.400118 2024] [ssl:debug] [pid 21] ssl_engine_kernel.c(415): [client 192.168.65.1:48827] AH02034: Subsequent (No.2) HTTPS request received for child 4 (server badi.hrabcak.eu:443), referer: https://localhost/
[Tue Mar 05 21:44:27.402486 2024] [ssl:info] [pid 17] [client 192.168.65.1:48829] AH01964: Connection to child 0 established (server badi.hrabcak.eu:443)
[Tue Mar 05 21:44:27.404269 2024] [ssl:info] [pid 18] [client 192.168.65.1:48830] AH01964: Connection to child 1 established (server badi.hrabcak.eu:443)
[Tue Mar 05 21:44:27.406950 2024] [authz_core:debug] [pid 21] mod_authz_core.c(815): [client 192.168.65.1:48827] AH01626: authorization result of Require all granted: granted, referer: https://localhost/
[Tue Mar 05 21:44:27.404935 2024] [ssl:debug] [pid 17] ssl_engine_kernel.c(2403): [client 192.168.65.1:48829] AH02044: No matching SSL virtual host for servername localhost found (using default/first virtual host)
[Tue Mar 05 21:44:27.407111 2024] [ssl:debug] [pid 18] ssl_engine_kernel.c(2403): [client 192.168.65.1:48830] AH02044: No matching SSL virtual host for servername localhost found (using default/first virtual host)
[Tue Mar 05 21:44:27.407225 2024] [authz_core:debug] [pid 21] mod_authz_core.c(815): [client 192.168.65.1:48827] AH01626: authorization result of <RequireAny>: granted, referer: https://localhost/
[Tue Mar 05 21:44:27.407569 2024] [socache_shmcb:debug] [pid 17] mod_socache_shmcb.c(545): AH00835: socache_shmcb_retrieve (0x32 -> subcache 18)
[Tue Mar 05 21:44:27.408373 2024] [socache_shmcb:debug] [pid 17] mod_socache_shmcb.c(898): AH00849: match at idx=0, data=0
[Tue Mar 05 21:44:27.408193 2024] [core:info] [pid 21] [client 192.168.65.1:48827] AH00128: File does not exist: /var/www/html/badi/assets/dist/css/dashboard.css, referer: https://localhost/
[Tue Mar 05 21:44:27.409114 2024] [socache_shmcb:debug] [pid 17] mod_socache_shmcb.c(556): AH00836: leaving socache_shmcb_retrieve successfully
[Tue Mar 05 21:44:27.409968 2024] [socache_shmcb:debug] [pid 18] mod_socache_shmcb.c(545): AH00835: socache_shmcb_retrieve (0x5e -> subcache 30)
[Tue Mar 05 21:44:27.410467 2024] [socache_shmcb:debug] [pid 18] mod_socache_shmcb.c(898): AH00849: match at idx=0, data=0
[Tue Mar 05 21:44:27.410168 2024] [core:debug] [pid 17] protocol.c(2460): [client 192.168.65.1:48829] AH03155: select protocol from , choices=h2,http/1.1 for server badi.hrabcak.eu
[Tue Mar 05 21:44:27.410783 2024] [socache_shmcb:debug] [pid 18] mod_socache_shmcb.c(556): AH00836: leaving socache_shmcb_retrieve successfully
[Tue Mar 05 21:44:27.410866 2024] [ssl:debug] [pid 21] ssl_engine_kernel.c(415): [client 192.168.65.1:48827] AH02034: Subsequent (No.3) HTTPS request received for child 4 (server badi.hrabcak.eu:443), referer: https://localhost/
[Tue Mar 05 21:44:27.411214 2024] [core:debug] [pid 18] protocol.c(2460): [client 192.168.65.1:48830] AH03155: select protocol from , choices=h2,http/1.1 for server badi.hrabcak.eu
[Tue Mar 05 21:44:27.411697 2024] [authz_core:debug] [pid 21] mod_authz_core.c(815): [client 192.168.65.1:48827] AH01626: authorization result of Require all granted: granted, referer: https://localhost/
[Tue Mar 05 21:44:27.411891 2024] [authz_core:debug] [pid 21] mod_authz_core.c(815): [client 192.168.65.1:48827] AH01626: authorization result of <RequireAny>: granted, referer: https://localhost/
[Tue Mar 05 21:44:27.411805 2024] [socache_shmcb:debug] [pid 17] mod_socache_shmcb.c(570): AH00837: socache_shmcb_remove (0x32 -> subcache 18)
[Tue Mar 05 21:44:27.412338 2024] [socache_shmcb:debug] [pid 17] mod_socache_shmcb.c(954): AH00852: possible match at idx=0, data=0
[Tue Mar 05 21:44:27.412041 2024] [core:info] [pid 21] [client 192.168.65.1:48827] AH00128: File does not exist: /var/www/html/badi/assets/dist/js/bootstrap.bundle.min.js, referer: https://localhost/
[Tue Mar 05 21:44:27.412514 2024] [ssl:info] [pid 19] [client 192.168.65.1:48831] AH01964: Connection to child 2 established (server badi.hrabcak.eu:443)
[Tue Mar 05 21:44:27.412604 2024] [socache_shmcb:debug] [pid 17] mod_socache_shmcb.c(959): AH00853: shmcb_subcache_remove removing matching entry
[Tue Mar 05 21:44:27.412673 2024] [ssl:info] [pid 20] [client 192.168.65.1:48832] AH01964: Connection to child 3 established (server badi.hrabcak.eu:443)
[Tue Mar 05 21:44:27.413007 2024] [ssl:debug] [pid 19] ssl_engine_kernel.c(2403): [client 192.168.65.1:48831] AH02044: No matching SSL virtual host for servername localhost found (using default/first virtual host)
[Tue Mar 05 21:44:27.413270 2024] [socache_shmcb:debug] [pid 17] mod_socache_shmcb.c(585): AH00839: leaving socache_shmcb_remove successfully
[Tue Mar 05 21:44:27.413415 2024] [ssl:debug] [pid 21] ssl_engine_kernel.c(415): [client 192.168.65.1:48827] AH02034: Subsequent (No.4) HTTPS request received for child 4 (server badi.hrabcak.eu:443), referer: https://localhost/
[Tue Mar 05 21:44:27.413549 2024] [ssl:debug] [pid 20] ssl_engine_kernel.c(2403): [client 192.168.65.1:48832] AH02044: No matching SSL virtual host for servername localhost found (using default/first virtual host)
[Tue Mar 05 21:44:27.413670 2024] [core:debug] [pid 19] protocol.c(2460): [client 192.168.65.1:48831] AH03155: select protocol from , choices=h2,http/1.1 for server badi.hrabcak.eu
[Tue Mar 05 21:44:27.413745 2024] [ssl:info] [pid 17] [client 192.168.65.1:48829] AH02008: SSL library error 1 in handshake (server badi.hrabcak.eu:443)
[Tue Mar 05 21:44:27.414178 2024] [ssl:info] [pid 17] SSL Library Error: error:0A000416:SSL routines::sslv3 alert certificate unknown (SSL alert number 46)
[Tue Mar 05 21:44:27.413751 2024] [socache_shmcb:debug] [pid 18] mod_socache_shmcb.c(570): AH00837: socache_shmcb_remove (0x5e -> subcache 30)
[Tue Mar 05 21:44:27.414528 2024] [socache_shmcb:debug] [pid 18] mod_socache_shmcb.c(954): AH00852: possible match at idx=0, data=0
[Tue Mar 05 21:44:27.413960 2024] [core:debug] [pid 20] protocol.c(2460): [client 192.168.65.1:48832] AH03155: select protocol from , choices=h2,http/1.1 for server badi.hrabcak.eu
[Tue Mar 05 21:44:27.414390 2024] [ssl:info] [pid 17] [client 192.168.65.1:48829] AH01998: Connection closed to child 0 with abortive shutdown (server badi.hrabcak.eu:443)
[Tue Mar 05 21:44:27.414403 2024] [authz_core:debug] [pid 21] mod_authz_core.c(815): [client 192.168.65.1:48827] AH01626: authorization result of Require all granted: granted, referer: https://localhost/
[Tue Mar 05 21:44:27.415369 2024] [authz_core:debug] [pid 21] mod_authz_core.c(815): [client 192.168.65.1:48827] AH01626: authorization result of <RequireAny>: granted, referer: https://localhost/
[Tue Mar 05 21:44:27.414613 2024] [socache_shmcb:debug] [pid 18] mod_socache_shmcb.c(959): AH00853: shmcb_subcache_remove removing matching entry
[Tue Mar 05 21:44:27.415879 2024] [socache_shmcb:debug] [pid 18] mod_socache_shmcb.c(585): AH00839: leaving socache_shmcb_remove successfully
[Tue Mar 05 21:44:27.416108 2024] [deflate:debug] [pid 21] mod_deflate.c(869): [client 192.168.65.1:48827] AH01384: Zlib: Compressed 978 to 461 : URL /assets/dist/js/dashboard.js, referer: https://localhost/
[Tue Mar 05 21:44:27.416142 2024] [ssl:info] [pid 18] [client 192.168.65.1:48830] AH02008: SSL library error 1 in handshake (server badi.hrabcak.eu:443)
[Tue Mar 05 21:44:27.416579 2024] [ssl:info] [pid 18] SSL Library Error: error:0A000416:SSL routines::sslv3 alert certificate unknown (SSL alert number 46)
[Tue Mar 05 21:44:27.417222 2024] [ssl:info] [pid 18] [client 192.168.65.1:48830] AH01998: Connection closed to child 1 with abortive shutdown (server badi.hrabcak.eu:443)
[Tue Mar 05 21:44:27.420095 2024] [ssl:debug] [pid 19] ssl_engine_kernel.c(2254): [client 192.168.65.1:48831] AH02041: Protocol: TLSv1.3, Cipher: TLS_AES_128_GCM_SHA256 (128/128 bits)
[Tue Mar 05 21:44:27.420258 2024] [ssl:debug] [pid 20] ssl_engine_kernel.c(2254): [client 192.168.65.1:48832] AH02041: Protocol: TLSv1.3, Cipher: TLS_AES_128_GCM_SHA256 (128/128 bits)
[Tue Mar 05 21:44:27.420357 2024] [socache_shmcb:debug] [pid 19] mod_socache_shmcb.c(508): AH00831: socache_shmcb_store (0xc5 -> subcache 5)
[Tue Mar 05 21:44:27.420584 2024] [socache_shmcb:debug] [pid 19] mod_socache_shmcb.c(862): AH00847: insert happened at idx=0, data=(0:32)
[Tue Mar 05 21:44:27.420690 2024] [socache_shmcb:debug] [pid 19] mod_socache_shmcb.c(865): AH00848: finished insert, subcache: idx_pos/idx_used=0/1, data_pos/data_used=0/189
[Tue Mar 05 21:44:27.420779 2024] [socache_shmcb:debug] [pid 19] mod_socache_shmcb.c(530): AH00834: leaving socache_shmcb_store successfully
[Tue Mar 05 21:44:27.420892 2024] [socache_shmcb:debug] [pid 20] mod_socache_shmcb.c(508): AH00831: socache_shmcb_store (0x30 -> subcache 16)
[Tue Mar 05 21:44:27.421020 2024] [socache_shmcb:debug] [pid 20] mod_socache_shmcb.c(862): AH00847: insert happened at idx=0, data=(0:32)
[Tue Mar 05 21:44:27.421098 2024] [socache_shmcb:debug] [pid 20] mod_socache_shmcb.c(865): AH00848: finished insert, subcache: idx_pos/idx_used=0/1, data_pos/data_used=0/189
[Tue Mar 05 21:44:27.421175 2024] [socache_shmcb:debug] [pid 20] mod_socache_shmcb.c(530): AH00834: leaving socache_shmcb_store successfully
[Tue Mar 05 21:44:27.421265 2024] [socache_shmcb:debug] [pid 19] mod_socache_shmcb.c(508): AH00831: socache_shmcb_store (0x93 -> subcache 19)
[Tue Mar 05 21:44:27.421365 2024] [socache_shmcb:debug] [pid 19] mod_socache_shmcb.c(862): AH00847: insert happened at idx=0, data=(0:32)
[Tue Mar 05 21:44:27.421443 2024] [socache_shmcb:debug] [pid 19] mod_socache_shmcb.c(865): AH00848: finished insert, subcache: idx_pos/idx_used=0/1, data_pos/data_used=0/189
[Tue Mar 05 21:44:27.421526 2024] [socache_shmcb:debug] [pid 19] mod_socache_shmcb.c(530): AH00834: leaving socache_shmcb_store successfully
[Tue Mar 05 21:44:27.421617 2024] [socache_shmcb:debug] [pid 20] mod_socache_shmcb.c(508): AH00831: socache_shmcb_store (0x9c -> subcache 28)
[Tue Mar 05 21:44:27.421718 2024] [socache_shmcb:debug] [pid 20] mod_socache_shmcb.c(862): AH00847: insert happened at idx=0, data=(0:32)
[Tue Mar 05 21:44:27.421791 2024] [socache_shmcb:debug] [pid 20] mod_socache_shmcb.c(865): AH00848: finished insert, subcache: idx_pos/idx_used=0/1, data_pos/data_used=0/189
[Tue Mar 05 21:44:27.421871 2024] [socache_shmcb:debug] [pid 20] mod_socache_shmcb.c(530): AH00834: leaving socache_shmcb_store successfully
[Tue Mar 05 21:44:27.734135 2024] [watchdog:debug] [pid 22] mod_watchdog.c(559): AH02980: Watchdog: nothing configured?
[Tue Mar 05 21:44:28.742223 2024] [watchdog:debug] [pid 23] mod_watchdog.c(559): AH02980: Watchdog: nothing configured?
[Tue Mar 05 21:44:28.743343 2024] [watchdog:debug] [pid 24] mod_watchdog.c(559): AH02980: Watchdog: nothing configured?
[Tue Mar 05 21:44:32.425031 2024] [ssl:debug] [pid 21] ssl_engine_io.c(1147): [client 192.168.65.1:48827] AH02001: Connection closed to child 4 with standard shutdown (server badi.hrabcak.eu:443)
[Tue Mar 05 21:44:47.421849 2024] [reqtimeout:info] [pid 19] [client 192.168.65.1:48831] AH01382: Request header read timeout
[Tue Mar 05 21:44:47.423632 2024] [ssl:debug] [pid 19] ssl_engine_io.c(1147): [client 192.168.65.1:48831] AH02001: Connection closed to child 2 with standard shutdown (server badi.hrabcak.eu:443)
[Tue Mar 05 21:44:47.441543 2024] [reqtimeout:info] [pid 20] [client 192.168.65.1:48832] AH01382: Request header read timeout
[Tue Mar 05 21:44:47.442691 2024] [ssl:debug] [pid 20] ssl_engine_io.c(1147): [client 192.168.65.1:48832] AH02001: Connection closed to child 3 with standard shutdown (server badi.hrabcak.eu:443)
[Tue Mar 05 21:46:14.324327 2024] [core:info] [pid 1] AH00096: removed PID file /var/run/apache2/apache2.pid (pid=1)
[Tue Mar 05 21:46:14.337988 2024] [mpm_prefork:notice] [pid 1] AH00170: caught SIGWINCH, shutting down gracefully
[Tue Mar 05 21:46:34.534814 2024] [ssl:info] [pid 1] AH01883: Init: Initialized OpenSSL library
[Tue Mar 05 21:46:34.537404 2024] [ssl:debug] [pid 1] ssl_engine_init.c(353): AH01886: OpenSSL has FIPS mode disabled
[Tue Mar 05 21:46:34.538899 2024] [ssl:info] [pid 1] AH01887: Init: Initializing (virtual) servers for SSL
[Tue Mar 05 21:46:34.539949 2024] [ssl:info] [pid 1] AH01914: Configuring server localhost:443 for SSL protocol
[Tue Mar 05 21:46:34.542157 2024] [ssl:debug] [pid 1] ssl_engine_init.c(526): AH01893: Configuring TLS extension handling
[Tue Mar 05 21:46:34.547407 2024] [ssl:debug] [pid 1] ssl_util_ssl.c(451): AH02412: [localhost:443] Cert matches for name 'localhost' [subject: CN=localhost,O=Example-Certificates,L=YourCity,ST=YourState,C=US / issuer: CN=localhost,O=Example-Certificates,L=YourCity,ST=YourState,C=US / serial: 3359555F69303F915EB31FFD89BEB19DAE1284D5 / notbefore: Mar  5 21:43:24 2024 GMT / notafter: Mar  3 21:43:24 2034 GMT]
[Tue Mar 05 21:46:34.547931 2024] [ssl:info] [pid 1] AH02568: Certificate and private key localhost:443:0 configured from /etc/apache2/ssl/certificate.crt and /etc/apache2/ssl/private.key
[Tue Mar 05 21:46:34.558419 2024] [ssl:info] [pid 1] AH01876: mod_ssl/2.4.57 compiled against Server: Apache/2.4.57, Library: OpenSSL/3.0.8
[Tue Mar 05 21:46:34.583702 2024] [so:warn] [pid 1] AH01574: module ssl_module is already loaded, skipping
[Tue Mar 05 21:46:34.595175 2024] [ssl:info] [pid 1] AH01883: Init: Initialized OpenSSL library
[Tue Mar 05 21:46:34.595858 2024] [ssl:debug] [pid 1] ssl_engine_init.c(353): AH01886: OpenSSL has FIPS mode disabled
[Tue Mar 05 21:46:34.596535 2024] [socache_shmcb:debug] [pid 1] mod_socache_shmcb.c(414): AH00821: shmcb_init allocated 512000 bytes of shared memory
[Tue Mar 05 21:46:34.596865 2024] [socache_shmcb:debug] [pid 1] mod_socache_shmcb.c(428): AH00822: for 511912 bytes (512000 including header), recommending 32 subcaches, 88 indexes each
[Tue Mar 05 21:46:34.597080 2024] [socache_shmcb:debug] [pid 1] mod_socache_shmcb.c(465): AH00824: shmcb_init_memory choices follow
[Tue Mar 05 21:46:34.597305 2024] [socache_shmcb:debug] [pid 1] mod_socache_shmcb.c(467): AH00825: subcache_num = 32
[Tue Mar 05 21:46:34.597530 2024] [socache_shmcb:debug] [pid 1] mod_socache_shmcb.c(469): AH00826: subcache_size = 15992
[Tue Mar 05 21:46:34.605799 2024] [socache_shmcb:debug] [pid 1] mod_socache_shmcb.c(471): AH00827: subcache_data_offset = 2128
[Tue Mar 05 21:46:34.607792 2024] [socache_shmcb:debug] [pid 1] mod_socache_shmcb.c(473): AH00828: subcache_data_size = 13864
[Tue Mar 05 21:46:34.608105 2024] [socache_shmcb:debug] [pid 1] mod_socache_shmcb.c(475): AH00829: index_num = 88
[Tue Mar 05 21:46:34.609468 2024] [socache_shmcb:info] [pid 1] AH00830: Shared memory socache initialised
[Tue Mar 05 21:46:34.610842 2024] [ssl:info] [pid 1] AH01887: Init: Initializing (virtual) servers for SSL
[Tue Mar 05 21:46:34.613717 2024] [ssl:info] [pid 1] AH01914: Configuring server localhost:443 for SSL protocol
[Tue Mar 05 21:46:34.617227 2024] [ssl:debug] [pid 1] ssl_engine_init.c(526): AH01893: Configuring TLS extension handling
[Tue Mar 05 21:46:34.623794 2024] [ssl:debug] [pid 1] ssl_util_ssl.c(451): AH02412: [localhost:443] Cert matches for name 'localhost' [subject: CN=localhost,O=Example-Certificates,L=YourCity,ST=YourState,C=US / issuer: CN=localhost,O=Example-Certificates,L=YourCity,ST=YourState,C=US / serial: 3359555F69303F915EB31FFD89BEB19DAE1284D5 / notbefore: Mar  5 21:43:24 2024 GMT / notafter: Mar  3 21:43:24 2034 GMT]
[Tue Mar 05 21:46:34.624730 2024] [ssl:info] [pid 1] AH02568: Certificate and private key localhost:443:0 configured from /etc/apache2/ssl/certificate.crt and /etc/apache2/ssl/private.key
[Tue Mar 05 21:46:34.637752 2024] [ssl:info] [pid 1] AH01876: mod_ssl/2.4.57 compiled against Server: Apache/2.4.57, Library: OpenSSL/3.0.8
[Tue Mar 05 21:46:34.641233 2024] [watchdog:debug] [pid 1] mod_watchdog.c(445): AH010033: Watchdog: Running with WatchdogInterval 1000ms
[Tue Mar 05 21:46:34.641507 2024] [watchdog:debug] [pid 1] mod_watchdog.c(454): AH02974: Watchdog: found parent providers.
[Tue Mar 05 21:46:34.644448 2024] [watchdog:debug] [pid 1] mod_watchdog.c(500): AH02977: Watchdog: found child providers.
[Tue Mar 05 21:46:34.645333 2024] [watchdog:debug] [pid 1] mod_watchdog.c(508): AH02978: Watchdog: Looking for child (_singleton_).
[Tue Mar 05 21:46:34.648947 2024] [watchdog:debug] [pid 1] mod_watchdog.c(508): AH02978: Watchdog: Looking for child (_default_).
[Tue Mar 05 21:46:34.652291 2024] [watchdog:debug] [pid 17] mod_watchdog.c(559): AH02980: Watchdog: nothing configured?
[Tue Mar 05 21:46:34.652625 2024] [watchdog:debug] [pid 18] mod_watchdog.c(559): AH02980: Watchdog: nothing configured?
[Tue Mar 05 21:46:34.653333 2024] [watchdog:debug] [pid 19] mod_watchdog.c(559): AH02980: Watchdog: nothing configured?
[Tue Mar 05 21:46:34.653431 2024] [watchdog:debug] [pid 20] mod_watchdog.c(559): AH02980: Watchdog: nothing configured?
[Tue Mar 05 21:46:34.653595 2024] [mpm_prefork:notice] [pid 1] AH00163: Apache/2.4.57 (Debian) PHP/8.3.3 OpenSSL/3.0.11 configured -- resuming normal operations
[Tue Mar 05 21:46:34.653797 2024] [watchdog:debug] [pid 21] mod_watchdog.c(559): AH02980: Watchdog: nothing configured?
[Tue Mar 05 21:46:34.662351 2024] [mpm_prefork:info] [pid 1] AH00164: Server built: 2023-04-13T03:26:51
[Tue Mar 05 21:46:34.665060 2024] [core:notice] [pid 1] AH00094: Command line: 'apache2 -D FOREGROUND'
[Tue Mar 05 21:46:34.665723 2024] [core:debug] [pid 1] log.c(1570): AH02639: Using SO_REUSEPORT: yes (1)
[Tue Mar 05 21:46:34.668042 2024] [mpm_prefork:debug] [pid 1] prefork.c(970): AH00165: Accept mutex: pthread (default: pthread)
[Tue Mar 05 21:46:41.872628 2024] [ssl:info] [pid 17] [client 192.168.65.1:49822] AH01964: Connection to child 0 established (server localhost:443)
[Tue Mar 05 21:46:41.872799 2024] [ssl:info] [pid 18] [client 192.168.65.1:49823] AH01964: Connection to child 1 established (server localhost:443)
[Tue Mar 05 21:46:41.873586 2024] [ssl:debug] [pid 18] ssl_engine_kernel.c(2395): [client 192.168.65.1:49823] AH02043: SSL virtual host for servername localhost found
[Tue Mar 05 21:46:41.873586 2024] [ssl:debug] [pid 17] ssl_engine_kernel.c(2395): [client 192.168.65.1:49822] AH02043: SSL virtual host for servername localhost found
[Tue Mar 05 21:46:41.873804 2024] [socache_shmcb:debug] [pid 18] mod_socache_shmcb.c(545): AH00835: socache_shmcb_retrieve (0x93 -> subcache 19)
[Tue Mar 05 21:46:41.873973 2024] [socache_shmcb:debug] [pid 18] mod_socache_shmcb.c(931): AH00851: shmcb_subcache_retrieve found no match
[Tue Mar 05 21:46:41.874077 2024] [socache_shmcb:debug] [pid 18] mod_socache_shmcb.c(556): AH00836: leaving socache_shmcb_retrieve successfully
[Tue Mar 05 21:46:41.874209 2024] [socache_shmcb:debug] [pid 17] mod_socache_shmcb.c(545): AH00835: socache_shmcb_retrieve (0x9c -> subcache 28)
[Tue Mar 05 21:46:41.874314 2024] [socache_shmcb:debug] [pid 17] mod_socache_shmcb.c(931): AH00851: shmcb_subcache_retrieve found no match
[Tue Mar 05 21:46:41.874405 2024] [socache_shmcb:debug] [pid 17] mod_socache_shmcb.c(556): AH00836: leaving socache_shmcb_retrieve successfully
[Tue Mar 05 21:46:41.874344 2024] [core:debug] [pid 18] protocol.c(2460): [client 192.168.65.1:49823] AH03155: select protocol from , choices=h2,http/1.1 for server localhost
[Tue Mar 05 21:46:41.874548 2024] [core:debug] [pid 17] protocol.c(2460): [client 192.168.65.1:49822] AH03155: select protocol from , choices=h2,http/1.1 for server localhost
[Tue Mar 05 21:46:41.880262 2024] [ssl:info] [pid 18] [client 192.168.65.1:49823] AH02008: SSL library error 1 in handshake (server localhost:443)
[Tue Mar 05 21:46:41.880484 2024] [ssl:info] [pid 17] [client 192.168.65.1:49822] AH02008: SSL library error 1 in handshake (server localhost:443)
[Tue Mar 05 21:46:41.880621 2024] [ssl:info] [pid 17] SSL Library Error: error:0A000416:SSL routines::sslv3 alert certificate unknown (SSL alert number 46)
[Tue Mar 05 21:46:41.880498 2024] [ssl:info] [pid 18] SSL Library Error: error:0A000416:SSL routines::sslv3 alert certificate unknown (SSL alert number 46)
[Tue Mar 05 21:46:41.881151 2024] [ssl:info] [pid 18] [client 192.168.65.1:49823] AH01998: Connection closed to child 1 with abortive shutdown (server localhost:443)
[Tue Mar 05 21:46:41.880822 2024] [ssl:info] [pid 17] [client 192.168.65.1:49822] AH01998: Connection closed to child 0 with abortive shutdown (server localhost:443)
[Tue Mar 05 21:46:41.881023 2024] [ssl:info] [pid 19] [client 192.168.65.1:49824] AH01964: Connection to child 2 established (server localhost:443)
[Tue Mar 05 21:46:41.881721 2024] [ssl:debug] [pid 19] ssl_engine_kernel.c(2395): [client 192.168.65.1:49824] AH02043: SSL virtual host for servername localhost found
[Tue Mar 05 21:46:41.881880 2024] [core:debug] [pid 19] protocol.c(2460): [client 192.168.65.1:49824] AH03155: select protocol from , choices=h2,http/1.1 for server localhost
[Tue Mar 05 21:46:41.887651 2024] [ssl:debug] [pid 19] ssl_engine_kernel.c(2254): [client 192.168.65.1:49824] AH02041: Protocol: TLSv1.3, Cipher: TLS_AES_128_GCM_SHA256 (128/128 bits)
[Tue Mar 05 21:46:41.887836 2024] [socache_shmcb:debug] [pid 19] mod_socache_shmcb.c(508): AH00831: socache_shmcb_store (0xa3 -> subcache 3)
[Tue Mar 05 21:46:41.887966 2024] [socache_shmcb:debug] [pid 19] mod_socache_shmcb.c(862): AH00847: insert happened at idx=0, data=(0:32)
[Tue Mar 05 21:46:41.888058 2024] [socache_shmcb:debug] [pid 19] mod_socache_shmcb.c(865): AH00848: finished insert, subcache: idx_pos/idx_used=0/1, data_pos/data_used=0/203
[Tue Mar 05 21:46:41.888152 2024] [socache_shmcb:debug] [pid 19] mod_socache_shmcb.c(530): AH00834: leaving socache_shmcb_store successfully
[Tue Mar 05 21:46:41.888306 2024] [socache_shmcb:debug] [pid 19] mod_socache_shmcb.c(508): AH00831: socache_shmcb_store (0xd1 -> subcache 17)
[Tue Mar 05 21:46:41.888428 2024] [socache_shmcb:debug] [pid 19] mod_socache_shmcb.c(862): AH00847: insert happened at idx=0, data=(0:32)
[Tue Mar 05 21:46:41.888522 2024] [socache_shmcb:debug] [pid 19] mod_socache_shmcb.c(865): AH00848: finished insert, subcache: idx_pos/idx_used=0/1, data_pos/data_used=0/202
[Tue Mar 05 21:46:41.888619 2024] [socache_shmcb:debug] [pid 19] mod_socache_shmcb.c(530): AH00834: leaving socache_shmcb_store successfully
[Tue Mar 05 21:46:41.888836 2024] [ssl:debug] [pid 19] ssl_engine_kernel.c(415): [client 192.168.65.1:49824] AH02034: Initial (No.1) HTTPS request received for child 2 (server localhost:443)
[Tue Mar 05 21:46:41.889278 2024] [authz_core:debug] [pid 19] mod_authz_core.c(815): [client 192.168.65.1:49824] AH01626: authorization result of Require all granted: granted
[Tue Mar 05 21:46:41.889366 2024] [authz_core:debug] [pid 19] mod_authz_core.c(815): [client 192.168.65.1:49824] AH01626: authorization result of <RequireAny>: granted
[Tue Mar 05 21:46:41.889587 2024] [authz_core:debug] [pid 19] mod_authz_core.c(815): [client 192.168.65.1:49824] AH01626: authorization result of Require all granted: granted
[Tue Mar 05 21:46:41.889688 2024] [authz_core:debug] [pid 19] mod_authz_core.c(815): [client 192.168.65.1:49824] AH01626: authorization result of <RequireAny>: granted
[Tue Mar 05 21:46:41.913112 2024] [deflate:debug] [pid 19] mod_deflate.c(869): [client 192.168.65.1:49824] AH01384: Zlib: Compressed 4464 to 1715 : URL /index.php
[Tue Mar 05 21:46:41.930807 2024] [ssl:debug] [pid 19] ssl_engine_kernel.c(415): [client 192.168.65.1:49824] AH02034: Subsequent (No.2) HTTPS request received for child 2 (server localhost:443), referer: https://localhost/
[Tue Mar 05 21:46:41.931416 2024] [ssl:info] [pid 20] [client 192.168.65.1:49826] AH01964: Connection to child 3 established (server localhost:443)
[Tue Mar 05 21:46:41.931887 2024] [authz_core:debug] [pid 19] mod_authz_core.c(815): [client 192.168.65.1:49824] AH01626: authorization result of Require all granted: granted, referer: https://localhost/
[Tue Mar 05 21:46:41.932079 2024] [authz_core:debug] [pid 19] mod_authz_core.c(815): [client 192.168.65.1:49824] AH01626: authorization result of <RequireAny>: granted, referer: https://localhost/
[Tue Mar 05 21:46:41.932114 2024] [ssl:debug] [pid 20] ssl_engine_kernel.c(2395): [client 192.168.65.1:49826] AH02043: SSL virtual host for servername localhost found
[Tue Mar 05 21:46:41.932492 2024] [core:info] [pid 19] [client 192.168.65.1:49824] AH00128: File does not exist: /var/www/html/badi/assets/dist/css/dashboard.css, referer: https://localhost/
[Tue Mar 05 21:46:41.933170 2024] [socache_shmcb:debug] [pid 20] mod_socache_shmcb.c(545): AH00835: socache_shmcb_retrieve (0xd1 -> subcache 17)
[Tue Mar 05 21:46:41.933846 2024] [socache_shmcb:debug] [pid 20] mod_socache_shmcb.c(898): AH00849: match at idx=0, data=0
[Tue Mar 05 21:46:41.934101 2024] [socache_shmcb:debug] [pid 20] mod_socache_shmcb.c(556): AH00836: leaving socache_shmcb_retrieve successfully
[Tue Mar 05 21:46:41.935455 2024] [ssl:debug] [pid 19] ssl_engine_kernel.c(415): [client 192.168.65.1:49824] AH02034: Subsequent (No.3) HTTPS request received for child 2 (server localhost:443), referer: https://localhost/
[Tue Mar 05 21:46:41.935834 2024] [core:debug] [pid 20] protocol.c(2460): [client 192.168.65.1:49826] AH03155: select protocol from , choices=h2,http/1.1 for server localhost
[Tue Mar 05 21:46:41.936555 2024] [authz_core:debug] [pid 19] mod_authz_core.c(815): [client 192.168.65.1:49824] AH01626: authorization result of Require all granted: granted, referer: https://localhost/
[Tue Mar 05 21:46:41.936898 2024] [authz_core:debug] [pid 19] mod_authz_core.c(815): [client 192.168.65.1:49824] AH01626: authorization result of <RequireAny>: granted, referer: https://localhost/
[Tue Mar 05 21:46:41.937150 2024] [core:info] [pid 19] [client 192.168.65.1:49824] AH00128: File does not exist: /var/www/html/badi/assets/dist/js/bootstrap.bundle.min.js, referer: https://localhost/
[Tue Mar 05 21:46:41.937717 2024] [socache_shmcb:debug] [pid 20] mod_socache_shmcb.c(570): AH00837: socache_shmcb_remove (0xd1 -> subcache 17)
[Tue Mar 05 21:46:41.938577 2024] [socache_shmcb:debug] [pid 20] mod_socache_shmcb.c(954): AH00852: possible match at idx=0, data=0
[Tue Mar 05 21:46:41.938887 2024] [socache_shmcb:debug] [pid 20] mod_socache_shmcb.c(959): AH00853: shmcb_subcache_remove removing matching entry
[Tue Mar 05 21:46:41.939137 2024] [socache_shmcb:debug] [pid 20] mod_socache_shmcb.c(585): AH00839: leaving socache_shmcb_remove successfully
[Tue Mar 05 21:46:41.939493 2024] [ssl:info] [pid 20] [client 192.168.65.1:49826] AH02008: SSL library error 1 in handshake (server localhost:443)
[Tue Mar 05 21:46:41.940110 2024] [ssl:info] [pid 20] SSL Library Error: error:0A000416:SSL routines::sslv3 alert certificate unknown (SSL alert number 46)
[Tue Mar 05 21:46:41.940323 2024] [ssl:info] [pid 20] [client 192.168.65.1:49826] AH01998: Connection closed to child 3 with abortive shutdown (server localhost:443)
[Tue Mar 05 21:46:42.680000 2024] [watchdog:debug] [pid 22] mod_watchdog.c(559): AH02980: Watchdog: nothing configured?
[Tue Mar 05 21:46:43.894362 2024] [ssl:debug] [pid 19] ssl_engine_kernel.c(415): [client 192.168.65.1:49824] AH02034: Subsequent (No.4) HTTPS request received for child 2 (server localhost:443), referer: https://localhost/
[Tue Mar 05 21:46:43.895338 2024] [authz_core:debug] [pid 19] mod_authz_core.c(815): [client 192.168.65.1:49824] AH01626: authorization result of Require all granted: granted, referer: https://localhost/
[Tue Mar 05 21:46:43.895760 2024] [authz_core:debug] [pid 19] mod_authz_core.c(815): [client 192.168.65.1:49824] AH01626: authorization result of <RequireAny>: granted, referer: https://localhost/
[Tue Mar 05 21:46:43.895593 2024] [ssl:info] [pid 21] [client 192.168.65.1:49827] AH01964: Connection to child 4 established (server localhost:443)
[Tue Mar 05 21:46:43.896405 2024] [ssl:debug] [pid 21] ssl_engine_kernel.c(2395): [client 192.168.65.1:49827] AH02043: SSL virtual host for servername localhost found
[Tue Mar 05 21:46:43.896908 2024] [socache_shmcb:debug] [pid 21] mod_socache_shmcb.c(545): AH00835: socache_shmcb_retrieve (0xa3 -> subcache 3)
[Tue Mar 05 21:46:43.897112 2024] [socache_shmcb:debug] [pid 21] mod_socache_shmcb.c(898): AH00849: match at idx=0, data=0
[Tue Mar 05 21:46:43.897258 2024] [socache_shmcb:debug] [pid 21] mod_socache_shmcb.c(556): AH00836: leaving socache_shmcb_retrieve successfully
[Tue Mar 05 21:46:43.897826 2024] [core:debug] [pid 21] protocol.c(2460): [client 192.168.65.1:49827] AH03155: select protocol from , choices=h2,http/1.1 for server localhost
[Tue Mar 05 21:46:43.898633 2024] [socache_shmcb:debug] [pid 21] mod_socache_shmcb.c(570): AH00837: socache_shmcb_remove (0xa3 -> subcache 3)
[Tue Mar 05 21:46:43.898740 2024] [socache_shmcb:debug] [pid 21] mod_socache_shmcb.c(954): AH00852: possible match at idx=0, data=0
[Tue Mar 05 21:46:43.898827 2024] [socache_shmcb:debug] [pid 21] mod_socache_shmcb.c(959): AH00853: shmcb_subcache_remove removing matching entry
[Tue Mar 05 21:46:43.898916 2024] [socache_shmcb:debug] [pid 21] mod_socache_shmcb.c(585): AH00839: leaving socache_shmcb_remove successfully
[Tue Mar 05 21:46:43.898999 2024] [ssl:info] [pid 21] [client 192.168.65.1:49827] AH02008: SSL library error 1 in handshake (server localhost:443)
[Tue Mar 05 21:46:43.899118 2024] [ssl:info] [pid 21] SSL Library Error: error:0A000416:SSL routines::sslv3 alert certificate unknown (SSL alert number 46)
[Tue Mar 05 21:46:43.899201 2024] [ssl:info] [pid 21] [client 192.168.65.1:49827] AH01998: Connection closed to child 4 with abortive shutdown (server localhost:443)
[Tue Mar 05 21:46:43.904753 2024] [deflate:debug] [pid 19] mod_deflate.c(869): [client 192.168.65.1:49824] AH01384: Zlib: Compressed 6015 to 2037 : URL /index.php, referer: https://localhost/
[Tue Mar 05 21:46:43.913674 2024] [ssl:debug] [pid 19] ssl_engine_kernel.c(415): [client 192.168.65.1:49824] AH02034: Subsequent (No.5) HTTPS request received for child 2 (server localhost:443), referer: https://localhost/index.php?page=login
[Tue Mar 05 21:46:43.914005 2024] [ssl:info] [pid 18] [client 192.168.65.1:49829] AH01964: Connection to child 1 established (server localhost:443)
[Tue Mar 05 21:46:43.914470 2024] [ssl:debug] [pid 18] ssl_engine_kernel.c(2395): [client 192.168.65.1:49829] AH02043: SSL virtual host for servername localhost found
[Tue Mar 05 21:46:43.914879 2024] [authz_core:debug] [pid 19] mod_authz_core.c(815): [client 192.168.65.1:49824] AH01626: authorization result of Require all granted: granted, referer: https://localhost/index.php?page=login
[Tue Mar 05 21:46:43.915083 2024] [authz_core:debug] [pid 19] mod_authz_core.c(815): [client 192.168.65.1:49824] AH01626: authorization result of <RequireAny>: granted, referer: https://localhost/index.php?page=login
[Tue Mar 05 21:46:43.915016 2024] [core:debug] [pid 18] protocol.c(2460): [client 192.168.65.1:49829] AH03155: select protocol from , choices=h2,http/1.1 for server localhost
[Tue Mar 05 21:46:43.915298 2024] [core:info] [pid 19] [client 192.168.65.1:49824] AH00128: File does not exist: /var/www/html/badi/assets/dist/css/dashboard.css, referer: https://localhost/index.php?page=login
[Tue Mar 05 21:46:43.918079 2024] [ssl:debug] [pid 19] ssl_engine_kernel.c(415): [client 192.168.65.1:49824] AH02034: Subsequent (No.6) HTTPS request received for child 2 (server localhost:443), referer: https://localhost/index.php?page=login
[Tue Mar 05 21:46:43.918627 2024] [authz_core:debug] [pid 19] mod_authz_core.c(815): [client 192.168.65.1:49824] AH01626: authorization result of Require all granted: granted, referer: https://localhost/index.php?page=login
[Tue Mar 05 21:46:43.918768 2024] [authz_core:debug] [pid 19] mod_authz_core.c(815): [client 192.168.65.1:49824] AH01626: authorization result of <RequireAny>: granted, referer: https://localhost/index.php?page=login
[Tue Mar 05 21:46:43.918933 2024] [core:info] [pid 19] [client 192.168.65.1:49824] AH00128: File does not exist: /var/www/html/badi/assets/dist/js/bootstrap.bundle.min.js, referer: https://localhost/index.php?page=login
[Tue Mar 05 21:46:43.922737 2024] [ssl:info] [pid 18] [client 192.168.65.1:49829] AH02008: SSL library error 1 in handshake (server localhost:443)
[Tue Mar 05 21:46:43.923002 2024] [ssl:info] [pid 18] SSL Library Error: error:0A000416:SSL routines::sslv3 alert certificate unknown (SSL alert number 46)
[Tue Mar 05 21:46:43.923196 2024] [ssl:info] [pid 18] [client 192.168.65.1:49829] AH01998: Connection closed to child 1 with abortive shutdown (server localhost:443)
[Tue Mar 05 21:46:48.923226 2024] [ssl:debug] [pid 19] ssl_engine_io.c(1147): [client 192.168.65.1:49824] AH02001: Connection closed to child 2 with standard shutdown (server localhost:443)
[Tue Mar 05 21:46:52.054451 2024] [ssl:info] [pid 17] [client 192.168.65.1:49857] AH01964: Connection to child 0 established (server localhost:443)
[Tue Mar 05 21:46:52.055072 2024] [ssl:debug] [pid 17] ssl_engine_kernel.c(2395): [client 192.168.65.1:49857] AH02043: SSL virtual host for servername localhost found
[Tue Mar 05 21:46:52.055370 2024] [core:debug] [pid 17] protocol.c(2460): [client 192.168.65.1:49857] AH03155: select protocol from , choices=h2,http/1.1 for server localhost
[Tue Mar 05 21:46:52.071047 2024] [ssl:info] [pid 17] [client 192.168.65.1:49857] AH02008: SSL library error 1 in handshake (server localhost:443)
[Tue Mar 05 21:46:52.071452 2024] [ssl:info] [pid 17] SSL Library Error: error:0A000416:SSL routines::sslv3 alert certificate unknown (SSL alert number 46)
[Tue Mar 05 21:46:52.071882 2024] [ssl:info] [pid 17] [client 192.168.65.1:49857] AH01998: Connection closed to child 0 with abortive shutdown (server localhost:443)
[Tue Mar 05 21:46:52.072108 2024] [ssl:info] [pid 20] [client 192.168.65.1:49860] AH01964: Connection to child 3 established (server localhost:443)
[Tue Mar 05 21:46:52.072858 2024] [ssl:debug] [pid 20] ssl_engine_kernel.c(2395): [client 192.168.65.1:49860] AH02043: SSL virtual host for servername localhost found
[Tue Mar 05 21:46:52.073187 2024] [core:debug] [pid 20] protocol.c(2460): [client 192.168.65.1:49860] AH03155: select protocol from , choices=h2,http/1.1 for server localhost
[Tue Mar 05 21:46:52.084974 2024] [ssl:debug] [pid 20] ssl_engine_kernel.c(2254): [client 192.168.65.1:49860] AH02041: Protocol: TLSv1.3, Cipher: TLS_AES_128_GCM_SHA256 (128/128 bits)
[Tue Mar 05 21:46:52.085312 2024] [socache_shmcb:debug] [pid 20] mod_socache_shmcb.c(508): AH00831: socache_shmcb_store (0xd0 -> subcache 16)
[Tue Mar 05 21:46:52.085556 2024] [socache_shmcb:debug] [pid 20] mod_socache_shmcb.c(862): AH00847: insert happened at idx=0, data=(0:32)
[Tue Mar 05 21:46:52.085756 2024] [socache_shmcb:debug] [pid 20] mod_socache_shmcb.c(865): AH00848: finished insert, subcache: idx_pos/idx_used=0/1, data_pos/data_used=0/203
